02-20 22:14:51.181  3348  3629 D OplusFlexibleWindowMinimizedManagerHelper: onTaskInfoChanged taskInfo:TaskInfo{userId=0 taskId=13618 displayId=0 isRunning=true baseIntent=Intent { act=android.intent.action.MAIN cat=[android.intent.category.LAUNCHER] flg=0x10200000 cmp=com.renderflow.app/.MainActivity mCallingUid=2000 } baseActivity=ComponentInfo{com.renderflow.app/com.renderflow.app.MainActivity} topActivity=ComponentInfo{com.renderflow.app/com.renderflow.app.MainActivity} origActivity=null realActivity=ComponentInfo{com.renderflow.app/com.renderflow.app.MainActivity} numActivities=1 lastActiveTime=712065882 supportsSplitScreenMultiWindow=true supportsMultiWindow=true supportsPocketStudioMultiWindow=true isInFlexibleEmbedded = false uid = 10430 pid = 3416 resizeMode=1 isResizeable=true minWidth=-1 minHeight=-1 defaultMinSize=220 token=WCT{RemoteToken{d35e8e5 Task{973db81 #13618 type=standard A=10430:com.renderflow.app}}} topActivityType=1 pictureInPictureParams=null shouldDockBigOverlays=false launchIntoPipHostTaskId=-1 lastParentTaskIdBeforePip=-1 displayCutoutSafeInsets=Rect(0, 96 - 0, 0) topActivityInfo=ActivityInfo{c087d86 com.renderflow.app.MainActivity} launchCookies=[] positionInParent=Point(0, 0) parentTaskId=-1 isFocused=true isVisible=true isVisibleRequested=true isSleeping=false locusId=null displayAreaFeatureId=1 isTopActivityTransparent=false appCompatTaskInfo=AppCompatTaskInfo { topActivityInSizeCompat=false topActivityInOplusCompatMode=false topActivityEligibleForLetterboxEducation= falseisLetterboxEducationEnabled= false isLetterboxDoubleTapEnabled= false topActivityEligibleForUserAspectRatioButton= false topActivityBoundsLetterboxed= false isFromLetterboxDoubleTap= false topActivityLetterboxVerticalPosition= -1 topActivityLetterboxHorizontalPosition= -1 topActivityLetterboxWidth=1080 topActivityLetterboxHeight=2412 isUserFullscreenOverrideEnabled=false isSystemFullscreenOverrideEnabled=false cameraCompatTaskInfo=CameraCompatTaskInfo { cameraCompatControlState=hidden freeformCameraCompatMode=inactive}} topActivityLetterboxInsets=Rect(0, 0 - 0, 0) mOplusExtraBundle = Bundle[{androidx.flexible.taskFrame=Rect(0, 0 - 0, 0), key_flexible_task_state=0, androidx.activity.LaunchScenario=0, androidx.activity.LaunchScale=1.0}]} task:Task{973db81 #13618 type=standard A=10430:com.renderflow.app}
02-20 22:14:51.181  3348  3629 D OplusFlexibleDragToSplitAnimController: visibleFlexibleTaskInfos delete:13618
02-20 22:14:51.181  3348  3629 D OplusFlexibleDragAnimationBaseState: handleRunningTaskInfo:TaskInfo{userId=0 taskId=13618 displayId=0 isRunning=true baseIntent=Intent { act=android.intent.action.MAIN cat=[android.intent.category.LAUNCHER] flg=0x10200000 cmp=com.renderflow.app/.MainActivity mCallingUid=2000 } baseActivity=ComponentInfo{com.renderflow.app/com.renderflow.app.MainActivity} topActivity=ComponentInfo{com.renderflow.app/com.renderflow.app.MainActivity} origActivity=null realActivity=ComponentInfo{com.renderflow.app/com.renderflow.app.MainActivity} numActivities=1 lastActiveTime=712065882 supportsSplitScreenMultiWindow=true supportsMultiWindow=true supportsPocketStudioMultiWindow=true isInFlexibleEmbedded = false uid = 10430 pid = 3416 resizeMode=1 isResizeable=true minWidth=-1 minHeight=-1 defaultMinSize=220 token=WCT{RemoteToken{d35e8e5 Task{973db81 #13618 type=standard A=10430:com.renderflow.app}}} topActivityType=1 pictureInPictureParams=null shouldDockBigOverlays=false launchIntoPipHostTaskId=-1 lastParentTaskIdBeforePip=-1 displayCutoutSafeInsets=Rect(0, 96 - 0, 0) topActivityInfo=ActivityInfo{c087d86 com.renderflow.app.MainActivity} launchCookies=[] positionInParent=Point(0, 0) parentTaskId=-1 isFocused=true isVisible=true isVisibleRequested=true isSleeping=false locusId=null displayAreaFeatureId=1 isTopActivityTransparent=false appCompatTaskInfo=AppCompatTaskInfo { topActivityInSizeCompat=false topActivityInOplusCompatMode=false topActivityEligibleForLetterboxEducation= falseisLetterboxEducationEnabled= false isLetterboxDoubleTapEnabled= false topActivityEligibleForUserAspectRatioButton= false topActivityBoundsLetterboxed= false isFromLetterboxDoubleTap= false topActivityLetterboxVerticalPosition= -1 topActivityLetterboxHorizontalPosition= -1 topActivityLetterboxWidth=1080 topActivityLetterboxHeight=2412 isUserFullscreenOverrideEnabled=false isSystemFullscreenOverrideEnabled=false cameraCompatTaskInfo=CameraCompatTaskInfo { cameraCompatControlState=hidden freeformCameraCompatMode=inactive}} topActivityLetterboxInsets=Rect(0, 0 - 0, 0) mOplusExtraBundle = Bundle[{androidx.flexible.taskFrame=Rect(0, 0 - 0, 0), key_flexible_task_state=0, androidx.activity.LaunchScenario=0, androidx.activity.LaunchScale=1.0}]}state:0
02-20 22:14:51.181  3348  8095 D CoreBackPreview: Window{daddb72 u0 com.renderflow.app/com.renderflow.app.MainActivity}: Setting back callback OnBackInvokedCallbackInfo{mCallback=android.window.IOnBackInvokedCallback$Stub$Proxy@6c20779, mPriority=0, mIsAnimationCallback=false}
02-20 22:14:51.181  3348  3981 D WindowManagerServiceExtImpl: extractConfigInfoAndRealFlags rotation=0, screenDp=360, residentWS:0, win=Window{daddb72 u0 com.renderflow.app/com.renderflow.app.MainActivity}
02-20 22:14:51.181  3348  3981 V WindowManager: Relayout Window{daddb72 u0 com.renderflow.app/com.renderflow.app.MainActivity}: viewVisibility=0, oldvis=4, req=1080x2412, vsysui=, x=0, y=0
02-20 22:14:51.181  3348  3981 I WindowManager: Window{daddb72 u0 com.renderflow.app/com.renderflow.app.MainActivity} state from NO_SURFACE to DRAW_PENDING; reason: resetDrawState
02-20 22:14:51.182  1988  2280 D OplusLayer: setProcInfo (263465,com.renderflow.app/com.renderflow.app.MainActivity#263465,com.renderflow.app,0x87D32A04)
02-20 22:14:51.183  3348  3981 D WindowManager: NFW_findFocusedWindowIfNeeded:Window{daddb72 u0 com.renderflow.app/com.renderflow.app.MainActivity} mCurrentFocus:null
02-20 22:14:51.184  3348  3981 V WindowManager: Changing focus from null to Window{daddb72 u0 com.renderflow.app/com.renderflow.app.MainActivity},diplayid=0
02-20 22:14:51.184  3348  3676 D VRR [OPlusRefreshRateService]: Receive multi scene changed eventId = 5 bundleList.size = 2
02-20 22:14:51.184  3348  3981 D WindowManager: setFrameRateStart invalid typeId return!
02-20 22:14:51.185  3348  3981 D WindowManager: setFrameRateStart invalid typeId return!
02-20 22:14:51.185  3348  3981 D Theia.NoFocusWindow: FocusWindowErrorScene cancelCheckFreezeScreen
02-20 22:14:51.185  3348  3981 W TheiaWindowMonitor: [check] focusedWindow is null or enable is false
02-20 22:14:51.186  3416  3416 D VRI[MainActivity]: relayoutWindow result, sizeChanged:true, surfaceControlChanged:true, transformHintChanged:false, mSurfaceSize:Point(1080, 2412), mLastSurfaceSize:Point(0, 0), mWidth:-1, mHeight:-1, requestedWidth:1080, requestedHeight:2412, transformHint:0, installOrientation:0, displayRotation:0, isSurfaceValid:true, attr.flag:-2122252032, tmpFrames:ClientWindowFrames{frame=[0,0][1080,2412] display=[0,0][1080,2412] parentFrame=[0,0][0,0]}, relayoutAsync:false, mSyncSeqId:0
02-20 22:14:51.186  3416  3416 W VRI[MainActivity]: updateBlastSurfaceIfNeeded, surfaceSize:Point(1080, 2412), lastSurfaceSize:Point(0, 0), format:-1, blastBufferQueue:null
02-20 22:14:51.191  3416  3416 D BufferQueueConsumer: [](id:d5800000000,api:0,p:-1,c:3416) connect: controlledByApp=false
02-20 22:14:51.191  3416  3416 W libc    : Access denied finding property "vendor.display.enable_optimal_refresh_rate"
02-20 22:14:51.192  3416  3416 W VRI[MainActivity]: performTraversals: cancelAndRedraw, mLastPerformTraversalsSkipDrawReasonpredraw_P6.d$a
02-20 22:14:51.193  3416  3416 D ViewRootImplExtImpl: setMaxDequeuedBufferCount: 2
02-20 22:14:51.193  3416  3449 I AdrenoGLES-0: QUALCOMM build                   : 0c393b63cf, I94e2bd5684
02-20 22:14:51.193  3416  3449 I AdrenoGLES-0: Build Date                       : 05/02/25
02-20 22:14:51.193  3416  3449 I AdrenoGLES-0: OpenGL ES Shader Compiler Version: EV031.36.08.33
02-20 22:14:51.193  3416  3449 I AdrenoGLES-0: Local Branch                     : 
02-20 22:14:51.193  3416  3449 I AdrenoGLES-0: Remote Branch                    : refs/tags/AU_LINUX_ANDROID_LA.VENDOR.1.0.R1.11.00.00.816.269
02-20 22:14:51.193  3416  3449 I AdrenoGLES-0: Remote Branch                    : NONE
02-20 22:14:51.193  3416  3449 I AdrenoGLES-0: Reconstruct Branch               : NOTHING
02-20 22:14:51.193  3416  3449 I AdrenoGLES-0: Build Config                     : S P 12.1.1 AArch64
02-20 22:14:51.193  3416  3449 I AdrenoGLES-0: Driver Path                      : /vendor/lib64/egl/libGLESv2_adreno.so
02-20 22:14:51.193  3416  3449 I AdrenoGLES-0: Driver Version                   : 0615.98
02-20 22:14:51.193  3348  3981 D VRR [OPlusExternalRefreshRateManager]: isPkgTfcEnable: pkgName = com.renderflow.app, enable = false
02-20 22:14:51.193  3348  3981 D VRR [OPlusExternalRefreshRateManager]: getTfcMinFramerate: pkgName = com.renderflow.app, min framerate = 0
02-20 22:14:51.193  3416  3416 I DynamicFramerate [FRTCConfigManager]: initFrameRateConfig: 
02-20 22:14:51.193  3416  3416 I DynamicFramerate [FRTCConfigManager]: 	levels: [120, 60]
02-20 22:14:51.193  3416  3416 I DynamicFramerate [FRTCConfigManager]: 	thresholds: [200]
02-20 22:14:51.193  3416  3416 I DynamicFramerate [FRTCConfigManager]: FRTCConfigManager: FRTC_CAPABILITY = 120, package name = com.renderflow.app, WINDOW_ANIMATION_SPEED_RATE = 10, SCROLL_ANIMATION_SPEED_RATE = 20, PACKAGE_ENABLE = false
02-20 22:14:51.193  3416  3416 I DynamicFramerate [DynamicFrameRateController]: init info: mPackageName = com.renderflow.app, mIsEnabled = false
02-20 22:14:51.196  3416  3449 I AdrenoGLES-0: PFP: 0x01730181, ME: 0x00000000
02-20 22:14:51.209  1988  2441 D SurfaceFlinger: updateWinowInfo=1, setFocusedWindow timestamp=415768256782228, windowName=daddb72 com.renderflow.app/com.renderflow.app.MainActivity
02-20 22:14:51.209  3348  3981 I InputDispatcher: NFW_setFocusedWindow, daddb72 com.renderflow.app/com.renderflow.app.MainActivity on display 0, same as the previous:0
02-20 22:14:51.212  3416  3449 D BufferQueueProducer: [VRI[MainActivity]#0(BLAST Consumer)0](id:d5800000000,api:1,p:3416,c:3416) connect: api=1 producerControlledByApp=true
02-20 22:14:51.219  3416  3416 W SoLoader: SoLoader already initialized
02-20 22:14:51.227  3416  3416 D nativeloader: Load /data/app/~~DTxcU4tl8--qOh_5HcBcKw==/com.renderflow.app-G9_ACbWKHYeGPq-EEoVYng==/base.apk!/lib/arm64-v8a/libc++_shared.so using class loader ns clns-7 (caller=/data/app/~~DTxcU4tl8--qOh_5HcBcKw==/com.renderflow.app-G9_ACbWKHYeGPq-EEoVYng==/base.apk): ok
02-20 22:14:51.231  3416  3416 D nativeloader: Load /data/app/~~DTxcU4tl8--qOh_5HcBcKw==/com.renderflow.app-G9_ACbWKHYeGPq-EEoVYng==/base.apk!/lib/arm64-v8a/libjsi.so using class loader ns clns-7 (caller=/data/app/~~DTxcU4tl8--qOh_5HcBcKw==/com.renderflow.app-G9_ACbWKHYeGPq-EEoVYng==/base.apk): ok
02-20 22:14:51.234  3416  3416 D nativeloader: Load /data/app/~~DTxcU4tl8--qOh_5HcBcKw==/com.renderflow.app-G9_ACbWKHYeGPq-EEoVYng==/base.apk!/lib/arm64-v8a/libfbjni.so using class loader ns clns-7 (caller=/data/app/~~DTxcU4tl8--qOh_5HcBcKw==/com.renderflow.app-G9_ACbWKHYeGPq-EEoVYng==/base.apk): ok
02-20 22:14:51.236  3416  3416 D nativeloader: Load /data/app/~~DTxcU4tl8--qOh_5HcBcKw==/com.renderflow.app-G9_ACbWKHYeGPq-EEoVYng==/base.apk!/lib/arm64-v8a/libhermes.so using class loader ns clns-7 (caller=/data/app/~~DTxcU4tl8--qOh_5HcBcKw==/com.renderflow.app-G9_ACbWKHYeGPq-EEoVYng==/base.apk): ok
02-20 22:14:51.243  1679  1389 I vendor.qti.bluetooth@1.0-ibs_handler: [ibs_handler.cpp:778] ProcessIbsCmd: Received IBS_WAKE_IND: 0xFD
02-20 22:14:51.243  1679  1389 D vendor.qti.bluetooth@1.0-ibs_handler: [ibs_handler.cpp:372] SerialClockVote: vote for UART CLK ON
02-20 22:14:51.243  1679  1389 D vendor.qti.bluetooth@1.0-wake_lock: [wake_lock.cpp:135] Acquire wakelock is acquired 
02-20 22:14:51.243  1679  1389 I vendor.qti.bluetooth@1.0-ibs_handler: [ibs_handler.cpp:795] ProcessIbsCmd: Writing IBS_WAKE_ACK
02-20 22:14:51.244  1214  1371 I bluetooth: [btif_bqr.cc:1168] vendor_specific_event_callback: Unhandled BQR subevent 0x01
02-20 22:14:51.244  1214  1371 D bluetooth: [btif_bqr.cc:752] CategorizeBqrEvent: length: 56 quality_report_id: 0x01
02-20 22:14:51.244  1214  1406 I BluetoothInCallService: BluetoothInCallService = null
02-20 22:14:51.244  1214  1371 I bluetooth: [btif_bqr.cc:1105] bqr_delivery_event: len: 56, addr: xx:xx:xx:xx:51:6d, lmp_ver: 10, manufacturer_id: 1494, lmp_subver: 8891
02-20 22:14:51.244  1214  1406 I BluetoothQualityReportJni: [com_android_bluetooth_BluetoothQualityReport.cpp:48] bqr_delivery_callback: 
02-20 22:14:51.250  1214  1406 I BluetoothQualityReportNativeInterface: BQR: {
02-20 22:14:51.250  1214  1406 I BluetoothQualityReportNativeInterface:   mAddr: XX:XX:XX:XX:51:6D, mLmpVer: 0x0A, mLmpSubVer: 0x22BB, mManufacturerId: 0x05D6, mName: P30, mBluetoothClass: 240404,
02-20 22:14:51.250  1214  1406 I BluetoothQualityReportNativeInterface:   BqrCommon: {
02-20 22:14:51.250  1214  1406 I BluetoothQualityReportNativeInterface:     mQualityReportId: Quality monitor(0x01), mPacketType: TYPE_DM1(0x10), mConnectionHandle: 0x0002, mConnectionRole: 0(0), mTxPowerLevel: 8, mRssi: -49, mSnr: 0, mUnusedAfhChannelCount: 59,
02-20 22:14:51.250  1214  1406 I BluetoothQualityReportNativeInterface:     mAfhSelectUnidealChannelCount: 0, mLsto: 8000, mPiconetClock: 0x07CF354B, mRetransmissionCount: 0, mNoRxCount: 0, mNakCount: 0, mLastTxAckTimestamp: 0x07CF0C42, mFlowOffCount: 0,
02-20 22:14:51.250  1214  1406 I BluetoothQualityReportNativeInterface:     mLastFlowOnTimestamp: 0x0FFFFFFF, mOverflowCount: 0, mUnderflowCount: 0, mAddr: XX:XX:XX:XX:51:6D, mCalFailedItemCount: 0
02-20 22:14:51.250  1214  1406 I BluetoothQualityReportNativeInterface:   }
02-20 22:14:51.250  1214  1406 I BluetoothQualityReportNativeInterface: }
02-20 22:14:51.250  1214  1214 I oplus_bt_dual_sync: stack_down_sync_action: type=18, len=17
02-20 22:14:51.250  1214  1214 I oplus_bt_qos_monitor: get_oplus_qos_data getting qos data
02-20 22:14:51.250  3416  3416 D nativeloader: Load /data/app/~~DTxcU4tl8--qOh_5HcBcKw==/com.renderflow.app-G9_ACbWKHYeGPq-EEoVYng==/base.apk!/lib/arm64-v8a/libreactnative.so using class loader ns clns-7 (caller=/data/app/~~DTxcU4tl8--qOh_5HcBcKw==/com.renderflow.app-G9_ACbWKHYeGPq-EEoVYng==/base.apk): ok
02-20 22:14:51.251  3416  3416 D jni_lib_merge: Entering merged library JNI_OnLoad.
02-20 22:14:51.251  3416  3416 D jni_lib_merge: Preparing 12 pre-merged libs (including stub)
02-20 22:14:51.251  3416  3416 D jni_lib_merge: Preparing to register libfabricjni_so.  onload_func: 0x776d27722c
02-20 22:14:51.251  3416  3416 D jni_lib_merge: Preparing to register libmapbufferjni_so.  onload_func: 0x776d2c2514
02-20 22:14:51.251  3416  3416 D jni_lib_merge: Preparing to register libreact_devsupportjni_so.  onload_func: 0x776d339bac
02-20 22:14:51.251  3416  3416 D jni_lib_merge: Preparing to register libreact_featureflagsjni_so.  onload_func: 0x776d340afc
02-20 22:14:51.251  3416  3416 D jni_lib_merge: Preparing to register libreact_newarchdefaults_so.  onload_func: 0x776d363dc8
02-20 22:14:51.251  3416  3416 D jni_lib_merge: Preparing to register libreactnativeblob_so.  onload_func: 0x776d3ec12c
02-20 22:14:51.251  3416  3416 D jni_lib_merge: Preparing to register libreactnativejni_so.  onload_func: 0x776d40aa74
02-20 22:14:51.251  3416  3416 D jni_lib_merge: Preparing to register librninstance_so.  onload_func: 0x776d424c78
02-20 22:14:51.251  3416  3416 D jni_lib_merge: Preparing to register libturbomodulejsijni_so.  onload_func: 0x776d483e48
02-20 22:14:51.251  3416  3416 D jni_lib_merge: Preparing to register libuimanagerjni_so.  onload_func: 0x776d48b6c0
02-20 22:14:51.251  3416  3416 D jni_lib_merge: Preparing to register libyoga_so.  onload_func: 0x776d490970
02-20 22:14:51.251  3416  3416 D jni_lib_merge: About to register 11 actual methods.
02-20 22:14:51.252  3416  3416 D nativeloader: Load /data/app/~~DTxcU4tl8--qOh_5HcBcKw==/com.renderflow.app-G9_ACbWKHYeGPq-EEoVYng==/base.apk!/lib/arm64-v8a/libhermestooling.so using class loader ns clns-7 (caller=/data/app/~~DTxcU4tl8--qOh_5HcBcKw==/com.renderflow.app-G9_ACbWKHYeGPq-EEoVYng==/base.apk): ok
02-20 22:14:51.252  3416  3416 D jni_lib_merge: Entering merged library JNI_OnLoad.
02-20 22:14:51.252  3416  3416 D jni_lib_merge: Preparing 4 pre-merged libs (including stub)
02-20 22:14:51.252  3416  3416 D jni_lib_merge: Preparing to register libhermes_executor_so.  onload_func: 0x777385e780
02-20 22:14:51.252  3416  3416 D jni_lib_merge: Preparing to register libhermesinstancejni_so.  onload_func: 0x7773865178
02-20 22:14:51.252  3416  3416 D jni_lib_merge: Preparing to register libjsijniprofiler_so.  onload_func: 0x7773865834
02-20 22:14:51.252  3416  3416 D jni_lib_merge: About to register 3 actual methods.
02-20 22:14:51.253  3416  3416 W SoLoader: SoLoader already initialized
02-20 22:14:51.255  3416  3416 D callGcSupression: java.lang.NullPointerException: Attempt to invoke virtual method 'java.lang.Object java.lang.reflect.Method.invoke(java.lang.Object, java.lang.Object[])' on a null object reference
02-20 22:14:51.255  3416  3416 W VRI[MainActivity]: handleResized, msg:, frameChanged:false, configChanged:false, displayChanged:false, attachedFrameChanged:false, compatScaleChanged:false, pendingDragResizing=false
02-20 22:14:51.256  3416  3416 W VRI[MainActivity]: performTraversals: cancelAndRedraw, mLastPerformTraversalsSkipDrawReasonpredraw_P6.d$a
02-20 22:14:51.259  3416  3416 W VRI[MainActivity]: performTraversals: cancelAndRedraw, mLastPerformTraversalsSkipDrawReasonpredraw_P6.d$a
02-20 22:14:51.260  4382  4445 V WindowManagerShell: Transition animation finished (aborted=false), notifying core (#18562) android.os.BinderProxy@b42bbff@0
02-20 22:14:51.260  4382  4445 W OplusShellTransition: RecentsTransitionHandler.getRecentController: no controller found , token=android.os.BinderProxy@b42bbff
02-20 22:14:51.260  4382  4445 D SplitScreen-->AppLockManager: setStartFromSafeControl mStartFromSafeControl=false
02-20 22:14:51.262  3348  3981 D Transition: finishTransition ar ActivityRecord{494be8b u0 com.renderflow.app/.MainActivity t13618}, isVisibleRequested=true, state=RESUMED, visibleAtTransitionEndTokens={ActivityRecord{494be8b u0 com.renderflow.app/.MainActivity t13618}, WallpaperWindowToken{928bc9d token=android.os.Binder@46a2fd5 showWhenLocked=true}}, this=TransitionRecord{303bfdc id=18562 track=0 type=OPEN flags=0x0 state=2}
02-20 22:14:51.262  3348  3981 D Transition: finishTransition ar ActivityRecord{667ec48 u0 com.android.launcher/.Launcher t5}, isVisibleRequested=false, state=PAUSED, visibleAtTransitionEndTokens={ActivityRecord{494be8b u0 com.renderflow.app/.MainActivity t13618}, WallpaperWindowToken{928bc9d token=android.os.Binder@46a2fd5 showWhenLocked=true}}, this=TransitionRecord{303bfdc id=18562 track=0 type=OPEN flags=0x0 state=2}
02-20 22:14:51.262  3348  3981 D ActivityTaskManager: commitVisibility: ActivityRecord{667ec48 u0 com.android.launcher/.Launcher t5}: visible=false visibleRequested=false, isInTransition=false, runningAnimation=false 
02-20 22:14:51.262  3348  3981 D WindowManager: NFW_setClientVisible:ActivityRecord{667ec48 u0 com.android.launcher/.Launcher t5} clientVisible:false
02-20 22:14:51.263 11442 19628 D VRI[Launcher]: dispatchAppVisibility visible:false
02-20 22:14:51.263 12182  7872 D VRI[Launcher]: dispatchAppVisibility visible:false
02-20 22:14:51.263 11442 11442 D VRI[Launcher]: visibilityChanged oldVisibility=true newVisibility=false
02-20 22:14:51.263 12182 12182 D VRI[Launcher]: visibilityChanged oldVisibility=true newVisibility=false
02-20 22:14:51.263  3348  3981 D WindowManager: NFW_setClientVisible:WallpaperWindowToken{928bc9d token=android.os.Binder@46a2fd5 showWhenLocked=true} clientVisible:false
02-20 22:14:51.264  3348  3981 I OplusAppSwitchManagerService:  handleAppVisible , r = ActivityRecord{494be8b u0 com.renderflow.app/.MainActivity t13618}
02-20 22:14:51.264 12330 12330 D WallpaperChooser.BaseSignalWallpaperService: visibility change to false, creating?false
02-20 22:14:51.264  3348  3636 D WallpaperControllerExtImpl: screenshot + id = 2 userId = 0
02-20 22:14:51.264 12330 12330 D WallpaperChooser.BaseSignalWallpaperService: onPause
02-20 22:14:51.264  3348  3981 D OplusTransitionController: finishTransition, transition: TransitionRecord{303bfdc id=18562 track=0 type=OPEN flags=0x0 state=4}
02-20 22:14:51.265  3348  3981 D TransitionController: NFW_send RECOMPUTE_FOCUS in finishTransition
02-20 22:14:51.265  4382  4445 D ShellTaskOrganizer: onTransitionFinish, isRecent:false
02-20 22:14:51.265  4382  4445 V WindowManagerShell: Track 0 became idle
02-20 22:14:51.265  3348  3981 W UserManagerService: Requested status bar icon for non-badged user 0
02-20 22:14:51.265  4382  4445 E ReflectionUtils: methodInvoke DesupressionGC failed1
02-20 22:14:51.265  4382  4445 E ReflectionUtils: java.lang.NoSuchMethodException: dalvik.system.VMRuntime.DesupressionGC [int]
02-20 22:14:51.265  4382  4445 E ReflectionUtils: 	at java.lang.Class.getMethod(Class.java:2934)
02-20 22:14:51.265  4382  4445 E ReflectionUtils: 	at java.lang.Class.getDeclaredMethod(Class.java:2913)
02-20 22:14:51.265  4382  4445 E ReflectionUtils: 	at com.android.wm.shell.util.ReflectionUtils.methodInvoke(ReflectionUtils.java:32)
02-20 22:14:51.265  4382  4445 E ReflectionUtils: 	at com.oplus.transition.OplusTransitionReflectionHelper.callGcDesupression(OplusTransitionReflectionHelper.java:120)
02-20 22:14:51.265  4382  4445 E ReflectionUtils: 	at com.android.wm.shell.transition.Transitions.onFinish(Transitions.java:1627)
02-20 22:14:51.265  4382  4445 E ReflectionUtils: 	at com.android.wm.shell.transition.Transitions.lambda$playTransition$3(Transitions.java:1358)
02-20 22:14:51.265  4382  4445 E ReflectionUtils: 	at com.android.wm.shell.transition.Transitions.$r8$lambda$96XCaSAhJXxB3nlVJy1TNPeH46k(Transitions.java:0)
02-20 22:14:51.265  4382  4445 E ReflectionUtils: 	at com.android.wm.shell.transition.Transitions$$ExternalSyntheticLambda8.onTransitionFinished(R8$$SyntheticClass:0)
02-20 22:14:51.265  4382  4445 E ReflectionUtils: 	at com.android.wm.shell.transition.DefaultTransitionHandler.lambda$startAnimation$2(DefaultTransitionHandler.java:396)
02-20 22:14:51.265  4382  4445 E ReflectionUtils: 	at com.android.wm.shell.transition.DefaultTransitionHandler.$r8$lambda$dQGDCIj8oXu4Q3gE3IU3-TQE6Pc(DefaultTransitionHandler.java:0)
02-20 22:14:51.265  4382  4445 E ReflectionUtils: 	at com.android.wm.shell.transition.DefaultTransitionHandler$$ExternalSyntheticLambda4.run(R8$$SyntheticClass:0)
02-20 22:14:51.265  4382  4445 E ReflectionUtils: 	at com.android.wm.shell.transition.DefaultTransitionHandler.lambda$buildSurfaceAnimation$8(DefaultTransitionHandler.java:1171)
02-20 22:14:51.265  4382  4445 E ReflectionUtils: 	at com.android.wm.shell.transition.DefaultTransitionHandler.$r8$lambda$SibS6C6yE4_jWZJm9l8mh9KjTYk(DefaultTransitionHandler.java:0)
02-20 22:14:51.265  4382  4445 E ReflectionUtils: 	at com.android.wm.shell.transition.DefaultTransitionHandler$$ExternalSyntheticLambda14.run(R8$$SyntheticClass:0)
02-20 22:14:51.265  4382  4445 E ReflectionUtils: 	at android.os.Handler.handleCallback(Handler.java:973)
02-20 22:14:51.265  4382  4445 E ReflectionUtils: 	at android.os.Handler.dispatchMessage(Handler.java:100)
02-20 22:14:51.265  4382  4445 E ReflectionUtils: 	at android.os.Looper.loopOnce(Looper.java:282)
02-20 22:14:51.265  4382  4445 E ReflectionUtils: 	at android.os.Looper.loop(Looper.java:387)
02-20 22:14:51.265  4382  4445 E ReflectionUtils: 	at android.os.HandlerThread.run(HandlerThread.java:85)
02-20 22:14:51.266  3348  3981 W UserManagerService: Requested status bar icon for non-badged user 0
02-20 22:14:51.266  3348  3628 D WindowManager: NFW_findFocusedWindowIfNeeded:Window{daddb72 u0 com.renderflow.app/com.renderflow.app.MainActivity} mCurrentFocus:Window{daddb72 u0 com.renderflow.app/com.renderflow.app.MainActivity}
02-20 22:14:51.272  1988  1988 I DispPerfService: updateLayerMask 8
02-20 22:14:51.276  3416  3416 W VRI[MainActivity]: performTraversals: cancelAndRedraw, mLastPerformTraversalsSkipDrawReasonpredraw_P6.d$a
02-20 22:14:51.276 12182 12182 I SurfaceView: 169399111 surfaceDestroyed
02-20 22:14:51.276 12182 12182 D BufferQueueProducer: [](id:2f96000015f5,api:0,p:-1,c:12182) disconnect: api -1
02-20 22:14:51.276 12182 12182 D BLASTBufferQueue: [SurfaceView[com.android.launcher/com.android.launcher.Launcher]#4839](f:0,a:0) destructor()
02-20 22:14:51.276 12182 12182 D BufferQueueConsumer: [SurfaceView[com.android.launcher/com.android.launcher.Launcher]#4839(BLAST Consumer)4839](id:2f96000015f5,api:0,p:-1,c:12182) disconnect
02-20 22:14:51.276  3348  3981 D OplusStartingWindowManager: updateRecordSurfaceViewState windowToken = android.os.BinderProxy@44068a8, surfaceState = false, attachedToWindow = true, inList = false, win = Window{93fefc1 u0 com.android.launcher/com.android.launcher.Launcher}
02-20 22:14:51.276 11442 11442 D HWUI    : RenderProxy::destroy: this=0xb400007868758b00, mContext=0xb40000785ffce240
02-20 22:14:51.276 11442 11533 D HWUI    : SkiaOpenGLPipeline::setSurface: this=0xb40000785fea0440, surface=NULL
02-20 22:14:51.277 12182 12362 D SurfaceView: 147856266positionLost mSurfaceControl is null return;
02-20 22:14:51.277 11442 11533 D BufferQueueProducer: [VRI[Launcher]#53(BLAST Consumer)53](id:2cb200000035,api:1,p:11442,c:11442) disconnect: api 1
02-20 22:14:51.277 12182 12182 D HWUI    : RenderProxy::destroy: this=0xb400007737bc5300, mContext=0xb40000772cf914c0
02-20 22:14:51.277 12182 12362 D HWUI    : SkiaOpenGLPipeline::setSurface: this=0xb400007737b7ee40, surface=NULL
02-20 22:14:51.277 11442 11442 D ViewRootImplExtImpl: wrapConfigInfoIntoFlags rotation=0, smallestScreenWidthDp=360, relayoutAsync=false, flags=0, newFlags=23592960, residentWS=false, title=com.android.launcher/com.android.launcher.Launcher
02-20 22:14:51.278  3348  3981 D WindowManagerServiceExtImpl: extractConfigInfoAndRealFlags rotation=0, screenDp=360, residentWS:0, win=Window{80cf555 u0 com.android.launcher/com.android.launcher.Launcher}
02-20 22:14:51.278 12182 12362 D BufferQueueProducer: [VRI[Launcher]#4838(BLAST Consumer)4838](id:2f96000015f4,api:1,p:12182,c:12182) disconnect: api 1
02-20 22:14:51.278  3348  3981 V WindowManager: Relayout Window{80cf555 u0 com.android.launcher/com.android.launcher.Launcher}: viewVisibility=8, oldvis=0, req=1080x2412, vsysui=
02-20 22:14:51.278 12182 12182 D ViewRootImplExtImpl: wrapConfigInfoIntoFlags rotation=0, smallestScreenWidthDp=360, relayoutAsync=false, flags=0, newFlags=23592960, residentWS=false, title=com.android.launcher/com.android.launcher.Launcher
02-20 22:14:51.280  3348  3981 I TaskOrganizerController: onTaskInfoChanged taskid 1 config { mBounds=Rect(0, 0 - 1080, 2412) mAppBounds=Rect(0, 0 - 1080, 2412) mMaxBounds=Rect(0, 0 - 1080, 2412) mDisplayRotation=ROTATION_0 mWindowingMode=fullscreen mActivityType=home mAlwaysOnTop=undefined mRotation=ROTATION_0}
02-20 22:14:51.281  3348  3981 D OplusFlexibleWindowMinimizedManagerHelper: onTaskInfoChanged taskInfo:TaskInfo{userId=0 taskId=1 displayId=0 isRunning=true baseIntent=Intent { act=android.intent.action.MAIN cat=[android.intent.category.HOME] flg=0x10000100 cmp=com.android.launcher/.Launcher mCallingUid=1000 } baseActivity=ComponentInfo{com.android.launcher/com.android.launcher.Launcher} topActivity=ComponentInfo{com.android.launcher/com.android.launcher.Launcher} origActivity=null realActivity=null numActivities=1 lastActiveTime=20115 supportsSplitScreenMultiWindow=false supportsMultiWindow=true supportsPocketStudioMultiWindow=false isInFlexibleEmbedded = false uid = 10213 pid = 12182 resizeMode=2 isResizeable=true minWidth=-1 minHeight=-1 defaultMinSize=220 token=WCT{RemoteToken{91b1a13 Task{cb7ade8 #1 type=home}}} topActivityType=2 pictureInPictureParams=null shouldDockBigOverlays=false launchIntoPipHostTaskId=-1 lastParentTaskIdBeforePip=-1 displayCutoutSafeInsets=Rect(0, 96 - 0, 0) topActivityInfo=ActivityInfo{1826eaf com.android.launcher.Launcher} launchCookies=[] positionInParent=Point(0, 0) parentTaskId=-1 isFocused=false isVisible=false isVisibleRequested=false isSleeping=false locusId=LocusId[17_chars] displayAreaFeatureId=1 isTopActivityTransparent=false appCompatTaskInfo=AppCompatTaskInfo { topActivityInSizeCompat=false topActivityInOplusCompatMode=false topActivityEligibleForLetterboxEducation= falseisLetterboxEducationEnabled= false isLetterboxDoubleTapEnabled= false topActivityEligibleForUserAspectRatioButton= false topActivityBoundsLetterboxed= false isFromLetterboxDoubleTap= false topActivityLetterboxVerticalPosition= -1 topActivityLetterboxHorizontalPosition= -1 topActivityLetterboxWidth=1080 topActivityLetterboxHeight=2412 isUserFullscreenOverrideEnabled=false isSystemFullscreenOverrideEnabled=false cameraCompatTaskInfo=CameraCompatTaskInfo { cameraCompatControlState=hidden freeformCameraCompatMode=inactive}} topActivityLetterboxInsets=Rect(0, 0 - 0, 0) mOplusExtraBundle = Bundle[{androidx.flexible.taskFrame=Rect(0, 0 - 0, 0), key_flexible_task_state=0, androidx.activity.LaunchScenario=0, androidx.activity.LaunchScale=1.0}]} task:Task{cb7ade8 #1 type=home}
02-20 22:14:51.281  3348  3981 D OplusFlexibleDragToSplitAnimController: visibleFlexibleTaskInfos delete:1
02-20 22:14:51.281  3348  3981 D OplusFlexibleDragAnimationBaseState: handleRunningTaskInfo:TaskInfo{userId=0 taskId=1 displayId=0 isRunning=true baseIntent=Intent { act=android.intent.action.MAIN cat=[android.intent.category.HOME] flg=0x10000100 cmp=com.android.launcher/.Launcher mCallingUid=1000 } baseActivity=ComponentInfo{com.android.launcher/com.android.launcher.Launcher} topActivity=ComponentInfo{com.android.launcher/com.android.launcher.Launcher} origActivity=null realActivity=null numActivities=1 lastActiveTime=20115 supportsSplitScreenMultiWindow=false supportsMultiWindow=true supportsPocketStudioMultiWindow=false isInFlexibleEmbedded = false uid = 10213 pid = 12182 resizeMode=2 isResizeable=true minWidth=-1 minHeight=-1 defaultMinSize=220 token=WCT{RemoteToken{91b1a13 Task{cb7ade8 #1 type=home}}} topActivityType=2 pictureInPictureParams=null shouldDockBigOverlays=false launchIntoPipHostTaskId=-1 lastParentTaskIdBeforePip=-1 displayCutoutSafeInsets=Rect(0, 96 - 0, 0) topActivityInfo=ActivityInfo{1826eaf com.android.launcher.Launcher} launchCookies=[] positionInParent=Point(0, 0) parentTaskId=-1 isFocused=false isVisible=false isVisibleRequested=false isSleeping=false locusId=LocusId[17_chars] displayAreaFeatureId=1 isTopActivityTransparent=false appCompatTaskInfo=AppCompatTaskInfo { topActivityInSizeCompat=false topActivityInOplusCompatMode=false topActivityEligibleForLetterboxEducation= falseisLetterboxEducationEnabled= false isLetterboxDoubleTapEnabled= false topActivityEligibleForUserAspectRatioButton= false topActivityBoundsLetterboxed= false isFromLetterboxDoubleTap= false topActivityLetterboxVerticalPosition= -1 topActivityLetterboxHorizontalPosition= -1 topActivityLetterboxWidth=1080 topActivityLetterboxHeight=2412 isUserFullscreenOverrideEnabled=false isSystemFullscreenOverrideEnabled=false cameraCompatTaskInfo=CameraCompatTaskInfo { cameraCompatControlState=hidden freeformCameraCompatMode=inactive}} topActivityLetterboxInsets=Rect(0, 0 - 0, 0) mOplusExtraBundle = Bundle[{androidx.flexible.taskFrame=Rect(0, 0 - 0, 0), key_flexible_task_state=0, androidx.activity.LaunchScenario=0, androidx.activity.LaunchScale=1.0}]}state:0
02-20 22:14:51.281  3348  3981 D WindowManager: NFW_findFocusedWindowIfNeeded:Window{daddb72 u0 com.renderflow.app/com.renderflow.app.MainActivity} mCurrentFocus:Window{daddb72 u0 com.renderflow.app/com.renderflow.app.MainActivity}
02-20 22:14:51.282  3348  8051 D WindowManagerServiceExtImpl: extractConfigInfoAndRealFlags rotation=0, screenDp=360, residentWS:0, win=Window{93fefc1 u0 com.android.launcher/com.android.launcher.Launcher}
02-20 22:14:51.282  3348  8051 V WindowManager: Relayout Window{93fefc1 u0 com.android.launcher/com.android.launcher.Launcher}: viewVisibility=8, oldvis=0, req=1080x2412, vsysui=LAYOUT_STABLE LAYOUT_HIDE_NAVIGATION LAYOUT_FULLSCREEN
02-20 22:14:51.282 11442 11442 D BLASTBufferQueue: [VRI[Launcher]#53](f:0,a:1) destructor()
02-20 22:14:51.282 11442 11442 D BufferQueueConsumer: [VRI[Launcher]#53(BLAST Consumer)53](id:2cb200000035,api:0,p:-1,c:11442) disconnect
02-20 22:14:51.283  3348  8051 D WindowManager: NFW_findFocusedWindowIfNeeded:Window{daddb72 u0 com.renderflow.app/com.renderflow.app.MainActivity} mCurrentFocus:Window{daddb72 u0 com.renderflow.app/com.renderflow.app.MainActivity}
02-20 22:14:51.283  4382  4445 D ShellTaskOrganizerExt: visibleFlexibleTaskInfos delete:1
02-20 22:14:51.284  4382  4445 D ShellTaskOrganizerExt: isOnCanvas size:0
02-20 22:14:51.284  4382  4445 D ShellTaskOrganizerExt: isOnThreeFlexibleCanvas size:0
02-20 22:14:51.284 12182 12182 D VRI[Launcher]: relayoutWindow result, sizeChanged:false, surfaceControlChanged:true, transformHintChanged:false, mSurfaceSize:Point(1080, 2412), mLastSurfaceSize:Point(1080, 2412), mWidth:1080, mHeight:2412, requestedWidth:1080, requestedHeight:2412, transformHint:0, installOrientation:0, displayRotation:0, isSurfaceValid:false, attr.flag:-2121203456, tmpFrames:ClientWindowFrames{frame=[0,0][1080,2412] display=[0,0][1080,2412] parentFrame=[0,0][0,0]}, relayoutAsync:false, mSyncSeqId:0
02-20 22:14:51.284  1679  1389 I vendor.qti.bluetooth@1.0-ibs_handler: [ibs_handler.cpp:825] ProcessIbsCmd: Received IBS_SLEEP_IND: 0xFE
02-20 22:14:51.284  1679  1389 D vendor.qti.bluetooth@1.0-ibs_handler: [ibs_handler.cpp:391] SerialClockVote: vote for UART CLK OFF
02-20 22:14:51.284 12182 12182 D BLASTBufferQueue: [VRI[Launcher]#4838](f:0,a:1) destructor()
02-20 22:14:51.284 12182 12182 D BufferQueueConsumer: [VRI[Launcher]#4838(BLAST Consumer)4838](id:2f96000015f4,api:0,p:-1,c:12182) disconnect
02-20 22:14:51.286  3348  3629 I WindowStateExtImpl: onSurfaceShowChange show = false mPackageName = com.android.launcher parentPkgName = com.android.launcher
02-20 22:14:51.289  1988  1988 I DispPerfService: updateLayerMask 0
02-20 22:14:51.292  3416  3416 W VRI[MainActivity]: performTraversals: cancelAndRedraw, mLastPerformTraversalsSkipDrawReasonpredraw_P6.d$a
02-20 22:14:51.309  3416  3416 W VRI[MainActivity]: performTraversals: cancelAndRedraw, mLastPerformTraversalsSkipDrawReasonpredraw_P6.d$a
02-20 22:14:51.326  3416  3416 W VRI[MainActivity]: performTraversals: cancelAndRedraw, mLastPerformTraversalsSkipDrawReasonpredraw_P6.d$a
02-20 22:14:51.334  3348  4337 I Osense-BaseDecisionMaker: notifySceneToAthenaPolicy: SCENE_RES_IO_PSI, bundle: Bundle[{ioLevel=3}]
02-20 22:14:51.334  3348  4337 I Osense-BaseDecisionMaker: OSense not supported scene! SCENE_RES_IO_PSI
02-20 22:14:51.342  3416  3416 W VRI[MainActivity]: performTraversals: cancelAndRedraw, mLastPerformTraversalsSkipDrawReasonpredraw_P6.d$a
02-20 22:14:51.359  3416  3416 W VRI[MainActivity]: performTraversals: cancelAndRedraw, mLastPerformTraversalsSkipDrawReasonpredraw_P6.d$a
02-20 22:14:51.376  3416  3416 W VRI[MainActivity]: performTraversals: cancelAndRedraw, mLastPerformTraversalsSkipDrawReasonpredraw_P6.d$a
02-20 22:14:51.393  3416  3416 W VRI[MainActivity]: performTraversals: cancelAndRedraw, mLastPerformTraversalsSkipDrawReasonpredraw_P6.d$a
02-20 22:14:51.409  3416  3416 W VRI[MainActivity]: performTraversals: cancelAndRedraw, mLastPerformTraversalsSkipDrawReasonpredraw_P6.d$a
02-20 22:14:51.416  3416  3458 I ExpoModulesCore:  AppContext was initialized
02-20 22:14:51.426  3416  3416 W VRI[MainActivity]: performTraversals: cancelAndRedraw, mLastPerformTraversalsSkipDrawReasonpredraw_P6.d$a
02-20 22:14:51.431  4382  4495 I SystemUi--Statusbar: OplusNetworkSpeedControllExImpl-->updateNetworkSpeed: isConnected:true,isSwitchOn:true
02-20 22:14:51.432  4382  4495 I SystemUi--Statusbar: OplusNetworkSpeedControllExImpl-->getTotalByte: totalRxBytes:28727081787,totalTxBytes:6019080004,loopbackTxBytes:68397410,loopbackRxBytes:68396750 ,totalBytes:34609367631
02-20 22:14:51.434  1679  1381 D vendor.qti.bluetooth@1.0-wake_lock: [wake_lock.cpp:158] Release wakelock is released 
02-20 22:14:51.442  3416  3416 W VRI[MainActivity]: performTraversals: cancelAndRedraw, mLastPerformTraversalsSkipDrawReasonpredraw_P6.d$a
02-20 22:14:51.445  4382  4382 I SurfaceControl:  setExtendedRangeBrightness sc=Surface(name=NavigationBar_displayId_0)/@0xc84c318,currentBufferRatio=1.0,desiredRatio=1.0
02-20 22:14:51.459  3416  3416 W VRI[MainActivity]: performTraversals: cancelAndRedraw, mLastPerformTraversalsSkipDrawReasonpredraw_P6.d$a
02-20 22:14:51.461  3416  3463 W unknown:ViewManagerPropertyUpdater: Could not find generated setter for class com.facebook.react.views.drawer.ReactDrawerLayoutManager
02-20 22:14:51.463  3416  3463 W unknown:ViewManagerPropertyUpdater: Could not find generated setter for class com.facebook.react.uimanager.V
02-20 22:14:51.463  3416  3463 W unknown:ViewManagerPropertyUpdater: Could not find generated setter for class com.facebook.react.views.scroll.ReactHorizontalScrollViewManager
02-20 22:14:51.464  3416  3463 W unknown:ViewManagerPropertyUpdater: Could not find generated setter for class com.facebook.react.views.scroll.ReactHorizontalScrollContainerViewManager
02-20 22:14:51.464  3416  3463 W unknown:ViewManagerPropertyUpdater: Could not find generated setter for class com.facebook.react.views.progressbar.ReactProgressBarViewManager
02-20 22:14:51.464  3416  3463 W unknown:ViewManagerPropertyUpdater: Could not find generated setter for class com.facebook.react.views.progressbar.b
02-20 22:14:51.464  3416  3463 W unknown:ViewManagerPropertyUpdater: Could not find generated setter for class com.facebook.react.views.scroll.ReactScrollViewManager
02-20 22:14:51.464  3416  3463 W unknown:ViewManagerPropertyUpdater: Could not find generated setter for class com.facebook.react.views.switchview.ReactSwitchManager
02-20 22:14:51.464  3416  3463 W unknown:ViewManagerPropertyUpdater: Could not find generated setter for class com.facebook.react.views.switchview.ReactSwitchManager$b
02-20 22:14:51.465  3416  3463 W unknown:ViewManagerPropertyUpdater: Could not find generated setter for class com.facebook.react.views.safeareaview.ReactSafeAreaViewManager
02-20 22:14:51.465  3416  3463 W unknown:ViewManagerPropertyUpdater: Could not find generated setter for class com.facebook.react.views.safeareaview.c
02-20 22:14:51.465  3416  3463 W unknown:ViewManagerPropertyUpdater: Could not find generated setter for class com.facebook.react.views.swiperefresh.SwipeRefreshLayoutManager
02-20 22:14:51.465  3416  3463 W unknown:ViewManagerPropertyUpdater: Could not find generated setter for class com.facebook.react.views.text.frescosupport.FrescoBasedReactTextInlineImageViewManager
02-20 22:14:51.465  3416  3463 W unknown:ViewManagerPropertyUpdater: Could not find generated setter for class com.facebook.react.views.text.frescosupport.a
02-20 22:14:51.465  3416  3463 W unknown:ViewManagerPropertyUpdater: Could not find generated setter for class com.facebook.react.views.image.ReactImageManager
02-20 22:14:51.465  3416  3463 W unknown:ViewManagerPropertyUpdater: Could not find generated setter for class com.facebook.react.views.modal.ReactModalHostManager
02-20 22:14:51.465  3416  3463 W unknown:ViewManagerPropertyUpdater: Could not find generated setter for class com.facebook.react.views.text.ReactRawTextManager
02-20 22:14:51.465  3416  3463 W unknown:ViewManagerPropertyUpdater: Could not find generated setter for class com.facebook.react.views.text.d
02-20 22:14:51.466  3416  3463 W unknown:ViewManagerPropertyUpdater: Could not find generated setter for class com.facebook.react.views.textinput.ReactTextInputManager
02-20 22:14:51.466  3416  3463 W unknown:ViewManagerPropertyUpdater: Could not find generated setter for class com.facebook.react.views.textinput.H
02-20 22:14:51.467  3416  3463 W unknown:ViewManagerPropertyUpdater: Could not find generated setter for class com.facebook.react.views.text.ReactTextViewManager
02-20 22:14:51.467  3416  3463 W unknown:ViewManagerPropertyUpdater: Could not find generated setter for class com.facebook.react.views.text.g
02-20 22:14:51.467  3416  3463 W unknown:ViewManagerPropertyUpdater: Could not find generated setter for class com.facebook.react.views.view.ReactViewManager
02-20 22:14:51.467  3416  3463 W unknown:ViewManagerPropertyUpdater: Could not find generated setter for class com.facebook.react.views.text.ReactVirtualTextViewManager
02-20 22:14:51.467  3416  3463 W unknown:ViewManagerPropertyUpdater: Could not find generated setter for class com.facebook.react.views.text.o
02-20 22:14:51.467  3416  3463 W unknown:ViewManagerPropertyUpdater: Could not find generated setter for class com.facebook.react.views.unimplementedview.ReactUnimplementedViewManager
02-20 22:14:51.468  3416  3463 W unknown:ViewManagerPropertyUpdater: Could not find generated setter for class com.shopify.reactnative.flash_list.AutoLayoutViewManager
02-20 22:14:51.468  3416  3463 W unknown:ViewManagerPropertyUpdater: Could not find generated setter for class com.shopify.reactnative.flash_list.CellContainerManager
02-20 22:14:51.468  3416  3463 W unknown:ViewManagerPropertyUpdater: Could not find generated setter for class com.swmansion.gesturehandler.react.RNGestureHandlerRootViewManager
02-20 22:14:51.468  3416  3463 W unknown:ViewManagerPropertyUpdater: Could not find generated setter for class com.swmansion.gesturehandler.react.RNGestureHandlerButtonViewManager
02-20 22:14:51.468  3416  3463 W unknown:ViewManagerPropertyUpdater: Could not find generated setter for class com.th3rdwave.safeareacontext.SafeAreaProviderManager
02-20 22:14:51.468  3416  3463 W unknown:ViewManagerPropertyUpdater: Could not find generated setter for class com.th3rdwave.safeareacontext.SafeAreaViewManager
02-20 22:14:51.468  3416  3463 W unknown:ViewManagerPropertyUpdater: Could not find generated setter for class com.th3rdwave.safeareacontext.p
02-20 22:14:51.469  3416  3463 W unknown:ViewManagerPropertyUpdater: Could not find generated setter for class com.swmansion.rnscreens.ScreenContainerViewManager
02-20 22:14:51.469  3416  3463 W unknown:ViewManagerPropertyUpdater: Could not find generated setter for class com.swmansion.rnscreens.ScreenViewManager
02-20 22:14:51.469  3416  3463 W unknown:ViewManagerPropertyUpdater: Could not find generated setter for class com.swmansion.rnscreens.ModalScreenViewManager
02-20 22:14:51.469  3416  3463 W unknown:ViewManagerPropertyUpdater: Could not find generated setter for class com.swmansion.rnscreens.ScreenStackViewManager
02-20 22:14:51.470  3416  3463 W unknown:ViewManagerPropertyUpdater: Could not find generated setter for class com.swmansion.rnscreens.ScreenStackHeaderConfigViewManager
02-20 22:14:51.470  3416  3463 W unknown:ViewManagerPropertyUpdater: Could not find generated setter for class com.swmansion.rnscreens.ScreenStackHeaderSubviewManager
02-20 22:14:51.470  3416  3463 W unknown:ViewManagerPropertyUpdater: Could not find generated setter for class com.swmansion.rnscreens.SearchBarManager
02-20 22:14:51.470  3416  3463 W unknown:ViewManagerPropertyUpdater: Could not find generated setter for class com.swmansion.rnscreens.ScreenFooterManager
02-20 22:14:51.470  3416  3463 W unknown:ViewManagerPropertyUpdater: Could not find generated setter for class com.swmansion.rnscreens.ScreenContentWrapperManager
02-20 22:14:51.471  3416  3463 W unknown:ViewManagerPropertyUpdater: Could not find generated setter for class com.reactnativecommunity.webview.RNCWebViewManager
02-20 22:14:51.476  3416  3416 W VRI[MainActivity]: performTraversals: cancelAndRedraw, mLastPerformTraversalsSkipDrawReasonpredraw_P6.d$a
02-20 22:14:51.492  3416  3416 W VRI[MainActivity]: performTraversals: cancelAndRedraw, mLastPerformTraversalsSkipDrawReasonpredraw_P6.d$a
02-20 22:14:51.496  3416  3462 D nativeloader: Load /data/app/~~DTxcU4tl8--qOh_5HcBcKw==/com.renderflow.app-G9_ACbWKHYeGPq-EEoVYng==/base.apk!/lib/arm64-v8a/libexpo-modules-core.so using class loader ns clns-7 (caller=/data/app/~~DTxcU4tl8--qOh_5HcBcKw==/com.renderflow.app-G9_ACbWKHYeGPq-EEoVYng==/base.apk): ok
02-20 22:14:51.500  3416  3462 I ExpoModulesCore:  JSI interop was installed
02-20 22:14:51.500  3416  3462 W ExpoModulesCore:  JSI interop was already installed
02-20 22:14:51.505  3416  3462 I ExpoModulesCore:  Constants were exported
02-20 22:14:51.506  3416  3462 I dev.expo.updates: {"timestamp":1771607691506,"message":"UpdatesModule: getConstants called","code":"None","level":"info"}
02-20 22:14:51.509  3416  3416 W VRI[MainActivity]: performTraversals: cancelAndRedraw, mLastPerformTraversalsSkipDrawReasonpredraw_P6.d$a
02-20 22:14:51.526  3416  3416 W VRI[MainActivity]: performTraversals: cancelAndRedraw, mLastPerformTraversalsSkipDrawReasonpredraw_P6.d$a
02-20 22:14:51.526  3416  3462 D nativeloader: Load /data/app/~~DTxcU4tl8--qOh_5HcBcKw==/com.renderflow.app-G9_ACbWKHYeGPq-EEoVYng==/base.apk!/lib/arm64-v8a/librnscreens.so using class loader ns clns-7 (caller=/data/app/~~DTxcU4tl8--qOh_5HcBcKw==/com.renderflow.app-G9_ACbWKHYeGPq-EEoVYng==/base.apk): ok
02-20 22:14:51.528  3416  3462 I ReactNativeJS: Running "main"
02-20 22:14:51.543  3416  3416 W VRI[MainActivity]: performTraversals: cancelAndRedraw, mLastPerformTraversalsSkipDrawReasonpredraw_P6.d$a
02-20 22:14:51.544  4753  5293 D ActivityAdapter: notifyActivityQuery: [com.renderflow.app; com.renderflow.app; 1; COMMON; 10430]
02-20 22:14:51.546  4753  5293 D OPlusFrontAppManager: decide -->> [com.renderflow.app; com.renderflow.app; 1; COMMON; 10430]
02-20 22:14:51.547  4753  5294 D CommonApp-307-10430: init
02-20 22:14:51.552  4753  5294 D CommonApp-307-10430: choiceScoreWay
02-20 22:14:51.553  4753  5294 D CommonApp-307-10430: useTraditionalScore
02-20 22:14:51.553  4753  5294 D CommonApp-307-10430: initState
02-20 22:14:51.553  4753  5294 D CommonApp-307-10430: createScenarios
02-20 22:14:51.553  4753  5294 D CommonApp-307-10430: init end
02-20 22:14:51.553  4753  5294 D CommonApp-307-10430: CommonState enter
02-20 22:14:51.553  4753  5294 D CommonApp-307-10430: DefaultState EVENT_INIT_STATE_COMPLETE
02-20 22:14:51.554  4753  5294 D CommonApp-307-10430: startDataCollection
02-20 22:14:51.554  4753  5294 D CommonApp-307-10430: current network isn't cellular,not need enable modem report
02-20 22:14:51.559  3416  3416 W VRI[MainActivity]: performTraversals: cancelAndRedraw, mLastPerformTraversalsSkipDrawReasonpredraw_P6.d$a
02-20 22:14:51.567  3416  3462 I MMKV    : Loading C++ library...
02-20 22:14:51.569  3416  3462 D nativeloader: Load /data/app/~~DTxcU4tl8--qOh_5HcBcKw==/com.renderflow.app-G9_ACbWKHYeGPq-EEoVYng==/base.apk!/lib/arm64-v8a/libreactnativemmkv.so using class loader ns clns-7 (caller=/data/app/~~DTxcU4tl8--qOh_5HcBcKw==/com.renderflow.app-G9_ACbWKHYeGPq-EEoVYng==/base.apk): ok
02-20 22:14:51.569  3416  3462 I MMKV    : Installing MMKV JSI Bindings for MMKV root directory: /data/user/0/com.renderflow.app/files/mmkv
02-20 22:14:51.570  3416  3462 I MMKV    : Successfully installed MMKV JSI Bindings!
02-20 22:14:51.570  3416  3462 I RNMMKV  : Creating MMKV instance "renderflow-preferences"... (Path: , Encrypted: 0)
02-20 22:14:51.571  3416  3462 I RNMMKV  : Creating MMKV instance "renderflow-auth"... (Path: , Encrypted: 0)
02-20 22:14:51.571  3416  3462 I RNMMKV  : Creating MMKV instance "variable-storage"... (Path: , Encrypted: 0)
02-20 22:14:51.575  3348  3981 D ConnectivityService: requestNetwork for uid/pid:10430/3416 activeRequest: null callbackRequest: 73509 [NetworkRequest [ REQUEST id=73510, [ Capabilities: INTERNET&NOT_RESTRICTED&TRUSTED&NOT_VCN_MANAGED&NOT_BANDWIDTH_CONSTRAINED Uid: 10430 RequestorUid: 10430 RequestorPkg: com.renderflow.app UnderlyingNetworks: Null] ]] callback flags: 0 order: 2147483647 isUidTracked: false declaredMethods: AVAIL|LOSING|LOST|UNAVAIL|NC|LP
02-20 22:14:51.576  3416  3416 W VRI[MainActivity]: performTraversals: cancelAndRedraw, mLastPerformTraversalsSkipDrawReasonpredraw_P6.d$a
02-20 22:14:51.577  3348  4060 D WifiNetworkFactory: got request NetworkRequest [ REQUEST id=73510, [ Capabilities: INTERNET&NOT_RESTRICTED&TRUSTED&NOT_VCN_MANAGED&NOT_BANDWIDTH_CONSTRAINED Uid: 10430 RequestorUid: 10430 RequestorPkg: com.renderflow.app UnderlyingNetworks: Null] ]
02-20 22:14:51.578  3348  4060 D UntrustedWifiNetworkFactory: got request NetworkRequest [ REQUEST id=73510, [ Capabilities: INTERNET&NOT_RESTRICTED&TRUSTED&NOT_VCN_MANAGED&NOT_BANDWIDTH_CONSTRAINED Uid: 10430 RequestorUid: 10430 RequestorPkg: com.renderflow.app UnderlyingNetworks: Null] ]
02-20 22:14:51.578  3348  4060 D OemPaidWifiNetworkFactory: got request NetworkRequest [ REQUEST id=73510, [ Capabilities: INTERNET&NOT_RESTRICTED&TRUSTED&NOT_VCN_MANAGED&NOT_BANDWIDTH_CONSTRAINED Uid: 10430 RequestorUid: 10430 RequestorPkg: com.renderflow.app UnderlyingNetworks: Null] ]
02-20 22:14:51.578  3348  4060 D MultiInternetWifiNetworkFactory: got request NetworkRequest [ REQUEST id=73510, [ Capabilities: INTERNET&NOT_RESTRICTED&TRUSTED&NOT_VCN_MANAGED&NOT_BANDWIDTH_CONSTRAINED Uid: 10430 RequestorUid: 10430 RequestorPkg: com.renderflow.app UnderlyingNetworks: Null] ]
02-20 22:14:51.578  3348  4068 D ConnectivityService: NetReassign [73510 : null  307] [c 0] [a 1] [i 1]
02-20 22:14:51.579  3416  3463 D CompatChangeReporter: Compat change id reported: 289878283; UID 10430; state: ENABLED
02-20 22:14:51.600  3416  3416 I SurfaceControl:  setExtendedRangeBrightness sc=Surface(name=com.renderflow.app/com.renderflow.app.MainActivity)/@0x1b6ad9d,currentBufferRatio=1.0,desiredRatio=1.0
02-20 22:14:51.601  3348  3639 W UserAwareMgr: process owner is not matched: 10, threadName: HwUiTask, pid: 3416,tid=3472,owner=fg1
