02-20 22:14:51.601  3348  3639 W UserAwareMgr: process owner is not matched: 10, threadName: HwUiTask, pid: 3416,tid=3473,owner=fg1
02-20 22:14:51.615  3416  3449 D BLASTBufferQueue: [VRI[MainActivity]#0](f:0,a:1) acquireNextBufferLocked size=1080x2412 mFrameNumber=1 applyTransaction=true mTimestamp=415768685687645(auto) mPendingTransactions.size=0 graphicBufferId=14671608283139 transform=0
02-20 22:14:51.615  3416  3449 D VRI[MainActivity]: Received frameCommittedCallback lastAttemptedDrawFrameNum=1 didProduceBuffer=true syncBuffer=false
02-20 22:14:51.616  1988  2358 I ClientCache: add: Cache owner=0xb400007b0faf5b00
02-20 22:14:51.616  3416  3416 D VRI[MainActivity]: draw finished. seqId=0
02-20 22:14:51.616  3348  3981 I WindowManager: Window{daddb72 u0 com.renderflow.app/com.renderflow.app.MainActivity} state from DRAW_PENDING to COMMIT_DRAW_PENDING; reason: finishDrawingLocked
02-20 22:14:51.616  3348  3981 D OplusTransitionAnimationManager: skipFinishDrawingIfNeed clientRotation=0, currentRotation=0, hasFixedRotationApp=false, requestedOrientation=1, win=Window{daddb72 u0 com.renderflow.app/com.renderflow.app.MainActivity}, activity=ActivityRecord{494be8b u0 com.renderflow.app/.MainActivity t13618}, currentConfig={1.0 ?mcc??mnc [en_US] ldltr sw360dp w360dp h756dp 480dpi nrml long hdr widecg port night finger -keyb/v/h -nav/h winConfig={ mBounds=Rect(0, 0 - 1080, 2412) mAppBounds=Rect(0, 96 - 1080, 2364) mMaxBounds=Rect(0, 0 - 1080, 2412) mDisplayRotation=ROTATION_0 mWindowingMode=fullscreen mActivityType=standard mAlwaysOnTop=undefined mRotation=ROTATION_0} s.2 fontWeightAdjustment=0mThemeChanged= 0, mThemeChangedFlags= 0, mFlipFont= 0, mScenario= 0, mAccessibleChanged= -1, mUxIconConfig= 1174056180004684081, mMaterialColor= 0, mUserId= 0, mFontUserId= 0, mFontVariationSettings= 1226, mFoldingAngle = -1.0, mIconPackName= , mDarkModeBackgroundMaxL= 0.0, mDarkModeDialogBgMaxL= 27.0, mDarkModeForegroundMinL= 100.0, mOplusConfigType= 1, mOplusChangedConfigs= 0, OpSans= -1, mBurmeseFontFlag= 2, mFlag= 0, mFlexibleActivitySuitable= -1, mPuttDisplayFlag= -1}
02-20 22:14:51.618  3348  3629 I WindowManager: Window{daddb72 u0 com.renderflow.app/com.renderflow.app.MainActivity} state from COMMIT_DRAW_PENDING to READY_TO_SHOW; reason: commitFinishDrawingLocked
02-20 22:14:51.618  3348  3629 D OplusAppQuickStart_AppQuickStartController: onFirstWindowDrawn ar=ActivityRecord{494be8b u0 com.renderflow.app/.MainActivity t13618}
02-20 22:14:51.618  3348  3629 D ActivityTaskManager: Finish StartingWindow: ActivityRecord{494be8b u0 com.renderflow.app/.MainActivity t13618}first real window is shown
02-20 22:14:51.618  3348  3629 D ActivityTaskManager: cancel removeStartingWindow due to transferSplashScreenIfNeeded
02-20 22:14:51.620  3348  3625 I ActivityTaskManager: Displayed com.renderflow.app/.MainActivity for user 0: +750ms
02-20 22:14:51.621  5287  5750 I iopgp   : Iopgp: TRANSACTION_IOPGP_ON_ACTIVITY_LAUNCH_FINISHED sequence_id = 1251 timestamp_nanos = 415768689439468
02-20 22:14:51.622  3348  3629 I Quality : LaunchTime2.0: com.renderflow.app/.MainActivity 1 707 com.android.shell 88 143 18937 465 215793664 0 0
02-20 22:14:51.622   853   853 I hwservicemanager: getTransport: Cannot find entry vendor.qti.hardware.iop@2.0::IIop/default in either framework or device VINTF manifest.
02-20 22:14:51.623   853   853 I hwservicemanager: getTransport: Cannot find entry vendor.qti.hardware.iop@2.0::IIop/default in either framework or device VINTF manifest.
02-20 22:14:51.623  3348  3629 D QuickBackInputPolicy: setAppLaunchEndTime update timePair=Pair{ActivityRecord{494be8b u0 com.renderflow.app/.MainActivity t13618} 415768693}
02-20 22:14:51.624  3348  3629 I WindowManager: Window{daddb72 u0 com.renderflow.app/com.renderflow.app.MainActivity} state from READY_TO_SHOW to HAS_DRAWN; reason: performShowLocked
02-20 22:14:51.626  3416  3416 D ViewRootImplExtImpl: wrapConfigInfoIntoFlags rotation=0, smallestScreenWidthDp=360, relayoutAsync=true, flags=0, newFlags=23592960, residentWS=false, title=com.renderflow.app/com.renderflow.app.MainActivity
02-20 22:14:51.626  3348  4332 I Osense-BaseDecisionMaker: notifySceneToAthenaPolicy: SCENE_ACTIVITY_IDLE, bundle: Bundle[{scene=SCENE_ACTIVITY_IDLE}]
02-20 22:14:51.626  3416  3416 D VRI[MainActivity]: relayoutWindow result, sizeChanged:false, surfaceControlChanged:false, transformHintChanged:false, mSurfaceSize:Point(1080, 2412), mLastSurfaceSize:Point(1080, 2412), mWidth:1080, mHeight:2412, requestedWidth:1080, requestedHeight:2412, transformHint:0, installOrientation:0, displayRotation:0, isSurfaceValid:true, attr.flag:-2122252032, tmpFrames:ClientWindowFrames{frame=[0,0][1080,2412] display=[0,0][1080,2412] parentFrame=[0,0][1080,2412]}, relayoutAsync:true, mSyncSeqId:0
02-20 22:14:51.627  3416  3416 W VRI[MainActivity]: updateBlastSurfaceIfNeeded, surfaceSize:Point(1080, 2412), lastSurfaceSize:Point(1080, 2412), format:-1, blastBufferQueue:android.graphics.BLASTBufferQueue@bba553f
02-20 22:14:51.627  3348  4332 I Osense-BaseDecisionMaker: OSense not supported scene! SCENE_ACTIVITY_IDLE
02-20 22:14:51.628  3348  8051 D WindowManagerServiceExtImpl: extractConfigInfoAndRealFlags rotation=0, screenDp=360, residentWS:0, win=Window{daddb72 u0 com.renderflow.app/com.renderflow.app.MainActivity}
02-20 22:14:51.628 12182 12182 D callGcSupression: java.lang.NullPointerException: Attempt to invoke virtual method 'java.lang.Object java.lang.reflect.Method.invoke(java.lang.Object, java.lang.Object[])' on a null object reference
02-20 22:14:51.628  3348  8051 V WindowManager: Relayout Window{daddb72 u0 com.renderflow.app/com.renderflow.app.MainActivity}: viewVisibility=0, oldvis=0, req=1080x2412, vsysui=, x=0, y=0
02-20 22:14:51.628 12182 12182 I SplitScreenManager: Attached Launcher#a37a890 ON_STOP
02-20 22:14:51.628 12182 12182 D VRI[Launcher]: setWindowStopped stopped:true
02-20 22:14:51.632  3348  3981 D WindowManager: setFrameRateStart invalid typeId return!
02-20 22:14:51.634  3348  3639 I UserAwareMgr: handleAppChangedToBg, pkgName: com.android.launcher, pid: 12182
02-20 22:14:51.634  3348  4218 E OplusUIFirst_TS: Failed to connect bpf bin: -1
02-20 22:14:51.635 11442 11442 I bqat    : onStop
02-20 22:14:51.635  3348  4218 E OplusUIFirst_TS: Failed to connect bpf bin: -1
02-20 22:14:51.635  3348  3639 I UserAwareMgr: handleAppChangedToBg, pkgName: com.google.android.googlequicksearchbox, pid: 11442
02-20 22:14:51.636  3348  4218 E OplusUIFirst_TS: Failed to connect bpf bin: -1
02-20 22:14:51.637 12182 12217 I ImeTracker: com.android.launcher:8d54af7c: onRequestHide at ORIGIN_CLIENT reason HIDE_SOFT_INPUT fromUser false
02-20 22:14:51.638  3348  4040 I ImeTracker: com.android.launcher:8d54af7c: onCancelled at PHASE_SERVER_SHOULD_HIDE
02-20 22:14:51.638  3348  3639 I UserAwareMgr: handleAppChangedToBg, pkgName: com.google.android.adservices.api, pid: 23605
02-20 22:14:51.638  3348  3639 W UserAwareMgr: app not not found or not visible: null
02-20 22:14:51.638  3348  3639 W UserAwareMgr: handleAppChangedToBg process is empty
02-20 22:14:51.638  3348  4218 E OplusUIFirst_TS: Failed to connect bpf bin: -1
02-20 22:14:51.642  3416  3462 D nativeloader: Load /data/app/~~DTxcU4tl8--qOh_5HcBcKw==/com.renderflow.app-G9_ACbWKHYeGPq-EEoVYng==/base.apk!/lib/arm64-v8a/libexpo-sqlite.so using class loader ns clns-7 (caller=/data/app/~~DTxcU4tl8--qOh_5HcBcKw==/com.renderflow.app-G9_ACbWKHYeGPq-EEoVYng==/base.apk): ok
02-20 22:14:51.643  3348  3981 I InputDispatcher: updateFocusedWindow, daddb72 com.renderflow.app/com.renderflow.app.MainActivity on display 0, reason: Window became focusable. Previous reason: NOT_VISIBLE, result:   FocusedWindows:
02-20 22:14:51.643  3348  3981 I InputDispatcher:     displayId=0, name='daddb72 com.renderflow.app/com.renderflow.app.MainActivity'
02-20 22:14:51.643  3416  3416 D ViewRootImplExtImpl: wrapConfigInfoIntoFlags rotation=0, smallestScreenWidthDp=360, relayoutAsync=true, flags=0, newFlags=23592960, residentWS=false, title=com.renderflow.app/com.renderflow.app.MainActivity
02-20 22:14:51.643  3348  3981 D WindowManagerServiceExtImpl: extractConfigInfoAndRealFlags rotation=0, screenDp=360, residentWS:0, win=Window{daddb72 u0 com.renderflow.app/com.renderflow.app.MainActivity}
02-20 22:14:51.643  3416  3416 D VRI[MainActivity]: relayoutWindow result, sizeChanged:false, surfaceControlChanged:false, transformHintChanged:false, mSurfaceSize:Point(1080, 2412), mLastSurfaceSize:Point(1080, 2412), mWidth:1080, mHeight:2412, requestedWidth:1080, requestedHeight:2412, transformHint:0, installOrientation:0, displayRotation:0, isSurfaceValid:true, attr.flag:-2122249984, tmpFrames:ClientWindowFrames{frame=[0,0][1080,2412] display=[0,0][1080,2412] parentFrame=[0,0][1080,2412]}, relayoutAsync:true, mSyncSeqId:0
02-20 22:14:51.643  3416  3416 W VRI[MainActivity]: updateBlastSurfaceIfNeeded, surfaceSize:Point(1080, 2412), lastSurfaceSize:Point(1080, 2412), format:-1, blastBufferQueue:android.graphics.BLASTBufferQueue@bba553f
02-20 22:14:51.643  3348  3981 V WindowManager: Relayout Window{daddb72 u0 com.renderflow.app/com.renderflow.app.MainActivity}: viewVisibility=0, oldvis=0, req=1080x2412, vsysui=, x=0, y=0
02-20 22:14:51.644  3416  3416 D VRI[MainActivity]: onFocusEvent true
02-20 22:14:51.644  3416  3416 D callGcSupression: java.lang.NullPointerException: Attempt to invoke virtual method 'java.lang.Object java.lang.reflect.Method.invoke(java.lang.Object, java.lang.Object[])' on a null object reference
02-20 22:14:51.645  3348  8051 I WindowManager: Window{80cf555 u0 com.android.launcher/com.android.launcher.Launcher} state from HAS_DRAWN to NO_SURFACE; reason: destroySurface
02-20 22:14:51.648  3348  8051 I WindowManager: Window{93fefc1 u0 com.android.launcher/com.android.launcher.Launcher} state from HAS_DRAWN to NO_SURFACE; reason: destroySurface
02-20 22:14:51.648  1214  1214 I OplusCustomScanStrategy: msg.what = 6
02-20 22:14:51.649  3348  8051 D ActivityTaskManager: Clearing startingData for activity=ActivityRecord{667ec48 u0 com.android.launcher/.Launcher t5} mStartingData=null mStartingSurface=null
02-20 22:14:51.651  3348  4040 D InputMethodManagerService: isSecurity: attribute.packageName = com.renderflow.app mCurMethodId = com.google.android.inputmethod.latin/com.android.inputmethod.latin.LatinIME isSecurity = false ( enable = true needShow = false inBlackList = false isExist = true )
02-20 22:14:51.651  3348  4040 I ImeTracker: com.renderflow.app:b74348d2: onRequestHide at ORIGIN_SERVER reason HIDE_UNSPECIFIED_WINDOW fromUser false
02-20 22:14:51.651  3348  4040 I ImeTracker: com.renderflow.app:b74348d2: onCancelled at PHASE_SERVER_SHOULD_HIDE
02-20 22:14:51.654  4753  5291 I ProcessManager: onForegroundActivitiesChanged pid:12182, uid:10213, foregroundActivities:false
02-20 22:14:51.656  5581  6080 D OplusAtlas.OplusAtlasEventDispatch: setEvent:atlas_event_on_foreground_activities_changed info:pid:12182,uid:10213,hasForegroundActivities:0
02-20 22:14:51.657  3800  3800 I GoogleInputMethodService: GoogleInputMethodService.onFinishInput():2113 
02-20 22:14:51.658  3800  3800 I Module  : DeviceLockedStatusModuleProvider$Module.updateDeviceLockedStatus():103 repeatCheckTimes = 0, locked = false
02-20 22:14:51.658  3800  3800 I GoogleInputMethodService: GoogleInputMethodService.onStartInput():1384 onStartInput(EditorInfo{EditorInfo{packageName=com.renderflow.app, inputType=0, inputTypeString=NULL, enableLearning=false, autoCorrection=false, autoComplete=false, imeOptions=0, privateImeOptions=null, actionName=UNSPECIFIED, actionLabel=null, initialSelStart=-1, initialSelEnd=-1, initialCapsMode=0, label=null, fieldId=0, fieldName=null, extras=Bundle[{com.oplus.im.WINDOW_MODE=1, com.oplus.im.SCENES=0}], hintText=null, hintLocales=[]}}, false)
02-20 22:14:51.658  3800  3800 I Module  : DeviceLockedStatusModuleProvider$Module.updateDeviceLockedStatus():103 repeatCheckTimes = 1, locked = false
02-20 22:14:51.657  3348  8051 V AutofillInlineSuggestionsRequestSession: onInputMethodFinishInput() received
02-20 22:14:51.659  3348  8051 V AutofillInlineSuggestionsRequestSession: onInputMethodStartInput() received on 0
02-20 22:14:51.660  3416  3416 I SurfaceControl:  setExtendedRangeBrightness sc=Surface(name=com.renderflow.app/com.renderflow.app.MainActivity)/@0x1b6ad9d,currentBufferRatio=1.0,desiredRatio=1.0
02-20 22:14:51.660  3348  3981 D WindowManager: setFrameRateStart invalid typeId return!
02-20 22:14:51.660  3348  8051 W PackageConfigPersister: App-specific configuration not found for packageName: com.renderflow.app and userId: 0
02-20 22:14:51.661  5581  9126 D OplusAtlas.OplusAudioScene: callback success event:atlas_event_on_foreground_activities_changed eventInfo:pid:12182,uid:10213,hasForegroundActivities:0
02-20 22:14:51.661  5581  9135 D OplusAtlas.OplusMessageHandler: handleMessage: Msg { when=-1ms what=0 obj=com.oplus.atlas.OplusAtlasEvent@d324e32 target=com.oplus.atlas.OplusMessageHandler$MyHandler }
02-20 22:14:51.661  5581  9922 D OplusAtlas.OplusMessageHandler: handleMessage: Msg { when=0 what=2 obj=com.oplus.atlas.OplusAtlasEvent@d324e32 target=com.oplus.atlas.OplusMessageHandler$MyHandler }
02-20 22:14:51.674  1214  1214 I OplusCustomScanStrategy: msg.what = 6
02-20 22:14:51.676 11902 12707 I FontLog : (REDACTED) Received query %s, URI %s
02-20 22:14:51.676 11902 12707 I FontLog : (REDACTED) Query [%s] resolved to %s
02-20 22:14:51.677  3348  8051 D ActivityTaskManager: removeStartingWindowAnimation starting ActivityRecord{494be8b u0 com.renderflow.app/.MainActivity t13618} startingWindow=null ,startingView=com.android.server.wm.StartingSurfaceController$StartingSurface@568b81b,Callers=com.android.server.wm.ActivityRecord.onSplashScreenAttachComplete:3420 com.android.server.wm.ActivityRecord.splashScreenAttachedLocked:8033 com.android.server.wm.ActivityClientController.splashScreenAttached:1148 android.app.IActivityClientController$Stub.onTransact:1372 com.android.server.wm.ActivityClientController.onTransact:182 
02-20 22:14:51.677  3348  8051 D OplusStartingWindowManager: interceptRemoveStartingWindow: packageName=com.renderflow.app,  componentName=com.renderflow.app/.MainActivity, isSnapshot=false, startingSurfaceRunnable=null, isDrawCompleted=false, hasSurfaceView=false, inTransition=false
02-20 22:14:51.678  3348  8051 D OplusSplitScreenDnDUI: notifyRemoveStartingWindow isSpitScreenDrag = false mDropTargetSurface = null StartingWindowpkgName = com.renderflow.app DragPkg = null isLauncherResume = false
02-20 22:14:51.678  3348  8051 D OplusStartingWindowManager: interceptRemoveStartingWindow: hasSplashWindowFlag() return false for activity=ActivityRecord{494be8b u0 com.renderflow.app/.MainActivity t13618}
02-20 22:14:51.678  3348  8051 D TaskOrganizerController: TaskOrganizerController.removeStartingWindow: call wmshell to removeStartingWindow
02-20 22:14:51.680  4382  4473 D HWUI    : RenderProxy::destroy: this=0xb40000772b1b0800, mContext=0xb4000076cd0b73c0
02-20 22:14:51.680  4382  4509 D HWUI    : SkiaOpenGLPipeline::setSurface: this=0xb40000775ff33f40, surface=NULL
02-20 22:14:51.680  4382  4509 D BufferQueueProducer: [VRI[app]#20688(BLAST Consumer)20688](id:111e00005103,api:1,p:4382,c:4382) disconnect: api 1
02-20 22:14:51.682  3348  3629 I WindowStateExtImpl: onSurfaceShowChange show = false mPackageName = com.renderflow.app parentPkgName = com.renderflow.app
02-20 22:14:51.685 11902 12707 I FontLog : (REDACTED) Fetch %s end status %s
02-20 22:14:51.687 11902 12707 I FontLog : (REDACTED) Pulling font file for id = %d, cache size = %d
02-20 22:14:51.693  4382  4473 D ViewRootImplExtImpl: wrapConfigInfoIntoFlags rotation=0, smallestScreenWidthDp=360, relayoutAsync=false, flags=0, newFlags=23592960, residentWS=false, title=Splash Screen com.renderflow.app
02-20 22:14:51.694  3348  3981 D WindowManagerServiceExtImpl: extractConfigInfoAndRealFlags rotation=0, screenDp=360, residentWS:0, win=Window{b3fb2d6 u0 Splash Screen com.renderflow.app}
02-20 22:14:51.694  3348  3981 V WindowManager: Relayout Window{b3fb2d6 u0 Splash Screen com.renderflow.app}: viewVisibility=8, oldvis=0, req=1080x2412, vsysui=
02-20 22:14:51.696  3348  3981 D WindowManager: NFW_findFocusedWindowIfNeeded:Window{daddb72 u0 com.renderflow.app/com.renderflow.app.MainActivity} mCurrentFocus:Window{daddb72 u0 com.renderflow.app/com.renderflow.app.MainActivity}
02-20 22:14:51.697  4382  4473 D BLASTBufferQueue: [VRI[app]#20688](f:0,a:1) destructor()
02-20 22:14:51.697  4382  4473 D BufferQueueConsumer: [VRI[app]#20688(BLAST Consumer)20688](id:111e00005103,api:0,p:-1,c:4382) disconnect
02-20 22:14:51.697  4382  4473 D OplusScrollToTopManager: Splash Screen com.renderflow.app,window dying
02-20 22:14:51.697  4382  4473 D OplusScrollToTopManager: Splash Screen com.renderflow.app,unregisterSystemUIBroadcastReceiver 
02-20 22:14:51.697  4382  4473 D OplusScrollToTopManager: Splash Screen com.renderflow.app, unregisterSystemUIBroadcastReceiver failed java.lang.IllegalArgumentException: Receiver not registered: android.view.OplusScrollToTopManager$2@2c54460
02-20 22:14:51.697  4382  4473 W WindowOnBackDispatcher: sendCancelIfRunning: isInProgress=false callback=android.view.ViewRootImpl$$ExternalSyntheticLambda11@fa8b085
02-20 22:14:51.698  3348  8051 I InputDispatcher: channel 'b3fb2d6 Splash Screen com.renderflow.app (server)'~ abortBrokenDispatchCycleLocked - notify=false
02-20 22:14:51.698 11902 12707 I FontLog : (REDACTED) Pulling font file for id = %d, cache size = %d
02-20 22:14:51.699  3348  8051 W InputManager-JNI: Input channel object 'b3fb2d6 Splash Screen com.renderflow.app (client)' was disposed without first being removed with the input manager!
02-20 22:14:51.699  3348  8051 I WindowManager: Window{b3fb2d6 u0 Splash Screen com.renderflow.app} state from HAS_DRAWN to NO_SURFACE; reason: destroySurface
02-20 22:14:51.700  3348  3639 W UserAwareMgr: event can not be released, id: 1014, count: 2, releasePid: 3348
02-20 22:14:51.701  3348  8051 D WindowManager: NFW_findFocusedWindowIfNeeded:Window{daddb72 u0 com.renderflow.app/com.renderflow.app.MainActivity} mCurrentFocus:Window{daddb72 u0 com.renderflow.app/com.renderflow.app.MainActivity}
02-20 22:14:51.701  3348  3981 W WindowManager: Failed looking up window session=Session{2f44358 4382:u0a10217} callers=com.android.server.wm.WindowManagerService.windowForClientLocked:6791 com.android.server.wm.Session.setOnBackInvokedCallbackInfo:1064 android.view.IWindowSession$Stub.onTransact:1199 
02-20 22:14:51.701  3348  3981 I WindowManager: setOnBackInvokedCallback(): No window state for package:com.android.systemui
--------- beginning of crash
02-20 22:14:51.721  3416  3463 E AndroidRuntime: FATAL EXCEPTION: mqt_native_modules
02-20 22:14:51.721  3416  3463 E AndroidRuntime: Process: com.renderflow.app, PID: 3416
02-20 22:14:51.721  3416  3463 E AndroidRuntime: com.facebook.react.uimanager.Q: No ViewManager found for class RNSVGPath
02-20 22:14:51.721  3416  3463 E AndroidRuntime: 	at com.facebook.react.uimanager.i1.c(SourceFile:129)
02-20 22:14:51.721  3416  3463 E AndroidRuntime: 	at com.facebook.react.uimanager.K0.i(SourceFile:3)
02-20 22:14:51.721  3416  3463 E AndroidRuntime: 	at com.facebook.react.uimanager.K0.j(SourceFile:9)
02-20 22:14:51.721  3416  3463 E AndroidRuntime: 	at com.facebook.react.uimanager.UIManagerModule.createView(SourceFile:54)
02-20 22:14:51.721  3416  3463 E AndroidRuntime: 	at com.facebook.react.uimanager.ReanimatedUIManager.createView(SourceFile:1)
02-20 22:14:51.721  3416  3463 E AndroidRuntime: 	at java.lang.reflect.Method.invoke(Native Method)
02-20 22:14:51.721  3416  3463 E AndroidRuntime: 	at com.facebook.react.bridge.JavaMethodWrapper.invoke(SourceFile:151)
02-20 22:14:51.721  3416  3463 E AndroidRuntime: 	at com.facebook.react.bridge.JavaModuleWrapper.invoke(SourceFile:20)
02-20 22:14:51.721  3416  3463 E AndroidRuntime: 	at com.facebook.jni.NativeRunnable.run(Native Method)
02-20 22:14:51.721  3416  3463 E AndroidRuntime: 	at android.os.Handler.handleCallback(Handler.java:973)
02-20 22:14:51.721  3416  3463 E AndroidRuntime: 	at android.os.Handler.dispatchMessage(Handler.java:100)
02-20 22:14:51.721  3416  3463 E AndroidRuntime: 	at com.facebook.react.bridge.queue.MessageQueueThreadHandler.dispatchMessage(SourceFile:1)
02-20 22:14:51.721  3416  3463 E AndroidRuntime: 	at android.os.Looper.loopOnce(Looper.java:282)
02-20 22:14:51.721  3416  3463 E AndroidRuntime: 	at android.os.Looper.loop(Looper.java:387)
02-20 22:14:51.721  3416  3463 E AndroidRuntime: 	at com.facebook.react.bridge.queue.MessageQueueThreadImpl.lambda$startNewBackgroundThread$2(SourceFile:36)
02-20 22:14:51.721  3416  3463 E AndroidRuntime: 	at com.facebook.react.bridge.queue.MessageQueueThreadImpl.b(SourceFile:1)
02-20 22:14:51.721  3416  3463 E AndroidRuntime: 	at com.facebook.react.bridge.queue.b.run(SourceFile:1)
02-20 22:14:51.721  3416  3463 E AndroidRuntime: 	at java.lang.Thread.run(Thread.java:1564)
02-20 22:14:51.727  3416  3416 E OplusCustomizeRestrictionManager: sInstance is null, start a new sInstance
02-20 22:14:51.728  3348  4724 D OplusAppStartupMonitor: notifyUnstableAppInfo: Bundle[{unstableTime=1771607691722, reason=crash, userId=0, exceptionMsg=No ViewManager found for class RNSVGPath, exceptionClass=com.facebook.react.uimanager.Q, app_channel_type=unstable, packageName=com.renderflow.app, unstable_restrict_switch=true}]
02-20 22:14:51.734  3348  3981 D ITheiaManagerExt: [sendEvent] TheiaEvent:[id:0x00000005 name:appCrash type:java enable:false reportFreq:1800000 logType:4099 delay:30000 condition:0 recoveryId:0 extraInfo:] versionId:202312280900 INCREMENTAL:S.2004fbc-edcd-9da1
02-20 22:14:51.734  3348  3981 W ITheiaManagerExt: [sendEvent] the event state is disable: 5
02-20 22:14:51.734  3348  3981 W OplusEapManager handleErrorInfo sendEvent: : com.renderflow.app happenedcrash
02-20 22:14:51.734  3348  3981 D OplusAnrCrashMonitor: handleAnrCrashData: bundle data done
02-20 22:14:51.735  3348  3981 D OplusAmsUtilsFeatrue: detectExceptionsForOIDT type:0
02-20 22:14:51.743  3348  3492 I DropBoxManagerService: add tag=data_app_crash isTagEnabled=true flags=0x2
02-20 22:14:51.744  3348 10248 D OplusAnrCrashMonitor: bind to service from AnrCrashParams{ Tag=crash, id=f021ece}
02-20 22:14:51.746  3348  3492 D DropBoxManagerService: file :: /data/system/dropbox/data_app_crash@1771607691745.txt
02-20 22:14:51.746  3348  3981 D OplusDexAotCrashController:  this pkg path already deleted aot files: com.renderflow.app
02-20 22:14:51.746  3348  3981 W ActivityTaskManager:   Force finishing activity com.renderflow.app/.MainActivity
02-20 22:14:51.747  4382  4445 V WindowManagerShell: Transition requested (#18563): android.os.BinderProxy@d93ffbf TransitionRequestInfo { type = CLOSE, triggerTask = null, pipTask = null, remoteTransition = null, displayChange = null, flags = 16, debugId = 18563 }
02-20 22:14:51.748  3348  4171 I [UAH_CLIENT]: UahEventAcquire, cmdid:0, pkg:com.renderflow.app, identity:com.android.server.wm
02-20 22:14:51.749  3348  3981 D ActivityRecordExtImpl: skipPrepareAppTransitionForZoom false
02-20 22:14:51.749  3348  3981 D ActivityTaskManager: setAppVisibility(Token{9fbf426 ActivityRecord{494be8b u0 com.renderflow.app/.MainActivity t13618 f}}}, visible=false): mNextAppTransitionRequests=[], mNextAppTransitionFlags=,mAppTransitionState=APP_STATE_IDLE visible=true mVisibleRequested=true
02-20 22:14:51.749  3348  3981 D ActivityTaskManager: setVisibility(Token{9fbf426 ActivityRecord{494be8b u0 com.renderflow.app/.MainActivity t13618 f}}}, visible=false) defer commitVisibility for transition collecting
02-20 22:14:51.749  3348  3981 D ActivityTrigger: ActivityTrigger activityPauseTrigger 
02-20 22:14:51.751  3348  3981 D OplusAppQuickStart_OplusAppQuickStart: isInRemoteInterrupt isInInterruptScene:false, recents=null, ar=ActivityRecord{667ec48 u0 com.android.launcher/.Launcher t5}
02-20 22:14:51.751  3348  3981 D TaskFragmentExtImpl: resumeTopActivity Launcher ,resume while pausing ActivityRecord{667ec48 u0 com.android.launcher/.Launcher t5}
02-20 22:14:51.751  3348  3981 I OplusHansManager : front pkg: com.android.launcher, uid: 10213, prev pkg: com.renderflow.app, prev uid: 10430
02-20 22:14:51.751 11792 11816 W ANDR-PERF-LM: MetaMeter: handlePrimaryAsync() 118: AdaptLaunch MetaMeter. No MeterMgr Available to handle this Primary Async. !!!!
02-20 22:14:51.751  3348  3981 D RefreshRate: boostRefreshId choose max:currentRefreshRate:120.00001 targetRefreshRate:60.0 mCurrentPickRate:0.0
02-20 22:14:51.751  3348  3981 D RefreshRate: Trigger app switch boost, ar=ActivityRecord{667ec48 u0 com.android.launcher/.Launcher t5},currDisplayRate=120.00001,boostId=3
02-20 22:14:51.751 11792 11816 W ANDR-PERF-LM: MetaMeter: handlePrimaryAsync() 118: AdaptLaunch MetaMeter. No MeterMgr Available to handle this Primary Async. !!!!
02-20 22:14:51.751  3348  3981 D RefreshRate: setDisplayConfigSpecs complete: targetMode={id=1, width=1080, height=2412, fps=120.00001, vsync=120.00001, synthetic=false, alternativeRefreshRates=[60.000004, 90.0], supportedHdrTypes=[2, 3, 4]},srcMode={id=1, width=1080, height=2412, fps=120.00001, vsync=120.00001, synthetic=false, alternativeRefreshRates=[60.000004, 90.0], supportedHdrTypes=[2, 3, 4]},sfModId=0,rate=120.00001
02-20 22:14:51.752  3348  3981 D ActivityTaskManager: setAppVisibility(Token{71a59de ActivityRecord{667ec48 u0 com.android.launcher/.Launcher t5}}, visible=true): mNextAppTransitionRequests=[], mNextAppTransitionFlags=,mAppTransitionState=APP_STATE_IDLE visible=false mVisibleRequested=false
02-20 22:14:51.752  3348  4735 I OplusHansManager : uid=10430, pkg=com.renderflow.app enter SM
02-20 22:14:51.752  3348  3676 D RefreshRate: do setDisplayConfigSpecs  
02-20 22:14:51.752  3348  3981 D WindowManager: NFW_setClientVisible:ActivityRecord{667ec48 u0 com.android.launcher/.Launcher t5} clientVisible:true
02-20 22:14:51.752  3348  4735 I OplusHansManager : uid=10430, pkg=com.renderflow.app R enter(), D stay=0
02-20 22:14:51.752 11442 19628 D VRI[Launcher]: dispatchAppVisibility visible:true
02-20 22:14:51.752  1988  2280 D SurfaceFlinger: VRR [SurfaceFlinger] setDesiredDisplayModeSpecs, from process 3348, 0, 0, primaryRanges = [ 120.000008, 120.000008, 120.000008, 120.000008 ], appRequestRanges = [ 120.000008, 120.000008, 120.000008 120.000008 ]
02-20 22:14:51.752  3348  4335 I Osense-BaseDecisionMaker: notifySceneToAthenaPolicy: SCENE_LAUNCHER, bundle: Bundle[{prevPkgName=com.renderflow.app, curUid=10213, curPkgName=com.android.launcher, prevUid=10430}]
02-20 22:14:51.752 11442 11442 D VRI[Launcher]: visibilityChanged oldVisibility=false newVisibility=true
02-20 22:14:51.752  1988  1988 I RefreshRateSelector: Display 4630946358012694402 policy changed
02-20 22:14:51.752  1988  1988 I RefreshRateSelector: Previous: {defaultModeId=0, allowGroupSwitching=false, primaryRanges={physical=[0.00 Hz, 120.00 Hz], render=[0.00 Hz, 120.00 Hz]}, appRequestRanges={physical=[0.00 Hz, 120.00 Hz], render=[0.00 Hz, 120.00 Hz]} idleScreenConfig=nullptr}
02-20 22:14:51.752  1988  1988 I RefreshRateSelector: Current:  DisplayManagerPolicy{defaultModeId=0, allowGroupSwitching=false, primaryRanges={physical=[120.00 Hz, 120.00 Hz], render=[120.00 Hz, 120.00 Hz]}, appRequestRanges={physical=[120.00 Hz, 120.00 Hz], render=[120.00 Hz, 120.00 Hz]} idleScreenConfig=nullptr}
02-20 22:14:51.752  1988  1988 I RefreshRateSelector: 0 mode changes were performed under the previous policy
02-20 22:14:51.752  3348  4751 I OPM-Process: resume pkg: com.android.launcher, uid:10213, prev pkg: com.renderflow.app, prev uid: 10430
02-20 22:14:51.752  3348  4335 I Osense-BaseDecisionMaker: scene: SCENE_LAUNCHER, excutingPolicy: clear
02-20 22:14:51.752  3348  4335 D Osense-BaseDecisionMaker: invoke clear policy,type: smart-force
02-20 22:14:51.753 12182 12364 D VRI[Launcher]: dispatchAppVisibility visible:true
02-20 22:14:51.753  3348  3981 D ActivityTaskManager: setVisibility(Token{71a59de ActivityRecord{667ec48 u0 com.android.launcher/.Launcher t5}}, visible=true) defer commitVisibility for transition collecting
02-20 22:14:51.753  3348  3981 D ActivityTaskManager: onWindowFocusChanged Task{fc9e519 #5 type=home I=com.android.launcher/.Launcher} would transfer to compact
02-20 22:14:51.754  3348  3639 I UserAwareMgr: handleTopAppChanged: com.android.launcher, pid: 12182, uid: 10213
02-20 22:14:51.754  3348  3981 I InputDispatcher: setFocusedApplication displayId=0 ActivityRecord{667ec48 u0 com.android.launcher/.Launcher t5}
02-20 22:14:51.754  3348  3981 D ActivityTaskManager: NFW_setLastResumedActivityUncheckLocked:true r:ActivityRecord{667ec48 u0 com.android.launcher/.Launcher t5} currentFocus:Window{daddb72 u0 com.renderflow.app/com.renderflow.app.MainActivity}
02-20 22:14:51.754  3348  3981 D WindowManager: NFW_findFocusedWindowIfNeeded:null mCurrentFocus:Window{daddb72 u0 com.renderflow.app/com.renderflow.app.MainActivity}
02-20 22:14:51.754  1988  1988 D SurfaceFlinger: VRR [SurfaceFlinger] applyRefreshRateSelectorPolicy: 0 (120.00 Hz), policy: {defaultModeId=0, allowGroupSwitching=false, primaryRanges={physical=[120.00 Hz, 120.00 Hz], render=[120.00 Hz, 120.00 Hz]}, appRequestRanges={physical=[120.00 Hz, 120.00 Hz], render=[120.00 Hz, 120.00 Hz]} idleScreenConfig=nullptr}
02-20 22:14:51.754  3348  3981 V WindowManager: Changing focus from Window{daddb72 u0 com.renderflow.app/com.renderflow.app.MainActivity} to null,diplayid=0
02-20 22:14:51.754  3348  3981 D Theia.TransparentWindow: TransparentWindow cancelCheckFreezeScreen
02-20 22:14:51.754  3348  3981 D FlexibleTaskController: onTaskFocusChanged prevTask:Task{973db81 #13618 type=standard A=10430:com.renderflow.app} ,currentTask:Task{fc9e519 #5 type=home I=com.android.launcher/.Launcher}, reason: resumeTopActivity - onActivityStateChanged
02-20 22:14:51.754  3348  3981 D OplusFlexibleDCSManager: onNextPkgChanged pkg = com.android.launcher
02-20 22:14:51.755  1988  1988 D SurfaceFlinger: VRR [SurfaceFlinger] setDesiredActiveMode: 120, event: 1 ,displayid = 4630946358012694402
02-20 22:14:51.755  1988  1988 D DisplayModeController: setDesiredMode 4630946358012694402 {mode={fps=120.00 Hz, modePtr={id=0, vsyncRate=120.00 Hz, peakRefreshRate=120.00 Hz}}, emitEvent=true, force=false}
02-20 22:14:51.755  3348  4171 I [UAH_CLIENT]: UahEventAcquire, cmdid:0, pkg:com.android.launcher, identity:com.android.server.wm
02-20 22:14:51.755  1988  2424 D VRR [OTI]: handleIdle from 1 to 0
02-20 22:14:51.755  1988  2424 D VRR [OTI-HW]: isStateReady 0
02-20 22:14:51.755  1988  2424 D VRR [OTI-HW]: rate range: min {id=1, hwcId=1, resolution=1080x2412, vsyncRate=60.00 Hz, dpi=391.89x392.72, group=0, vrrConfig=N/A} cur {id=0, hwcId=0, resolution=1080x2412, vsyncRate=120.00 Hz, dpi=391.89x392.72, group=0, vrrConfig=N/A} max {id=0, hwcId=0, resolution=1080x2412, vsyncRate=120.00 Hz, dpi=391.89x392.72, group=0, vrrConfig=N/A}
02-20 22:14:51.755  1988  2424 D VRR [OTI-HW]: keep rate.
02-20 22:14:51.755  1988  2424 D VRR [OTI-ADFR]: cvtTargetRate change from 60 to 0
02-20 22:14:51.755  1988  2424 I VRR [CVT]: setFrameRate with [0, oti-adfr]
02-20 22:14:51.755  1988  2424 D VRR [OplusVSyncPredictor]: setCvtRefreshRate (0), Period (8333333)
02-20 22:14:51.755  1988  2424 D VRR-[OPlusRefreshRateSelector]: OSyncModes add size is 1.
02-20 22:14:51.755  1988  2424 I VRR-[OPlusRefreshRateSelector]: setIdleModeExternal success, idle fps: 0
02-20 22:14:51.755  1988  2403 D VRR-[OPlusRefreshRateSelector]: handleSetHWCOSync
02-20 22:14:51.755  1988  2403 D VRR-[OPlusRefreshRateSelector]: OSyncModes remaining size is 0.
02-20 22:14:51.755  1988  2403 D VRR-[OPlusRefreshRateSelector]: SetHWCOSync with 5CC20080
02-20 22:14:51.755  3348  3981 D WindowManager: rotation(ROTATION_0) no changed  displayId = 0, lastOrientation = 5
02-20 22:14:51.755  1771  6544 I SDM     : DisplayBuiltIn::SetQSyncMode: VRR + qsync minfps change to: 12714112 00C20080
02-20 22:14:51.755  1771  6544 I SDM     : HWDeviceDRM::OPlusSetQSyncMinFps: VRR +  OPlusSetQSyncMinFps: 12714112
02-20 22:14:51.755  1771  6544 I SDM     : HWDeviceDRM::OPlusSetQSyncMinFpsUpdate: VRR +  OPlusSetQSyncMinFpsUpdate: 1
02-20 22:14:51.755  1771  6544 I SDM     : HWDeviceDRM::OPlusGetQSyncMinFps: VRR +  OPlusGetQSyncMinFps: 12714112
02-20 22:14:51.755  1771  6544 I SDM     : DisplayBuiltIn::SetQSyncMode: VRR + update qsync mode 0 minfps 00C20080
02-20 22:14:51.755  1771  6544 I SDM     : HWDeviceDRM::OPlusIsQSyncMinFpsForAuto: VRR +  OPlusIsQSyncMinFpsForAuto: 1
02-20 22:14:51.755  1771  6544 I SDM     : DisplayBuiltIn::SetQSyncMode: VRR + needs_avr_update_ 0
02-20 22:14:51.756  1771  6544 I SDM     : DisplayBuiltIn::SetQSyncMode: Qsync mode set to 0 successfully
02-20 22:14:51.756  3348  3981 D OplusFeatureColorMode: ColorMode getColorMode =8
02-20 22:14:51.756  3348  3981 D ColorDisplayServiceExtImpl: getWCGVersion1App, packageName=com.android.launcher, sSupportWCG1 = true, nRet = 0
02-20 22:14:51.756  3348  4338 I OsenseKillAction: KillAction: [atomic clean] start name=lowmem, requestId=27687, startAvail=1928, startFreeMB=174, purposeAvailMB=2200, purposeFreeMB=-1, anonRssTarget=272, minBgCount=0, swapTarget=0, scene=SCENE_LAUNCHER, type=smart-force, qb=false, cchOnly=false, urgency=false, hoggingCpuPids={}, invalid-cnt=0
02-20 22:14:51.758  3348  3676 D DisplayModeDirector: setAppRequest displayId : 0  modeId: 0  requestedRefreshRate: 120.00001  requestedMinRefreshRateRange: 120.00001  requestedMaxRefreshRateRange: 120.00001
02-20 22:14:51.759  1771  1912 I SDM     : HWDeviceDRM::OPlusGetQSyncMinFpsUpdate: VRR +  OPlusGetQSyncMinFpsUpdate: 1
02-20 22:14:51.759  1771  1912 I SDM     : HWDeviceDRM::OPlusIsQSyncMinFpsForAuto: VRR +  OPlusIsQSyncMinFpsForAuto: 1
02-20 22:14:51.759  1771  1912 I SDM     : HWDeviceDRM::OPlusGetQSyncMinFps: VRR +  OPlusGetQSyncMinFps: 12714112
02-20 22:14:51.761 11442 11442 D ViewRootImplExtImpl: wrapConfigInfoIntoFlags rotation=0, smallestScreenWidthDp=360, relayoutAsync=false, flags=0, newFlags=23592960, residentWS=false, title=com.android.launcher/com.android.launcher.Launcher
02-20 22:14:51.761  3348  3981 D DisplayModeDirector: setAppRequest displayId : 0  modeId: 1  requestedRefreshRate: 0.0  requestedMinRefreshRateRange: 0.0  requestedMaxRefreshRateRange: 120.00001
02-20 22:14:51.762 12182 12364 D ColorModeChangeItem: preExecute mColorMode=0
02-20 22:14:51.762 12182 12182 D callGcSupression: java.lang.NullPointerException: Attempt to invoke virtual method 'java.lang.Object java.lang.reflect.Method.invoke(java.lang.Object, java.lang.Object[])' on a null object reference
02-20 22:14:51.762 12182 12182 D VRI[Launcher]: setWindowStopped stopped:false
02-20 22:14:51.763 12182 12182 I SplitScreenManager: Attached Launcher#a37a890 ON_START
02-20 22:14:51.763  3416  3416 D callGcSupression: java.lang.NullPointerException: Attempt to invoke virtual method 'java.lang.Object java.lang.reflect.Method.invoke(java.lang.Object, java.lang.Object[])' on a null object reference
02-20 22:14:51.763  3348  3981 I TaskOrganizerController: onTaskInfoChanged taskid 13618 config { mBounds=Rect(0, 0 - 1080, 2412) mAppBounds=Rect(0, 0 - 1080, 2412) mMaxBounds=Rect(0, 0 - 1080, 2412) mDisplayRotation=ROTATION_0 mWindowingMode=fullscreen mActivityType=standard mAlwaysOnTop=undefined mRotation=ROTATION_0}
02-20 22:14:51.763 12182 12182 D ScrollOptim [SceneManager]: updateCurrentActivity: mCurrentActivityName=com.android.launcher.Launcher, isOptEnable=true, isAnimAheadEnable=false, isFrameInsertEnable=false, InsertNum=0, isEnabledForScrollChanged=false
02-20 22:14:51.763 12182 12182 D ActivityThread: ComponentInfo{com.android.launcher/com.android.launcher.Launcher} checkFinished=false 2
02-20 22:14:51.763 12182 12182 D ResourcesManagerExtImpl: applyConfigurationToAppResourcesLocked app.getDisplayId() return callback.displayId:0
02-20 22:14:51.764 12182 12182 I SplitScreenManager: Attached Launcher#a37a890 ON_RESUME
02-20 22:14:51.764 12182 12182 D LauncherClient: getThreadPriority 0
02-20 22:14:51.764  3348  3981 D OplusFlexibleWindowMinimizedManagerHelper: onTaskInfoChanged taskInfo:TaskInfo{userId=0 taskId=13618 displayId=0 isRunning=false baseIntent=Intent { act=android.intent.action.MAIN cat=[android.intent.category.LAUNCHER] flg=0x10200000 cmp=com.renderflow.app/.MainActivity mCallingUid=2000 } baseActivity=null topActivity=null origActivity=null realActivity=ComponentInfo{com.renderflow.app/com.renderflow.app.MainActivity} numActivities=0 lastActiveTime=712066614 supportsSplitScreenMultiWindow=true supportsMultiWindow=true supportsPocketStudioMultiWindow=true isInFlexibleEmbedded = false uid = -1 pid = -1 resizeMode=1 isResizeable=true minWidth=-1 minHeight=-1 defaultMinSize=220 token=WCT{RemoteToken{d35e8e5 Task{973db81 #13618 type=standard A=10430:com.renderflow.app}}} topActivityType=1 pictureInPictureParams=null shouldDockBigOverlays=false launchIntoPipHostTaskId=-1 lastParentTaskIdBeforePip=-1 displayCutoutSafeInsets=Rect(0, 96 - 0, 0) topActivityInfo=null launchCookies=[] positionInParent=Point(0, 0) parentTaskId=-1 isFocused=false isVisible=true isVisibleRequested=false isSleeping=false locusId=null displayAreaFeatureId=1 isTopActivityTransparent=false appCompatTaskInfo=AppCompatTaskInfo { topActivityInSizeCompat=false topActivityInOplusCompatMode=false topActivityEligibleForLetterboxEducation= falseisLetterboxEducationEnabled= false isLetterboxDoubleTapEnabled= false topActivityEligibleForUserAspectRatioButton= false topActivityBoundsLetterboxed= false isFromLetterboxDoubleTap= false topActivityLetterboxVerticalPosition= -1 topActivityLetterboxHorizontalPosition= -1 topActivityLetterboxWidth=-1 topActivityLetterboxHeight=-1 isUserFullscreenOverrideEnabled=false isSystemFullscreenOverrideEnabled=false cameraCompatTaskInfo=CameraCompatTaskInfo { cameraCompatControlState=hidden freeformCameraCompatMode=inactive}} topActivityLetterboxInsets=Rect(0, 0 - 0, 0) mOplusExtraBundle = Bundle[{androidx.flexible.taskFrame=Rect(0, 0 - 0, 0), key_flexible_task_state=0, androidx.activity.LaunchScenario=0, androidx.activity.LaunchScale=1.0}]} task:Task{973db81 #13618 type=standard A=10430:com.renderflow.app}
02-20 22:14:51.764  3348  3981 D OplusFlexibleDragToSplitAnimController: visibleFlexibleTaskInfos delete:13618
02-20 22:14:51.764  3348  3981 D OplusFlexibleDragAnimationBaseState: handleRunningTaskInfo:TaskInfo{userId=0 taskId=13618 displayId=0 isRunning=false baseIntent=Intent { act=android.intent.action.MAIN cat=[android.intent.category.LAUNCHER] flg=0x10200000 cmp=com.renderflow.app/.MainActivity mCallingUid=2000 } baseActivity=null topActivity=null origActivity=null realActivity=ComponentInfo{com.renderflow.app/com.renderflow.app.MainActivity} numActivities=0 lastActiveTime=712066614 supportsSplitScreenMultiWindow=true supportsMultiWindow=true supportsPocketStudioMultiWindow=true isInFlexibleEmbedded = false uid = -1 pid = -1 resizeMode=1 isResizeable=true minWidth=-1 minHeight=-1 defaultMinSize=220 token=WCT{RemoteToken{d35e8e5 Task{973db81 #13618 type=standard A=10430:com.renderflow.app}}} topActivityType=1 pictureInPictureParams=null shouldDockBigOverlays=false launchIntoPipHostTaskId=-1 lastParentTaskIdBeforePip=-1 displayCutoutSafeInsets=Rect(0, 96 - 0, 0) topActivityInfo=null launchCookies=[] positionInParent=Point(0, 0) parentTaskId=-1 isFocused=false isVisible=true isVisibleRequested=false isSleeping=false locusId=null displayAreaFeatureId=1 isTopActivityTransparent=false appCompatTaskInfo=AppCompatTaskInfo { topActivityInSizeCompat=false topActivityInOplusCompatMode=false topActivityEligibleForLetterboxEducation= falseisLetterboxEducationEnabled= false isLetterboxDoubleTapEnabled= false topActivityEligibleForUserAspectRatioButton= false topActivityBoundsLetterboxed= false isFromLetterboxDoubleTap= false topActivityLetterboxVerticalPosition= -1 topActivityLetterboxHorizontalPosition= -1 topActivityLetterboxWidth=-1 topActivityLetterboxHeight=-1 isUserFullscreenOverrideEnabled=false isSystemFullscreenOverrideEnabled=false cameraCompatTaskInfo=CameraCompatTaskInfo { cameraCompatControlState=hidden freeformCameraCompatMode=inactive}} topActivityLetterboxInsets=Rect(0, 0 - 0, 0) mOplusExtraBundle = Bundle[{androidx.flexible.taskFrame=Rect(0, 0 - 0, 0), key_flexible_task_state=0, androidx.activity.LaunchScenario=0, androidx.activity.LaunchScale=1.0}]}state:0
02-20 22:14:51.765  3348  3981 I TaskOrganizerController: onTaskInfoChanged taskid 1 config { mBounds=Rect(0, 0 - 1080, 2412) mAppBounds=Rect(0, 0 - 1080, 2412) mMaxBounds=Rect(0, 0 - 1080, 2412) mDisplayRotation=ROTATION_0 mWindowingMode=fullscreen mActivityType=home mAlwaysOnTop=undefined mRotation=ROTATION_0}
02-20 22:14:51.765  3416  3462 E ReactNativeJS: Error: Requiring unknown module "undefined"., js engine: hermes
02-20 22:14:51.766  3348  3981 D OplusFlexibleWindowMinimizedManagerHelper: onTaskInfoChanged taskInfo:TaskInfo{userId=0 taskId=1 displayId=0 isRunning=true baseIntent=Intent { act=android.intent.action.MAIN cat=[android.intent.category.HOME] flg=0x10000100 cmp=com.android.launcher/.Launcher mCallingUid=1000 } baseActivity=ComponentInfo{com.android.launcher/com.android.launcher.Launcher} topActivity=ComponentInfo{com.android.launcher/com.android.launcher.Launcher} origActivity=null realActivity=null numActivities=1 lastActiveTime=20115 supportsSplitScreenMultiWindow=false supportsMultiWindow=true supportsPocketStudioMultiWindow=false isInFlexibleEmbedded = false uid = 10213 pid = 12182 resizeMode=2 isResizeable=true minWidth=-1 minHeight=-1 defaultMinSize=220 token=WCT{RemoteToken{91b1a13 Task{cb7ade8 #1 type=home}}} topActivityType=2 pictureInPictureParams=null shouldDockBigOverlays=false launchIntoPipHostTaskId=-1 lastParentTaskIdBeforePip=-1 displayCutoutSafeInsets=null topActivityInfo=ActivityInfo{1826eaf com.android.launcher.Launcher} launchCookies=[] positionInParent=Point(0, 0) parentTaskId=-1 isFocused=true isVisible=false isVisibleRequested=true isSleeping=false locusId=LocusId[17_chars] displayAreaFeatureId=1 isTopActivityTransparent=false appCompatTaskInfo=AppCompatTaskInfo { topActivityInSizeCompat=false topActivityInOplusCompatMode=false topActivityEligibleForLetterboxEducation= falseisLetterboxEducationEnabled= false isLetterboxDoubleTapEnabled= false topActivityEligibleForUserAspectRatioButton= false topActivityBoundsLetterboxed= false isFromLetterboxDoubleTap= false topActivityLetterboxVerticalPosition= -1 topActivityLetterboxHorizontalPosition= -1 topActivityLetterboxWidth=1080 topActivityLetterboxHeight=2412 isUserFullscreenOverrideEnabled=false isSystemFullscreenOverrideEnabled=false cameraCompatTaskInfo=CameraCompatTaskInfo { cameraCompatControlState=hidden freeformCameraCompatMode=inactive}} topActivityLetterboxInsets=Rect(0, 0 - 0, 0) mOplusExtraBundle = Bundle[{androidx.flexible.taskFrame=Rect(0, 0 - 0, 0), key_flexible_task_state=0, androidx.activity.LaunchScenario=0, androidx.activity.LaunchScale=1.0}]} task:Task{cb7ade8 #1 type=home}
02-20 22:14:51.766  3348  3981 D OplusFlexibleDragToSplitAnimController: visibleFlexibleTaskInfos delete:1
02-20 22:14:51.766  3348  3981 D OplusFlexibleDragAnimationBaseState: handleRunningTaskInfo:TaskInfo{userId=0 taskId=1 displayId=0 isRunning=true baseIntent=Intent { act=android.intent.action.MAIN cat=[android.intent.category.HOME] flg=0x10000100 cmp=com.android.launcher/.Launcher mCallingUid=1000 } baseActivity=ComponentInfo{com.android.launcher/com.android.launcher.Launcher} topActivity=ComponentInfo{com.android.launcher/com.android.launcher.Launcher} origActivity=null realActivity=null numActivities=1 lastActiveTime=20115 supportsSplitScreenMultiWindow=false supportsMultiWindow=true supportsPocketStudioMultiWindow=false isInFlexibleEmbedded = false uid = 10213 pid = 12182 resizeMode=2 isResizeable=true minWidth=-1 minHeight=-1 defaultMinSize=220 token=WCT{RemoteToken{91b1a13 Task{cb7ade8 #1 type=home}}} topActivityType=2 pictureInPictureParams=null shouldDockBigOverlays=false launchIntoPipHostTaskId=-1 lastParentTaskIdBeforePip=-1 displayCutoutSafeInsets=null topActivityInfo=ActivityInfo{1826eaf com.android.launcher.Launcher} launchCookies=[] positionInParent=Point(0, 0) parentTaskId=-1 isFocused=true isVisible=false isVisibleRequested=true isSleeping=false locusId=LocusId[17_chars] displayAreaFeatureId=1 isTopActivityTransparent=false appCompatTaskInfo=AppCompatTaskInfo { topActivityInSizeCompat=false topActivityInOplusCompatMode=false topActivityEligibleForLetterboxEducation= falseisLetterboxEducationEnabled= false isLetterboxDoubleTapEnabled= false topActivityEligibleForUserAspectRatioButton= false topActivityBoundsLetterboxed= false isFromLetterboxDoubleTap= false topActivityLetterboxVerticalPosition= -1 topActivityLetterboxHorizontalPosition= -1 topActivityLetterboxWidth=1080 topActivityLetterboxHeight=2412 isUserFullscreenOverrideEnabled=false isSystemFullscreenOverrideEnabled=false cameraCompatTaskInfo=CameraCompatTaskInfo { cameraCompatControlState=hidden freeformCameraCompatMode=inactive}} topActivityLetterboxInsets=Rect(0, 0 - 0, 0) mOplusExtraBundle = Bundle[{androidx.flexible.taskFrame=Rect(0, 0 - 0, 0), key_flexible_task_state=0, androidx.activity.LaunchScenario=0, androidx.activity.LaunchScale=1.0}]}state:0
02-20 22:14:51.766  3348  4850 W OplusSelfProtectManager: pkg[com.oplus.crashbox] not in policy list
02-20 22:14:51.766  3348  4338 E OsenseKillAction: KillAction: find invalid process: com.renderflow.app:3416:2
02-20 22:14:51.767  3348  4338 I OsenseKillAction: KillAction: oops, can not find client pi: ProcessRecord{43fa00a 3416:com.renderflow.app/u0a430}
02-20 22:14:51.767  3348  4002 I OplusJoystickManager: handleApplicationSwitch deprecated!
02-20 22:14:51.767  3348  4338 I OsenseKillAction: KillAction: group process done, total=1ms, firstLoop=0ms, updateProcessInfo=1ms, idleList=0ms, curBg=5
02-20 22:14:51.767  3348  4338 I OsenseKillAction: scanCchEmptyProc: break cch check for enough killable memory
02-20 22:14:51.767  3348  4338 I OsenseKillAction: scanCchEmptyProc: +++++++ start double check +++++++
02-20 22:14:51.767  3348  4338 I OsenseKillAction: scanCchEmptyProc: cch check done: killablePss=0kb, killableAnonRss=297mb, time=0ms, candidate cnt: 6
02-20 22:14:51.767  3348  4338 I OsenseKillAction: scanNonUiProc: skip scan non ui process for lowmem
02-20 22:14:51.767  3348  4338 I OsenseKillAction: scanOomAdj: skip scan oom adj for lowmem
02-20 22:14:51.767  3348  4338 I OsenseKillAction: scanAllProc: skip scan all proc for lowmem
02-20 22:14:51.767  3416  3416 D ScrollOptim [SceneManager]: updateCurrentActivity: mCurrentActivityName=null, isOptEnable=true, isAnimAheadEnable=true, isFrameInsertEnable=true, InsertNum=1, isEnabledForScrollChanged=false
02-20 22:14:51.768  3348  4843 D OplusAppSwitchListener: Detect com.renderflow.app switch to background
02-20 22:14:51.768  3348  4843 D OplusFeatureReduceBrightness: onAppExit , info = com.renderflow.app
02-20 22:14:51.768  3348  4843 D OplusEapManager: mTargetExitName :com.renderflow.app
02-20 22:14:51.768  3348  4338 I OsenseKillAction: KillAction: Kill ProcessInfo{21569:com.oplus.phonemanager/u0a138 oom:CEM/37/975/cch-empty mem:0/69/83 extra:405s/true/false/0/25/false}: CachedClean 1ms
02-20 22:14:51.768  3348  4338 I OsenseKillAction: KillAction: Kill ProcessInfo{21678:com.google.android.packageinstaller/u0a257 oom:CEM/38/965/cch-empty mem:0/44/18 extra:405s/true/false/0/2/false}: CachedClean 0ms
02-20 22:14:51.768  3348  4338 I OsenseKillAction: KillAction: Kill ProcessInfo{21924:com.oplus.safecenter/1000 oom:CEM/40/965/cch-empty mem:0/44/18 extra:404s/true/false/0/11/false}: CachedClean 0ms
02-20 22:14:51.769  3348  4338 I OsenseKillAction: KillAction: Kill ProcessInfo{21943:com.oplus.notificationmanager/1000 oom:CEM/41/965/cch-empty mem:0/44/19 extra:400s/true/false/0/16/false}: CachedClean 0ms
02-20 22:14:51.769  4382  4445 D ShellTaskOrganizerExt: visibleFlexibleTaskInfos delete:13618
02-20 22:14:51.769  4382  4445 D ShellTaskOrganizerExt: isOnCanvas size:0
02-20 22:14:51.769  4382  4445 D ShellTaskOrganizerExt: isOnThreeFlexibleCanvas size:0
02-20 22:14:51.769  4382  4445 D WindowManagerShell: setLauncherKeepClearAreaHeight: visible=true, height=252
02-20 22:14:51.769  4382  4445 D ShellTaskOrganizerExt: visibleFlexibleTaskInfos delete:1
02-20 22:14:51.769  4382  4445 D ShellTaskOrganizerExt: isOnCanvas size:0
02-20 22:14:51.769  4382  4445 D ShellTaskOrganizerExt: isOnThreeFlexibleCanvas size:0
02-20 22:14:51.772  1988  1988 I BpBinder: onLastStrongRef automatically unlinking death recipients: 
02-20 22:14:51.773 12182 12182 D ViewRootImplExtImpl: wrapConfigInfoIntoFlags rotation=0, smallestScreenWidthDp=360, relayoutAsync=false, flags=0, newFlags=23592960, residentWS=false, title=com.android.launcher/com.android.launcher.Launcher
02-20 22:14:51.773  3348  4002 D WindowManagerServiceExtImpl: extractConfigInfoAndRealFlags rotation=0, screenDp=360, residentWS:0, win=Window{93fefc1 u0 com.android.launcher/com.android.launcher.Launcher}
02-20 22:14:51.774  3348  4002 V WindowManager: Relayout Window{93fefc1 u0 com.android.launcher/com.android.launcher.Launcher}: viewVisibility=0, oldvis=8, req=1080x2412, vsysui=LAYOUT_STABLE LAYOUT_HIDE_NAVIGATION LAYOUT_FULLSCREEN
02-20 22:14:51.774  3348  4002 I WindowManager: Window{93fefc1 u0 com.android.launcher/com.android.launcher.Launcher} state from NO_SURFACE to DRAW_PENDING; reason: resetDrawState
02-20 22:14:51.774  1988  2358 D OplusLayer: setProcInfo (263470,com.android.launcher/com.android.launcher.Launcher#263470,com.android.launcher,0xF131326C)
02-20 22:14:51.775  4225 17276 V DCSEX-AppSwitchManager: OnAppSwitchObserver: onAppExit, resuming = com.android.launcher, target = com.renderflow.app, is ResumingFirstStart =  false, is ResumingMultiApp =  false, extensionInfo =  Bundle[mParcelledData.dataSize=128]
