02-20 22:14:51.840  3348  3981 D OplusTransitionAnimationManager: skipFinishDrawingIfNeed clientRotation=0, currentRotation=0, hasFixedRotationApp=false, requestedOrientation=5, win=Window{80cf555 u0 com.android.launcher/com.android.launcher.Launcher}, activity=ActivityRecord{667ec48 u0 com.android.launcher/.Launcher t5}, currentConfig={1.0 ?mcc??mnc [en_US] ldltr sw360dp w360dp h804dp 480dpi nrml long hdr widecg port night finger -keyb/v/h -nav/h winConfig={ mBounds=Rect(0, 0 - 1080, 2412) mAppBounds=Rect(0, 0 - 1080, 2412) mMaxBounds=Rect(0, 0 - 1080, 2412) mDisplayRotation=ROTATION_0 mWindowingMode=fullscreen mActivityType=home mAlwaysOnTop=undefined mRotation=ROTATION_0} s.192 fontWeightAdjustment=0mThemeChanged= 0, mThemeChangedFlags= 0, mFlipFont= 0, mScenario= 0, mAccessibleChanged= -1, mUxIconConfig= 1174056180004684081, mMaterialColor= 0, mUserId= 0, mFontUserId= 0, mFontVariationSettings= 1226, mFoldingAngle = -1.0, mIconPackName= , mDarkModeBackgroundMaxL= 0.0, mDarkModeDialogBgMaxL= 27.0, mDarkModeForegroundMinL= 100.0, mOplusConfigType= 1, mOplusChangedConfigs= 0, OpSans= -1, mBurmeseFontFlag= 2, mFlag= 0, mFlexibleActivitySuitable= -1, mPuttDisplayFlag= -1}
02-20 22:14:51.841  3348  8028 I ActivityManager: Death received, pid = 21924, processName = com.oplus.safecenter for thread android.os.BinderProxy@6bcdc65
02-20 22:14:51.842  3348  8028 I ActivityManager: Death received, pid = 21683, processName = com.google.android.permissioncontroller for thread android.os.BinderProxy@4aecd3a
02-20 22:14:51.842 12182  7872 D RemoteAnimationRunnerCompat: Remote transition startAnimation, info = {id=18563 t=CLOSE f=0x10 trk=0 r=[0@Point(0, 0)] c=[{WCT{android.window.IWindowContainerToken$Stub$Proxy@c08cf5c} m=TO_FRONT f=SHOW_WALLPAPER|MOVE_TO_TOP leash=Surface(name=Task=1)/@0xc168265 sb=Rect(0, 0 - 1080, 2412) eb=Rect(0, 0 - 1080, 2412) d=0 taskParent=-1},{WCT{android.window.IWindowContainerToken$Stub$Proxy@6e7b3a} m=CLOSE f=NONE leash=Surface(name=Task=13618)/@0x17253eb sb=Rect(0, 0 - 1080, 2412) eb=Rect(0, 0 - 1080, 2412) d=0 taskParent=-1},{null m=TO_FRONT f=IS_WALLPAPER leash=Surface(name=WallpaperWindowToken{928bc9d token=android.os.Binder@46a2fd5 showWhenLocked=false})/@0x6018548 sb=Rect(0, 0 - 1080, 2412) eb=Rect(0, 0 - 1080, 2412) d=0}] extendInfo=[OplusTransitionExtendedInfo{mTmpFinishT=null, mInOplusCompatMode=false, mIsProcessRunning=false, mHasMismatchBoundsTarget=false, mRecentsController=null, mIsTranslucentActivityToHome=false, mAvoidInterceptKeyEventToHome=false, mIsFromHome=false, mParentLeash=null, mIsOplusAnimRes=false, mIsFromOverlay=false, mIsBalAllow=false, mTaskNotInRecent=false, mIsLaunchFromSpruce=false, mIsLaunchFromDrive=false, mAssistScreenShowing=false, mUserIdTransition=0, mInRemoteScene=false, mInPreReady=false, mPreStart=false, mToken=null, mShellApplyToken=null, mRequestTransitionTaskId=-1, mAbortTransitionOnShell=0, mTransitionId=18563, mAnimStartingPosition=[0, 0, 0, 0], mIsOpeningStkDialogActivity=false}]}
02-20 22:14:51.842 12182  7872 D RemoteAnimationRunnerCompat: Remote transition preStartOpen, supportPreStart: false, isPreStart: false, isOpenFromHome: false, is map contains: false
02-20 22:14:51.842 12182  7872 D RemoteAnimationRunnerCompat: Remote transition startAnimation, isPreStart: false, isPreStartAnimRunning: false, mIsMultiOpenPreStart: false, mNeedReparentLauncher: false, mRemoteTransitionId: 18563, finish cb == null: false
02-20 22:14:51.842 28031 29030 I Quality-ScreenOnOffLogProcessor: withInScreenOnOffRange mIsScreenOn:true refTime:1771607691748 mRecentScreenOnTime:1771607674183 mRecentScreenOffTime:1771607673422
02-20 22:14:51.843  4382  4445 V WindowManagerShell:  animated by com.android.wm.shell.transition.RemoteTransitionHandler@c401517
02-20 22:14:51.843  4382  4445 D OplusShellTransition: dispatchTransition, animated mHandler: com.android.wm.shell.transition.RemoteTransitionHandler@c401517
02-20 22:14:51.843 12550 13444 W Battery : ThermalControlUtils: not set the same wifi=0
02-20 22:14:51.843  4382  4445 D ShellTaskOrganizerExt: visibleFlexibleTaskInfos delete:1
02-20 22:14:51.843  4382  4445 D ShellTaskOrganizerExt: isOnCanvas size:0
02-20 22:14:51.843  4382  4445 D ShellTaskOrganizerExt: isOnThreeFlexibleCanvas size:0
02-20 22:14:51.843 12550 13444 W Battery : ThermalControllerCenter: Same as last cpu policy, gpu policy and thermalSerious
02-20 22:14:51.843  5581  6080 D OplusAtlas.OplusAtlasEventDispatch: setEvent:atlas_event_on_foreground_activities_changed info:pid:12182,uid:10213,hasForegroundActivities:1
02-20 22:14:51.843  3348  3629 I WindowManager: Window{80cf555 u0 com.android.launcher/com.android.launcher.Launcher} state from COMMIT_DRAW_PENDING to READY_TO_SHOW; reason: commitFinishDrawingLocked
02-20 22:14:51.843  3348  3629 D OplusAppQuickStart_AppQuickStartController: onFirstWindowDrawn ar=ActivityRecord{667ec48 u0 com.android.launcher/.Launcher t5}
02-20 22:14:51.843  3348  3629 D ActivityTaskManager: Clearing startingData for activity=ActivityRecord{667ec48 u0 com.android.launcher/.Launcher t5} mStartingData=null mStartingSurface=null
02-20 22:14:51.843  3348  3629 I WindowManager: Window{80cf555 u0 com.android.launcher/com.android.launcher.Launcher} state from READY_TO_SHOW to HAS_DRAWN; reason: performShowLocked
02-20 22:14:51.844  4382  4445 D ZoomController: onTaskMovedToFront, task id:5
02-20 22:14:51.844  4382  4445 I ZoomUiController: FloatHandle-isFloatHandleShow mPackageName = null
02-20 22:14:51.845  1591  1591 I Zygote  : Process 21683 exited due to signal 9 (Killed)
02-20 22:14:51.845  1591  1591 I Zygote  : Process 21678 exited due to signal 9 (Killed)
02-20 22:14:51.845  1591  1591 I Zygote  : Process 21924 exited due to signal 9 (Killed)
02-20 22:14:51.845  1591  1591 I Zygote  : Process 21943 exited due to signal 9 (Killed)
02-20 22:14:51.845  1591  1591 I Zygote  : Process 24697 exited due to signal 9 (Killed)
02-20 22:14:51.845 12182  7872 D AnimSeqTimeStamp: resetLastStartAppTime
02-20 22:14:51.845 12182  7872 D AnimSeqTimeStamp: resetLastRecentFinishTime
02-20 22:14:51.845 12182  7872 D RemoteAnimationTargetCompat: Clear the break param
02-20 22:14:51.845 12182  7872 I RemoteAnimationRunnerCompat: Got app task
02-20 22:14:51.846 12182  7872 I RemoteAnimationRunnerCompat: onAnimationStart, is calling
02-20 22:14:51.846 12182 12182 D RemoteAnimationUtil: initOplusField launchViewInfo:null
02-20 22:14:51.846 12182 12182 D RemoteAnimationUtil: initOplusField return, appCompat.mode:1
02-20 22:14:51.846 12182 12182 D RemoteAnimationUtil: initOplusField launchViewInfo:null
02-20 22:14:51.846  3348  3629 I WindowStateExtImpl: onSurfaceShowChange show = true mPackageName = com.android.launcher parentPkgName = com.android.launcher
02-20 22:14:51.847  3348  8035 I BLASTSyncEngine: onCommitted syncId: 18563, timeout: falseran: false
02-20 22:14:51.848  3348  8035 I InputDispatcher: updateFocusedWindow, 93fefc1 com.android.launcher/com.android.launcher.Launcher on display 0, reason: Window became focusable. Previous reason: NOT_VISIBLE, result:   FocusedWindows:
02-20 22:14:51.848  3348  8035 I InputDispatcher:     displayId=0, name='93fefc1 com.android.launcher/com.android.launcher.Launcher'
02-20 22:14:51.849  5581  9126 D OplusAtlas.OplusAudioScene: callback success event:atlas_event_on_foreground_activities_changed eventInfo:pid:12182,uid:10213,hasForegroundActivities:1
02-20 22:14:51.850  5581  9135 D OplusAtlas.OplusMessageHandler: handleMessage: Msg { when=-1ms what=0 obj=com.oplus.atlas.OplusAtlasEvent@eeab783 target=com.oplus.atlas.OplusMessageHandler$MyHandler }
02-20 22:14:51.850  5581  9922 D OplusAtlas.OplusMessageHandler: handleMessage: Msg { when=-1ms what=2 obj=com.oplus.atlas.OplusAtlasEvent@eeab783 target=com.oplus.atlas.OplusMessageHandler$MyHandler }
02-20 22:14:51.859 12182 12182 D TaskStateHelper: TaskStateChangeTimeOutListener[ON_TO_HOME_TRANSITION_FINISH]: init.
02-20 22:14:51.862   757 22965 D SceneSDK.1.0.4-SNAPSHOT.757.DeepThinkerAppSwitchAbility: onAppSwitchEvent: AppSwitchEvent(timeStamp=1771607691861, eventType=1, targetName=com.android.launcher, firstStart=false, multiApp=false, windowMode=1, resumingPackageName=, resumingActivityName=, isResumingMultiApp=false, isResumingFirstStart=false)
02-20 22:14:51.863 12182 12182 I [UAH_CLIENT]: UahEventAcquire, cmdid:86, pkg:none, identity:GpuBoost
02-20 22:14:51.863   757 22965 I metis_v2_AppSwitchDataCollector: AppEnterEvent =  com.android.launcher, windowMode = 1,firstStart = false
02-20 22:14:51.863  3348  5031 D OplusWallpaperAnimationManager: cancelSurfaceAnimation reason: play_animation, isAnimating: false, by window: Window{93fefc1 u0 com.android.launcher/com.android.launcher.Launcher}
02-20 22:14:51.863  3348  5031 D OplusWallpaperAnimationManager: startScaleAnimation frame: Rect(0, 0 - 1080, 2412) parentFrame: Rect(0, 0 - 1080, 2412) from: 1.2 to: 1.0 duration: 1000 mTargetZoom: -1.0 targetZoom: -1.0 by window: Window{93fefc1 u0 com.android.launcher/com.android.launcher.Launcher}
02-20 22:14:51.863   757 22965 I metis_v2_AppConfigUtil: saveLogCacheConfig queueSize = 50000, maxCount = 300, laseMaxCount = 300
02-20 22:14:51.864  3348  3630 D OplusWallpaperSurfaceAnimation: setAnimationState curState: INITIALIZED
02-20 22:14:51.864  3348  3630 D OplusWallpaperAnimationManager: onAnimationStart
02-20 22:14:51.865  3348  5031 W UserManagerService: Requested status bar icon for non-badged user 0
02-20 22:14:51.865  3348  3630 D OplusWallpaperAnimationManager: setSkipUpdateWallpaperPosition skip: true, wallpaper: Window{718507e u0 true com.android.wallpaper.livepicker.service.video.op.Op10Pro3VideoWallpaper}
02-20 22:14:51.865  3348  3630 D OplusWallpaperSurfaceAnimation: setAnimationState curState: STARTED
02-20 22:14:51.865 12182 12182 D VRI[Launcher]: onFocusEvent true
02-20 22:14:51.866  3348  4477 I ActivityManager: Process com.oplus.notificationmanager (pid 21943) has died: cch+65 CEM 
02-20 22:14:51.869   853   853 I hwservicemanager: getTransport: Cannot find entry vendor.qti.hardware.iop@2.0::IIop/default in either framework or device VINTF manifest.
02-20 22:14:51.873 12182 12182 D OplusGcSupressionExtImpl: callGcSupression : java.lang.NullPointerException: Attempt to invoke virtual method 'java.lang.Object java.lang.reflect.Method.invoke(java.lang.Object, java.lang.Object[])' on a null object reference
02-20 22:14:51.873  3348  4477 I ActivityManager: Process com.oplus.safecenter (pid 21924) has died: cch+65 CEM 
02-20 22:14:51.873  3348  3626 D DisplayManagerService: Drop pending events for gone uid 10113
02-20 22:14:51.869  4753  5294 I TcpSyn  : onIfNameChange: foregroundAppChange
02-20 22:14:51.875  4753  5294 I TcpSyn  : onIfNameChange: foregroundAppChange appUid=[10430]
02-20 22:14:51.875  4753  5294 I TcpSyn  : updateAllUids
02-20 22:14:51.875   853   853 I hwservicemanager: getTransport: Cannot find entry vendor.qti.hardware.iop@2.0::IIop/default in either framework or device VINTF manifest.
02-20 22:14:51.876  3348  3639 I UserAwareMgr: process killed: {pkgName='com.oplus.safecenter', processName='com.oplus.safecenter', pid=21924, uid=1000, flags='', renderTid=0, hwuiTids=null, glTids=null, threadInfos=null}
02-20 22:14:51.876  3348  3639 I UserAwareMgr: handleProcessKilled, pkgName: com.oplus.safecenter, pid: 21924
02-20 22:14:51.876  4382  9391 I PluginSeedling--Base: SeedlingPluginService-->onStateChange: Bundle[{pkgName=com.google.android.apps.wellbeing, pid=24697, uid=10113, state=onProcessDied}]
02-20 22:14:51.878 12182 12182 E KeyGuardDismissedService[u0]: handleMessage unlock, launcher dismissState!=STATE_LOCK, do nothing, return!
02-20 22:14:51.880  3348  3348 W OplusSelfProtectManager: pkg[com.oplus.crashbox] not in policy list
02-20 22:14:51.881  1988  1988 I DispPerfService: updateLayerMask 9
02-20 22:14:51.881  3348  4476 I ActivityManager: Process com.google.android.packageinstaller (pid 21678) has died: cch+65 CEM 
02-20 22:14:51.881 11995 11995 D BoundBrokerSvc: onUnbind: Intent { act=com.google.android.gms.pay.service.BIND dat=chimera-action:/... cmp=com.google.android.gms/.chimera.GmsApiService mCallingUid=10116 }
02-20 22:14:51.881   853   853 I hwservicemanager: getTransport: Cannot find entry vendor.qti.hardware.iop@2.0::IIop/default in either framework or device VINTF manifest.
02-20 22:14:51.882  3348  4040 D InputMethodManagerService: isSecurity: attribute.packageName = com.android.launcher mCurMethodId = com.google.android.inputmethod.latin/com.android.inputmethod.latin.LatinIME isSecurity = false ( enable = true needShow = false inBlackList = false isExist = true )
02-20 22:14:51.882  3348  4040 I ImeTracker: com.android.launcher:b86b46f8: onRequestHide at ORIGIN_SERVER reason HIDE_UNSPECIFIED_WINDOW fromUser false
02-20 22:14:51.882  3348  4040 I ImeTracker: com.android.launcher:b86b46f8: onCancelled at PHASE_SERVER_SHOULD_HIDE
02-20 22:14:51.883  4753  5291 I ProcessManager: onProcessDied pid:24697, uid:10113
02-20 22:14:51.883  4753  5291 I ProcessManager: onProcessDied pid:21943, uid:1000
02-20 22:14:51.883  4753  5291 D AppSceneEventManager: handleMessage: 101
02-20 22:14:51.883  4753  5291 I DispatcherPolicy: onBaseEvent EventId=22	INPUT_PROCESS_DIED	TimeStamp =1771607691883	Intent =null	Content =null	Pid =24697	PkgName =com.google.android.apps.wellbeing
02-20 22:14:51.883  4753  5291 D AppSceneEventManager: handleMessage: 101
02-20 22:14:51.883  4753  5291 I DispatcherPolicy: onBaseEvent EventId=22	INPUT_PROCESS_DIED	TimeStamp =1771607691883	Intent =null	Content =null	Pid =21943	PkgName =com.oplus.notificationmanager
02-20 22:14:51.883   757 22965 I metis_v2_AppConfigUtil: saveLogCacheConfig queueSize = 50000, maxCount = 300, laseMaxCount = 300
02-20 22:14:51.883  4753  5291 I GamingScene: onInputEvent : INPUT_PROCESS_DIED
02-20 22:14:51.883  4753  5291 I GamingScene: onInputEvent : INPUT_PROCESS_DIED
02-20 22:14:51.883   757 22965 I metis_v2_AppSwitchDataCollector:  set isNotifiedTVCast
02-20 22:14:51.883  1694  1694 I QTI PowerHAL: Power setMode: 6 to: 1
02-20 22:14:51.883  1694  1694 E QTI PowerHAL: Failed to acquire lock for hint_id: 10A5.
02-20 22:14:51.884  3800  3800 I GoogleInputMethodService: GoogleInputMethodService.onFinishInput():2113 
02-20 22:14:51.884  3348  4767 V AutofillInlineSuggestionsRequestSession: onInputMethodFinishInput() received
02-20 22:14:51.885  3800  3800 I Module  : DeviceLockedStatusModuleProvider$Module.updateDeviceLockedStatus():103 repeatCheckTimes = 0, locked = false
02-20 22:14:51.885  3800  3800 I GoogleInputMethodService: GoogleInputMethodService.onStartInput():1384 onStartInput(EditorInfo{EditorInfo{packageName=com.android.launcher, inputType=0, inputTypeString=NULL, enableLearning=false, autoCorrection=false, autoComplete=false, imeOptions=0, privateImeOptions=null, actionName=UNSPECIFIED, actionLabel=null, initialSelStart=-1, initialSelEnd=-1, initialCapsMode=0, label=null, fieldId=0, fieldName=null, extras=Bundle[{com.oplus.im.WINDOW_MODE=1, com.oplus.im.SCENES=0}], hintText=null, hintLocales=[]}}, false)
02-20 22:14:51.886  3800  3800 I Module  : DeviceLockedStatusModuleProvider$Module.updateDeviceLockedStatus():103 repeatCheckTimes = 1, locked = false
02-20 22:14:51.886  3348  3847 V AutofillInlineSuggestionsRequestSession: onInputMethodStartInput() received on 0
02-20 22:14:51.887  5581  6080 D OplusAtlas.OplusAtlasEventDispatch: setEvent:atlas_event_on_process_died info:pid:24697,uid:10113
02-20 22:14:51.888  4753  5291 I ProcessManager: onProcessDied pid:21924, uid:1000
02-20 22:14:51.888  4753  5291 I ProcessManager: onProcessDied pid:21678, uid:10257
02-20 22:14:51.888  1988  1988 I BpBinder: onLastStrongRef automatically unlinking death recipients: 
02-20 22:14:51.888  4753  5291 D AppSceneEventManager: handleMessage: 101
02-20 22:14:51.888  4753  5291 I DispatcherPolicy: onBaseEvent EventId=22	INPUT_PROCESS_DIED	TimeStamp =1771607691888	Intent =null	Content =null	Pid =21924	PkgName =com.oplus.safecenter
02-20 22:14:51.888  4753  5291 D AppSceneEventManager: handleMessage: 101
02-20 22:14:51.888  4753  5291 I DispatcherPolicy: onBaseEvent EventId=22	INPUT_PROCESS_DIED	TimeStamp =1771607691888	Intent =null	Content =null	Pid =21678	PkgName =com.google.android.packageinstaller
02-20 22:14:51.888  4753  5291 I GamingScene: onInputEvent : INPUT_PROCESS_DIED
02-20 22:14:51.888  4753  5291 I GamingScene: onInputEvent : INPUT_PROCESS_DIED
02-20 22:14:51.887  5581  6080 D OplusAtlas.OplusAtlasEventDispatch: setEvent:atlas_event_on_process_died info:pid:21678,uid:10257
02-20 22:14:51.888  5581  9135 D OplusAtlas.OplusMessageHandler: handleMessage: Msg { when=0 what=1 obj=com.oplus.atlas.OplusAtlasEvent@2c3d00 target=com.oplus.atlas.OplusMessageHandler$MyHandler }
02-20 22:14:51.888  5581  9135 D OplusAtlas.OplusMessageHandler: handleMessage: Msg { when=0 what=1 obj=com.oplus.atlas.OplusAtlasEvent@b6c2939 target=com.oplus.atlas.OplusMessageHandler$MyHandler }
02-20 22:14:51.888  5581  9899 D OplusAtlas.OplusMessageHandler: handleMessage: Msg { when=0 what=1 obj=com.oplus.atlas.OplusAtlasEvent@2c3d00 target=com.oplus.atlas.OplusMessageHandler$MyHandler }
02-20 22:14:51.889  5581  9899 D OplusAtlas.OplusMessageHandler: handleMessage: Msg { when=0 what=1 obj=com.oplus.atlas.OplusAtlasEvent@b6c2939 target=com.oplus.atlas.OplusMessageHandler$MyHandler }
02-20 22:14:51.890  4382  9391 I PluginSeedling--Base: SeedlingPluginService-->onStateChange: Bundle[{pkgName=android.uid.system:1000, pid=21943, uid=1000, state=onProcessDied}]
02-20 22:14:51.890  3348  4850 D WindowManager: setFrameRateStart invalid typeId return!
02-20 22:14:51.891  7712  7733 W CrashBox_FileUtils: failed to get Info: exists=false, canRead=false
02-20 22:14:51.891  4382  9391 I PluginSeedling--Base: SeedlingPluginService-->onStateChange: Bundle[{pkgName=android.uid.system:1000, pid=21924, uid=1000, state=onProcessDied}]
02-20 22:14:51.893  3348  3999 W PackageConfigPersister: App-specific configuration not found for packageName: com.android.launcher and userId: 0
02-20 22:14:51.894  4382  9391 I PluginSeedling--Base: SeedlingPluginService-->onStateChange: Bundle[{pkgName=com.google.android.packageinstaller, pid=21678, uid=10257, state=onProcessDied}]
02-20 22:14:51.894  3348  3626 D DisplayManagerService: Drop pending events for gone uid 10257
02-20 22:14:51.896  3348  3348 W OplusSelfProtectManager: pkg[com.oplus.crashbox] not in policy list
02-20 22:14:51.899  3348 10248 D OplusAnrCrashMonitor: handleServiceCall: bundle data
02-20 22:14:51.899  3348  4477 I ActivityManager: Process com.google.android.permissioncontroller (pid 21683) has died: cch+55 CEM 
02-20 22:14:51.900  4753  5294 D CommonApp-307-10430: transport layer data is invalid
02-20 22:14:51.900   853   853 I hwservicemanager: getTransport: Cannot find entry vendor.qti.hardware.iop@2.0::IIop/default in either framework or device VINTF manifest.
02-20 22:14:51.902  3348  5155 W OplusSelfProtectManager: pkg[com.oplus.crashbox] not in policy list
02-20 22:14:51.903   757 22965 E metis_v2_FactManager: There is no subModel: com.oplus.linker
02-20 22:14:51.903   757 22965 I metis_v2_AppSwitchDataCollector: Skip call fire
02-20 22:14:51.904  1591  1591 I Zygote  : Process 3416 exited due to signal 9 (Killed)
02-20 22:14:51.905  1988  2280 I ClientCache: removeProcess: Cache owner=0xb400007b0faf5b00
02-20 22:14:51.905  3348  4068 D ConnectivityService: releasing NetworkRequest [ REQUEST id=73510, [ Capabilities: INTERNET&NOT_RESTRICTED&TRUSTED&NOT_VCN_MANAGED&NOT_BANDWIDTH_CONSTRAINED Uid: 10430 RequestorUid: 10430 RequestorPkg: com.renderflow.app UnderlyingNetworks: Null] ] (release request)
02-20 22:14:51.905  3348  4676 I WindowManager: WIN DEATH: Window{daddb72 u0 com.renderflow.app/com.renderflow.app.MainActivity}
02-20 22:14:51.905  3348  4676 D SnapshotCache: removeRunningEntry id: 13618, callers=com.android.server.wm.SnapshotCache.onAppDied:90 com.android.server.wm.AbsAppSnapshotController.onAppDied:684 com.android.server.wm.SnapshotController.onAppDied:74 
02-20 22:14:51.906  3348  4676 I InputDispatcher: channel 'daddb72 com.renderflow.app/com.renderflow.app.MainActivity (server)'~ abortBrokenDispatchCycleLocked - notify=false
02-20 22:14:51.906  3348  4676 W InputManager-JNI: Input channel object 'daddb72 com.renderflow.app/com.renderflow.app.MainActivity (client)' was disposed without first being removed with the input manager!
02-20 22:14:51.906  3348  8048 I ActivityManager: Death received, pid = 3416, processName = com.renderflow.app for thread android.os.BinderProxy@1807647
02-20 22:14:51.906  1591  1591 I Zygote  : Process 21569 exited due to signal 9 (Killed)
02-20 22:14:51.906  3348  4676 D QuickBackInputPolicy: hasMultiChildrenInTask: false
02-20 22:14:51.906  3348  4676 D WindowManager: NFW_findFocusedWindowIfNeeded:Window{93fefc1 u0 com.android.launcher/com.android.launcher.Launcher} mCurrentFocus:Window{93fefc1 u0 com.android.launcher/com.android.launcher.Launcher}
02-20 22:14:51.906  4382  9391 I PluginSeedling--Base: SeedlingPluginService-->onStateChange: Bundle[{pkgName=com.google.android.permissioncontroller, pid=21683, uid=10294, state=onProcessDied}]
02-20 22:14:51.906  3800  3800 E InputEventReceiver: channel 'ClientState{c1ca421 mUid=10430 mPid=3416 mSelfReportedDisplayId=0} (client)' ~ Publisher closed input channel or an error occurred. events=0x9
02-20 22:14:51.907  5581 16591 D OplusAtlas.OplusAtlasEventDispatch: setEvent:atlas_event_on_process_died info:pid:21683,uid:10294
02-20 22:14:51.907  3348  4476 I ActivityManager: Process com.renderflow.app (pid 3416) has died: fg  TOP 
02-20 22:14:51.908  1988  2358 I SurfaceFlinger: [SF client] REMOVE (0xb400007b32106e80) for (3416:com.renderflow.app)
02-20 22:14:51.908  5581  9135 D OplusAtlas.OplusMessageHandler: handleMessage: Msg { when=0 what=1 obj=com.oplus.atlas.OplusAtlasEvent@cb31b7e target=com.oplus.atlas.OplusMessageHandler$MyHandler }
02-20 22:14:51.908  7712  7733 W CrashBox_TestModeManager: PackageName not found:com.oplus.autotest.qetest
02-20 22:14:51.909  4382  4382 D callGcSupression: java.lang.NullPointerException: Attempt to invoke virtual method 'java.lang.Object java.lang.reflect.Method.invoke(java.lang.Object, java.lang.Object[])' on a null object reference
02-20 22:14:51.909  4382  4382 W VRI[StatusBar]: handleResized abandoned!
02-20 22:14:51.909  4382  4382 W VRI[NavigationBar_displayId_0]: handleResized abandoned!
02-20 22:14:51.909  5581  9899 D OplusAtlas.OplusMessageHandler: handleMessage: Msg { when=0 what=1 obj=com.oplus.atlas.OplusAtlasEvent@cb31b7e target=com.oplus.atlas.OplusMessageHandler$MyHandler }
02-20 22:14:51.909  4382  4593 W VRI[ScreenDecorOverlay]: handleResized abandoned!
02-20 22:14:51.909  4382  4593 W VRI[ScreenDecorOverlayBottom]: handleResized abandoned!
02-20 22:14:51.910  3348  4704 I ActivityManager: Death received, pid = 21569, processName = com.oplus.phonemanager for thread android.os.BinderProxy@d44e419
02-20 22:14:51.910  3348  3646 I libprocessgroup: Removed cgroup /sys/fs/cgroup/uid_10138/pid_21569
02-20 22:14:51.911 12182 12182 D callGcSupression: java.lang.NullPointerException: Attempt to invoke virtual method 'java.lang.Object java.lang.reflect.Method.invoke(java.lang.Object, java.lang.Object[])' on a null object reference
02-20 22:14:51.911 12182 12182 W VRI[Launcher]: handleResized abandoned!
02-20 22:14:51.911 11442 11442 D callGcSupression: java.lang.NullPointerException: Attempt to invoke virtual method 'java.lang.Object java.lang.reflect.Method.invoke(java.lang.Object, java.lang.Object[])' on a null object reference
02-20 22:14:51.911 11442 11442 W VRI[Launcher]: handleResized abandoned!
02-20 22:14:51.911 12330 12330 D callGcSupression: java.lang.NullPointerException: Attempt to invoke virtual method 'java.lang.Object java.lang.reflect.Method.invoke(java.lang.Object, java.lang.Object[])' on a null object reference
02-20 22:14:51.911  3348  3646 I libprocessgroup: Removed cgroup /sys/fs/cgroup/uid_10257/pid_21678
02-20 22:14:51.911 12330 12330 D WallpaperServiceExtImpl: Block update resized of Surface(name=com.android.wallpaper.livepicker.service.video.op.Op10Pro3VideoWallpaper)/@0x9cb6b84
02-20 22:14:51.912  3348  3646 I libprocessgroup: Removed cgroup /sys/fs/cgroup/uid_1000/pid_21924
02-20 22:14:51.912  4753  5291 I ProcessManager: onProcessDied pid:21683, uid:10294
02-20 22:14:51.912  3348  3646 I libprocessgroup: Removed cgroup /sys/fs/cgroup/uid_1000/pid_21943
02-20 22:14:51.912  4753  5291 D AppSceneEventManager: handleMessage: 101
02-20 22:14:51.912  4753  5291 I DispatcherPolicy: onBaseEvent EventId=22	INPUT_PROCESS_DIED	TimeStamp =1771607691912	Intent =null	Content =null	Pid =21683	PkgName =com.google.android.permissioncontroller
02-20 22:14:51.912  3348  3646 I libprocessgroup: Removed cgroup /sys/fs/cgroup/uid_10294/pid_21683
02-20 22:14:51.912  4753  5291 I GamingScene: onInputEvent : INPUT_PROCESS_DIED
02-20 22:14:51.912  3348  3646 I libprocessgroup: Removed cgroup /sys/fs/cgroup/uid_10113/pid_24697
02-20 22:14:51.912  3348  3646 I libprocessgroup: Removed cgroup /sys/fs/cgroup/uid_10430/pid_3416
02-20 22:14:51.912  3348  3626 D DisplayManagerService: Drop pending events for gone uid 10294
02-20 22:14:51.914 12192 12192 D callGcSupression: java.lang.NullPointerException: Attempt to invoke virtual method 'java.lang.Object java.lang.reflect.Method.invoke(java.lang.Object, java.lang.Object[])' on a null object reference
02-20 22:14:51.914 12192 12192 W VRI[OplusOSEdgeFloatBar]: handleResized abandoned!
02-20 22:14:51.915  4753  5291 I ProcessManager: onProcessDied pid:3416, uid:10430
02-20 22:14:51.915  4753  5291 D AppSceneEventManager: handleMessage: 101
02-20 22:14:51.915  4753  5291 I DispatcherPolicy: onBaseEvent EventId=22	INPUT_PROCESS_DIED	TimeStamp =1771607691915	Intent =null	Content =null	Pid =3416	PkgName =com.renderflow.app
02-20 22:14:51.915  4753  5291 I GamingScene: onInputEvent : INPUT_PROCESS_DIED
02-20 22:14:51.915  5581 16591 D OplusAtlas.OplusAtlasEventDispatch: setEvent:atlas_event_on_process_died info:pid:3416,uid:10430
02-20 22:14:51.916  5581  9899 D OplusAtlas.OplusMessageHandler: handleMessage: Msg { when=0 what=1 obj=com.oplus.atlas.OplusAtlasEvent@c1748df target=com.oplus.atlas.OplusMessageHandler$MyHandler }
02-20 22:14:51.916  5581  9135 D OplusAtlas.OplusMessageHandler: handleMessage: Msg { when=0 what=1 obj=com.oplus.atlas.OplusAtlasEvent@c1748df target=com.oplus.atlas.OplusMessageHandler$MyHandler }
02-20 22:14:51.916  4382  9391 I PluginSeedling--Base: SeedlingPluginService-->onStateChange: Bundle[{pkgName=com.renderflow.app, pid=3416, uid=10430, state=onProcessDied}]
02-20 22:14:51.917  3348  3639 I UserAwareMgr: process killed: {pkgName='com.renderflow.app', processName='com.renderflow.app', pid=3416, uid=10430, flags='fg1', renderTid=3449, hwuiTids=[3472, 3473], glTids=null, threadInfos=null}
02-20 22:14:51.917  3348  3639 I UserAwareMgr: handleProcessKilled, pkgName: com.renderflow.app, pid: 3416
02-20 22:14:51.919  3348  3626 D DisplayManagerService: Drop pending events for gone uid 10430
02-20 22:14:51.919  4753  9273 E PackageUidManager: pkgs is empty for uid 10430
02-20 22:14:51.920  3348  4986 I OplusHansManager : onUidGone(), 10430 com.renderflow.app exit SM
02-20 22:14:51.920  3348  4986 I OplusHansManager : onUidGone(),  keep: 10430 com.renderflow.app alarm
02-20 22:14:51.922  3348  4735 I OplusHansManager : uid=10430, pkg=com.renderflow.app R exit SM
02-20 22:14:51.922  3348  4735 I OplusHansManager : uid=10430, pkg=com.renderflow.app R exit(), R stay=0
02-20 22:14:51.922  1976  6908 D AudioFlingerExtImpl: AudioFlingerExtImpl oplusSetParameters: keyvalue onForegroundActivitiesChanged=com.renderflow.app:foreground:0
02-20 22:14:51.922  1976  6908 D AudioFlingerExtImpl: updateForegroundInfo mForegroundMap(2)|[com.instagram.android]=1|[ru.zdevs.zarchiver]=1
02-20 22:14:51.923  1590 12176 E TetherController: property_get sys.radio.data.modem_share_flag return 0, 1!
02-20 22:14:51.923  3348  4068 D InetDiagMessage: Destroyed 0 sockets, proto=IPPROTO_TCP, family=AF_INET, states=14
02-20 22:14:51.924  3348  4068 D InetDiagMessage: Destroyed 0 sockets, proto=IPPROTO_TCP, family=AF_INET6, states=14
02-20 22:14:51.924  3348  4068 D InetDiagMessage: Destroyed live tcp sockets for uids={10430} in 1ms
02-20 22:14:51.924  3348  4476 D ActivityTaskManager: removeAppToken: ActivityRecord{494be8b u0 com.renderflow.app/.MainActivity t13618 f}} delayed=true parent=Task{973db81 #13618 type=standard A=10430:com.renderflow.app} animating=true Callers=com.android.server.wm.DisplayContent.removeAppToken:1734 com.android.server.wm.ActivityRecord.removeFromHistory:5057 com.android.server.wm.ActivityRecord.handleAppDied:5400 com.android.server.wm.WindowProcessController.handleAppDied:1623 
02-20 22:14:51.924  3348  4476 D FlexibleWindowManagerService: [resetSiblingEmbeddedTasksToFullScreen] return as is home or recent
02-20 22:14:51.925  3348  4068 D InetDiagMessage: Destroyed 0 sockets, proto=IPPROTO_TCP, family=AF_INET, states=14
02-20 22:14:51.926  3348  4068 D InetDiagMessage: Destroyed 0 sockets, proto=IPPROTO_TCP, family=AF_INET6, states=14
02-20 22:14:51.926  3348  4068 D InetDiagMessage: Destroyed live tcp sockets for uids={20430} in 2ms
02-20 22:14:51.927  3348  3639 W UserAwareMgr: event can not be released, id: 1014, count: 2, releasePid: 3348
02-20 22:14:51.928  3348  4477 I ActivityManager: Process com.oplus.phonemanager (pid 21569) has died: cch+75 CEM 
02-20 22:14:51.928   853   853 I hwservicemanager: getTransport: Cannot find entry vendor.qti.hardware.iop@2.0::IIop/default in either framework or device VINTF manifest.
02-20 22:14:51.934  5581 16591 D OplusAtlas.OplusAtlasEventDispatch: setEvent:atlas_event_on_process_died info:pid:21569,uid:10138
02-20 22:14:51.935  4753  5291 I ProcessManager: onProcessDied pid:21569, uid:10138
02-20 22:14:51.935  4753  5291 D AppSceneEventManager: handleMessage: 101
02-20 22:14:51.935  4753  5291 I DispatcherPolicy: onBaseEvent EventId=22	INPUT_PROCESS_DIED	TimeStamp =1771607691935	Intent =null	Content =null	Pid =21569	PkgName =com.oplus.phonemanager
02-20 22:14:51.935  4753  5291 I GamingScene: onInputEvent : INPUT_PROCESS_DIED
02-20 22:14:51.936  3348  3626 D DisplayManagerService: Drop pending events for gone uid 10138
02-20 22:14:51.936  4382 23870 I PluginSeedling--Base: SeedlingPluginService-->onStateChange: Bundle[{pkgName=com.oplus.phonemanager, pid=21569, uid=10138, state=onProcessDied}]
02-20 22:14:51.936 23391 23391 I AIUnit-AIUnitService: onUnbind. Intent { act=oplus.intent.action.AIUNIT_SERVICE typ=com.oplus.phonemanager id=20260220220843985 cmp=com.oplus.aiunit/.core.AIUnitService (has extras) mCallingUid=10138 }
02-20 22:14:51.938  5581  9135 D OplusAtlas.OplusMessageHandler: handleMessage: Msg { when=0 what=1 obj=com.oplus.atlas.OplusAtlasEvent@998292c target=com.oplus.atlas.OplusMessageHandler$MyHandler }
02-20 22:14:51.938  5581  9899 D OplusAtlas.OplusMessageHandler: handleMessage: Msg { when=-2ms what=1 obj=com.oplus.atlas.OplusAtlasEvent@998292c target=com.oplus.atlas.OplusMessageHandler$MyHandler }
02-20 22:14:51.940 24295 24295 D BoundBrokerSvc: onUnbind: Intent { act=com.google.android.gms.pay.service.BIND dat=chimera-action:/... cmp=com.google.android.gms/.chimera.GmsApiService mCallingUid=99910116 }
02-20 22:14:51.940 25368 25368 D ClockTag_AlarmClockApplication: onTrimMemory: 40
02-20 22:14:51.940 25368 25368 D ClockTag_AlarmClockApplication: onTrimMemory: 40
02-20 22:14:51.944 25368 25368 D ClockTag_ClockWidget.WidgetLauncherStateReceiver: onReceive action=com.android.launcher.action.LAUNCHER_VISIBLE
02-20 22:14:51.946 25368 25414 D ClockTag_WidgetUtils: hasAlreadyAddedWorldClockWidget false
02-20 22:14:51.947 25368 25414 D ClockTag_Utils: isKeyguardLock: false
02-20 22:14:51.947 25368 25414 D ClockTag_ClockWidget.WidgetLauncherStateReceiver: Starting handleAlarmFix
02-20 22:14:51.947 25368 25414 D ClockTag_ClockWidget.WidgetLauncherStateReceiver: Finished handleAlarmFix
02-20 22:14:51.947 25368 25414 D ClockTag_ClockWidget.WidgetLauncherStateReceiver: onReceive : haveNoWidget = true
02-20 22:14:51.948 25368 25368 D ClockTag_AlarmClockApplication: onTrimMemory: 40
02-20 22:14:51.950 11792 11825 E ANDR-PERF-LM: VmRssMeter:: start() 358: Could not find pid, can not collect vmrss data
02-20 22:14:51.951 11792 11827 E ANDR-PERF-LM: VmRssMeter:: start() 358: Could not find pid, can not collect vmrss data
02-20 22:14:51.951 11792 11827 E ANDR-PERF-LM: AdaptiveLaunch: writeToDataBase() 64: Meter aborted or could not get meter data for this run
02-20 22:14:51.953  3348  3628 W ActivityManager: setHasOverlayUi called on unknown pid: 3416
02-20 22:14:51.975 23391 23438 I AIUnit-UnitManager: destroy com.oplus.phonemanager:10138:21569
02-20 22:14:51.991 23391 23391 I AIRuntimeManager: onClientUnbind com.oplus.phonemanager:10138:21569
02-20 22:14:51.992 23391 23391 I AIUnit-AIUnitService: onDestroy
02-20 22:14:51.997 23391 23441 I AIUnit-UnitManager: destroyAll
02-20 22:14:52.000 23391 23391 I AIUnit-com.oplus.aiunit.daemon.publisher.i1771607324604: onReceive TemperatureEvent[thermalLevel:8, currentTemperature:40, currentThermalStatus:1]
02-20 22:14:52.001 23391 23438 I AIRuntimeManager: onEvents: screen on
02-20 22:14:52.009 23391 23421 I AIUnit-com.oplus.aiunit.daemon.publisher.b1771607324548: onReceive android.intent.action.BATTERY_CHANGED -> BatteryEvent[batteryPct:84.0, isCharging:true, isLowBattery:false, isPowerSave:false, plugged:2]
02-20 22:14:52.011 23391 23391 I AIUnit-com.oplus.aiunit.daemon.publisher.i1771607324604: onReceive TemperatureEvent[thermalLevel:7, currentTemperature:39, currentThermalStatus:1]
02-20 22:14:52.012 23391 23391 I AIUnit-com.oplus.aiunit.daemon.publisher.i1771607324604: onReceive TemperatureEvent[thermalLevel:6, currentTemperature:38, currentThermalStatus:1]
02-20 22:14:52.013 23391 23391 W AIUnit-com.oplus.aiunit.daemon.publisher.e1771607324541: onTrimMemory 40
02-20 22:14:52.014 23391 23391 I AIUnit-Utils: getMemInfo: memoryInfo=android.app.ActivityManager$MemoryInfo@92ae9da
02-20 22:14:52.021 23391 23421 I AIUnit-SystemFeatureCompat: isSaleMode false
02-20 22:14:52.022 23391 23391 I AIUnit-Utils: getMemInfoByProc: info=MemInfo(totalMem:7577616384, availMem:2140053504)
02-20 22:14:52.022 23391 23421 I AIUnit-Update.UnitConfigUpdater: updateUnitConfig skipConfigUpdate:true, overwrite:false, updateInterval:false
02-20 22:14:52.036 23391 23421 I AIUnit-Router: allEnableRelateFilesByScene, all_scene, involved id: 188747781, 188748544, 188747784, 185622532, 187703304, 218103809, 234881025, 218103811, 234881027, 219176964, 235929634, 218103813, 234881029, 219176967, 235929626, 235929627, 219176965, 235929636, 188747782, 219172880, 235929645, 185622534, 188747783, 185618456, 219176961, 235929637, 235929638, 188747780, 219176980, 235929720, 219173024, 235929712, 185618452, 185618451, 219172885, 235929667, 187703300, 219176970, 235929647, 188747778, 219176962, 235929628, 235929629, 235929630, 235929631, 235929632, 235929701, 235929702, 185622539, 219172892, 235929662, 187703299, 219172882, 235929648, 185622533, 219176963, 187699202
02-20 22:14:52.037 23391 23421 I AIUnit-Router: allNeedDownloadFilesByScene, scene name: all_scene, files to download: 
02-20 22:14:52.037 23391 23421 I AIUnit-Update.UnitConfigUpdater: filterOutLegacyId, legacyIdSet: []
02-20 22:14:52.037 23391 23421 W AIUnit-HeavyFileUpdater: genHeavyFilter: input scenes empty
02-20 22:14:52.037 23391 23421 I AIUnit-Update.UnitConfigUpdater: autoDownloadHeavyFileIfNeeded: filter null,no need download
02-20 22:14:52.037 23391 23421 W AIUnit-Update.UnitConfigUpdater: updateUnitConfig no need download
02-20 22:14:52.047 23391 23477 I MonitorHandlerThread: getAllProcessMemory, processName = com.oplus.aiunit, this process use memory: 18497 KB
02-20 22:14:52.047 23391 23477 I MonitorHandlerThread: handleMemoryTask, now usedMemPercentage is 0.0050400325230189735, used memory = 18497 KB, total memory = 3670016.0 KB
02-20 22:14:52.048 23391 23450 I AIUnit-UnitManager: onEvents: memoryEvent=MemoryEvent(aMem:[totalMem:7.06GB, availMem:2.57GB], sMem:[totalMem:7.06GB, availMem:1.99GB]. cur:ProcessMemory(name=com.oplus.aiunit, pid=23391, pss=18497))
02-20 22:14:52.149  3348  4986 I OplusHansManager : FastFreeze exit, unfreeze uids: [10338]
02-20 22:14:52.150  3348  4986 I OplusHansManager : exit FastFreezer, unfreeze uids: [10338] thaw: [], reason: exitFF
02-20 22:14:52.150  3348  4986 I OplusHansManager : notify state machine event=FF_EXIT to uids=[10338]
02-20 22:14:52.180  1901  1901 D vendor.oplus.hardware.charger-V6-service: get_ui_charge_icon_type 0 0 0 0 0
02-20 22:14:52.182  1901  2018 D BatteryChargeControl: bcc get no support from charging protocol
02-20 22:14:52.188  1901  1901 D vendor.oplus.hardware.charger-V6-service: oplus_chg_get_cpa_power 2500 charge_online 1 retention_topic 0
02-20 22:14:52.191  4382  4382 I SystemUi--Statusbar: BatteryControllerExt-->updateBatteryChangeIntent():broadcast=android.intent.action.BATTERY_CHANGED,level=84,scale=100
02-20 22:14:52.191  4382  4382 I SystemUi--Statusbar: BatteryRepository-->level: 84 -- isSavingMode: false
02-20 22:14:52.199  3348  3670 D OplusDisplayBrightnessBroadcastReceiver: onReceive action = android.intent.action.BATTERY_CHANGED , listeners = [com.android.server.display.OplusFeatureHDREnhanceBrightness$PhoneInfoReceiver@2da9b37, com.android.server.display.OplusFeatureEdrEnhanceBrightness$PhoneInfoReceiver@5e908a4]
02-20 22:14:52.200  4910  4910 D SubsysBroadcastManager: onReceive action:android.intent.action.BATTERY_CHANGED
02-20 22:14:52.205  4750  4750 D DeviceStatisticsService: onReceive: action= android.intent.action.BATTERY_CHANGED
02-20 22:14:52.206  7979  7979 E VendorNfcService: changeNfcStateByWirelessCharge: feature WIRELESS_CHARGING = true; mIsWirelessCharging: false; mIsReverseChargingSwitchOpen: false; mNfcWorkMode: 0; isOverSeaRegion() = true
02-20 22:14:52.208  4750  4750 D DeviceInfoHidlClient: isRadioOn()=true
02-20 22:14:52.208  4750  4750 I DeviceInfoHidlClient: isPowerInfoNeverSent=false batteryLevel=84 batteryLevelIndex=6 chargingMode=2 totalCapacity=3335700 powerSaveMode=false
02-20 22:14:52.213 12550 13503 I DeepThinkerSDK: [APP] ClientConnection: getDeepThinkerBridge start
02-20 22:14:52.213 12550 13503 I DeepThinkerSDK: [APP] ClientConnection: getDeepThinkerBridge end
02-20 22:14:52.213 12550 13503 I DeepThinkerSDK: [APP] UserDomainManager: businessId : 401 threshold : 0.6 learnPeriod:30
02-20 22:14:52.214 12550 13503 I DeepThinkerSDK: [APP] UserDomainManager: PerformanceOfLongCharging{probabilityOfLocation=0.0, probabilityOfApps=0.0, probabilityOfTime=0.0, probabilityOfTotal=0.0, duration=0}
02-20 22:14:52.218 12550 13525 E Battery : ChargeProtectionUtils: mCanlendarTmp.isEmpty()!
02-20 22:14:52.422  3348  3561 I system_server: Background young concurrent mark compact GC freed 25MB AllocSpace bytes, 9(180KB) LOS objects, 15% free, 118MB/141MB, paused 6.273ms,6.476ms total 131.084ms
02-20 22:14:52.423  3348  3563 W System  : A resource failed to call release. 
02-20 22:14:52.547 12182 12182 D OplusGcSupressionExtImpl: callGcDesupression : java.lang.NullPointerException: Attempt to invoke virtual method 'java.lang.Object java.lang.reflect.Method.invoke(java.lang.Object, java.lang.Object[])' on a null object reference
02-20 22:14:52.547 12182 12265 I RemoteAnimationRunnerCompat: animationFinishedCallback run, transition id:18563
02-20 22:14:52.548 12182 12182 E IJankManager: latencySceneEnd unknown scene 2 mScene:-1
02-20 22:14:52.549 12182 12182 I [UAH_CLIENT]: UahRelease, handle:613835
02-20 22:14:52.549  4382 21817 D OplusShellTransition: RemoteTransitionHandlerandroid.os.BinderProxy@d93ffbf, onTransitionFinished thread=1620, true
02-20 22:14:52.549  4382  4445 D OplusShellTransition: RemoteTransitionHandlerandroid.os.BinderProxy@d93ffbf, onTransitionFinished, finishTransaction.mNativeObject=-5476376634171879168, thread=27
02-20 22:14:52.549  4382  4445 V WindowManagerShell: Transition animation finished (aborted=false), notifying core (#18563) android.os.BinderProxy@d93ffbf@0
02-20 22:14:52.549  4382  4445 W OplusShellTransition: RecentsTransitionHandler.getRecentController: no controller found , token=android.os.BinderProxy@d93ffbf
02-20 22:14:52.549  4382  4445 D SplitScreen-->AppLockManager: setStartFromSafeControl mStartFromSafeControl=false
02-20 22:14:52.552  3348  5155 D Transition: finishTransition ar ActivityRecord{494be8b u0 com.renderflow.app/.MainActivity t13618 f} isExiting}, isVisibleRequested=false, state=DESTROYED, visibleAtTransitionEndTokens={ActivityRecord{667ec48 u0 com.android.launcher/.Launcher t5}, WallpaperWindowToken{928bc9d token=android.os.Binder@46a2fd5 showWhenLocked=true}}, this=TransitionRecord{b170dc4 id=18563 track=0 type=CLOSE flags=0x10 state=2}
02-20 22:14:52.552  3348  5155 D ActivityTaskManager: commitVisibility: ActivityRecord{494be8b u0 com.renderflow.app/.MainActivity t13618 f} isExiting}: visible=false visibleRequested=false, isInTransition=false, runningAnimation=false 
02-20 22:14:52.552  3348  5155 D WindowManager: NFW_setClientVisible:ActivityRecord{494be8b u0 com.renderflow.app/.MainActivity t13618 f} isExiting} clientVisible:false
02-20 22:14:52.553  3348  5155 W ActivityManager: pid 3348 system sent binder code 7 with flags 1 to frozen apps and got error -32
02-20 22:14:52.555  3348  5155 W WindowManager: Exception thrown during dispatchAppVisibility Window{daddb72 u0 com.renderflow.app/com.renderflow.app.MainActivity EXITING}
02-20 22:14:52.555  3348  5155 W WindowManager: android.os.DeadObjectException
02-20 22:14:52.555  3348  5155 W WindowManager: 	at android.os.BinderProxy.transactNative(Native Method)
02-20 22:14:52.555  3348  5155 W WindowManager: 	at android.os.BinderProxy.transact(BinderProxy.java:679)
02-20 22:14:52.555  3348  5155 W WindowManager: 	at android.view.IWindow$Stub$Proxy.dispatchAppVisibility(IWindow.java:607)
02-20 22:14:52.555  3348  5155 W WindowManager: 	at com.android.server.wm.WindowState.sendAppVisibilityToClients(WindowState.java:3756)
02-20 22:14:52.555  3348  5155 W WindowManager: 	at com.android.server.wm.WindowContainer.sendAppVisibilityToClients(WindowContainer.java:1429)
02-20 22:14:52.555  3348  5155 W WindowManager: 	at com.android.server.wm.WindowToken.setClientVisible(WindowToken.java:451)
02-20 22:14:52.555  3348  5155 W WindowManager: 	at com.android.server.wm.ActivityRecord.setClientVisible(ActivityRecord.java:8874)
02-20 22:14:52.555  3348  5155 W WindowManager: 	at com.android.server.wm.ActivityRecord.postApplyAnimation(ActivityRecord.java:7202)
02-20 22:14:52.555  3348  5155 W WindowManager: 	at com.android.server.wm.ActivityRecord.commitVisibility(ActivityRecord.java:7144)
02-20 22:14:52.555  3348  5155 W WindowManager: 	at com.android.server.wm.Transition.finishTransition(Transition.java:1545)
02-20 22:14:52.555  3348  5155 W WindowManager: 	at com.android.server.wm.TransitionController.finishTransition(TransitionController.java:1050)
02-20 22:14:52.555  3348  5155 W WindowManager: 	at com.android.server.wm.WindowOrganizerController.finishTransition(WindowOrganizerController.java:599)
02-20 22:14:52.555  3348  5155 W WindowManager: 	at android.window.IWindowOrganizerController$Stub.onTransact(IWindowOrganizerController.java:386)
02-20 22:14:52.555  3348  5155 W WindowManager: 	at com.android.server.wm.WindowOrganizerController.onTransact(WindowOrganizerController.java:223)
02-20 22:14:52.555  3348  5155 W WindowManager: 	at android.os.Binder.execTransactInternal(Binder.java:1523)
02-20 22:14:52.555  3348  5155 W WindowManager: 	at android.os.Binder.execTransact(Binder.java:1457)
02-20 22:14:52.555  3348  5155 W Process : Unable to open /proc/3416/status
02-20 22:14:52.555  3348  5155 D Transition: finishTransition ar ActivityRecord{667ec48 u0 com.android.launcher/.Launcher t5}, isVisibleRequested=true, state=RESUMED, visibleAtTransitionEndTokens={ActivityRecord{667ec48 u0 com.android.launcher/.Launcher t5}, WallpaperWindowToken{928bc9d token=android.os.Binder@46a2fd5 showWhenLocked=true}}, this=TransitionRecord{b170dc4 id=18563 track=0 type=CLOSE flags=0x10 state=2}
02-20 22:14:52.555  3348  5155 I OplusAppSwitchManagerService:  handleAppVisible , r = ActivityRecord{667ec48 u0 com.android.launcher/.Launcher t5}
02-20 22:14:52.555  3348  3636 D WallpaperControllerExtImpl: screenshot + id = 2 userId = 0
02-20 22:14:52.555  3348  5155 D QuickBackInputPolicy: hasMultiChildrenInTask: false
02-20 22:14:52.555  3348  5155 D WindowManager: NFW_findFocusedWindowIfNeeded:Window{93fefc1 u0 com.android.launcher/com.android.launcher.Launcher} mCurrentFocus:Window{93fefc1 u0 com.android.launcher/com.android.launcher.Launcher}
02-20 22:14:52.557  3348  5155 I TaskOrganizerController: onTaskInfoChanged taskid 13618 config { mBounds=Rect(0, 0 - 1080, 2412) mAppBounds=Rect(0, 0 - 1080, 2412) mMaxBounds=Rect(0, 0 - 1080, 2412) mDisplayRotation=ROTATION_0 mWindowingMode=fullscreen mActivityType=standard mAlwaysOnTop=undefined mRotation=ROTATION_0}
02-20 22:14:52.557  3348  5155 D OplusFlexibleWindowMinimizedManagerHelper: onTaskInfoChanged taskInfo:TaskInfo{userId=0 taskId=13618 displayId=0 isRunning=false baseIntent=Intent { act=android.intent.action.MAIN cat=[android.intent.category.LAUNCHER] flg=0x10200000 cmp=com.renderflow.app/.MainActivity mCallingUid=2000 } baseActivity=null topActivity=null origActivity=null realActivity=ComponentInfo{com.renderflow.app/com.renderflow.app.MainActivity} numActivities=0 lastActiveTime=712066614 supportsSplitScreenMultiWindow=true supportsMultiWindow=true supportsPocketStudioMultiWindow=true isInFlexibleEmbedded = false uid = -1 pid = -1 resizeMode=1 isResizeable=true minWidth=-1 minHeight=-1 defaultMinSize=220 token=WCT{RemoteToken{d35e8e5 Task{973db81 #13618 type=standard A=10430:com.renderflow.app}}} topActivityType=1 pictureInPictureParams=null shouldDockBigOverlays=false launchIntoPipHostTaskId=-1 lastParentTaskIdBeforePip=-1 displayCutoutSafeInsets=Rect(0, 96 - 0, 0) topActivityInfo=null launchCookies=[] positionInParent=Point(0, 0) parentTaskId=-1 isFocused=false isVisible=false isVisibleRequested=false isSleeping=false locusId=null displayAreaFeatureId=1 isTopActivityTransparent=false appCompatTaskInfo=AppCompatTaskInfo { topActivityInSizeCompat=false topActivityInOplusCompatMode=false topActivityEligibleForLetterboxEducation= falseisLetterboxEducationEnabled= false isLetterboxDoubleTapEnabled= false topActivityEligibleForUserAspectRatioButton= false topActivityBoundsLetterboxed= false isFromLetterboxDoubleTap= false topActivityLetterboxVerticalPosition= -1 topActivityLetterboxHorizontalPosition= -1 topActivityLetterboxWidth=-1 topActivityLetterboxHeight=-1 isUserFullscreenOverrideEnabled=false isSystemFullscreenOverrideEnabled=false cameraCompatTaskInfo=CameraCompatTaskInfo { cameraCompatControlState=hidden freeformCameraCompatMode=inactive}} topActivityLetterboxInsets=Rect(0, 0 - 0, 0) mOplusExtraBundle = Bundle[{androidx.flexible.taskFrame=Rect(0, 0 - 0, 0), key_flexible_task_state=0, androidx.activity.LaunchScenario=0, androidx.activity.LaunchScale=1.0}]} task:Task{973db81 #13618 type=standard A=10430:com.renderflow.app}
02-20 22:14:52.558  3348  5155 D OplusFlexibleDragToSplitAnimController: visibleFlexibleTaskInfos delete:13618
02-20 22:14:52.558  3348  5155 D OplusFlexibleDragAnimationBaseState: handleRunningTaskInfo:TaskInfo{userId=0 taskId=13618 displayId=0 isRunning=false baseIntent=Intent { act=android.intent.action.MAIN cat=[android.intent.category.LAUNCHER] flg=0x10200000 cmp=com.renderflow.app/.MainActivity mCallingUid=2000 } baseActivity=null topActivity=null origActivity=null realActivity=ComponentInfo{com.renderflow.app/com.renderflow.app.MainActivity} numActivities=0 lastActiveTime=712066614 supportsSplitScreenMultiWindow=true supportsMultiWindow=true supportsPocketStudioMultiWindow=true isInFlexibleEmbedded = false uid = -1 pid = -1 resizeMode=1 isResizeable=true minWidth=-1 minHeight=-1 defaultMinSize=220 token=WCT{RemoteToken{d35e8e5 Task{973db81 #13618 type=standard A=10430:com.renderflow.app}}} topActivityType=1 pictureInPictureParams=null shouldDockBigOverlays=false launchIntoPipHostTaskId=-1 lastParentTaskIdBeforePip=-1 displayCutoutSafeInsets=Rect(0, 96 - 0, 0) topActivityInfo=null launchCookies=[] positionInParent=Point(0, 0) parentTaskId=-1 isFocused=false isVisible=false isVisibleRequested=false isSleeping=false locusId=null displayAreaFeatureId=1 isTopActivityTransparent=false appCompatTaskInfo=AppCompatTaskInfo { topActivityInSizeCompat=false topActivityInOplusCompatMode=false topActivityEligibleForLetterboxEducation= falseisLetterboxEducationEnabled= false isLetterboxDoubleTapEnabled= false topActivityEligibleForUserAspectRatioButton= false topActivityBoundsLetterboxed= false isFromLetterboxDoubleTap= false topActivityLetterboxVerticalPosition= -1 topActivityLetterboxHorizontalPosition= -1 topActivityLetterboxWidth=-1 topActivityLetterboxHeight=-1 isUserFullscreenOverrideEnabled=false isSystemFullscreenOverrideEnabled=false cameraCompatTaskInfo=CameraCompatTaskInfo { cameraCompatControlState=hidden freeformCameraCompatMode=inactive}} topActivityLetterboxInsets=Rect(0, 0 - 0, 0) mOplusExtraBundle = Bundle[{androidx.flexible.taskFrame=Rect(0, 0 - 0, 0), key_flexible_task_state=0, androidx.activity.LaunchScenario=0, androidx.activity.LaunchScale=1.0}]}state:0
02-20 22:14:52.558  3348  5155 D ActivityTaskManager: removeAppToken: ActivityRecord{494be8b u0 com.renderflow.app/.MainActivity t13618 f}} delayed=false parent=Task{973db81 #13618 type=standard A=10430:com.renderflow.app} animating=false Callers=com.android.server.wm.ActivityRecord.removeImmediately:5415 com.android.server.wm.ActivityRecord.removeIfPossible:5430 com.android.server.wm.ActivityRecord.handleCompleteDeferredRemoval:5436 com.android.server.wm.WindowContainer.handleCompleteDeferredRemoval:1622 
