02-21 10:37:04.968  5106  5201 I OplusCameraManagerGlobal: setClientInfo, packageName: com.oplus.camera, uid: 10161, pid: 5106
02-21 10:37:04.969  5106  5201 V MandatoryStreamCombination: Device is not able to output 10-bit!
02-21 10:37:04.973  5106  5201 I OplusCameraManagerGlobal: setClientInfo, packageName: com.oplus.camera, uid: 10161, pid: 5106
02-21 10:37:05.034  5106  5201 I OplusCameraManagerGlobal: setClientInfo, packageName: com.oplus.camera, uid: 10161, pid: 5106
02-21 10:37:05.035  5106  5201 V MandatoryStreamCombination: Device does not support preview stabilization
02-21 10:37:05.043  5106  5201 I OplusCameraManagerGlobal: setClientInfo, packageName: com.oplus.camera, uid: 10161, pid: 5106
02-21 10:37:05.062  5106  5201 I OplusCameraManagerGlobal: setClientInfo, packageName: com.oplus.camera, uid: 10161, pid: 5106
02-21 10:37:05.063  5106  5201 V MandatoryStreamCombination: Device is not able to output 10-bit!
02-21 10:37:05.072  5106  5201 I OplusCameraManagerGlobal: setClientInfo, packageName: com.oplus.camera, uid: 10161, pid: 5106
02-21 10:37:05.089  4753  5294 D CommonApp-321-10114: transport layer data is invalid
02-21 10:37:05.090  4753  5294 D CommonApp-321-10431: transport layer data is invalid
02-21 10:37:05.137  3348  3990 V AlarmManager: sending alarm Alarm{1cca9b8 type 3 origWhen 756713604 whenElapsed 756600000 android} uid 1000 whenElapsed 756600000 windowLength 3600000 maxWhenElapsed 756600000 repeatInterval 0 action null component null tag *CountQuotaTracker.cleanup* flags 0x8 procName system_server
02-21 10:37:05.407  3348  4177 D OplusWifiPowerWakeupStats: wakeupType =  6*1*9*6*.*6*.*3*;*7*1*1*2*1*8*0*1*3*4*0*2*
02-21 10:37:05.408 15484 15484 D ServiceLifeManager: release: OidtHandler sActiveService:0
02-21 10:37:05.408 15484 15484 D ServiceLifeManager: release: no this tag
02-21 10:37:05.416  3348  4177 D OplusWifiPower_WakeupIp: com.pandavpn.androidproxy(139.64.165.***) wakeup host
02-21 10:37:05.432  1148  1148 D sysapi-LongBgTaskQuotaManager: [remove]  count = 1, requestId = -1, hadRequested = false , BaseConditionManager.refreshAppStateAction run
02-21 10:37:05.436  3348  3567 I OplusStatusBarManagerServiceEnhance:  getTopIsFullscreen mTopIsFullscreen: false
02-21 10:37:05.436  1148  1362 D sysapi-LongBgTaskQuotaManager: [add]     count = 0, requestId = -1, hadRequested = false , BaseConditionManager.refreshAppState post delayed
02-21 10:37:05.437  1148  1362 D sysapi-LongBgTaskQuotaManager: [add]     startBackgroundRunning
02-21 10:37:05.438  3348  3567 W OplusHansManager : OplusHansFreezeManagerService: [startBackgroundRunning] fail: resultCode = 10002, uid = 10141
02-21 10:37:05.438  1148  1175 D sysapi-LongBgTaskQuotaManager: [requestRunningTaskInfo]  requestId: -1 -> -1, resultCode: 10002
02-21 10:37:05.495  3348  4060 D WifiStaIfaceHidlImpl: getCachedScanData is not implemented by HIDL
02-21 10:37:05.500  3348  4208 D OplusGameFirstManager: oldAverRssi=-64,rssi=-62,newAverRssi=-65
02-21 10:37:05.502  4768  4768 I QImsService: OplusWifiApmStateMgr : onReceive,wifiSignal: -62
02-21 10:37:05.506  4910  4910 D VendorWifiService: onEvent event:9,action:1
02-21 10:37:05.506  4382  4495 D WifiStatusTracker: mNetworkCallback onCapabilitiesChanged network:321 mPrimaryNetworkId:321
02-21 10:37:05.507  4382  4495 I SystemUi--Statusbar: NetworkController.WifiSignalController-->handleStatusUpdated state=3 enabled=true connected=true isDefaultNetwork=true rssi=-62 level=4 statusLabel=null isDirty=false
02-21 10:37:05.508  4382  4539 D WifiPickerTracker: handleNetworkCapabilitiesChanged network:321
02-21 10:37:05.509  4382  4539 I WifiPickerTracker: wifi connected status realConnectedWifiEntry not null: true
02-21 10:37:05.510  4382  4382 I SystemUi--Statusbar: WifiViewModel-->wifiIcon icon:Wifi signal full. isDefault:true alwaysShowIconIfEnabled:false
02-21 10:37:05.510  3348  4178 D SystemNetworkObserver: wifi network 321 nc changed, primary=true
02-21 10:37:05.510  3348  4178 D SystemNetworkObserver: default network nc changed 321
02-21 10:37:05.519  3348  4208 D OplusSlaNetworkManager: isPrimaryWifi:false network:319
02-21 10:37:05.519  4910  5158 D SubsysEventListenerManager: onCapabilitiesChanged
02-21 10:37:05.519  4910  5158 D DataStateTracker: getCurDataChannel, channel:1
02-21 10:37:05.520 11902 11902 D BoundBrokerSvc: onRebind: Intent { act=com.google.android.gms.common.telemetry.service.START dat=chimera-action:/... cmp=com.google.android.gms/.chimera.PersistentApiService mCallingUid=10116 }
02-21 10:37:05.522 11902  3432 I NearbyMediums: [WifiNetworkV2] defaultNetworkCallback onCapabilitiesChanged network:319 [ WIFI VPN ] isNonBypassable:true
02-21 10:37:05.523  6505  6645 I BugleRcsEngine: handleMessage processing message:[NOTIFY_UPTIME_IGNORE_STATE_CHANGED] with [non-null]:RcsEngineImpl reference [CONTEXT log_prefix="RcsEngineImpl[DUAL_REG]:[996c9bd4-2ee8]>Handler" thread_id=5970 ]
02-21 10:37:05.524  6505  6632 I BugleRcsEngine: Connected state: [1], networkType: [WIFI] [CONTEXT thread_id=5966 ]
02-21 10:37:05.525  4646  9402 E PhoneInterfaceManager: getCarrierPrivilegeStatusForUid: Invalid subId
02-21 10:37:05.525  4733  6563 D QCNEJ/NativeHalConnector: -> SND notifyDefaultNetworkChanged(1)
02-21 10:37:05.526  6505  6645 I BugleRcsEngine: No RCS Configuration was found in Bugle for simID: redacted-pii:sim_id[chars:0,last3:] [CONTEXT log_prefix="ProvisioningEngineDataRetriever" thread_id=5970 ]
02-21 10:37:05.527 14338 14411 D WM-WorkConstraintsTrack: NetworkRequestConstraintController onCapabilitiesChanged callback
02-21 10:37:05.529  4382  4495 I SystemUi--Statusbar: NetworkController.WifiSignalController-->handleStatusUpdated state=3 enabled=true connected=true isDefaultNetwork=true rssi=-62 level=4 statusLabel=null isDirty=false
02-21 10:37:05.647  1901  2018 D BatteryChargeControl: bcc get no support from charging protocol
02-21 10:37:05.650  2799  2809 W ock:clockWidget: userfaultfd: MOVE ioctl seems unsupported: Connection timed out
02-21 10:37:06.112  4753  5294 D CommonApp-321-10114: transport layer data is invalid
02-21 10:37:06.113  4753  5294 D CommonApp-321-10431: transport layer data is invalid
02-21 10:37:06.217  3348  3561 I system_server: Background young concurrent mark compact GC freed 23MB AllocSpace bytes, 11(220KB) LOS objects, 16% free, 121MB/144MB, paused 4.426ms,3.627ms total 107.565ms
02-21 10:37:06.289  1901  1901 D vendor.oplus.hardware.charger-V6-service: get_ui_charge_icon_type 0 0 0 0 0
02-21 10:37:06.295  1901  1901 D vendor.oplus.hardware.charger-V6-service: oplus_chg_get_cpa_power 2500 charge_online 1 retention_topic 0
02-21 10:37:06.306  4382  4382 I SystemUi--Statusbar: BatteryControllerExt-->updateBatteryChangeIntent():broadcast=android.intent.action.BATTERY_CHANGED,level=6,scale=100
02-21 10:37:06.306  4382  4382 I SystemUi--Statusbar: BatteryRepository-->level: 6 -- isSavingMode: false
02-21 10:37:06.307  3348  3670 D OplusDisplayBrightnessBroadcastReceiver: onReceive action = android.intent.action.BATTERY_CHANGED , listeners = [com.android.server.display.OplusFeatureHDREnhanceBrightness$PhoneInfoReceiver@2da9b37, com.android.server.display.OplusFeatureEdrEnhanceBrightness$PhoneInfoReceiver@5e908a4]
02-21 10:37:06.308  4910  4910 D SubsysBroadcastManager: onReceive action:android.intent.action.BATTERY_CHANGED
02-21 10:37:06.310  4750  4750 D DeviceStatisticsService: onReceive: action= android.intent.action.BATTERY_CHANGED
02-21 10:37:06.311  7979  7979 E VendorNfcService: changeNfcStateByWirelessCharge: feature WIRELESS_CHARGING = true; mIsWirelessCharging: false; mIsReverseChargingSwitchOpen: false; mNfcWorkMode: 0; isOverSeaRegion() = true
02-21 10:37:06.317 12550 13525 E Battery : ChargeProtectionUtils: mCanlendarTmp.isEmpty()!
02-21 10:37:06.650  1901  2018 D BatteryChargeControl: bcc get no support from charging protocol
02-21 10:37:06.685  4382  4495 I SystemUi--Statusbar: OplusNetworkSpeedControllExImpl-->updateNetworkSpeed: isConnected:true,isSwitchOn:true
02-21 10:37:06.686  4382  4495 I SystemUi--Statusbar: OplusNetworkSpeedControllExImpl-->getTotalByte: totalRxBytes:32465969048,totalTxBytes:7410932299,loopbackTxBytes:1174582515,loopbackRxBytes:1174581795 ,totalBytes:37527737037
02-21 10:37:06.921  4382  8059 I PluginSeedling--Origin: OSenseManager-->isMEMHighPressure oldState:false newState: false isMEMHighPressure:false
02-21 10:37:07.027  3602  3618 W ecuritykeyboard: Cleared Reference was only reachable from finalizer (only reported once)
02-21 10:37:07.029  3602  3618 W ecuritykeyboard: userfaultfd: MOVE ioctl seems unsupported: Connection timed out
02-21 10:37:07.036  3602  3632 W System  : A resource failed to call ContentProviderClient.close. 
02-21 10:37:07.138  4753  5294 D CommonApp-321-10114: transport layer data is invalid
02-21 10:37:07.139  4753  5294 D CommonApp-321-10431: transport layer data is invalid
02-21 10:37:07.198  3348  3990 V AlarmManager: sending alarm Alarm{45e2385 type 3 origWhen 756602061 whenElapsed 756602061 com.android.systemui} uid 10217 whenElapsed 756602061 windowLength 0 maxWhenElapsed 756602061 repeatInterval 0 action null component null tag OplusKeyguardUnlockCounterExImpl-SYNC flags 0x9 procName com.android.systemui
02-21 10:37:07.225  3348  3990 V AlarmManager: sending alarm Alarm{799f0e8 type 1 origWhen 1771652227225 whenElapsed 756602089 com.oplus.battery} uid 1000 whenElapsed 756602089 windowLength 0 maxWhenElapsed 756602089 repeatInterval 0 action com.oplus.app.spm.alarm.get.stats component ComponentInfo{com.oplus.battery/com.oplus.simplepowermonitor.alarm.AlarmReceiver} flags 0x9 procName com.oplus.battery
02-21 10:37:07.227  3348  3990 E AlarmManager: Attempt to decrement existing alarm count 0 by 1 for uid 1000
02-21 10:37:07.277 12550  5495 E Battery : HighPowerHelper: ; pkgName = com.oneplus.note; mCpuTimeMsPerHourWhileScreenOn = 0 ms; mWakeLockTimeMsPerHourWhileScreenOn = 0 ms; mWakeLockTimeMsPerHourWhileScreenOff = 0 ms; mJobTimeMsPerHourWhileScreenOn = 0 ms; mJobTimeMsPerTwoHoursWhileScreenOn = 0 ms; mWiFiScanTimeMsPerHourWhileScreenOn = 0 ms; mCameraTimeMsPerHourWhileScreenOn = 0 ms; mFlashLightTimeMsPerHourWhileScreenOn = 0 ms; mGpsTimeMsPerHourWhileScreenOn = 0 ms; mAlarmCountPerHourWhileScreenOn = 0 ms
02-21 10:37:07.277 12550  5495 E Battery : HighPowerHelper: ; pkgName = com.salesforce.authenticator; mCpuTimeMsPerHourWhileScreenOn = 0 ms; mWakeLockTimeMsPerHourWhileScreenOn = 0 ms; mWakeLockTimeMsPerHourWhileScreenOff = 0 ms; mJobTimeMsPerHourWhileScreenOn = 0 ms; mJobTimeMsPerTwoHoursWhileScreenOn = 0 ms; mWiFiScanTimeMsPerHourWhileScreenOn = 0 ms; mCameraTimeMsPerHourWhileScreenOn = 0 ms; mFlashLightTimeMsPerHourWhileScreenOn = 0 ms; mGpsTimeMsPerHourWhileScreenOn = 0 ms; mAlarmCountPerHourWhileScreenOn = 0 ms
02-21 10:37:07.277 12550  5495 E Battery : HighPowerHelper: ; pkgName = com.rajmani7584.payloaddumper; mCpuTimeMsPerHourWhileScreenOn = 0 ms; mWakeLockTimeMsPerHourWhileScreenOn = 0 ms; mWakeLockTimeMsPerHourWhileScreenOff = 0 ms; mJobTimeMsPerHourWhileScreenOn = 0 ms; mJobTimeMsPerTwoHoursWhileScreenOn = 0 ms; mWiFiScanTimeMsPerHourWhileScreenOn = 0 ms; mCameraTimeMsPerHourWhileScreenOn = 0 ms; mFlashLightTimeMsPerHourWhileScreenOn = 0 ms; mGpsTimeMsPerHourWhileScreenOn = 0 ms; mAlarmCountPerHourWhileScreenOn = 0 ms
02-21 10:37:07.277 12550  5495 E Battery : HighPowerHelper: ; pkgName = com.instagram.android; mCpuTimeMsPerHourWhileScreenOn = 0 ms; mWakeLockTimeMsPerHourWhileScreenOn = 0 ms; mWakeLockTimeMsPerHourWhileScreenOff = 0 ms; mJobTimeMsPerHourWhileScreenOn = 0 ms; mJobTimeMsPerTwoHoursWhileScreenOn = 0 ms; mWiFiScanTimeMsPerHourWhileScreenOn = 0 ms; mCameraTimeMsPerHourWhileScreenOn = 0 ms; mFlashLightTimeMsPerHourWhileScreenOn = 0 ms; mGpsTimeMsPerHourWhileScreenOn = 0 ms; mAlarmCountPerHourWhileScreenOn = 0 ms
02-21 10:37:07.277 12550  5495 E Battery : HighPowerHelper: ; pkgName = qr.code.scanner.qr.code.reader; mCpuTimeMsPerHourWhileScreenOn = 0 ms; mWakeLockTimeMsPerHourWhileScreenOn = 0 ms; mWakeLockTimeMsPerHourWhileScreenOff = 0 ms; mJobTimeMsPerHourWhileScreenOn = 0 ms; mJobTimeMsPerTwoHoursWhileScreenOn = 0 ms; mWiFiScanTimeMsPerHourWhileScreenOn = 0 ms; mCameraTimeMsPerHourWhileScreenOn = 0 ms; mFlashLightTimeMsPerHourWhileScreenOn = 0 ms; mGpsTimeMsPerHourWhileScreenOn = 0 ms; mAlarmCountPerHourWhileScreenOn = 0 ms
02-21 10:37:07.277 12550  5495 E Battery : HighPowerHelper: ; pkgName = com.termux; mCpuTimeMsPerHourWhileScreenOn = 0 ms; mWakeLockTimeMsPerHourWhileScreenOn = 0 ms; mWakeLockTimeMsPerHourWhileScreenOff = 0 ms; mJobTimeMsPerHourWhileScreenOn = 0 ms; mJobTimeMsPerTwoHoursWhileScreenOn = 0 ms; mWiFiScanTimeMsPerHourWhileScreenOn = 0 ms; mCameraTimeMsPerHourWhileScreenOn = 0 ms; mFlashLightTimeMsPerHourWhileScreenOn = 0 ms; mGpsTimeMsPerHourWhileScreenOn = 0 ms; mAlarmCountPerHourWhileScreenOn = 0 ms
02-21 10:37:07.277 12550  5495 E Battery : HighPowerHelper: ; pkgName = com.fiverr.fiverr; mCpuTimeMsPerHourWhileScreenOn = 0 ms; mWakeLockTimeMsPerHourWhileScreenOn = 0 ms; mWakeLockTimeMsPerHourWhileScreenOff = 0 ms; mJobTimeMsPerHourWhileScreenOn = 0 ms; mJobTimeMsPerTwoHoursWhileScreenOn = 0 ms; mWiFiScanTimeMsPerHourWhileScreenOn = 0 ms; mCameraTimeMsPerHourWhileScreenOn = 0 ms; mFlashLightTimeMsPerHourWhileScreenOn = 0 ms; mGpsTimeMsPerHourWhileScreenOn = 0 ms; mAlarmCountPerHourWhileScreenOn = 0 ms
02-21 10:37:07.277 12550  5495 E Battery : HighPowerHelper: ; pkgName = com.renderflow.app; mCpuTimeMsPerHourWhileScreenOn = 0 ms; mWakeLockTimeMsPerHourWhileScreenOn = 0 ms; mWakeLockTimeMsPerHourWhileScreenOff = 0 ms; mJobTimeMsPerHourWhileScreenOn = 0 ms; mJobTimeMsPerTwoHoursWhileScreenOn = 0 ms; mWiFiScanTimeMsPerHourWhileScreenOn = 0 ms; mCameraTimeMsPerHourWhileScreenOn = 0 ms; mFlashLightTimeMsPerHourWhileScreenOn = 0 ms; mGpsTimeMsPerHourWhileScreenOn = 0 ms; mAlarmCountPerHourWhileScreenOn = 0 ms
02-21 10:37:07.277 12550  5495 E Battery : HighPowerHelper: ; pkgName = com.nordvpn.android; mCpuTimeMsPerHourWhileScreenOn = 0 ms; mWakeLockTimeMsPerHourWhileScreenOn = 0 ms; mWakeLockTimeMsPerHourWhileScreenOff = 0 ms; mJobTimeMsPerHourWhileScreenOn = 0 ms; mJobTimeMsPerTwoHoursWhileScreenOn = 0 ms; mWiFiScanTimeMsPerHourWhileScreenOn = 0 ms; mCameraTimeMsPerHourWhileScreenOn = 0 ms; mFlashLightTimeMsPerHourWhileScreenOn = 0 ms; mGpsTimeMsPerHourWhileScreenOn = 0 ms; mAlarmCountPerHourWhileScreenOn = 0 ms
02-21 10:37:07.277 12550  5495 E Battery : HighPowerHelper: ; pkgName = com.jrzheng.supervpnfree; mCpuTimeMsPerHourWhileScreenOn = 0 ms; mWakeLockTimeMsPerHourWhileScreenOn = 0 ms; mWakeLockTimeMsPerHourWhileScreenOff = 0 ms; mJobTimeMsPerHourWhileScreenOn = 0 ms; mJobTimeMsPerTwoHoursWhileScreenOn = 0 ms; mWiFiScanTimeMsPerHourWhileScreenOn = 0 ms; mCameraTimeMsPerHourWhileScreenOn = 0 ms; mFlashLightTimeMsPerHourWhileScreenOn = 0 ms; mGpsTimeMsPerHourWhileScreenOn = 0 ms; mAlarmCountPerHourWhileScreenOn = 0 ms
02-21 10:37:07.277 12550  5495 E Battery : HighPowerHelper: ; pkgName = ru.zdevs.zarchiver; mCpuTimeMsPerHourWhileScreenOn = 0 ms; mWakeLockTimeMsPerHourWhileScreenOn = 0 ms; mWakeLockTimeMsPerHourWhileScreenOff = 0 ms; mJobTimeMsPerHourWhileScreenOn = 0 ms; mJobTimeMsPerTwoHoursWhileScreenOn = 0 ms; mWiFiScanTimeMsPerHourWhileScreenOn = 0 ms; mCameraTimeMsPerHourWhileScreenOn = 0 ms; mFlashLightTimeMsPerHourWhileScreenOn = 0 ms; mGpsTimeMsPerHourWhileScreenOn = 0 ms; mAlarmCountPerHourWhileScreenOn = 0 ms
02-21 10:37:07.277 12550  5495 E Battery : HighPowerHelper: ; pkgName = app.revanced.android.gms; mCpuTimeMsPerHourWhileScreenOn = 0 ms; mWakeLockTimeMsPerHourWhileScreenOn = 0 ms; mWakeLockTimeMsPerHourWhileScreenOff = 0 ms; mJobTimeMsPerHourWhileScreenOn = 0 ms; mJobTimeMsPerTwoHoursWhileScreenOn = 0 ms; mWiFiScanTimeMsPerHourWhileScreenOn = 0 ms; mCameraTimeMsPerHourWhileScreenOn = 0 ms; mFlashLightTimeMsPerHourWhileScreenOn = 0 ms; mGpsTimeMsPerHourWhileScreenOn = 0 ms; mAlarmCountPerHourWhileScreenOn = 0 ms
02-21 10:37:07.277 12550  5495 E Battery : HighPowerHelper: ; pkgName = com.google.android.apps.docs.editors.docs; mCpuTimeMsPerHourWhileScreenOn = 0 ms; mWakeLockTimeMsPerHourWhileScreenOn = 0 ms; mWakeLockTimeMsPerHourWhileScreenOff = 0 ms; mJobTimeMsPerHourWhileScreenOn = 0 ms; mJobTimeMsPerTwoHoursWhileScreenOn = 0 ms; mWiFiScanTimeMsPerHourWhileScreenOn = 0 ms; mCameraTimeMsPerHourWhileScreenOn = 0 ms; mFlashLightTimeMsPerHourWhileScreenOn = 0 ms; mGpsTimeMsPerHourWhileScreenOn = 0 ms; mAlarmCountPerHourWhileScreenOn = 0 ms
02-21 10:37:07.277 12550  5495 E Battery : HighPowerHelper: ; pkgName = com.junkfood.seal; mCpuTimeMsPerHourWhileScreenOn = 0 ms; mWakeLockTimeMsPerHourWhileScreenOn = 0 ms; mWakeLockTimeMsPerHourWhileScreenOff = 0 ms; mJobTimeMsPerHourWhileScreenOn = 0 ms; mJobTimeMsPerTwoHoursWhileScreenOn = 0 ms; mWiFiScanTimeMsPerHourWhileScreenOn = 0 ms; mCameraTimeMsPerHourWhileScreenOn = 0 ms; mFlashLightTimeMsPerHourWhileScreenOn = 0 ms; mGpsTimeMsPerHourWhileScreenOn = 0 ms; mAlarmCountPerHourWhileScreenOn = 0 ms
02-21 10:37:07.277 12550  5495 E Battery : HighPowerHelper: ; pkgName = host.exp.exponent; mCpuTimeMsPerHourWhileScreenOn = 0 ms; mWakeLockTimeMsPerHourWhileScreenOn = 0 ms; mWakeLockTimeMsPerHourWhileScreenOff = 0 ms; mJobTimeMsPerHourWhileScreenOn = 0 ms; mJobTimeMsPerTwoHoursWhileScreenOn = 0 ms; mWiFiScanTimeMsPerHourWhileScreenOn = 0 ms; mCameraTimeMsPerHourWhileScreenOn = 0 ms; mFlashLightTimeMsPerHourWhileScreenOn = 0 ms; mGpsTimeMsPerHourWhileScreenOn = 0 ms; mAlarmCountPerHourWhileScreenOn = 0 ms
02-21 10:37:07.277 12550  5495 E Battery : HighPowerHelper: ; pkgName = com.twitter.android; mCpuTimeMsPerHourWhileScreenOn = 0 ms; mWakeLockTimeMsPerHourWhileScreenOn = 0 ms; mWakeLockTimeMsPerHourWhileScreenOff = 0 ms; mJobTimeMsPerHourWhileScreenOn = 0 ms; mJobTimeMsPerTwoHoursWhileScreenOn = 0 ms; mWiFiScanTimeMsPerHourWhileScreenOn = 0 ms; mCameraTimeMsPerHourWhileScreenOn = 0 ms; mFlashLightTimeMsPerHourWhileScreenOn = 0 ms; mGpsTimeMsPerHourWhileScreenOn = 0 ms; mAlarmCountPerHourWhileScreenOn = 0 ms
02-21 10:37:07.277 12550  5495 E Battery : HighPowerHelper: ; pkgName = bin.mt.plus; mCpuTimeMsPerHourWhileScreenOn = 0 ms; mWakeLockTimeMsPerHourWhileScreenOn = 0 ms; mWakeLockTimeMsPerHourWhileScreenOff = 0 ms; mJobTimeMsPerHourWhileScreenOn = 0 ms; mJobTimeMsPerTwoHoursWhileScreenOn = 0 ms; mWiFiScanTimeMsPerHourWhileScreenOn = 0 ms; mCameraTimeMsPerHourWhileScreenOn = 0 ms; mFlashLightTimeMsPerHourWhileScreenOn = 0 ms; mGpsTimeMsPerHourWhileScreenOn = 0 ms; mAlarmCountPerHourWhileScreenOn = 0 ms
02-21 10:37:07.277 12550  5495 E Battery : HighPowerHelper: ; pkgName = gr.nikolasspyr.integritycheck; mCpuTimeMsPerHourWhileScreenOn = 0 ms; mWakeLockTimeMsPerHourWhileScreenOn = 0 ms; mWakeLockTimeMsPerHourWhileScreenOff = 0 ms; mJobTimeMsPerHourWhileScreenOn = 0 ms; mJobTimeMsPerTwoHoursWhileScreenOn = 0 ms; mWiFiScanTimeMsPerHourWhileScreenOn = 0 ms; mCameraTimeMsPerHourWhileScreenOn = 0 ms; mFlashLightTimeMsPerHourWhileScreenOn = 0 ms; mGpsTimeMsPerHourWhileScreenOn = 0 ms; mAlarmCountPerHourWhileScreenOn = 0 ms
02-21 10:37:07.277 12550  5495 E Battery : HighPowerHelper: ; pkgName = com.dergoogler.mmrl; mCpuTimeMsPerHourWhileScreenOn = 0 ms; mWakeLockTimeMsPerHourWhileScreenOn = 0 ms; mWakeLockTimeMsPerHourWhileScreenOff = 0 ms; mJobTimeMsPerHourWhileScreenOn = 0 ms; mJobTimeMsPerTwoHoursWhileScreenOn = 0 ms; mWiFiScanTimeMsPerHourWhileScreenOn = 0 ms; mCameraTimeMsPerHourWhileScreenOn = 0 ms; mFlashLightTimeMsPerHourWhileScreenOn = 0 ms; mGpsTimeMsPerHourWhileScreenOn = 0 ms; mAlarmCountPerHourWhileScreenOn = 0 ms
02-21 10:37:07.277 12550  5495 E Battery : HighPowerHelper: ; pkgName = com.github.android; mCpuTimeMsPerHourWhileScreenOn = 0 ms; mWakeLockTimeMsPerHourWhileScreenOn = 0 ms; mWakeLockTimeMsPerHourWhileScreenOff = 0 ms; mJobTimeMsPerHourWhileScreenOn = 0 ms; mJobTimeMsPerTwoHoursWhileScreenOn = 0 ms; mWiFiScanTimeMsPerHourWhileScreenOn = 0 ms; mCameraTimeMsPerHourWhileScreenOn = 0 ms; mFlashLightTimeMsPerHourWhileScreenOn = 0 ms; mGpsTimeMsPerHourWhileScreenOn = 0 ms; mAlarmCountPerHourWhileScreenOn = 0 ms
02-21 10:37:07.277 12550  5495 E Battery : HighPowerHelper: ; pkgName = com.google.android.apps.bard; mCpuTimeMsPerHourWhileScreenOn = 0 ms; mWakeLockTimeMsPerHourWhileScreenOn = 0 ms; mWakeLockTimeMsPerHourWhileScreenOff = 0 ms; mJobTimeMsPerHourWhileScreenOn = 0 ms; mJobTimeMsPerTwoHoursWhileScreenOn = 0 ms; mWiFiScanTimeMsPerHourWhileScreenOn = 0 ms; mCameraTimeMsPerHourWhileScreenOn = 0 ms; mFlashLightTimeMsPerHourWhileScreenOn = 0 ms; mGpsTimeMsPerHourWhileScreenOn = 0 ms; mAlarmCountPerHourWhileScreenOn = 0 ms
02-21 10:37:07.277 12550  5495 E Battery : HighPowerHelper: ; pkgName = me.weishu.kernelsu; mCpuTimeMsPerHourWhileScreenOn = 0 ms; mWakeLockTimeMsPerHourWhileScreenOn = 0 ms; mWakeLockTimeMsPerHourWhileScreenOff = 0 ms; mJobTimeMsPerHourWhileScreenOn = 0 ms; mJobTimeMsPerTwoHoursWhileScreenOn = 0 ms; mWiFiScanTimeMsPerHourWhileScreenOn = 0 ms; mCameraTimeMsPerHourWhileScreenOn = 0 ms; mFlashLightTimeMsPerHourWhileScreenOn = 0 ms; mGpsTimeMsPerHourWhileScreenOn = 0 ms; mAlarmCountPerHourWhileScreenOn = 0 ms
02-21 10:37:07.277 12550  5495 E Battery : HighPowerHelper: ; pkgName = com.openai.chatgpt; mCpuTimeMsPerHourWhileScreenOn = 0 ms; mWakeLockTimeMsPerHourWhileScreenOn = 0 ms; mWakeLockTimeMsPerHourWhileScreenOff = 0 ms; mJobTimeMsPerHourWhileScreenOn = 0 ms; mJobTimeMsPerTwoHoursWhileScreenOn = 0 ms; mWiFiScanTimeMsPerHourWhileScreenOn = 0 ms; mCameraTimeMsPerHourWhileScreenOn = 0 ms; mFlashLightTimeMsPerHourWhileScreenOn = 0 ms; mGpsTimeMsPerHourWhileScreenOn = 0 ms; mAlarmCountPerHourWhileScreenOn = 0 ms
02-21 10:37:07.277 12550  5495 E Battery : HighPowerHelper: ; pkgName = idm.internet.download.manager; mCpuTimeMsPerHourWhileScreenOn = 0 ms; mWakeLockTimeMsPerHourWhileScreenOn = 0 ms; mWakeLockTimeMsPerHourWhileScreenOff = 0 ms; mJobTimeMsPerHourWhileScreenOn = 0 ms; mJobTimeMsPerTwoHoursWhileScreenOn = 0 ms; mWiFiScanTimeMsPerHourWhileScreenOn = 0 ms; mCameraTimeMsPerHourWhileScreenOn = 0 ms; mFlashLightTimeMsPerHourWhileScreenOn = 0 ms; mGpsTimeMsPerHourWhileScreenOn = 0 ms; mAlarmCountPerHourWhileScreenOn = 0 ms
02-21 10:37:07.277 12550  5495 E Battery : HighPowerHelper: ; pkgName = com.google.android.apps.chromecast.app; mCpuTimeMsPerHourWhileScreenOn = 0 ms; mWakeLockTimeMsPerHourWhileScreenOn = 0 ms; mWakeLockTimeMsPerHourWhileScreenOff = 0 ms; mJobTimeMsPerHourWhileScreenOn = 0 ms; mJobTimeMsPerTwoHoursWhileScreenOn = 0 ms; mWiFiScanTimeMsPerHourWhileScreenOn = 0 ms; mCameraTimeMsPerHourWhileScreenOn = 0 ms; mFlashLightTimeMsPerHourWhileScreenOn = 0 ms; mGpsTimeMsPerHourWhileScreenOn = 0 ms; mAlarmCountPerHourWhileScreenOn = 0 ms
02-21 10:37:07.277 12550  5495 E Battery : HighPowerHelper: ; pkgName = com.google.android.apps.docs; mCpuTimeMsPerHourWhileScreenOn = 0 ms; mWakeLockTimeMsPerHourWhileScreenOn = 0 ms; mWakeLockTimeMsPerHourWhileScreenOff = 0 ms; mJobTimeMsPerHourWhileScreenOn = 0 ms; mJobTimeMsPerTwoHoursWhileScreenOn = 0 ms; mWiFiScanTimeMsPerHourWhileScreenOn = 0 ms; mCameraTimeMsPerHourWhileScreenOn = 0 ms; mFlashLightTimeMsPerHourWhileScreenOn = 0 ms; mGpsTimeMsPerHourWhileScreenOn = 0 ms; mAlarmCountPerHourWhileScreenOn = 0 ms
02-21 10:37:07.277 12550  5495 E Battery : HighPowerHelper: ; pkgName = com.facebook.stella; mCpuTimeMsPerHourWhileScreenOn = 0 ms; mWakeLockTimeMsPerHourWhileScreenOn = 0 ms; mWakeLockTimeMsPerHourWhileScreenOff = 0 ms; mJobTimeMsPerHourWhileScreenOn = 0 ms; mJobTimeMsPerTwoHoursWhileScreenOn = 0 ms; mWiFiScanTimeMsPerHourWhileScreenOn = 0 ms; mCameraTimeMsPerHourWhileScreenOn = 0 ms; mFlashLightTimeMsPerHourWhileScreenOn = 0 ms; mGpsTimeMsPerHourWhileScreenOn = 0 ms; mAlarmCountPerHourWhileScreenOn = 0 ms
02-21 10:37:07.277 12550  5495 E Battery : HighPowerHelper: ; pkgName = com.azure.authenticator; mCpuTimeMsPerHourWhileScreenOn = 0 ms; mWakeLockTimeMsPerHourWhileScreenOn = 0 ms; mWakeLockTimeMsPerHourWhileScreenOff = 0 ms; mJobTimeMsPerHourWhileScreenOn = 0 ms; mJobTimeMsPerTwoHoursWhileScreenOn = 0 ms; mWiFiScanTimeMsPerHourWhileScreenOn = 0 ms; mCameraTimeMsPerHourWhileScreenOn = 0 ms; mFlashLightTimeMsPerHourWhileScreenOn = 0 ms; mGpsTimeMsPerHourWhileScreenOn = 0 ms; mAlarmCountPerHourWhileScreenOn = 0 ms
02-21 10:37:07.277 12550  5495 E Battery : HighPowerHelper: ; pkgName = com.google.android.gms; mCpuTimeMsPerHourWhileScreenOn = -780964 ms; mWakeLockTimeMsPerHourWhileScreenOn = -444858 ms; mWakeLockTimeMsPerHourWhileScreenOff = 0 ms; mJobTimeMsPerHourWhileScreenOn = -49752 ms; mJobTimeMsPerTwoHoursWhileScreenOn = -99504 ms; mWiFiScanTimeMsPerHourWhileScreenOn = 0 ms; mCameraTimeMsPerHourWhileScreenOn = 0 ms; mFlashLightTimeMsPerHourWhileScreenOn = 0 ms; mGpsTimeMsPerHourWhileScreenOn = 0 ms; mAlarmCountPerHourWhileScreenOn = 0 ms
02-21 10:37:07.277 12550  5495 E Battery : HighPowerHelper: ; pkgName = org.fdroid.fdroid; mCpuTimeMsPerHourWhileScreenOn = 0 ms; mWakeLockTimeMsPerHourWhileScreenOn = 0 ms; mWakeLockTimeMsPerHourWhileScreenOff = 0 ms; mJobTimeMsPerHourWhileScreenOn = 0 ms; mJobTimeMsPerTwoHoursWhileScreenOn = 0 ms; mWiFiScanTimeMsPerHourWhileScreenOn = 0 ms; mCameraTimeMsPerHourWhileScreenOn = 0 ms; mFlashLightTimeMsPerHourWhileScreenOn = 0 ms; mGpsTimeMsPerHourWhileScreenOn = 0 ms; mAlarmCountPerHourWhileScreenOn = 0 ms
02-21 10:37:07.277 12550  5495 E Battery : HighPowerHelper: ; pkgName = com.renderflow; mCpuTimeMsPerHourWhileScreenOn = 0 ms; mWakeLockTimeMsPerHourWhileScreenOn = 0 ms; mWakeLockTimeMsPerHourWhileScreenOff = 0 ms; mJobTimeMsPerHourWhileScreenOn = 0 ms; mJobTimeMsPerTwoHoursWhileScreenOn = 0 ms; mWiFiScanTimeMsPerHourWhileScreenOn = 0 ms; mCameraTimeMsPerHourWhileScreenOn = 0 ms; mFlashLightTimeMsPerHourWhileScreenOn = 0 ms; mGpsTimeMsPerHourWhileScreenOn = 0 ms; mAlarmCountPerHourWhileScreenOn = 0 ms
02-21 10:37:07.277 12550  5495 E Battery : HighPowerHelper: ; pkgName = com.arjanvlek.oxygenupdater; mCpuTimeMsPerHourWhileScreenOn = 0 ms; mWakeLockTimeMsPerHourWhileScreenOn = 0 ms; mWakeLockTimeMsPerHourWhileScreenOff = 0 ms; mJobTimeMsPerHourWhileScreenOn = 0 ms; mJobTimeMsPerTwoHoursWhileScreenOn = 0 ms; mWiFiScanTimeMsPerHourWhileScreenOn = 0 ms; mCameraTimeMsPerHourWhileScreenOn = 0 ms; mFlashLightTimeMsPerHourWhileScreenOn = 0 ms; mGpsTimeMsPerHourWhileScreenOn = 0 ms; mAlarmCountPerHourWhileScreenOn = 0 ms
02-21 10:37:07.277 12550  5495 E Battery : HighPowerHelper: ; pkgName = org.telegram.messenger; mCpuTimeMsPerHourWhileScreenOn = 0 ms; mWakeLockTimeMsPerHourWhileScreenOn = 0 ms; mWakeLockTimeMsPerHourWhileScreenOff = 0 ms; mJobTimeMsPerHourWhileScreenOn = 0 ms; mJobTimeMsPerTwoHoursWhileScreenOn = 0 ms; mWiFiScanTimeMsPerHourWhileScreenOn = 0 ms; mCameraTimeMsPerHourWhileScreenOn = 0 ms; mFlashLightTimeMsPerHourWhileScreenOn = 0 ms; mGpsTimeMsPerHourWhileScreenOn = 0 ms; mAlarmCountPerHourWhileScreenOn = 0 ms
02-21 10:37:07.277 12550  5495 E Battery : HighPowerHelper: ; pkgName = com.adobe.reader; mCpuTimeMsPerHourWhileScreenOn = 0 ms; mWakeLockTimeMsPerHourWhileScreenOn = 0 ms; mWakeLockTimeMsPerHourWhileScreenOff = 0 ms; mJobTimeMsPerHourWhileScreenOn = 0 ms; mJobTimeMsPerTwoHoursWhileScreenOn = 0 ms; mWiFiScanTimeMsPerHourWhileScreenOn = 0 ms; mCameraTimeMsPerHourWhileScreenOn = 0 ms; mFlashLightTimeMsPerHourWhileScreenOn = 0 ms; mGpsTimeMsPerHourWhileScreenOn = 0 ms; mAlarmCountPerHourWhileScreenOn = 0 ms
02-21 10:37:07.277 12550  5495 E Battery : HighPowerHelper: ; pkgName = com.whatsapp; mCpuTimeMsPerHourWhileScreenOn = 0 ms; mWakeLockTimeMsPerHourWhileScreenOn = 0 ms; mWakeLockTimeMsPerHourWhileScreenOff = 0 ms; mJobTimeMsPerHourWhileScreenOn = 0 ms; mJobTimeMsPerTwoHoursWhileScreenOn = 0 ms; mWiFiScanTimeMsPerHourWhileScreenOn = 0 ms; mCameraTimeMsPerHourWhileScreenOn = 0 ms; mFlashLightTimeMsPerHourWhileScreenOn = 0 ms; mGpsTimeMsPerHourWhileScreenOn = 0 ms; mAlarmCountPerHourWhileScreenOn = 0 ms
02-21 10:37:07.277 12550  5495 E Battery : HighPowerHelper: ; pkgName = qrcodescanner.barcodescanner.qrscanner.qrcodereader; mCpuTimeMsPerHourWhileScreenOn = 0 ms; mWakeLockTimeMsPerHourWhileScreenOn = 0 ms; mWakeLockTimeMsPerHourWhileScreenOff = 0 ms; mJobTimeMsPerHourWhileScreenOn = 0 ms; mJobTimeMsPerTwoHoursWhileScreenOn = 0 ms; mWiFiScanTimeMsPerHourWhileScreenOn = 0 ms; mCameraTimeMsPerHourWhileScreenOn = 0 ms; mFlashLightTimeMsPerHourWhileScreenOn = 0 ms; mGpsTimeMsPerHourWhileScreenOn = 0 ms; mAlarmCountPerHourWhileScreenOn = 0 ms
02-21 10:37:07.277 12550  5495 E Battery : HighPowerHelper: ; pkgName = ai.x.grok; mCpuTimeMsPerHourWhileScreenOn = 0 ms; mWakeLockTimeMsPerHourWhileScreenOn = 0 ms; mWakeLockTimeMsPerHourWhileScreenOff = 0 ms; mJobTimeMsPerHourWhileScreenOn = 0 ms; mJobTimeMsPerTwoHoursWhileScreenOn = 0 ms; mWiFiScanTimeMsPerHourWhileScreenOn = 0 ms; mCameraTimeMsPerHourWhileScreenOn = 0 ms; mFlashLightTimeMsPerHourWhileScreenOn = 0 ms; mGpsTimeMsPerHourWhileScreenOn = 0 ms; mAlarmCountPerHourWhileScreenOn = 0 ms
02-21 10:37:07.277 12550  5495 E Battery : HighPowerHelper: ; pkgName = com.google.android.apps.playconsole; mCpuTimeMsPerHourWhileScreenOn = 0 ms; mWakeLockTimeMsPerHourWhileScreenOn = 0 ms; mWakeLockTimeMsPerHourWhileScreenOff = 0 ms; mJobTimeMsPerHourWhileScreenOn = 0 ms; mJobTimeMsPerTwoHoursWhileScreenOn = 0 ms; mWiFiScanTimeMsPerHourWhileScreenOn = 0 ms; mCameraTimeMsPerHourWhileScreenOn = 0 ms; mFlashLightTimeMsPerHourWhileScreenOn = 0 ms; mGpsTimeMsPerHourWhileScreenOn = 0 ms; mAlarmCountPerHourWhileScreenOn = 0 ms
02-21 10:37:07.277 12550  5495 E Battery : HighPowerHelper: ; pkgName = com.nayapay.app; mCpuTimeMsPerHourWhileScreenOn = 0 ms; mWakeLockTimeMsPerHourWhileScreenOn = 0 ms; mWakeLockTimeMsPerHourWhileScreenOff = 0 ms; mJobTimeMsPerHourWhileScreenOn = 0 ms; mJobTimeMsPerTwoHoursWhileScreenOn = 0 ms; mWiFiScanTimeMsPerHourWhileScreenOn = 0 ms; mCameraTimeMsPerHourWhileScreenOn = 0 ms; mFlashLightTimeMsPerHourWhileScreenOn = 0 ms; mGpsTimeMsPerHourWhileScreenOn = 0 ms; mAlarmCountPerHourWhileScreenOn = 0 ms
02-21 10:37:07.277 12550  5495 E Battery : HighPowerHelper: ; pkgName = com.wmods.wppenhacer; mCpuTimeMsPerHourWhileScreenOn = 0 ms; mWakeLockTimeMsPerHourWhileScreenOn = 0 ms; mWakeLockTimeMsPerHourWhileScreenOff = 0 ms; mJobTimeMsPerHourWhileScreenOn = 0 ms; mJobTimeMsPerTwoHoursWhileScreenOn = 0 ms; mWiFiScanTimeMsPerHourWhileScreenOn = 0 ms; mCameraTimeMsPerHourWhileScreenOn = 0 ms; mFlashLightTimeMsPerHourWhileScreenOn = 0 ms; mGpsTimeMsPerHourWhileScreenOn = 0 ms; mAlarmCountPerHourWhileScreenOn = 0 ms
02-21 10:37:07.277 12550  5495 E Battery : HighPowerHelper: ; pkgName = com.termux.api; mCpuTimeMsPerHourWhileScreenOn = 0 ms; mWakeLockTimeMsPerHourWhileScreenOn = 0 ms; mWakeLockTimeMsPerHourWhileScreenOff = 0 ms; mJobTimeMsPerHourWhileScreenOn = 0 ms; mJobTimeMsPerTwoHoursWhileScreenOn = 0 ms; mWiFiScanTimeMsPerHourWhileScreenOn = 0 ms; mCameraTimeMsPerHourWhileScreenOn = 0 ms; mFlashLightTimeMsPerHourWhileScreenOn = 0 ms; mGpsTimeMsPerHourWhileScreenOn = 0 ms; mAlarmCountPerHourWhileScreenOn = 0 ms
02-21 10:37:07.277 12550  5495 E Battery : HighPowerHelper: ; pkgName = com.google.android.gm; mCpuTimeMsPerHourWhileScreenOn = 0 ms; mWakeLockTimeMsPerHourWhileScreenOn = 0 ms; mWakeLockTimeMsPerHourWhileScreenOff = 0 ms; mJobTimeMsPerHourWhileScreenOn = 0 ms; mJobTimeMsPerTwoHoursWhileScreenOn = 0 ms; mWiFiScanTimeMsPerHourWhileScreenOn = 0 ms; mCameraTimeMsPerHourWhileScreenOn = 0 ms; mFlashLightTimeMsPerHourWhileScreenOn = 0 ms; mGpsTimeMsPerHourWhileScreenOn = 0 ms; mAlarmCountPerHourWhileScreenOn = 0 ms
02-21 10:37:07.277 12550  5495 E Battery : HighPowerHelper: ; pkgName = com.pandavpn.androidproxy; mCpuTimeMsPerHourWhileScreenOn = 0 ms; mWakeLockTimeMsPerHourWhileScreenOn = 0 ms; mWakeLockTimeMsPerHourWhileScreenOff = 0 ms; mJobTimeMsPerHourWhileScreenOn = 0 ms; mJobTimeMsPerTwoHoursWhileScreenOn = 0 ms; mWiFiScanTimeMsPerHourWhileScreenOn = 0 ms; mCameraTimeMsPerHourWhileScreenOn = 0 ms; mFlashLightTimeMsPerHourWhileScreenOn = 0 ms; mGpsTimeMsPerHourWhileScreenOn = 0 ms; mAlarmCountPerHourWhileScreenOn = 0 ms
02-21 10:37:07.277 12550  5495 E Battery : HighPowerHelper: ; pkgName = com.payloaddumperx; mCpuTimeMsPerHourWhileScreenOn = 0 ms; mWakeLockTimeMsPerHourWhileScreenOn = 0 ms; mWakeLockTimeMsPerHourWhileScreenOff = 0 ms; mJobTimeMsPerHourWhileScreenOn = 0 ms; mJobTimeMsPerTwoHoursWhileScreenOn = 0 ms; mWiFiScanTimeMsPerHourWhileScreenOn = 0 ms; mCameraTimeMsPerHourWhileScreenOn = 0 ms; mFlashLightTimeMsPerHourWhileScreenOn = 0 ms; mGpsTimeMsPerHourWhileScreenOn = 0 ms; mAlarmCountPerHourWhileScreenOn = 0 ms
02-21 10:37:07.277 12550  5495 E Battery : HighPowerHelper: ; pkgName = com.anthropic.claude; mCpuTimeMsPerHourWhileScreenOn = 0 ms; mWakeLockTimeMsPerHourWhileScreenOn = 0 ms; mWakeLockTimeMsPerHourWhileScreenOff = 0 ms; mJobTimeMsPerHourWhileScreenOn = 0 ms; mJobTimeMsPerTwoHoursWhileScreenOn = 0 ms; mWiFiScanTimeMsPerHourWhileScreenOn = 0 ms; mCameraTimeMsPerHourWhileScreenOn = 0 ms; mFlashLightTimeMsPerHourWhileScreenOn = 0 ms; mGpsTimeMsPerHourWhileScreenOn = 0 ms; mAlarmCountPerHourWhileScreenOn = 0 ms
02-21 10:37:07.277 12550  5495 E Battery : HighPowerHelper: ; pkgName = app.revanced.android.youtube; mCpuTimeMsPerHourWhileScreenOn = 0 ms; mWakeLockTimeMsPerHourWhileScreenOn = 0 ms; mWakeLockTimeMsPerHourWhileScreenOff = 0 ms; mJobTimeMsPerHourWhileScreenOn = 0 ms; mJobTimeMsPerTwoHoursWhileScreenOn = 0 ms; mWiFiScanTimeMsPerHourWhileScreenOn = 0 ms; mCameraTimeMsPerHourWhileScreenOn = 0 ms; mFlashLightTimeMsPerHourWhileScreenOn = 0 ms; mGpsTimeMsPerHourWhileScreenOn = 0 ms; mAlarmCountPerHourWhileScreenOn = 0 ms
02-21 10:37:07.277 12550  5495 E Battery : HighPowerHelper: ; pkgName = com.daraz.android; mCpuTimeMsPerHourWhileScreenOn = 0 ms; mWakeLockTimeMsPerHourWhileScreenOn = 0 ms; mWakeLockTimeMsPerHourWhileScreenOff = 0 ms; mJobTimeMsPerHourWhileScreenOn = 0 ms; mJobTimeMsPerTwoHoursWhileScreenOn = 0 ms; mWiFiScanTimeMsPerHourWhileScreenOn = 0 ms; mCameraTimeMsPerHourWhileScreenOn = 0 ms; mFlashLightTimeMsPerHourWhileScreenOn = 0 ms; mGpsTimeMsPerHourWhileScreenOn = 0 ms; mAlarmCountPerHourWhileScreenOn = 0 ms
02-21 10:37:07.277 12550  5495 E Battery : HighPowerHelper: ; pkgName = com.google.android.apps.authenticator2; mCpuTimeMsPerHourWhileScreenOn = 0 ms; mWakeLockTimeMsPerHourWhileScreenOn = 0 ms; mWakeLockTimeMsPerHourWhileScreenOff = 0 ms; mJobTimeMsPerHourWhileScreenOn = 0 ms; mJobTimeMsPerTwoHoursWhileScreenOn = 0 ms; mWiFiScanTimeMsPerHourWhileScreenOn = 0 ms; mCameraTimeMsPerHourWhileScreenOn = 0 ms; mFlashLightTimeMsPerHourWhileScreenOn = 0 ms; mGpsTimeMsPerHourWhileScreenOn = 0 ms; mAlarmCountPerHourWhileScreenOn = 0 ms
02-21 10:37:07.277 12550  5495 E Battery : HighPowerHelper: ; pkgName = com.mxtech.videoplayer.pro; mCpuTimeMsPerHourWhileScreenOn = 0 ms; mWakeLockTimeMsPerHourWhileScreenOn = 0 ms; mWakeLockTimeMsPerHourWhileScreenOff = 0 ms; mJobTimeMsPerHourWhileScreenOn = 0 ms; mJobTimeMsPerTwoHoursWhileScreenOn = 0 ms; mWiFiScanTimeMsPerHourWhileScreenOn = 0 ms; mCameraTimeMsPerHourWhileScreenOn = 0 ms; mFlashLightTimeMsPerHourWhileScreenOn = 0 ms; mGpsTimeMsPerHourWhileScreenOn = 0 ms; mAlarmCountPerHourWhileScreenOn = 0 ms
02-21 10:37:07.279 12550  5495 D HighPowerDetector: refresh battery stats
02-21 10:37:07.279 12550  5495 D HighPowerDetector: refresh battery stats
02-21 10:37:07.519  3348  4060 D WifiStaIfaceHidlImpl: getCachedScanData is not implemented by HIDL
02-21 10:37:07.527  4910  4910 D VendorWifiService: onEvent event:9,action:1
02-21 10:37:07.529  3348  4178 D OplusWifiPower_TriggerCenter: mComponentCallback: wifistat
02-21 10:37:07.653  1901  2018 D BatteryChargeControl: bcc get no support from charging protocol
02-21 10:37:07.870  3800  3800 I VoiceInputManagerWrapper: VoiceInputManagerWrapper.shutdownVoiceInternal():148 shutdownVoiceInternal()
02-21 10:37:07.871  3800  3800 W NotificationCenter: NotificationCenter.unregisterListener():480 Listener iqs@d76778b was not registered for notification class ojp
02-21 10:37:08.138  5106  5553 D ProfileInstaller: Installing profile for com.oplus.camera
02-21 10:37:08.161  4753  5294 D CommonApp-321-10114: transport layer data is invalid
02-21 10:37:08.166  4753  5294 D CommonApp-321-10431: transport layer data is invalid
02-21 10:37:08.532 11902 11902 D BoundBrokerSvc: onUnbind: Intent { act=com.google.android.gms.common.telemetry.service.START dat=chimera-action:/... cmp=com.google.android.gms/.chimera.PersistentApiService mCallingUid=10116 }
02-21 10:37:08.656  1901  2018 D BatteryChargeControl: bcc get no support from charging protocol
02-21 10:37:08.845 12851 21289 D ShellSubscriberWorkerThread: the first 8 bytes empty, and RestData length > 8 
02-21 10:37:09.075  4382  4406 I SystemUi--QuickSettings: OplusFgsManagerController-->onForegroundStateChanged: com.pandavpn.androidproxy 0 true 2
02-21 10:37:09.075  4382  4406 I SystemUi--QuickSettings: OplusFgsManagerController-->onForegroundStateChanged numPackagesAfter: 2
02-21 10:37:09.080  3348  3644 D NotificationService--NotificationRecord: isSupportRearLight , isRearLight = false mLedRM = false isMultilLed = false
02-21 10:37:09.082  3348  3644 I OplusStatusBarManagerServiceEnhance:  getTopIsFullscreen mTopIsFullscreen: false
02-21 10:37:09.083  3348  3348 D NotificationService--OplusNotificationManagerServiceExtImpl: isForwardToAssistants: true, case : Is local notification
02-21 10:37:09.083  3348  3348 D NotificationService: This application enqueue notifications is need postDelayed mcsAssistantDelayTime: 200
02-21 10:37:09.106  4382  4382 E LockScreenNotificationDispatcherImp: updateNotificationListOnKg size:0
02-21 10:37:09.107  4382  4382 I SystemUi--Notification: LockScreenNotificationDispatcherImp-->updateNotificationListOnKg resultCode: 0
02-21 10:37:09.185  4753  5294 D CommonApp-321-10114: transport layer data is invalid
02-21 10:37:09.186  4753  5294 D CommonApp-321-10431: transport layer data is invalid
02-21 10:37:09.300  3348  8057 D NotificationService--OplusNavigationManager: Notification--isSuppressedByDriveMode--userId:-1,mode:false
02-21 10:37:09.308  4382  4382 E LockScreenNotificationDispatcherImp: updateNotificationListOnKg size:0
02-21 10:37:09.308  4382  4382 I SystemUi--Notification: LockScreenNotificationDispatcherImp-->updateNotificationListOnKg resultCode: 0
02-21 10:37:09.334  4382  4643 D LocalImageResolver: Couldn't use ImageDecoder for drawable, falling back to non-resized load.
02-21 10:37:09.339  4382  4382 D OplusNotificationDateTimeView: setTime mSettingTimeMillis 1771652229073, mSettingLocalDateTime 2026-02-21T10:37:00.073
02-21 10:37:09.349  4382  4643 D LocalImageResolver: Couldn't use ImageDecoder for drawable, falling back to non-resized load.
02-21 10:37:09.353  4382  4382 D OplusNotificationDateTimeView: setTime mSettingTimeMillis 1771652229073, mSettingLocalDateTime 2026-02-21T10:37:00.073
02-21 10:37:09.361  4382  4382 E ContrastColorUtil: background can not be translucent: #cc212121
02-21 10:37:09.364  4382  4382 E ContrastColorUtil: background can not be translucent: #cc212121
02-21 10:37:09.366  4382  4382 E ContrastColorUtil: background can not be translucent: #cc212121
02-21 10:37:09.366  4382  4382 E ContrastColorUtil: background can not be translucent: #cc212121
02-21 10:37:09.367  4382  4382 E ContrastColorUtil: background can not be translucent: #cc212121
02-21 10:37:09.368  4382  4382 E ContrastColorUtil: background can not be translucent: #cc212121
02-21 10:37:09.368  4382  4382 E ContrastColorUtil: background can not be translucent: #cc212121
02-21 10:37:09.369  4382  4382 E ContrastColorUtil: background can not be translucent: #cc212121
02-21 10:37:09.370  4382  4382 E ContrastColorUtil: background can not be translucent: #cc212121
02-21 10:37:09.370  4382  4382 E ContrastColorUtil: background can not be translucent: #cc212121
02-21 10:37:09.371  4382  4382 E ContrastColorUtil: background can not be translucent: #cc212121
02-21 10:37:09.372  4382  4382 E ContrastColorUtil: background can not be translucent: #cc212121
02-21 10:37:09.373  4382  4382 E ContrastColorUtil: background can not be translucent: #cc212121
02-21 10:37:09.374  4382  4382 E ContrastColorUtil: background can not be translucent: #cc212121
02-21 10:37:09.375  4382  4382 E ContrastColorUtil: background can not be translucent: #cc212121
02-21 10:37:09.376  4382  4382 E ContrastColorUtil: background can not be translucent: #cc212121
02-21 10:37:09.379  4382  4382 E LockScreenNotificationDispatcherImp: updateNotificationListOnKg size:0
02-21 10:37:09.379  4382  4382 I SystemUi--Notification: LockScreenNotificationDispatcherImp-->updateNotificationListOnKg resultCode: 0
02-21 10:37:09.521  3348  4177 D OplusWifiPowerWakeupStats: wakeupType =  1*;*9*.*6*.*.*1*;*3*3*2*4*0*0*2*1*5*5*;*
02-21 10:37:09.523  3348  4177 D OplusWifiPower_WakeupIp: null(192.168.0.***) wakeup host
02-21 10:37:09.535  3348  4060 D WifiStaIfaceHidlImpl: getCachedScanData is not implemented by HIDL
02-21 10:37:09.541  3348  4208 D OplusGameFirstManager: oldAverRssi=-65,rssi=-70,newAverRssi=-66
02-21 10:37:09.544  4768  4768 I QImsService: OplusWifiApmStateMgr : onReceive,wifiSignal: -70
02-21 10:37:09.546  4910  4910 D VendorWifiService: onEvent event:9,action:1
02-21 10:37:09.550  4382  4495 D WifiStatusTracker: mNetworkCallback onCapabilitiesChanged network:321 mPrimaryNetworkId:321
02-21 10:37:09.551  4382  4539 D WifiPickerTracker: handleNetworkCapabilitiesChanged network:321
02-21 10:37:09.553  4382  4539 I WifiPickerTracker: wifi connected status realConnectedWifiEntry not null: true
02-21 10:37:09.554  3348  4178 D SystemNetworkObserver: wifi network 321 nc changed, primary=true
02-21 10:37:09.555  3348  4178 D SystemNetworkObserver: default network nc changed 321
02-21 10:37:09.557  4382  4382 I SystemUi--Statusbar: WifiViewModel-->wifiIcon icon:Wifi three bars. isDefault:true alwaysShowIconIfEnabled:false
02-21 10:37:09.558  4382  4495 I SystemUi--Statusbar: NetworkController.WifiSignalController-->handleStatusUpdated state=3 enabled=true connected=true isDefaultNetwork=true rssi=-70 level=3 statusLabel=null isDirty=false
02-21 10:37:09.564 11902 11902 D BoundBrokerSvc: onRebind: Intent { act=com.google.android.gms.common.telemetry.service.START dat=chimera-action:/... cmp=com.google.android.gms/.chimera.PersistentApiService mCallingUid=10116 }
02-21 10:37:09.568  4910  5158 D SubsysEventListenerManager: onCapabilitiesChanged
02-21 10:37:09.568  4910  5158 D DataStateTracker: getCurDataChannel, channel:1
02-21 10:37:09.569  3348  4208 D OplusSlaNetworkManager: isPrimaryWifi:false network:319
02-21 10:37:09.574  4382  4495 I SystemUi--Statusbar: NetworkController.WifiSignalController-->handleStatusUpdated state=3 enabled=true connected=true isDefaultNetwork=true rssi=-70 level=3 statusLabel=null isDirty=false
02-21 10:37:09.575  6505  6645 I BugleRcsEngine: handleMessage processing message:[NOTIFY_UPTIME_IGNORE_STATE_CHANGED] with [non-null]:RcsEngineImpl reference [CONTEXT log_prefix="RcsEngineImpl[DUAL_REG]:[996c9bd4-2ee8]>Handler" thread_id=5970 ]
02-21 10:37:09.575  6505  6632 I BugleRcsEngine: Connected state: [1], networkType: [WIFI] [CONTEXT thread_id=5966 ]
02-21 10:37:09.577 14338 14411 D WM-WorkConstraintsTrack: NetworkRequestConstraintController onCapabilitiesChanged callback
02-21 10:37:09.577  4646 21816 E PhoneInterfaceManager: getCarrierPrivilegeStatusForUid: Invalid subId
02-21 10:37:09.577  4733  6563 D QCNEJ/NativeHalConnector: -> SND notifyDefaultNetworkChanged(1)
02-21 10:37:09.578  6505  6645 I BugleRcsEngine: No RCS Configuration was found in Bugle for simID: redacted-pii:sim_id[chars:0,last3:] [CONTEXT log_prefix="ProvisioningEngineDataRetriever" thread_id=5970 ]
02-21 10:37:09.579 11902  3432 I NearbyMediums: [WifiNetworkV2] defaultNetworkCallback onCapabilitiesChanged network:319 [ WIFI VPN ] isNonBypassable:true
02-21 10:37:09.658  1901  2018 D BatteryChargeControl: bcc get no support from charging protocol
02-21 10:37:09.737  3348  3561 I system_server: Background young concurrent mark compact GC freed 22MB AllocSpace bytes, 30(600KB) LOS objects, 16% free, 121MB/144MB, paused 5.010ms,3.928ms total 106.113ms
02-21 10:37:10.052  1696  2174 I sensors-hal: handle_sns_client_event:101, device_orient_event: ts=756604914832405, type=0,count = 18338
02-21 10:37:10.056  3348  3626 D WindowManager: rotation(ROTATION_0) no changed  displayId = 0, lastOrientation = 1
02-21 10:37:10.208  4753  5294 D CommonApp-321-10114: transport layer data is invalid
02-21 10:37:10.208  4753  5294 D CommonApp-321-10431: transport layer data is invalid
02-21 10:37:10.531 11902 11902 D BoundBrokerSvc: onUnbind: Intent { act=com.google.android.gms.common.telemetry.service.START dat=chimera-action:/... cmp=com.google.android.gms/.chimera.PersistentApiService mCallingUid=10116 }
02-21 10:37:10.554  3348  4381 I [UAH_CLIENT]: UahEventAcquire, cmdid:37, pkg:none, identity:OplusUAwareInputHelper
02-21 10:37:10.554  3348  4027 D PowerManagerService: userActivityNoUpdateLocked: groupId=0, eventTime=448958161, event=touch, flags=0x0, uid=1000
02-21 10:37:10.554  2955  2955 V AutofillManager: requestHideFillUi(null): anchor = null
02-21 10:37:10.554  1988  2424 D VRR [OTI]: handleIdle from 1 to 0
02-21 10:37:10.554  1988  2424 D VRR [OTI-HW]: isStateReady 0
02-21 10:37:10.554  1988  2424 D VRR [OTI-HW]: rate range: min {id=1, hwcId=1, resolution=1080x2412, vsyncRate=60.00 Hz, dpi=391.89x392.72, group=0, vrrConfig=N/A} cur {id=0, hwcId=0, resolution=1080x2412, vsyncRate=120.00 Hz, dpi=391.89x392.72, group=0, vrrConfig=N/A} max {id=0, hwcId=0, resolution=1080x2412, vsyncRate=120.00 Hz, dpi=391.89x392.72, group=0, vrrConfig=N/A}
02-21 10:37:10.554  1988  2424 D VRR [OTI-HW]: keep rate.
02-21 10:37:10.554  1988  2424 D VRR [OTI-ADFR]: cvtTargetRate change from 60 to 0
02-21 10:37:10.554  1988  2424 I VRR [CVT]: setFrameRate with [0, oti-adfr]
02-21 10:37:10.554  1988  2424 D VRR [OplusVSyncPredictor]: setCvtRefreshRate (0), Period (8333333)
02-21 10:37:10.554  1988  2424 D VRR-[OPlusRefreshRateSelector]: OSyncModes add size is 1.
02-21 10:37:10.555  1988  2424 I VRR-[OPlusRefreshRateSelector]: setIdleModeExternal success, idle fps: 0
02-21 10:37:10.555  1988  2403 D VRR-[OPlusRefreshRateSelector]: handleSetHWCOSync
02-21 10:37:10.555  1988  2403 D VRR-[OPlusRefreshRateSelector]: OSyncModes remaining size is 0.
02-21 10:37:10.555  1988  2403 D VRR-[OPlusRefreshRateSelector]: SetHWCOSync with 5CC20080
02-21 10:37:10.556  3348  4195 D OGG_Detector: D:done mCurrStatus: 0
02-21 10:37:10.556  1771  2242 I SDM     : DisplayBuiltIn::SetQSyncMode: VRR + qsync minfps change to: 12714112 00C20080
02-21 10:37:10.556  1771  2242 I SDM     : HWDeviceDRM::OPlusSetQSyncMinFps: VRR +  OPlusSetQSyncMinFps: 12714112
02-21 10:37:10.556  1771  2242 I SDM     : HWDeviceDRM::OPlusSetQSyncMinFpsUpdate: VRR +  OPlusSetQSyncMinFpsUpdate: 1
02-21 10:37:10.556  1771  2242 I SDM     : HWDeviceDRM::OPlusGetQSyncMinFps: VRR +  OPlusGetQSyncMinFps: 12714112
02-21 10:37:10.556  1771  2242 I SDM     : DisplayBuiltIn::SetQSyncMode: VRR + update qsync mode 0 minfps 00C20080
02-21 10:37:10.556  1771  2242 I SDM     : HWDeviceDRM::OPlusIsQSyncMinFpsForAuto: VRR +  OPlusIsQSyncMinFpsForAuto: 1
02-21 10:37:10.556  1771  2242 I SDM     : DisplayBuiltIn::SetQSyncMode: VRR + needs_avr_update_ 0
02-21 10:37:10.556  1771  2242 I SDM     : DisplayBuiltIn::SetQSyncMode: Qsync mode set to 0 successfully
02-21 10:37:10.557  3348  4381 D UAH-UahAdaptHelper: adaptSetNotification identity = OplusUAwareInputHelpersrc = 1000 , type 0 ,p1 = -1 ,p2 = -1 ,p3 = -1 ,p4 =
02-21 10:37:10.557  3348  4381 I [UAH_CLIENT]: uahRuleCtl, ruleId:1000, status:0
02-21 10:37:10.568  1771  1912 I SDM     : HWDeviceDRM::OPlusGetQSyncMinFpsUpdate: VRR +  OPlusGetQSyncMinFpsUpdate: 1
02-21 10:37:10.568  1771  1912 I SDM     : HWDeviceDRM::OPlusIsQSyncMinFpsForAuto: VRR +  OPlusIsQSyncMinFpsForAuto: 1
02-21 10:37:10.568  1771  1912 I SDM     : HWDeviceDRM::OPlusGetQSyncMinFps: VRR +  OPlusGetQSyncMinFps: 12714112
02-21 10:37:10.655  3348  4027 D PowerManagerService: userActivityNoUpdateLocked: groupId=0, eventTime=448958265, event=touch, flags=0x0, uid=1000
02-21 10:37:10.662  1901  2018 D BatteryChargeControl: bcc get no support from charging protocol
02-21 10:37:10.671  3348  4381 I [UAH_CLIENT]: UahEventAcquire, cmdid:68, pkg:none, identity:OplusUAwareInputHelper
02-21 10:37:10.687  4382  4495 I SystemUi--Statusbar: OplusNetworkSpeedControllExImpl-->updateNetworkSpeed: isConnected:true,isSwitchOn:true
02-21 10:37:10.690  4382  4495 I SystemUi--Statusbar: OplusNetworkSpeedControllExImpl-->getTotalByte: totalRxBytes:32465973120,totalTxBytes:7410936229,loopbackTxBytes:1174584381,loopbackRxBytes:1174583661 ,totalBytes:37527741307
02-21 10:37:10.760  3348  4027 D PowerManagerService: userActivityNoUpdateLocked: groupId=0, eventTime=448958370, event=touch, flags=0x0, uid=1000
02-21 10:37:10.777 12851 21289 D ShellSubscriberWorkerThread: the first 8 bytes empty, and RestData length > 8 
02-21 10:37:10.842  3348  4381 D UAH-UahAdaptHelper: adaptSetNotification identity = OplusUAwareInputHelpersrc = 1000 , type 1 ,p1 = -1 ,p2 = -1 ,p3 = -1 ,p4 =
02-21 10:37:10.842  3348  4381 I [UAH_CLIENT]: uahRuleCtl, ruleId:1000, status:1
02-21 10:37:10.843  2955  2955 D ViewRootImplExtImpl: the up motion event handled by client, just return
02-21 10:37:10.843  3348  4381 I [UAH_CLIENT]: UahRelease, handle:652612
02-21 10:37:10.844  3348  4381 I [UAH_CLIENT]: UahEventAcquire, cmdid:6, pkg:none, identity:OplusUAwareInputHelper
02-21 10:37:11.038  3348  4177 D OplusWifiPowerWakeupStats: wakeupType =  1*;*3*.*4*1*5*1*4*5*5*;*9*.*6*.*.*0*;*4*0*;*
02-21 10:37:11.041  3348  4177 D OplusWifiPower_WakeupIp: com.pandavpn.androidproxy(139.64.165.***) wakeup host
02-21 10:37:11.233  4753  5294 D CommonApp-321-10114: transport layer data is invalid
02-21 10:37:11.233  4753  5294 D CommonApp-321-10431: transport layer data is invalid
