02-21 10:36:49.175  3348  4002 I WindowManager: addWindow: New client android.os.BinderProxy@4b49fd5 : window=Window{d5923ea u0 skuSecurityPopupWindow}
02-21 10:36:49.185  3348  3983 V WindowManager: Relayout Window{d5923ea u0 skuSecurityPopupWindow}: viewVisibility=0, oldvis=4, req=120x176, vsysui=, x=586, y=1711
02-21 10:36:49.185  3348  3983 I WindowManager: Window{d5923ea u0 skuSecurityPopupWindow} state from NO_SURFACE to DRAW_PENDING; reason: resetDrawState
02-21 10:36:49.193  4382  4445 D WindowManagerShell: onKeepClearAreasChanged: restricted={}, unrestricted={Rect(0, 1404 - 1080, 2412), Rect(586, 1807 - 706, 1983)}
02-21 10:36:49.193  3348  3983 D WindowManager: NFW_findFocusedWindowIfNeeded:Window{4067f2e u0 com.renderflow.app/com.renderflow.app.MainActivity} mCurrentFocus:Window{4067f2e u0 com.renderflow.app/com.renderflow.app.MainActivity}
02-21 10:36:49.195  3348  3848 D CoreBackPreview: Window{d5923ea u0 skuSecurityPopupWindow}: Setting back callback OnBackInvokedCallbackInfo{mCallback=android.window.IOnBackInvokedCallback$Stub$Proxy@91b8b54, mPriority=0, mIsAnimationCallback=false}
02-21 10:36:49.203  3348  3847 I WindowManager: Window{d5923ea u0 skuSecurityPopupWindow} state from DRAW_PENDING to COMMIT_DRAW_PENDING; reason: finishDrawingLocked
02-21 10:36:49.206  3348  3629 I WindowManager: Window{d5923ea u0 skuSecurityPopupWindow} state from COMMIT_DRAW_PENDING to READY_TO_SHOW; reason: commitFinishDrawingLocked
02-21 10:36:49.206  3348  3629 I WindowManager: Window{d5923ea u0 skuSecurityPopupWindow} state from READY_TO_SHOW to HAS_DRAWN; reason: performShowLocked
02-21 10:36:49.209  3348  3629 I OplusScreenSecurityMask: add WindowsName list: Window{d5923ea u0 skuSecurityPopupWindow} list size: 2 isFromSetSecure: false , surfaceShown = true , displayId = 0
02-21 10:36:49.209  3348  3629 I OplusScreenSecurityMask: onSecurityPageFlagChanged size: 0 , surfaceShown = true , displayId = 0
02-21 10:36:49.217  3348  3629 D VRR [OPlusRefreshRatePolicy]: setRefreshRatePolicy policy=POLICY_SYSTEM, refreshRate=120, statusOn=false
02-21 10:36:49.218  3348  3629 D VRR [OPlusRefreshRatePolicy]: setRefreshRatePolicy policy=POLICY_SYSTEM, refreshRate=60, statusOn=true
02-21 10:36:49.218  3348  3629 D RefreshRate: Refresh rate changing from 120.0 to 60.000004,maxRefreshRate=60.000004 FOR:{
02-21 10:36:49.218  3348  3629 D RefreshRate:     | COURSE[ ;ime show rateId:2 ;win name:com.renderflow.app/com.renderflow.app.MainActivity]
02-21 10:36:49.218  3348  3629 D RefreshRate:     | VOTES[PRIORITY_WINDOW_REQUEST -> Vote{mRefreshRate=60.0, mMinRefreshRate=60.0, mRequestSource=null};]
02-21 10:36:49.218  3348  3629 D RefreshRate:     | TIME:2026-02-21 05:36:49}
02-21 10:36:49.218  3348  3629 D DisplayModeDirector: setAppRequest displayId : 0  modeId: 2  requestedRefreshRate: 0.0  requestedMinRefreshRateRange: 0.0  requestedMaxRefreshRateRange: 60.000004
02-21 10:36:49.219  3348  3628 D DisplayManagerServiceExtImpl: scheduleTraversalLocked intraversal=false
02-21 10:36:49.219  3348  3628 D DisplayManagerService: MSG_REQUEST_TRAVERSAL pendingCompleted=false
02-21 10:36:49.221  3348  3629 D DisplayManagerService: performTraversalInternal pendingTraversal
02-21 10:36:49.221  3348  3629 D DisplayDevice: setLayerStackLocked id=local:4630946358012694402 token=android.os.BinderProxy@95c593a stack=0->0
02-21 10:36:49.221  3348  3676 D LocalDisplayAdapter: setDesiredDisplayModeSpecsAsync: display unique id = local:4630946358012694402, display mode specs = defaultMode=1 allowGroupSwitching=false primaryRanges=physical: (0.0 120.00001) render:  (0.0 60.000004) appRequestRanges=physical: (0.0 120.00001) render:  (0.0 60.000004) idleScreenRefreshRate=null
02-21 10:36:49.229  3348  3628 I DisplayDeviceRepository: Display device changed render timings: "Built-in Screen", renderFrameRate=60.000004, presentationDeadlineNanos=16666666, appVsyncOffsetNanos=1000000
02-21 10:36:49.229  3348  3628 D LogicalDisplayExt: set displayInfo flag FLAG_ROTATES_WITH_CONTENT
02-21 10:36:49.231  3348  3628 D DisplayManagerServiceExtImpl: scheduleTraversalLocked intraversal=false
02-21 10:36:49.231  3348  3628 I DisplayManagerServiceExtImpl: handle logical display changed logicalDisplay=id=0,stack=0,content=true,displayInfo{stack=0,type=1,id=0,uId=local:4630946358012694402,state=ON,pkg=null}
02-21 10:36:49.231  3348  3628 D DisplayManagerService: Delivering display event: displayId=0, event=CHANGED
02-21 10:36:49.232  3348  3668 D BrightnessThermalClamper: Thermal status observer already started
02-21 10:36:49.232  3348  3668 D BrightnessPowerClamper: Power throttling data is missing for configuration data.
02-21 10:36:49.237  3348  3626 D OplusVFXScreenEffectFeature: notifySFCompatWindowStateChange entered false
02-21 10:36:49.237  3348  3626 D FSS_FoldScreenBlackCoverController: displayChangeToOn, dc:Display{#0 state=ON size=1080x2412 ROTATION_0}
02-21 10:36:49.237  4225  4225 D CastManagerService: onDisplayChanged.
02-21 10:36:49.239  3348  3626 D DisplayManagerService: performTraversalInternal pendingTraversal
02-21 10:36:49.239  3348  3626 D DisplayDevice: setLayerStackLocked id=local:4630946358012694402 token=android.os.BinderProxy@95c593a stack=0->0
02-21 10:36:49.240  3348  3628 D DisplayManagerService: MSG_REQUEST_TRAVERSAL pendingCompleted=false
02-21 10:36:49.250  3348  4027 D PowerManagerService: userActivityNoUpdateLocked: groupId=0, eventTime=448936861, event=touch, flags=0x0, uid=1000
02-21 10:36:49.251  3348  3704 D OplusDexOptimizeManager: packageName: com.renderflow.app Dexopt state is: run-from-apk
02-21 10:36:49.251  3348  3704 D OplusDexOptimizeManager:  already try twice,no more repair-dex: com.renderflow.app
02-21 10:36:49.259  3602  3602 D LinearmotorVibrator: vibrate: effect=WaveformEffect { deb07d, effectType=490, effectStrength=-1, effectLoop=false, ringtoneVibrateType=-1, isRingtoneCustomized=false, ringtoneFilePath=, strengthSettingEnabled=true, asynchronous=false, usageHint=0 }
02-21 10:36:49.259  3348  3848 I VibratorManagerServiceExtImpl: vibrate is uid=10190, pid=3602, opPkg=com.oplus.securitykeyboard, effect=Mono{mEffect=Composed{segments=[OplusVibrationEffectSegment{mEffectId=490, mEffectStrength=-1, mRingtonePath=''}], repeat=-1}}, attributes=VibrationAttributes{mUsage=UNKNOWN, mAudioUsage= USAGE_UNKNOWN, mCategory=UNKNOWN, mFlags=0}, reason=null, token=122918034
02-21 10:36:49.260  3348  3847 V AutofillSession: updateLocked(836895057): id=1073741834@836895057, action=VALUE_CHANGED, flags=128
02-21 10:36:49.260  3348  3847 V AutofillSession: updateLocked(836895057): mCurrentViewId=1073741834@836895057, mExpiredResponse=false, viewState=ViewState: [id=1073741834@836895057, state:FILLABLE|INLINE_SHOWN, currentValue:[type=1, value=0_chars]]
02-21 10:36:49.260  3348  3847 D AutofillInlineSuggestionsRequestSession: onInlineSuggestionsResponseLocked called for:1073741834@836895057
02-21 10:36:49.260  3348  3847 V AutofillInlineSuggestionsRequestSession: maybeUpdateResponseToImeLocked called
02-21 10:36:49.260  3348  3988 W VibrationScaler: Got unexpected vibration intensity: 2400
02-21 10:36:49.261  3348  3988 E VibrationScaler: No configured scaling level found! (current=2400, default= 2)
02-21 10:36:49.261  3348  3988 D VibrationThread: Perform OplusPrebakedSegment{mWaveformId=1(65537), mDuration=35, mEffectStrength=2400, mDefaultUsage=TOUCH} on vibrator 0
02-21 10:36:49.272  3348  3847 V WindowManager: Relayout Window{d5923ea u0 skuSecurityPopupWindow}: viewVisibility=0, oldvis=0, req=120x176, vsysui=, x=60, y=1564
02-21 10:36:49.275  4382  4445 D WindowManagerShell: onKeepClearAreasChanged: restricted={}, unrestricted={Rect(0, 1404 - 1080, 2412), Rect(60, 1660 - 180, 1836)}
02-21 10:36:49.279  3348  3676 D VRR [OPlusRefreshRateService]: handleConfigIdChange physicalDisplayId: 4630946358012694402 configId: 1 renderPeriod: 16666666
02-21 10:36:49.279  3348  3676 D VRR [OPlusSAManager]: updateModeChange old modeId [ 0 ] -> new modeId [ 1 ] mCurPolicy: 1
02-21 10:36:49.279  3348  3676 D VRR [OPlusSAManager]: updateSAScene active modeId: 1
02-21 10:36:49.279  3348  3676 D VRR [OPlusSAManager]: updateSAScene current policy: 1 active modeId: 1 scene: VRR_60
02-21 10:36:49.279  3348  3676 D VRR [OPlusOAManager]: Not OA business! new modeId: [1] active modeId: [0]
02-21 10:36:49.280  3348  3676 D VRR [OPlusGameStatusManager]: updateGameState mOSyncFeatureSwitch: false mIsGamePolicy: false
02-21 10:36:49.280  3348  3676 D VRR [OPlusGameStatusManager]: setLTMStatus false curPkgName: com.renderflow.app curr status: false HeartStop: false HeartStopFromTGPA: false ActiveFPS: 60.000004
02-21 10:36:49.280  3348  3676 D VRR [OPlusGameStatusManager]: updateGameAccelerationStatus pkgName: com.renderflow.app mOSyncFeatureSwitch: false mIsGamePolicy: false mHeartStop: false mHasFlickerRisk: false mForceAcceleration: false mToastReady: false enable: false
02-21 10:36:49.280  3348  3676 D VRR [OPlusGameStatusManager]: updateToastStatus enableAcceleration: false toastReady: false isGamePolicy: false desiredModeId: 1
02-21 10:36:49.280  3348  3676 D VRR [OPlusGameStatusManager]: updateToastStatus enableAcceleration: false toastReady: false isGamePolicy: false desiredModeId: 1
02-21 10:36:49.330  3348  3676 D VRR [OPlusSAManager]: setSAConfig scene: VRR_60 modeId: 1 auto: false fakeFrame: false
02-21 10:36:49.330  3348  3676 D VRR [OPlusSAManager]: updateAutoMinfps with nits: 0.0, mHistOK true, mAmbientOK true, mCctOK true, mIrOK true, mBrightnessOK true, isPkgOK true, SA min fps: 3
02-21 10:36:49.330  3348  3676 D VRR [OPlusSurfaceFlingerController]: setAutoMode enable: false fakeFrame: false fps: 3
02-21 10:36:49.355  3348  4027 D PowerManagerService: userActivityNoUpdateLocked: groupId=0, eventTime=448936966, event=touch, flags=0x0, uid=1000
02-21 10:36:49.358  3348  3981 V AutofillSession: updateLocked(836895057): id=1073741834@836895057, action=VALUE_CHANGED, flags=128
02-21 10:36:49.358  3348  3981 V AutofillSession: updateLocked(836895057): mCurrentViewId=1073741834@836895057, mExpiredResponse=false, viewState=ViewState: [id=1073741834@836895057, state:CHANGED|FILLABLE|INLINE_SHOWN, currentValue:[type=1, value=1_chars]]
02-21 10:36:49.358  3348  3981 D AutofillInlineSuggestionsRequestSession: onInlineSuggestionsResponseLocked called for:1073741834@836895057
02-21 10:36:49.358  3348  3981 V AutofillInlineSuggestionsRequestSession: maybeUpdateResponseToImeLocked called
02-21 10:36:49.446  3348  3847 V WindowManager: Relayout Window{d5923ea u0 skuSecurityPopupWindow}: viewVisibility=4, oldvis=0, req=120x176, vsysui=
02-21 10:36:49.447  3348  3847 I OplusScreenSecurityMask: remove WindowsName list: Window{d5923ea u0 skuSecurityPopupWindow} list size: 1 isFromSetSecure: false , surfaceShown = false , displayId = 0
02-21 10:36:49.447  3348  3847 I WindowManager: Window{d5923ea u0 skuSecurityPopupWindow} state from HAS_DRAWN to NO_SURFACE; reason: destroySurface
02-21 10:36:49.452  3348  3847 D WindowManager: NFW_findFocusedWindowIfNeeded:Window{4067f2e u0 com.renderflow.app/com.renderflow.app.MainActivity} mCurrentFocus:Window{4067f2e u0 com.renderflow.app/com.renderflow.app.MainActivity}
02-21 10:36:49.453  4382  4445 D WindowManagerShell: onKeepClearAreasChanged: restricted={}, unrestricted={Rect(0, 1404 - 1080, 2412)}
02-21 10:36:49.511  3348  5111 D ActivityTaskManager: Skipping, invisible task: Task{fc9e519 #5 type=home I=com.android.launcher/.Launcher}
02-21 10:36:49.511  3348  5111 D ActivityTaskManager: pre-Filtered:com.renderflow.app # com.oppo.quicksearchbox # com.google.android.googlequicksearchbox # 
02-21 10:36:49.511  3348  5111 D ActivityTaskManager: after skip size 3
02-21 10:36:49.514  3348  5111 E OplusAthenaAm: AthenaAmManagerInternal transact code hello:6,flags:0
02-21 10:36:49.514  3348  5111 E OplusAthenaAm: AthenaAmManagerInternal transact code hello:7,flags:0
02-21 10:36:49.518  3348  5111 E OplusAthenaAm: AthenaAmManagerInternal transact code hello:4,flags:0
02-21 10:36:49.518  3348  5111 E OplusAthenaAm: AthenaAmManagerInternal transact code hello:4,flags:0
02-21 10:36:49.518  3348  5111 E OplusAthenaAm: AthenaAmManagerInternal transact code hello:4,flags:0
02-21 10:36:49.554  3348  3981 I ActivityManager: Death received, pid = 3611, processName = com.anthropic.claude for thread android.os.BinderProxy@f181c68
02-21 10:36:49.555  3348  4477 I ActivityManager: Process com.anthropic.claude (pid 3611) has died: prcl TRNB
02-21 10:36:49.571  3348  3626 D DisplayManagerService: Drop pending events for gone uid 10345
02-21 10:36:49.728 22939 22939 W AnrLogEnhancementHelperImpl: app side detected 22939 dynamic_receiver cost time = 1294
02-21 10:36:49.823  3348  4027 D PowerManagerService: userActivityNoUpdateLocked: groupId=0, eventTime=448937431, event=touch, flags=0x0, uid=1000
02-21 10:36:49.824  3602  3602 D LinearmotorVibrator: vibrate: effect=WaveformEffect { b1bbc40, effectType=490, effectStrength=-1, effectLoop=false, ringtoneVibrateType=-1, isRingtoneCustomized=false, ringtoneFilePath=, strengthSettingEnabled=true, asynchronous=false, usageHint=0 }
02-21 10:36:49.825  3348  8026 I VibratorManagerServiceExtImpl: vibrate is uid=10190, pid=3602, opPkg=com.oplus.securitykeyboard, effect=Mono{mEffect=Composed{segments=[OplusVibrationEffectSegment{mEffectId=490, mEffectStrength=-1, mRingtonePath=''}], repeat=-1}}, attributes=VibrationAttributes{mUsage=UNKNOWN, mAudioUsage= USAGE_UNKNOWN, mCategory=UNKNOWN, mFlags=0}, reason=null, token=122918034
02-21 10:36:49.828  3348  3988 W VibrationScaler: Got unexpected vibration intensity: 2400
02-21 10:36:49.828  3348  3988 E VibrationScaler: No configured scaling level found! (current=2400, default= 2)
02-21 10:36:49.828  3348  3988 D VibrationThread: Perform OplusPrebakedSegment{mWaveformId=1(65537), mDuration=35, mEffectStrength=2400, mDefaultUsage=TOUCH} on vibrator 0
02-21 10:36:49.831  3348  3676 D VRR [OPlusSAManager]: updateAutoMinfps with nits: 0.0, mHistOK true, mAmbientOK true, mCctOK true, mIrOK true, mBrightnessOK true, isPkgOK true, SA min fps: 3
02-21 10:36:49.831  3348  3676 D VRR [OPlusSurfaceFlingerController]: setAutoMode enable: false fakeFrame: false fps: 3
02-21 10:36:49.849  3348  8026 V WindowManager: Relayout Window{d5923ea u0 skuSecurityPopupWindow}: viewVisibility=0, oldvis=4, req=120x176, vsysui=, x=691, y=1711
02-21 10:36:49.849  3348  8026 I WindowManager: Window{d5923ea u0 skuSecurityPopupWindow} state from NO_SURFACE to DRAW_PENDING; reason: resetDrawState
02-21 10:36:49.853  3348  8026 D WindowManager: NFW_findFocusedWindowIfNeeded:Window{4067f2e u0 com.renderflow.app/com.renderflow.app.MainActivity} mCurrentFocus:Window{4067f2e u0 com.renderflow.app/com.renderflow.app.MainActivity}
02-21 10:36:49.853  4382  4445 D WindowManagerShell: onKeepClearAreasChanged: restricted={}, unrestricted={Rect(0, 1404 - 1080, 2412), Rect(691, 1807 - 811, 1983)}
02-21 10:36:49.859  3348  8026 I WindowManager: Window{d5923ea u0 skuSecurityPopupWindow} state from DRAW_PENDING to COMMIT_DRAW_PENDING; reason: finishDrawingLocked
02-21 10:36:49.864  3348  3629 I WindowManager: Window{d5923ea u0 skuSecurityPopupWindow} state from COMMIT_DRAW_PENDING to READY_TO_SHOW; reason: commitFinishDrawingLocked
02-21 10:36:49.864  3348  3629 I WindowManager: Window{d5923ea u0 skuSecurityPopupWindow} state from READY_TO_SHOW to HAS_DRAWN; reason: performShowLocked
02-21 10:36:49.866  3348  3629 I OplusScreenSecurityMask: add WindowsName list: Window{d5923ea u0 skuSecurityPopupWindow} list size: 2 isFromSetSecure: false , surfaceShown = true , displayId = 0
02-21 10:36:49.867  3348  3629 I OplusScreenSecurityMask: onSecurityPageFlagChanged size: 0 , surfaceShown = true , displayId = 0
02-21 10:36:49.914  3348  4683 V AutofillSession: updateLocked(836895057): id=1073741834@836895057, action=VALUE_CHANGED, flags=128
02-21 10:36:49.914  3348  4683 V AutofillSession: updateLocked(836895057): mCurrentViewId=1073741834@836895057, mExpiredResponse=false, viewState=ViewState: [id=1073741834@836895057, state:CHANGED|FILLABLE|INLINE_SHOWN, currentValue:[type=1, value=2_chars]]
02-21 10:36:49.914  3348  4683 D AutofillInlineSuggestionsRequestSession: onInlineSuggestionsResponseLocked called for:1073741834@836895057
02-21 10:36:49.914  3348  4683 V AutofillInlineSuggestionsRequestSession: maybeUpdateResponseToImeLocked called
02-21 10:36:49.995  3348  4683 V WindowManager: Relayout Window{d5923ea u0 skuSecurityPopupWindow}: viewVisibility=4, oldvis=0, req=120x176, vsysui=
02-21 10:36:49.996  3348  4683 I OplusScreenSecurityMask: remove WindowsName list: Window{d5923ea u0 skuSecurityPopupWindow} list size: 1 isFromSetSecure: false , surfaceShown = false , displayId = 0
02-21 10:36:49.996  3348  4683 I WindowManager: Window{d5923ea u0 skuSecurityPopupWindow} state from HAS_DRAWN to NO_SURFACE; reason: destroySurface
02-21 10:36:50.001  3348  4683 D WindowManager: NFW_findFocusedWindowIfNeeded:Window{4067f2e u0 com.renderflow.app/com.renderflow.app.MainActivity} mCurrentFocus:Window{4067f2e u0 com.renderflow.app/com.renderflow.app.MainActivity}
02-21 10:36:50.001  4382  4445 D WindowManagerShell: onKeepClearAreasChanged: restricted={}, unrestricted={Rect(0, 1404 - 1080, 2412)}
02-21 10:36:50.037  3348  4027 D PowerManagerService: userActivityNoUpdateLocked: groupId=0, eventTime=448937648, event=touch, flags=0x0, uid=1000
02-21 10:36:50.037  3602  3602 D LinearmotorVibrator: vibrate: effect=WaveformEffect { 412f6ca, effectType=490, effectStrength=-1, effectLoop=false, ringtoneVibrateType=-1, isRingtoneCustomized=false, ringtoneFilePath=, strengthSettingEnabled=true, asynchronous=false, usageHint=0 }
02-21 10:36:50.038  3348  8026 I VibratorManagerServiceExtImpl: vibrate is uid=10190, pid=3602, opPkg=com.oplus.securitykeyboard, effect=Mono{mEffect=Composed{segments=[OplusVibrationEffectSegment{mEffectId=490, mEffectStrength=-1, mRingtonePath=''}], repeat=-1}}, attributes=VibrationAttributes{mUsage=UNKNOWN, mAudioUsage= USAGE_UNKNOWN, mCategory=UNKNOWN, mFlags=0}, reason=null, token=122918034
02-21 10:36:50.039  3348  3988 W VibrationScaler: Got unexpected vibration intensity: 2400
02-21 10:36:50.039  3348  3988 E VibrationScaler: No configured scaling level found! (current=2400, default= 2)
02-21 10:36:50.039  3348  3988 D VibrationThread: Perform OplusPrebakedSegment{mWaveformId=1(65537), mDuration=35, mEffectStrength=2400, mDefaultUsage=TOUCH} on vibrator 0
02-21 10:36:50.050  3348  8026 V WindowManager: Relayout Window{d5923ea u0 skuSecurityPopupWindow}: viewVisibility=0, oldvis=4, req=120x176, vsysui=, x=795, y=1564
02-21 10:36:50.050  3348  8026 I WindowManager: Window{d5923ea u0 skuSecurityPopupWindow} state from NO_SURFACE to DRAW_PENDING; reason: resetDrawState
02-21 10:36:50.055  3348  8026 D WindowManager: NFW_findFocusedWindowIfNeeded:Window{4067f2e u0 com.renderflow.app/com.renderflow.app.MainActivity} mCurrentFocus:Window{4067f2e u0 com.renderflow.app/com.renderflow.app.MainActivity}
02-21 10:36:50.055  4382  4445 D WindowManagerShell: onKeepClearAreasChanged: restricted={}, unrestricted={Rect(0, 1404 - 1080, 2412), Rect(795, 1660 - 915, 1836)}
02-21 10:36:50.063  3348  8026 I WindowManager: Window{d5923ea u0 skuSecurityPopupWindow} state from DRAW_PENDING to COMMIT_DRAW_PENDING; reason: finishDrawingLocked
02-21 10:36:50.067  3348  3629 I WindowManager: Window{d5923ea u0 skuSecurityPopupWindow} state from COMMIT_DRAW_PENDING to READY_TO_SHOW; reason: commitFinishDrawingLocked
02-21 10:36:50.067  3348  3629 I WindowManager: Window{d5923ea u0 skuSecurityPopupWindow} state from READY_TO_SHOW to HAS_DRAWN; reason: performShowLocked
02-21 10:36:50.077  3348  3629 I OplusScreenSecurityMask: add WindowsName list: Window{d5923ea u0 skuSecurityPopupWindow} list size: 2 isFromSetSecure: false , surfaceShown = true , displayId = 0
02-21 10:36:50.078  3348  3629 I OplusScreenSecurityMask: onSecurityPageFlagChanged size: 0 , surfaceShown = true , displayId = 0
02-21 10:36:50.136  3348  4683 V AutofillSession: updateLocked(836895057): id=1073741834@836895057, action=VALUE_CHANGED, flags=128
02-21 10:36:50.136  3348  4683 V AutofillSession: updateLocked(836895057): mCurrentViewId=1073741834@836895057, mExpiredResponse=false, viewState=ViewState: [id=1073741834@836895057, state:CHANGED|FILLABLE|INLINE_SHOWN, currentValue:[type=1, value=3_chars]]
02-21 10:36:50.136  3348  4683 D AutofillInlineSuggestionsRequestSession: onInlineSuggestionsResponseLocked called for:1073741834@836895057
02-21 10:36:50.136  3348  4683 V AutofillInlineSuggestionsRequestSession: maybeUpdateResponseToImeLocked called
02-21 10:36:50.142  3602  3602 D LinearmotorVibrator: vibrate: effect=WaveformEffect { e07cd04, effectType=490, effectStrength=-1, effectLoop=false, ringtoneVibrateType=-1, isRingtoneCustomized=false, ringtoneFilePath=, strengthSettingEnabled=true, asynchronous=false, usageHint=0 }
02-21 10:36:50.142  3348  4027 D PowerManagerService: userActivityNoUpdateLocked: groupId=0, eventTime=448937752, event=touch, flags=0x0, uid=1000
02-21 10:36:50.142  3348  8026 I VibratorManagerServiceExtImpl: vibrate is uid=10190, pid=3602, opPkg=com.oplus.securitykeyboard, effect=Mono{mEffect=Composed{segments=[OplusVibrationEffectSegment{mEffectId=490, mEffectStrength=-1, mRingtonePath=''}], repeat=-1}}, attributes=VibrationAttributes{mUsage=UNKNOWN, mAudioUsage= USAGE_UNKNOWN, mCategory=UNKNOWN, mFlags=0}, reason=null, token=122918034
02-21 10:36:50.145  3348  3988 W VibrationScaler: Got unexpected vibration intensity: 2400
02-21 10:36:50.145  3348  3988 E VibrationScaler: No configured scaling level found! (current=2400, default= 2)
02-21 10:36:50.145  3348  3988 D VibrationThread: Perform OplusPrebakedSegment{mWaveformId=1(65537), mDuration=35, mEffectStrength=2400, mDefaultUsage=TOUCH} on vibrator 0
02-21 10:36:50.145  3348  4683 V WindowManager: Relayout Window{d5923ea u0 skuSecurityPopupWindow}: viewVisibility=0, oldvis=0, req=120x176, vsysui=, x=60, y=1564
02-21 10:36:50.149  4382  4445 D WindowManagerShell: onKeepClearAreasChanged: restricted={}, unrestricted={Rect(0, 1404 - 1080, 2412), Rect(60, 1660 - 180, 1836)}
02-21 10:36:50.209  3348  8026 V AutofillSession: updateLocked(836895057): id=1073741834@836895057, action=VALUE_CHANGED, flags=128
02-21 10:36:50.210  3348  8026 V AutofillSession: updateLocked(836895057): mCurrentViewId=1073741834@836895057, mExpiredResponse=false, viewState=ViewState: [id=1073741834@836895057, state:CHANGED|FILLABLE|INLINE_SHOWN, currentValue:[type=1, value=4_chars]]
02-21 10:36:50.210  3348  8026 D AutofillInlineSuggestionsRequestSession: onInlineSuggestionsResponseLocked called for:1073741834@836895057
02-21 10:36:50.210  3348  8026 V AutofillInlineSuggestionsRequestSession: maybeUpdateResponseToImeLocked called
02-21 10:36:50.271  3602  3602 D LinearmotorVibrator: vibrate: effect=WaveformEffect { 80b0bb3, effectType=490, effectStrength=-1, effectLoop=false, ringtoneVibrateType=-1, isRingtoneCustomized=false, ringtoneFilePath=, strengthSettingEnabled=true, asynchronous=false, usageHint=0 }
02-21 10:36:50.272  3348  8026 I VibratorManagerServiceExtImpl: vibrate is uid=10190, pid=3602, opPkg=com.oplus.securitykeyboard, effect=Mono{mEffect=Composed{segments=[OplusVibrationEffectSegment{mEffectId=490, mEffectStrength=-1, mRingtonePath=''}], repeat=-1}}, attributes=VibrationAttributes{mUsage=UNKNOWN, mAudioUsage= USAGE_UNKNOWN, mCategory=UNKNOWN, mFlags=0}, reason=null, token=122918034
02-21 10:36:50.273  3348  4027 D PowerManagerService: userActivityNoUpdateLocked: groupId=0, eventTime=448937881, event=touch, flags=0x0, uid=1000
02-21 10:36:50.275  3348  3988 W VibrationScaler: Got unexpected vibration intensity: 2400
02-21 10:36:50.275  3348  3988 E VibrationScaler: No configured scaling level found! (current=2400, default= 2)
02-21 10:36:50.275  3348  3988 D VibrationThread: Perform OplusPrebakedSegment{mWaveformId=1(65537), mDuration=35, mEffectStrength=2400, mDefaultUsage=TOUCH} on vibrator 0
02-21 10:36:50.277  3348  8026 V WindowManager: Relayout Window{d5923ea u0 skuSecurityPopupWindow}: viewVisibility=0, oldvis=0, req=120x176, vsysui=, x=742, y=1417
02-21 10:36:50.280  4382  4445 D WindowManagerShell: onKeepClearAreasChanged: restricted={}, unrestricted={Rect(0, 1404 - 1080, 2412), Rect(742, 1513 - 862, 1689)}
02-21 10:36:50.354  3348  8026 V AutofillSession: updateLocked(836895057): id=1073741834@836895057, action=VALUE_CHANGED, flags=128
02-21 10:36:50.355  3348  8026 V AutofillSession: updateLocked(836895057): mCurrentViewId=1073741834@836895057, mExpiredResponse=false, viewState=ViewState: [id=1073741834@836895057, state:CHANGED|FILLABLE|INLINE_SHOWN, currentValue:[type=1, value=5_chars]]
02-21 10:36:50.355  3348  8026 D AutofillInlineSuggestionsRequestSession: onInlineSuggestionsResponseLocked called for:1073741834@836895057
02-21 10:36:50.355  3348  8026 V AutofillInlineSuggestionsRequestSession: maybeUpdateResponseToImeLocked called
02-21 10:36:50.416  3348  3348 I ServiceConnector.Impl: unbindJobThread: connection = ServiceConnector@849(Intent { act=android.service.autofill.AutofillService cmp=com.google.android.gms/.autofill.service.AutofillService mCallingUid=1000 }, user: 0)[Unbinding...]service = android.service.autofill.IAutoFillService$Stub$Proxy@34526bc mBinding = false
02-21 10:36:50.446  3348  3848 V WindowManager: Relayout Window{d5923ea u0 skuSecurityPopupWindow}: viewVisibility=4, oldvis=0, req=120x176, vsysui=
02-21 10:36:50.447  3348  3848 I OplusScreenSecurityMask: remove WindowsName list: Window{d5923ea u0 skuSecurityPopupWindow} list size: 1 isFromSetSecure: false , surfaceShown = false , displayId = 0
02-21 10:36:50.447  3348  3848 I WindowManager: Window{d5923ea u0 skuSecurityPopupWindow} state from HAS_DRAWN to NO_SURFACE; reason: destroySurface
02-21 10:36:50.452  3348  3848 D WindowManager: NFW_findFocusedWindowIfNeeded:Window{4067f2e u0 com.renderflow.app/com.renderflow.app.MainActivity} mCurrentFocus:Window{4067f2e u0 com.renderflow.app/com.renderflow.app.MainActivity}
02-21 10:36:50.454  4382  4445 D WindowManagerShell: onKeepClearAreasChanged: restricted={}, unrestricted={Rect(0, 1404 - 1080, 2412)}
02-21 10:36:50.617  3602  3602 D LinearmotorVibrator: vibrate: effect=WaveformEffect { 9d1e16e, effectType=490, effectStrength=-1, effectLoop=false, ringtoneVibrateType=-1, isRingtoneCustomized=false, ringtoneFilePath=, strengthSettingEnabled=true, asynchronous=false, usageHint=0 }
02-21 10:36:50.619  3348  4027 D PowerManagerService: userActivityNoUpdateLocked: groupId=0, eventTime=448938225, event=touch, flags=0x0, uid=1000
02-21 10:36:50.619  3348  3848 I VibratorManagerServiceExtImpl: vibrate is uid=10190, pid=3602, opPkg=com.oplus.securitykeyboard, effect=Mono{mEffect=Composed{segments=[OplusVibrationEffectSegment{mEffectId=490, mEffectStrength=-1, mRingtonePath=''}], repeat=-1}}, attributes=VibrationAttributes{mUsage=UNKNOWN, mAudioUsage= USAGE_UNKNOWN, mCategory=UNKNOWN, mFlags=0}, reason=null, token=122918034
02-21 10:36:50.622  3348  3988 W VibrationScaler: Got unexpected vibration intensity: 2400
02-21 10:36:50.622  3348  3988 E VibrationScaler: No configured scaling level found! (current=2400, default= 2)
02-21 10:36:50.622  3348  3988 D VibrationThread: Perform OplusPrebakedSegment{mWaveformId=1(65537), mDuration=35, mEffectStrength=2400, mDefaultUsage=TOUCH} on vibrator 0
02-21 10:36:50.628  3348  3848 V WindowManager: Relayout Window{d5923ea u0 skuSecurityPopupWindow}: viewVisibility=0, oldvis=4, req=120x176, vsysui=, x=637, y=1270
02-21 10:36:50.628  3348  3848 I WindowManager: Window{d5923ea u0 skuSecurityPopupWindow} state from NO_SURFACE to DRAW_PENDING; reason: resetDrawState
02-21 10:36:50.635  3348  3848 D WindowManager: NFW_findFocusedWindowIfNeeded:Window{4067f2e u0 com.renderflow.app/com.renderflow.app.MainActivity} mCurrentFocus:Window{4067f2e u0 com.renderflow.app/com.renderflow.app.MainActivity}
02-21 10:36:50.635  4382  4445 D WindowManagerShell: onKeepClearAreasChanged: restricted={}, unrestricted={Rect(0, 1404 - 1080, 2412), Rect(637, 1366 - 757, 1542)}
02-21 10:36:50.645  3348  3848 I WindowManager: Window{d5923ea u0 skuSecurityPopupWindow} state from DRAW_PENDING to COMMIT_DRAW_PENDING; reason: finishDrawingLocked
02-21 10:36:50.648  3348  3629 I WindowManager: Window{d5923ea u0 skuSecurityPopupWindow} state from COMMIT_DRAW_PENDING to READY_TO_SHOW; reason: commitFinishDrawingLocked
02-21 10:36:50.648  3348  3629 I WindowManager: Window{d5923ea u0 skuSecurityPopupWindow} state from READY_TO_SHOW to HAS_DRAWN; reason: performShowLocked
02-21 10:36:50.660  3348  3629 I OplusScreenSecurityMask: add WindowsName list: Window{d5923ea u0 skuSecurityPopupWindow} list size: 2 isFromSetSecure: false , surfaceShown = true , displayId = 0
02-21 10:36:50.660  3348  3629 I OplusScreenSecurityMask: onSecurityPageFlagChanged size: 0 , surfaceShown = true , displayId = 0
02-21 10:36:50.697  3348  3848 V AutofillSession: updateLocked(836895057): id=1073741834@836895057, action=VALUE_CHANGED, flags=128
02-21 10:36:50.697  3348  3848 V AutofillSession: updateLocked(836895057): mCurrentViewId=1073741834@836895057, mExpiredResponse=false, viewState=ViewState: [id=1073741834@836895057, state:CHANGED|FILLABLE|INLINE_SHOWN, currentValue:[type=1, value=6_chars]]
02-21 10:36:50.697  3348  3848 D AutofillInlineSuggestionsRequestSession: onInlineSuggestionsResponseLocked called for:1073741834@836895057
02-21 10:36:50.697  3348  3848 V AutofillInlineSuggestionsRequestSession: maybeUpdateResponseToImeLocked called
02-21 10:36:50.776  3348  3848 V WindowManager: Relayout Window{d5923ea u0 skuSecurityPopupWindow}: viewVisibility=4, oldvis=0, req=120x176, vsysui=
02-21 10:36:50.777  3348  3848 I OplusScreenSecurityMask: remove WindowsName list: Window{d5923ea u0 skuSecurityPopupWindow} list size: 1 isFromSetSecure: false , surfaceShown = false , displayId = 0
02-21 10:36:50.777  3348  3848 I WindowManager: Window{d5923ea u0 skuSecurityPopupWindow} state from HAS_DRAWN to NO_SURFACE; reason: destroySurface
02-21 10:36:50.780  3348  3848 D WindowManager: NFW_findFocusedWindowIfNeeded:Window{4067f2e u0 com.renderflow.app/com.renderflow.app.MainActivity} mCurrentFocus:Window{4067f2e u0 com.renderflow.app/com.renderflow.app.MainActivity}
02-21 10:36:50.781  4382  4445 D WindowManagerShell: onKeepClearAreasChanged: restricted={}, unrestricted={Rect(0, 1404 - 1080, 2412)}
02-21 10:36:50.947  3348  4027 D PowerManagerService: userActivityNoUpdateLocked: groupId=0, eventTime=448938555, event=touch, flags=0x0, uid=1000
02-21 10:36:50.947  3602  3602 D LinearmotorVibrator: vibrate: effect=WaveformEffect { 767c288, effectType=490, effectStrength=-1, effectLoop=false, ringtoneVibrateType=-1, isRingtoneCustomized=false, ringtoneFilePath=, strengthSettingEnabled=true, asynchronous=false, usageHint=0 }
02-21 10:36:50.949  3348  3848 I VibratorManagerServiceExtImpl: vibrate is uid=10190, pid=3602, opPkg=com.oplus.securitykeyboard, effect=Mono{mEffect=Composed{segments=[OplusVibrationEffectSegment{mEffectId=490, mEffectStrength=-1, mRingtonePath=''}], repeat=-1}}, attributes=VibrationAttributes{mUsage=UNKNOWN, mAudioUsage= USAGE_UNKNOWN, mCategory=UNKNOWN, mFlags=0}, reason=null, token=122918034
02-21 10:36:50.950  3348  3988 W VibrationScaler: Got unexpected vibration intensity: 2400
02-21 10:36:50.950  3348  3988 E VibrationScaler: No configured scaling level found! (current=2400, default= 2)
02-21 10:36:50.951  3348  3988 D VibrationThread: Perform OplusPrebakedSegment{mWaveformId=1(65537), mDuration=35, mEffectStrength=2400, mDefaultUsage=TOUCH} on vibrator 0
02-21 10:36:50.962  3348  3848 V WindowManager: Relayout Window{d5923ea u0 skuSecurityPopupWindow}: viewVisibility=0, oldvis=4, req=120x176, vsysui=, x=217, y=1270
02-21 10:36:50.962  3348  3848 I WindowManager: Window{d5923ea u0 skuSecurityPopupWindow} state from NO_SURFACE to DRAW_PENDING; reason: resetDrawState
02-21 10:36:50.967  3348  3848 D WindowManager: NFW_findFocusedWindowIfNeeded:Window{4067f2e u0 com.renderflow.app/com.renderflow.app.MainActivity} mCurrentFocus:Window{4067f2e u0 com.renderflow.app/com.renderflow.app.MainActivity}
02-21 10:36:50.967  4382  4445 D WindowManagerShell: onKeepClearAreasChanged: restricted={}, unrestricted={Rect(0, 1404 - 1080, 2412), Rect(217, 1366 - 337, 1542)}
02-21 10:36:50.977  3348  3848 I WindowManager: Window{d5923ea u0 skuSecurityPopupWindow} state from DRAW_PENDING to COMMIT_DRAW_PENDING; reason: finishDrawingLocked
02-21 10:36:50.980  3348  3629 I WindowManager: Window{d5923ea u0 skuSecurityPopupWindow} state from COMMIT_DRAW_PENDING to READY_TO_SHOW; reason: commitFinishDrawingLocked
02-21 10:36:50.981  3348  3629 I WindowManager: Window{d5923ea u0 skuSecurityPopupWindow} state from READY_TO_SHOW to HAS_DRAWN; reason: performShowLocked
02-21 10:36:50.994  3348  3629 I OplusScreenSecurityMask: add WindowsName list: Window{d5923ea u0 skuSecurityPopupWindow} list size: 2 isFromSetSecure: false , surfaceShown = true , displayId = 0
02-21 10:36:50.994  3348  3629 I OplusScreenSecurityMask: onSecurityPageFlagChanged size: 0 , surfaceShown = true , displayId = 0
02-21 10:36:51.013  3348  8026 V AutofillSession: updateLocked(836895057): id=1073741834@836895057, action=VALUE_CHANGED, flags=128
02-21 10:36:51.013  3348  8026 V AutofillSession: updateLocked(836895057): mCurrentViewId=1073741834@836895057, mExpiredResponse=false, viewState=ViewState: [id=1073741834@836895057, state:CHANGED|FILLABLE|INLINE_SHOWN, currentValue:[type=1, value=7_chars]]
02-21 10:36:51.013  3348  8026 D AutofillInlineSuggestionsRequestSession: onInlineSuggestionsResponseLocked called for:1073741834@836895057
02-21 10:36:51.013  3348  8026 V AutofillInlineSuggestionsRequestSession: maybeUpdateResponseToImeLocked called
02-21 10:36:51.066  3348  4027 D PowerManagerService: userActivityNoUpdateLocked: groupId=0, eventTime=448938676, event=touch, flags=0x0, uid=1000
02-21 10:36:51.066  3602  3602 D LinearmotorVibrator: vibrate: effect=WaveformEffect { e078ad2, effectType=490, effectStrength=-1, effectLoop=false, ringtoneVibrateType=-1, isRingtoneCustomized=false, ringtoneFilePath=, strengthSettingEnabled=true, asynchronous=false, usageHint=0 }
02-21 10:36:51.066  3348  3848 I VibratorManagerServiceExtImpl: vibrate is uid=10190, pid=3602, opPkg=com.oplus.securitykeyboard, effect=Mono{mEffect=Composed{segments=[OplusVibrationEffectSegment{mEffectId=490, mEffectStrength=-1, mRingtonePath=''}], repeat=-1}}, attributes=VibrationAttributes{mUsage=UNKNOWN, mAudioUsage= USAGE_UNKNOWN, mCategory=UNKNOWN, mFlags=0}, reason=null, token=122918034
02-21 10:36:51.068  3348  3988 W VibrationScaler: Got unexpected vibration intensity: 2400
02-21 10:36:51.068  3348  3988 E VibrationScaler: No configured scaling level found! (current=2400, default= 2)
02-21 10:36:51.068  3348  3988 D VibrationThread: Perform OplusPrebakedSegment{mWaveformId=1(65537), mDuration=35, mEffectStrength=2400, mDefaultUsage=TOUCH} on vibrator 0
02-21 10:36:51.144  3348  8026 V AutofillSession: updateLocked(836895057): id=1073741834@836895057, action=VALUE_CHANGED, flags=128
02-21 10:36:51.144  3348  8026 V AutofillSession: updateLocked(836895057): mCurrentViewId=1073741834@836895057, mExpiredResponse=false, viewState=ViewState: [id=1073741834@836895057, state:CHANGED|FILLABLE|INLINE_SHOWN, currentValue:[type=1, value=8_chars]]
02-21 10:36:51.144  3348  8026 D AutofillInlineSuggestionsRequestSession: onInlineSuggestionsResponseLocked called for:1073741834@836895057
02-21 10:36:51.144  3348  8026 V AutofillInlineSuggestionsRequestSession: maybeUpdateResponseToImeLocked called
02-21 10:36:51.224  3348  8026 V WindowManager: Relayout Window{d5923ea u0 skuSecurityPopupWindow}: viewVisibility=4, oldvis=0, req=120x176, vsysui=
02-21 10:36:51.225  3348  8026 I OplusScreenSecurityMask: remove WindowsName list: Window{d5923ea u0 skuSecurityPopupWindow} list size: 1 isFromSetSecure: false , surfaceShown = false , displayId = 0
02-21 10:36:51.225  3348  8026 I WindowManager: Window{d5923ea u0 skuSecurityPopupWindow} state from HAS_DRAWN to NO_SURFACE; reason: destroySurface
02-21 10:36:51.227  3348  8026 D WindowManager: NFW_findFocusedWindowIfNeeded:Window{4067f2e u0 com.renderflow.app/com.renderflow.app.MainActivity} mCurrentFocus:Window{4067f2e u0 com.renderflow.app/com.renderflow.app.MainActivity}
02-21 10:36:51.227  4382  4445 D WindowManagerShell: onKeepClearAreasChanged: restricted={}, unrestricted={Rect(0, 1404 - 1080, 2412)}
02-21 10:36:51.477  3348  3670 D OplusDisplayBrightnessBroadcastReceiver: onReceive action = android.intent.action.BATTERY_CHANGED , listeners = [com.android.server.display.OplusFeatureHDREnhanceBrightness$PhoneInfoReceiver@2da9b37, com.android.server.display.OplusFeatureEdrEnhanceBrightness$PhoneInfoReceiver@5e908a4]
02-21 10:36:51.640  3348  4027 D PowerManagerService: userActivityNoUpdateLocked: groupId=0, eventTime=448939247, event=touch, flags=0x0, uid=1000
02-21 10:36:51.649  3348  8057 D QuickBackInputPolicy: hasMultiChildrenInTask: false
02-21 10:36:51.649  3348  8057 D QuickBackInputPolicy: isInMultiWindowMode and isInSplitScreen is: false isZoomMode: false isMultiWindowModeInPocketStudio is: false
02-21 10:36:51.649  3348  8057 D QuickBackInputPolicy: shouldTriggerBackKeyEvent focusWin=Window{4067f2e u0 com.renderflow.app/com.renderflow.app.MainActivity}, mLaunchEndTimePair=Pair{ActivityRecord{233439c u0 com.renderflow.app/.MainActivity t13852} 448928366}, processRunning=false, timeThreshold is: 800
02-21 10:36:51.650  3348  8057 D QuickBackInputPolicy: hasMultiChildrenInTask: false
02-21 10:36:51.650  3348  8057 D QuickBackInputPolicy: isInMultiWindowMode and isInSplitScreen is: false isZoomMode: false isMultiWindowModeInPocketStudio is: false
02-21 10:36:51.650  3348  8057 D QuickBackInputPolicy: shouldTriggerBackKeyEvent focusWin=Window{4067f2e u0 com.renderflow.app/com.renderflow.app.MainActivity}, mLaunchEndTimePair=Pair{ActivityRecord{233439c u0 com.renderflow.app/.MainActivity t13852} 448928366}, processRunning=false, timeThreshold is: 800
02-21 10:36:51.650  3348  8057 D CoreBackPreview: startBackNavigation currentTask=Task{246a97a #13852 type=standard A=10431:com.renderflow.app}, topRunningActivity=ActivityRecord{233439c u0 com.renderflow.app/.MainActivity t13852}, callbackInfo=OnBackInvokedCallbackInfo{mCallback=android.window.IOnBackInvokedCallback$Stub$Proxy@e77db65, mPriority=0, mIsAnimationCallback=false}, currentFocus=Window{4067f2e u0 com.renderflow.app/com.renderflow.app.MainActivity}
02-21 10:36:51.651  4382  4445 D ShellBackPreview: Received backNavigationInfo:BackNavigationInfo{mType=TYPE_CALLBACK (4), mOnBackNavigationDone=android.os.RemoteCallback@5cf822c, mOnBackInvokedCallback=android.window.IOnBackInvokedCallback$Stub$Proxy@d0c04f5, mPrepareRemoteAnimation=false, mAnimationCallback=false, mCustomizeAnimationInfo=null}
02-21 10:36:51.659  3348  8057 V WindowManager: Relayout Window{5bd95a6 u0 ColorSideGestureRight_displayId_0}: viewVisibility=0, oldvis=8, req=115x2725, vsysui=
02-21 10:36:51.659  3348  8057 I WindowManager: Window{5bd95a6 u0 ColorSideGestureRight_displayId_0} state from NO_SURFACE to DRAW_PENDING; reason: resetDrawState
02-21 10:36:51.664  3348  8057 D WindowManager: NFW_findFocusedWindowIfNeeded:Window{4067f2e u0 com.renderflow.app/com.renderflow.app.MainActivity} mCurrentFocus:Window{4067f2e u0 com.renderflow.app/com.renderflow.app.MainActivity}
02-21 10:36:51.667  3348  3626 D WindowManager: request show transient bar, navigationBar already visible
02-21 10:36:51.685  3348  8057 I WindowManager: Window{5bd95a6 u0 ColorSideGestureRight_displayId_0} state from DRAW_PENDING to COMMIT_DRAW_PENDING; reason: finishDrawingLocked
02-21 10:36:51.688  3348  3629 I WindowManager: Window{5bd95a6 u0 ColorSideGestureRight_displayId_0} state from COMMIT_DRAW_PENDING to READY_TO_SHOW; reason: commitFinishDrawingLocked
02-21 10:36:51.690  3348  3629 I WindowManager: Window{5bd95a6 u0 ColorSideGestureRight_displayId_0} state from READY_TO_SHOW to HAS_DRAWN; reason: performShowLocked
02-21 10:36:51.707  4382  4445 D ShellBackPreview: Finishing gesture with event action: 1
02-21 10:36:51.707  4382  4445 D ShellBackPreview: onGestureFinished() mTriggerBack == true
02-21 10:36:51.707  4382  4445 D ShellBackPreview: Trigger back without dispatching to animator.
02-21 10:36:51.707  4382  4445 D ShellBackPreview: BackAnimationController: finishBackNavigation()
02-21 10:36:51.709  3348  8026 D CoreBackPreview: onBackNavigationDone backType=4, triggerBack=true
02-21 10:36:51.719  3348  3639 I UserAwareMgr: fg app status not changed, beforeVisible: true, currentVisible: true
02-21 10:36:51.726  3348  3567 V WindowManager: Relayout Window{d96632f u0 OplusSecurityInputMethod}: viewVisibility=0, oldvis=0, req=1080x2412, vsysui=, x=0, y=0
02-21 10:36:51.731  3348  8026 D WindowManager: setFrameRateStart invalid typeId return!
02-21 10:36:51.732  3348  3628 V WindowStateExtImpl: notifyWindowStateChange input show
02-21 10:36:51.736  3348  3628 D VRR [OPlusRefreshRatePolicy]: setRefreshRatePolicy policy=POLICY_SYSTEM, refreshRate=60, statusOn=false
02-21 10:36:51.737  3348  3628 D VRR [OPlusRefreshRatePolicy]: setRefreshRatePolicy policy=POLICY_SYSTEM, refreshRate=120, statusOn=true
02-21 10:36:51.738  3348  3628 D RefreshRate: Refresh rate changing from 60.000004 to 120.0,maxRefreshRate=0.0 FOR:{
02-21 10:36:51.738  3348  3628 D RefreshRate:     | COURSE[; Win preferred rateId=0, appReqFirst=false, data= RateData{} ;win name:com.renderflow.app/com.renderflow.app.MainActivity]
02-21 10:36:51.738  3348  3628 D RefreshRate:     | VOTES[]
02-21 10:36:51.738  3348  3628 D RefreshRate:     | TIME:2026-02-21 05:36:51}
02-21 10:36:51.738  3348  3628 D DisplayModeDirector: setAppRequest displayId : 0  modeId: 0  requestedRefreshRate: 0.0  requestedMinRefreshRateRange: 0.0  requestedMaxRefreshRateRange: 0.0
02-21 10:36:51.741  4382  4382 W VRI[StatusBar]: handleResized abandoned!
02-21 10:36:51.741  4382  4382 W VRI[NavigationBar_displayId_0]: handleResized abandoned!
02-21 10:36:51.741  4382  4593 W VRI[ScreenDecorOverlay]: handleResized abandoned!
02-21 10:36:51.741  4382  4593 W VRI[ScreenDecorOverlayBottom]: handleResized abandoned!
02-21 10:36:51.741  4382  4650 W VRI[ColorSideGestureRight_displayId_0]: handleResized abandoned!
02-21 10:36:51.742  2955  2955 W VRI[MainActivity]: handleResized abandoned!
02-21 10:36:51.744 12192 12192 W VRI[OplusOSEdgeFloatBar]: handleResized abandoned!
02-21 10:36:51.744  4382  4445 D WindowManagerShell: onKeepClearAreasChanged: restricted={}, unrestricted={}
02-21 10:36:51.745  3348  3628 D DisplayManagerServiceExtImpl: scheduleTraversalLocked intraversal=false
02-21 10:36:51.745  3348  8095 D DisplayManagerService: performTraversalInternal pendingTraversal
02-21 10:36:51.745  3348  3628 D DisplayManagerService: MSG_REQUEST_TRAVERSAL pendingCompleted=false
02-21 10:36:51.745  3348  8095 D DisplayDevice: setLayerStackLocked id=local:4630946358012694402 token=android.os.BinderProxy@95c593a stack=0->0
02-21 10:36:51.746  3348  3676 D LocalDisplayAdapter: setDesiredDisplayModeSpecsAsync: display unique id = local:4630946358012694402, display mode specs = defaultMode=0 allowGroupSwitching=false primaryRanges=physical: (0.0 120.00001) render:  (0.0 120.00001) appRequestRanges=physical: (0.0 120.00001) render:  (0.0 120.00001) idleScreenRefreshRate=null
02-21 10:36:51.777  3348  3628 I DisplayDeviceRepository: Display device changed render timings: "Built-in Screen", renderFrameRate=120.00001, presentationDeadlineNanos=13333332, appVsyncOffsetNanos=1000000
02-21 10:36:51.777  3348  3628 D LogicalDisplayExt: set displayInfo flag FLAG_ROTATES_WITH_CONTENT
02-21 10:36:51.779  3348  3628 D DisplayManagerServiceExtImpl: scheduleTraversalLocked intraversal=false
02-21 10:36:51.779  3348  3628 I DisplayManagerServiceExtImpl: handle logical display changed logicalDisplay=id=0,stack=0,content=true,displayInfo{stack=0,type=1,id=0,uId=local:4630946358012694402,state=ON,pkg=null}
02-21 10:36:51.779  3348  3628 D DisplayManagerService: Delivering display event: displayId=0, event=CHANGED
02-21 10:36:51.779  3348  3668 D BrightnessThermalClamper: Thermal status observer already started
02-21 10:36:51.779  3348  3668 D BrightnessPowerClamper: Power throttling data is missing for configuration data.
02-21 10:36:51.784  3348  3626 D OplusVFXScreenEffectFeature: notifySFCompatWindowStateChange entered false
02-21 10:36:51.784  3348  3626 D FSS_FoldScreenBlackCoverController: displayChangeToOn, dc:Display{#0 state=ON size=1080x2412 ROTATION_0}
02-21 10:36:51.785  3348  3628 D DisplayManagerService: MSG_REQUEST_TRAVERSAL pendingCompleted=false
02-21 10:36:51.786  3348  3626 D DisplayManagerService: performTraversalInternal pendingTraversal
02-21 10:36:51.786  3348  3626 D DisplayDevice: setLayerStackLocked id=local:4630946358012694402 token=android.os.BinderProxy@95c593a stack=0->0
02-21 10:36:51.790  4225  4225 D CastManagerService: onDisplayChanged.
02-21 10:36:51.825  3348  3676 D VRR [OPlusRefreshRateService]: handleConfigIdChange physicalDisplayId: 4630946358012694402 configId: 0 renderPeriod: 8333333
02-21 10:36:51.826  3348  3676 D VRR [OPlusSAManager]: updateModeChange old modeId [ 1 ] -> new modeId [ 0 ] mCurPolicy: 1
02-21 10:36:51.826  3348  3676 D VRR [OPlusSAManager]: updateSAScene active modeId: 0
02-21 10:36:51.826  3348  3676 D VRR [OPlusSAManager]: updateSAScene current policy: 1 active modeId: 0 scene: VRR_90_120
02-21 10:36:51.826  3348  3676 D VRR [OPlusOAManager]: Not OA business! new modeId: [0] active modeId: [1]
02-21 10:36:51.826  3348  3676 D VRR [OPlusGameStatusManager]: updateGameState mOSyncFeatureSwitch: false mIsGamePolicy: false
02-21 10:36:51.826  3348  3676 D VRR [OPlusGameStatusManager]: setLTMStatus false curPkgName: com.renderflow.app curr status: false HeartStop: false HeartStopFromTGPA: false ActiveFPS: 120.00001
02-21 10:36:51.826  3348  3676 D VRR [OPlusGameStatusManager]: updateGameAccelerationStatus pkgName: com.renderflow.app mOSyncFeatureSwitch: false mIsGamePolicy: false mHeartStop: false mHasFlickerRisk: false mForceAcceleration: false mToastReady: false enable: false
02-21 10:36:51.826  3348  3676 D VRR [OPlusGameStatusManager]: updateToastStatus enableAcceleration: false toastReady: false isGamePolicy: false desiredModeId: 0
02-21 10:36:51.826  3348  3676 D VRR [OPlusGameStatusManager]: updateToastStatus enableAcceleration: false toastReady: false isGamePolicy: false desiredModeId: 0
02-21 10:36:51.876  3348  3676 D VRR [OPlusSAManager]: setSAConfig scene: VRR_90_120 modeId: 0 auto: true fakeFrame: true
02-21 10:36:51.876  3348  3676 D VRR [OPlusSAManager]: updateAutoMinfps with nits: 0.0, mHistOK true, mAmbientOK true, mCctOK true, mIrOK true, mBrightnessOK true, isPkgOK true, SA min fps: 0
02-21 10:36:51.876  3348  3676 D VRR [OPlusSurfaceFlingerController]: setAutoMode enable: true fakeFrame: true fps: 0
02-21 10:36:51.926  3348  8026 V WindowManager: Relayout Window{5bd95a6 u0 ColorSideGestureRight_displayId_0}: viewVisibility=8, oldvis=0, req=115x2725, vsysui=
02-21 10:36:51.926  3348  8026 I WindowManager: Window{5bd95a6 u0 ColorSideGestureRight_displayId_0} state from HAS_DRAWN to NO_SURFACE; reason: destroySurface
02-21 10:36:51.942  3348  8026 D WindowManager: NFW_findFocusedWindowIfNeeded:Window{4067f2e u0 com.renderflow.app/com.renderflow.app.MainActivity} mCurrentFocus:Window{4067f2e u0 com.renderflow.app/com.renderflow.app.MainActivity}
02-21 10:36:51.999  3348  3639 W UserAwareMgr: event can not be released, id: 1014, count: 4, releasePid: 3348
02-21 10:36:52.016  3348  3645 I ActivityManager: Start proc 4497:com.wmods.wppenhacer/u0a324 for service {com.wmods.wppenhacer/com.wmods.wppenhacer.xposed.bridge.service.BridgeService}
02-21 10:36:52.226  3348  3639 I UserAwareMgr: fg app status not changed, beforeVisible: true, currentVisible: true
02-21 10:36:52.256  3348  3567 D ActivityTaskManagerServiceExtImpl: preBindApplication record is null
02-21 10:36:52.380  3348  3676 D VRR [OPlusSAManager]: updateAutoMinfps with nits: 0.0, mHistOK true, mAmbientOK true, mCctOK true, mIrOK true, mBrightnessOK true, isPkgOK true, SA min fps: 0
02-21 10:36:52.380  3348  3676 D VRR [OPlusSurfaceFlingerController]: setAutoMode enable: true fakeFrame: true fps: 0
02-21 10:36:52.458  3348  8026 V WindowManager: Relayout Window{d96632f u0 OplusSecurityInputMethod}: viewVisibility=8, oldvis=0, req=1080x2412, vsysui=
02-21 10:36:52.459  3348  8026 I OplusScreenSecurityMask: remove WindowsName list: Window{d96632f u0 OplusSecurityInputMethod} list size: 0 isFromSetSecure: false , surfaceShown = false , displayId = 0
02-21 10:36:52.459  3348  8026 I OplusScreenSecurityMask: onSecurityPageFlagChanged size: 0 , surfaceShown = false , displayId = 0
02-21 10:36:52.459  3348  8026 I WindowManager: Window{d96632f u0 OplusSecurityInputMethod} state from HAS_DRAWN to NO_SURFACE; reason: destroySurface
02-21 10:36:52.459  3348  3639 I UserAwareMgr: handleFgAppChanged, pkgName: com.oplus.securitykeyboard, pid: 3602, isVisible: false, fgAppType: FG2
02-21 10:36:52.466  3348  8026 D WindowManager: NFW_findFocusedWindowIfNeeded:Window{4067f2e u0 com.renderflow.app/com.renderflow.app.MainActivity} mCurrentFocus:Window{4067f2e u0 com.renderflow.app/com.renderflow.app.MainActivity}
02-21 10:36:52.466  4382  4382 W VRI[StatusBar]: handleResized abandoned!
02-21 10:36:52.466  4382  4382 W VRI[NavigationBar_displayId_0]: handleResized abandoned!
02-21 10:36:52.467  2955  2955 W VRI[MainActivity]: handleResized abandoned!
02-21 10:36:52.467  4382  4593 W VRI[ScreenDecorOverlay]: handleResized abandoned!
02-21 10:36:52.467  4382  4593 W VRI[ScreenDecorOverlayBottom]: handleResized abandoned!
02-21 10:36:52.467 12192 12192 W VRI[OplusOSEdgeFloatBar]: handleResized abandoned!
