02-21 10:36:52.617  3348  4027 D PowerManagerService: userActivityNoUpdateLocked: groupId=0, eventTime=448940225, event=touch, flags=0x0, uid=1000
02-21 10:36:52.674  4497  4497 I Quality : ActivityThread: createOrUpdateClassLoaderLocked delay 337 com.wmods.wppenhacer 4497
02-21 10:36:52.718  4497  4497 D ResourcesManagerExtImpl: applyConfigurationToAppResourcesLocked app.getDisplayId() return callback.displayId:-1
02-21 10:36:52.743  3348  4027 D PowerManagerService: userActivityNoUpdateLocked: groupId=0, eventTime=448940354, event=touch, flags=0x0, uid=1000
02-21 10:36:52.822  3348  8026 I ActivityManager: Flag disabled. Ignoring finishAttachApplication from uid: 10324. pid: 4497
02-21 10:36:52.844  3348  8026 D VRR [OPlusExternalRefreshRateManager]: isPkgTfcEnable: pkgName = com.wmods.wppenhacer, enable = false
02-21 10:36:52.844  3348  8026 D VRR [OPlusExternalRefreshRateManager]: getTfcMinFramerate: pkgName = com.wmods.wppenhacer, min framerate = 0
02-21 10:36:52.935  3348  8026 V AutofillSession: updateLocked(836895057): id=1073741834@836895057, action=VIEW_EXITED, flags=0
02-21 10:36:52.935  3348  8026 V AutofillSession: updateLocked(836895057): mCurrentViewId=1073741834@836895057, mExpiredResponse=false, viewState=ViewState: [id=1073741834@836895057, state:CHANGED|FILLABLE|INLINE_SHOWN, currentValue:[type=1, value=9_chars]]
02-21 10:36:52.936  3348  8026 V AutofillSession: Exiting view 1073741834@836895057
02-21 10:36:52.941  3348  4040 D InputMethodManagerService: isSecurity: attribute.packageName = com.renderflow.app mCurMethodId = com.oplus.securitykeyboard/.InputService isSecurity = true ( enable = true needShow = true inBlackList = false isExist = true )
02-21 10:36:52.948  3348  3567 V AutofillSession: updateLocked(836895057): id=1073741826@836895057, action=VALUE_CHANGED, flags=0
02-21 10:36:52.948  3348  3567 V AutofillSession: updateLocked(836895057): mCurrentViewId=null, mExpiredResponse=false, viewState=null
02-21 10:36:52.948  3348  3567 V AutofillSession: Creating viewState for 1073741826@836895057
02-21 10:36:52.948  3348  3567 W PresentationStatsEventLogger: Bad view state for: 1073741834
02-21 10:36:52.950  3348  3567 V AutofillSession: View autofilled: 1073741829
02-21 10:36:52.950  3348  3567 W PresentationStatsEventLogger: Attempted autofill ids is null, but received autofillId:1073741829@836895057 successfully filled
02-21 10:36:52.951  3348  3567 V AutofillSession: updateLocked(836895057): id=1073741829@836895057, action=VALUE_CHANGED, flags=0
02-21 10:36:52.951  3348  3567 V AutofillSession: updateLocked(836895057): mCurrentViewId=null, mExpiredResponse=false, viewState=ViewState: [id=1073741829@836895057, datasetId:1, state:AUTOFILLED|AUTOFILLED_ONCE|FILLABLE|INLINE_SHOWN|STARTED_SESSION, currentValue:[type=1, value=16_chars], autofilledValue:[type=1, value=16_chars]]
02-21 10:36:52.951  3348  3567 V AutofillSession: View autofilled: 1073741833
02-21 10:36:52.951  3348  3567 W PresentationStatsEventLogger: Attempted autofill ids is null, but received autofillId:1073741833@836895057 successfully filled
02-21 10:36:52.951  3348  3567 V AutofillSession: updateLocked(836895057): id=1073741833@836895057, action=VALUE_CHANGED, flags=0
02-21 10:36:52.951  3348  3567 V AutofillSession: updateLocked(836895057): mCurrentViewId=null, mExpiredResponse=false, viewState=ViewState: [id=1073741833@836895057, datasetId:2, state:AUTOFILLED|AUTOFILLED_ONCE|FILLABLE|INLINE_SHOWN, currentValue:[type=1, value=27_chars], autofilledValue:[type=1, value=27_chars]]
02-21 10:36:52.953  2955  2955 D VRI[MainActivity]: relayoutWindow result, sizeChanged:false, surfaceControlChanged:false, transformHintChanged:false, mSurfaceSize:Point(1080, 2412), mLastSurfaceSize:Point(1080, 2412), mWidth:1080, mHeight:2412, requestedWidth:1080, requestedHeight:2412, transformHint:0, installOrientation:0, displayRotation:0, isSurfaceValid:true, attr.flag:-2122249984, tmpFrames:ClientWindowFrames{frame=[0,0][1080,2412] display=[0,0][1080,2412] parentFrame=[0,0][1080,2412]}, relayoutAsync:true, mSyncSeqId:0
02-21 10:36:52.953  2955  2955 W VRI[MainActivity]: updateBlastSurfaceIfNeeded, surfaceSize:Point(1080, 2412), lastSurfaceSize:Point(1080, 2412), format:-1, blastBufferQueue:android.graphics.BLASTBufferQueue@3cdbc2b
02-21 10:36:52.953  3348  3567 D WindowManagerServiceExtImpl: extractConfigInfoAndRealFlags rotation=0, screenDp=360, residentWS:0, win=Window{4067f2e u0 com.renderflow.app/com.renderflow.app.MainActivity}
02-21 10:36:52.953  3348  3567 V WindowManager: Relayout Window{4067f2e u0 com.renderflow.app/com.renderflow.app.MainActivity}: viewVisibility=0, oldvis=0, req=1080x2412, vsysui=, x=0, y=0
02-21 10:36:52.991  3348  3639 W UserAwareMgr: event can not be released, id: 1014, count: 6, releasePid: 3348
02-21 10:36:54.054  3348  3644 I OplusStatusBarManagerServiceEnhance:  getTopIsFullscreen mTopIsFullscreen: false
02-21 10:36:54.057  3348  3348 D NotificationService--OplusNotificationManagerServiceExtImpl: isForwardToAssistants: true, case : Is local notification
02-21 10:36:54.057  3348  3348 D NotificationService: This application enqueue notifications is need postDelayed mcsAssistantDelayTime: 200
02-21 10:36:54.471  3348  4027 D PowerManagerService: userActivityNoUpdateLocked: groupId=0, eventTime=448942080, event=touch, flags=0x0, uid=1000
02-21 10:36:54.666  3348  4040 D InputMethodManagerService: isSecurity: attribute.packageName = com.renderflow.app mCurMethodId = com.oplus.securitykeyboard/.InputService isSecurity = true ( enable = true needShow = true inBlackList = false isExist = true )
02-21 10:36:54.676  3348  8095 V AutofillSession: updateLocked(836895057): id=1073741826@836895057, action=VALUE_CHANGED, flags=0
02-21 10:36:54.676  3348  8095 V AutofillSession: updateLocked(836895057): mCurrentViewId=null, mExpiredResponse=false, viewState=ViewState: [id=1073741826@836895057, state:CHANGED, currentValue:[type=1, value=0_chars]]
02-21 10:36:54.678  3348  8095 V AutofillSession: View autofilled: 1073741829
02-21 10:36:54.678  3348  8095 W PresentationStatsEventLogger: Attempted autofill ids is null, but received autofillId:1073741829@836895057 successfully filled
02-21 10:36:54.678  3348  8095 V AutofillSession: updateLocked(836895057): id=1073741829@836895057, action=VALUE_CHANGED, flags=0
02-21 10:36:54.678  3348  8095 V AutofillSession: updateLocked(836895057): mCurrentViewId=null, mExpiredResponse=false, viewState=ViewState: [id=1073741829@836895057, datasetId:1, state:AUTOFILLED|AUTOFILLED_ONCE|FILLABLE|INLINE_SHOWN|STARTED_SESSION, currentValue:[type=1, value=16_chars], autofilledValue:[type=1, value=16_chars]]
02-21 10:36:54.678  3348  8095 V AutofillSession: View autofilled: 1073741833
02-21 10:36:54.678  3348  8095 W PresentationStatsEventLogger: Attempted autofill ids is null, but received autofillId:1073741833@836895057 successfully filled
02-21 10:36:54.679  3348  8095 V AutofillSession: updateLocked(836895057): id=1073741833@836895057, action=VALUE_CHANGED, flags=0
02-21 10:36:54.679  3348  8095 V AutofillSession: updateLocked(836895057): mCurrentViewId=null, mExpiredResponse=false, viewState=ViewState: [id=1073741833@836895057, datasetId:2, state:AUTOFILLED|AUTOFILLED_ONCE|FILLABLE|INLINE_SHOWN, currentValue:[type=1, value=27_chars], autofilledValue:[type=1, value=27_chars]]
02-21 10:36:54.681  2955  2955 D VRI[MainActivity]: relayoutWindow result, sizeChanged:false, surfaceControlChanged:false, transformHintChanged:false, mSurfaceSize:Point(1080, 2412), mLastSurfaceSize:Point(1080, 2412), mWidth:1080, mHeight:2412, requestedWidth:1080, requestedHeight:2412, transformHint:0, installOrientation:0, displayRotation:0, isSurfaceValid:true, attr.flag:-2122249984, tmpFrames:ClientWindowFrames{frame=[0,0][1080,2412] display=[0,0][1080,2412] parentFrame=[0,0][1080,2412]}, relayoutAsync:true, mSyncSeqId:0
02-21 10:36:54.681  2955  2955 W VRI[MainActivity]: updateBlastSurfaceIfNeeded, surfaceSize:Point(1080, 2412), lastSurfaceSize:Point(1080, 2412), format:-1, blastBufferQueue:android.graphics.BLASTBufferQueue@3cdbc2b
02-21 10:36:54.681  3348  8095 D WindowManagerServiceExtImpl: extractConfigInfoAndRealFlags rotation=0, screenDp=360, residentWS:0, win=Window{4067f2e u0 com.renderflow.app/com.renderflow.app.MainActivity}
02-21 10:36:54.682  3348  8095 V WindowManager: Relayout Window{4067f2e u0 com.renderflow.app/com.renderflow.app.MainActivity}: viewVisibility=0, oldvis=0, req=1080x2412, vsysui=, x=0, y=0
02-21 10:36:54.715  3348  3639 W UserAwareMgr: event can not be released, id: 1014, count: 7, releasePid: 3348
02-21 10:36:54.779  3348  3670 D OplusFeatureHDREnhanceBrightness: checkIsPlayingHDR isPlayingHDR=0 rotation=0 whiteApp=false battery=6
02-21 10:36:55.418  3348  8095 I OplusStatusBarManagerServiceEnhance:  getTopIsFullscreen mTopIsFullscreen: false
02-21 10:36:56.320  3348  3670 D OplusDisplayBrightnessBroadcastReceiver: onReceive action = android.intent.action.BATTERY_CHANGED , listeners = [com.android.server.display.OplusFeatureHDREnhanceBrightness$PhoneInfoReceiver@2da9b37, com.android.server.display.OplusFeatureEdrEnhanceBrightness$PhoneInfoReceiver@5e908a4]
02-21 10:36:58.758  3348  3990 V AlarmManager: sending alarm Alarm{7972a6b type 3 origWhen 756565169 whenElapsed 756565169 com.oplus.nhs} uid 1001 whenElapsed 756565169 windowLength 225000 maxWhenElapsed 756790169 repeatInterval 300000 action oplus.intent.action.INTERNAL_LOOP_UPDATE_ACTIVITYINFO_ALARM component ComponentInfo{com.oplus.nhs/com.oplus.nhs.pwr.ModemAci.ModemAciAlarmReceiver} flags 0x8 procName com.oplus.nhs
02-21 10:36:58.763  3348  3990 V AlarmManager: sending alarm Alarm{40bd9c8 type 3 origWhen 756582371 whenElapsed 756582371 com.google.android.gms} uid 10116 whenElapsed 756582371 windowLength 11249 maxWhenElapsed 756593620 repeatInterval 0 action com.google.android.gms.auth.authzen.cryptauth.DEVICE_STATE_CHECK_DELAY_COMPLETE component ComponentInfo{com.google.android.gms/com.google.android.gms.chimera.GmsIntentOperationService} flags 0x0 procName com.google.android.gms
02-21 10:36:58.767  3348  3990 V AlarmManager: sending alarm Alarm{dfc0247 type 3 origWhen 756582383 whenElapsed 756582383 com.google.android.gms} uid 99910116 whenElapsed 756582383 windowLength 11250 maxWhenElapsed 756593633 repeatInterval 0 action com.google.android.gms.auth.authzen.cryptauth.DEVICE_STATE_CHECK_DELAY_COMPLETE component ComponentInfo{com.google.android.gms/com.google.android.gms.chimera.GmsIntentOperationService} flags 0x0 procName com.google.android.gms
02-21 10:36:58.786  3348  4683 D LockSettingsService: [getSeparateProfileChallengeEnabled] userId = 999
02-21 10:36:58.926  1145  4257 I keystore2: system/security/keystore2/watchdog/src/lib.rs:319 - Watchdog thread idle -> terminating. Have a great day.
02-21 10:36:59.067  3348  3644 I OplusStatusBarManagerServiceEnhance:  getTopIsFullscreen mTopIsFullscreen: false
02-21 10:36:59.067  3348  4102 W ContextImpl: Calling a method in the system process without a qualified user: android.app.ContextImpl.sendBroadcast:1261 com.android.server.job.controllers.OplusCpuController.notifyHighCpuEventForApp:387 com.android.server.job.controllers.OplusCpuController.handleCpuUpdate:333 com.android.server.job.controllers.OplusCpuController.-$$Nest$mhandleCpuUpdate:0 com.android.server.job.controllers.OplusCpuController$CpuTrackerHandler.handleMessage:257 
02-21 10:36:59.067  3348  3348 D NotificationService--OplusNotificationManagerServiceExtImpl: isForwardToAssistants: true, case : Is local notification
02-21 10:36:59.067  3348  3348 D NotificationService: This application enqueue notifications is need postDelayed mcsAssistantDelayTime: 200
02-21 10:37:00.000  3348  3990 V AlarmManager: sending alarm Alarm{fe423d3 type 3 origWhen 756594864 whenElapsed 756594864 android} uid 1000 whenElapsed 756594864 windowLength 0 maxWhenElapsed 756594864 repeatInterval 0 action null component null tag TIME_TICK flags 0x9 procName system_server
02-21 10:37:00.010  3348  3670 D OplusDisplayBrightnessBroadcastReceiver: onReceive action = android.intent.action.TIME_TICK , listeners = []
02-21 10:37:01.451  3348  3670 D OplusDisplayBrightnessBroadcastReceiver: onReceive action = android.intent.action.BATTERY_CHANGED , listeners = [com.android.server.display.OplusFeatureHDREnhanceBrightness$PhoneInfoReceiver@2da9b37, com.android.server.display.OplusFeatureEdrEnhanceBrightness$PhoneInfoReceiver@5e908a4]
02-21 10:37:02.002  3348  3644 D CompatChangeReporter: Compat change id reported: 151861875; UID 10161; state: ENABLED
02-21 10:37:02.030  3348  3645 I ActivityManager: Start proc 5106:com.oplus.camera/u0a161 for service {com.oplus.camera/com.oplus.camera.aps.service.ApsService}
02-21 10:37:02.115  3348  3847 D ActivityTaskManagerServiceExtImpl: preBindApplication record is null
02-21 10:37:02.253  5106  5106 D ResourcesManagerExtImpl: applyConfigurationToAppResourcesLocked app.getDisplayId() return callback.displayId:-1
02-21 10:37:02.631  3348  3639 W UserAwareMgr: can not find match thread: CustomGLThread for process com.oplus.camera
02-21 10:37:02.631  3348  3639 W UserAwareMgr: can not find match thread: CameraHandlerThread for process com.oplus.camera
02-21 10:37:02.631  3348  3639 W UserAwareMgr: can not find match thread: UIBoosterUx for process com.oplus.camera
02-21 10:37:02.632  3348  3639 W UserAwareMgr: can not find match thread: ApsUxThread for process com.oplus.camera
02-21 10:37:02.632  3348  3639 W UserAwareMgr: can not find match thread: ImageProcessThread for process com.oplus.camera
02-21 10:37:02.632  3348  3639 W UserAwareMgr: can not find match thread: PreviewProcessThread for process com.oplus.camera
02-21 10:37:02.632  3348  3639 W UserAwareMgr: can not find match thread: PictureMetaArriveThread for process com.oplus.camera
02-21 10:37:02.674  3348  3847 I ActivityManager: Flag disabled. Ignoring finishAttachApplication from uid: 10161. pid: 5106
02-21 10:37:02.714  3348  8057 D CompatChangeReporter: Compat change id reported: 311208629; UID 10161; state: ENABLED
--------- beginning of main
02-21 10:37:02.718  5106  5106 I DynamicFramerate [DynamicFrameRateController]: init info: mPackageName = com.oplus.camera, mIsEnabled = false
02-21 10:37:02.718  5106  5106 D OCAM_ApsService: onDestroy
02-21 10:37:02.718  3348  8057 D CompatChangeReporter: Compat change id reported: 319471980; UID 10161; state: ENABLED
02-21 10:37:02.720  5106  5271 V ApsAdapter, ApsAdapterImpl: ImageProcessHandler, handleMessage, what: 1
02-21 10:37:02.723  5106  5197 D OCAM_CameraCharacteristicsUtil: initCameraInfo, 2 front camera(s) found
02-21 10:37:02.723  5106  5197 E OCAM_AppOsenseResClientHelper: disableKeyThreadValue, tid: 5197
02-21 10:37:02.723  5106  5197 V OCAM_OppoCamera_TRACE: traceEndSection, msg: initCameraInfo
02-21 10:37:02.724  5106  5197 V OCAM_CameraCharacteristicsUtil: initCameraInfo, sbInitializing: false
02-21 10:37:02.724  5106  5266 V OCAM_Util: initialize, sbInit: false
02-21 10:37:02.724  5106  5197 E CameraUnit_TRACE: traceBeginSection, msg: getAllSupportCameraType
02-21 10:37:02.724  5106  5271 D ApsAdapter, ApsUtils: loadLibrary, libName: APSClient-cmd-jni
02-21 10:37:02.724  5106  5197 E CameraUnit_TRACE: traceEndSection, msg: getAllSupportCameraType
02-21 10:37:02.724  5106  5197 D OCAM_CameraCharacteristicsUtil: initialize, sAllCameraIdTypeMap's size is error, clear cache
02-21 10:37:02.724  5106  5197 D OCAM_CameraCharacteristicsUtil: clearCameraIdTypeCache
02-21 10:37:02.730   688 18787 I DCS>ContentProvider[8544]: support
02-21 10:37:02.732  5106  5271 D nativeloader: Load libAPSClient-cmd-jni.so using class loader ns product-clns-7 (caller=/product/framework/com.oplus.camera.unit.sdk.jar): ok
02-21 10:37:02.732  5106  5195 D CameraUnit, StatisticsManager: report, mAppId: 20230, mEventId: start, params: {pack_name=com.oplus.camera, enter_time=1771652222731, rear_front=rear}
02-21 10:37:02.733  5106  5263 E OCAM_CameraConfig: isScreenFoldInwardLeftAndRight, sDeviceScreenForm: normal
02-21 10:37:02.734  5106  5263 D OCAM_TuningParameterUpgradeUtil: checkTuningUpgrade
02-21 10:37:02.735  5106  5195 I CameraUnit, CameraConfigHelper: initialize config X, spend time: 143
02-21 10:37:02.735  5106  5195 E CameraUnitLog: setIsVendorTagConfigInitialize : false > true
02-21 10:37:02.735  5106  5195 W CameraUnitLog: initLog, sbIsVendorTagConfigInitialize : true
02-21 10:37:02.735  5106  5195 W CameraUnitLog: initLog, autoTestLogOn:false, isLogOn:false, isTrialVersion():false, isConfigForceOpen:false, isPanic:false, isMpVersion:true
02-21 10:37:02.735  5106  5271 D ApsAdapter, APSClientKeyBase: key: exifData_sensorName_STRING_BASIC_
02-21 10:37:02.735  5106  5195 E ApsAdapter, OsenseResClientHelper: disableKeyThreadValue, tid: 5195
02-21 10:37:02.737  5106  5271 E ApsAdapter, APSClient: APSClient, classloaderdalvik.system.PathClassLoader[DexPathList[[zip file "/product/framework/com.oplus.camera.unit.sdk.jar"],nativeLibraryDirectories=[/product/app/OplusCamera/lib/arm64, /product/app/OplusCamera/OplusCamera.apk!/lib/arm64-v8a, /system/lib64, /system_ext/lib64]]], mbAPSClientJNICmdVersion: true, jniVersion: V002.000.000
02-21 10:37:02.738  5106  5263 V OCAM_MyApplication: checkDataManagerStatus X
02-21 10:37:02.741  5106  5106 D OCAM_ApsService: onCreate
02-21 10:37:02.743  5106  5106 D OCAM_ApsService: onStartCommand
02-21 10:37:02.743   688 18787 I DCS>ContentProvider[8544]: support
02-21 10:37:02.745  5106  5301 E ApsAdapter, OsenseResClientHelper: setKeyThreadValue, tid: 5301, keyThreadTag: PreviewProcessThread
02-21 10:37:02.748  5106  5266 W AudioCapabilities: Unsupported mime audio/ffmpeg
02-21 10:37:02.750  5106  5266 W AudioCapabilities: Unsupported mime audio/alac
02-21 10:37:02.750  5106  5266 W AudioCapabilities: Unsupported mime audio/x-ape
02-21 10:37:02.750  5106  5266 W AudioCapabilities: Unsupported mime audio/evrc
02-21 10:37:02.750  5106  5266 W AudioCapabilities: Unsupported mime audio/qcelp
02-21 10:37:02.751  5106  5266 W AudioCapabilities: Unsupported mime audio/amr-wb-plus
02-21 10:37:02.751  5106  5266 W AudioCapabilities: Unsupported mime audio/x-ms-wma
02-21 10:37:02.751  5106  5266 W AudioCapabilities: Unsupported mime audio/evrc
02-21 10:37:02.751  5106  5266 W AudioCapabilities: Unsupported mime audio/qcelp
02-21 10:37:02.751  5106  5266 W AudioCapabilities: Unsupported mime audio/alac
02-21 10:37:02.752  5106  5266 W AudioCapabilities: Unsupported mime audio/x-ape
02-21 10:37:02.754  5106  5197 D OCAM_CaptureDeferTaskUtils: init, capture defer is not supported
02-21 10:37:02.764  5106  5266 W VideoCapabilities: Unsupported mime image/vnd.android.heic
02-21 10:37:02.764  5106  5266 W VideoCapabilities: Unsupported mime image/vnd.android.heic
02-21 10:37:02.771  5106  5266 W VideoCapabilities: Unsupported mime video/ffmpeg
02-21 10:37:02.772  5106  5266 V OCAM_Util: isSupportH265Encoder, width: 7680, height: 4320, support: true
02-21 10:37:02.772  5106  5266 V OCAM_DensityUtil: supportResolutionSwitch, getPhysicalWidth: 1080
02-21 10:37:02.772  5106  5266 V OCAM_DensityUtil: supportResolutionSwitch, getPhysicalWidth: 1440
02-21 10:37:02.772  5106  5266 D OCAM_DensityUtil: initializeDefaultDisplay, acquire sDefaultDensity: 480
02-21 10:37:02.777  5106  5266 V OCAM_DeviceUtil: getFolderAngle, folderAngle: -1
02-21 10:37:02.777  5106  5266 D OCAM_DeviceUtil: updateFolderAngle, sFoldAngle: -1, sSensorAngle: -1
02-21 10:37:02.778  5106  5266 V OCAM_UpdateUtil: setInitState, sbInit: true
02-21 10:37:02.778  5106  5315 D OCAM_BitmapUtil: intRenderScript
02-21 10:37:02.779  5106  5266 W libc    : Access denied finding property "vendor.camera.simulation.debug.state"
02-21 10:37:02.779  5106  5266 V OCAM_Util: initialize X
02-21 10:37:02.779  5106  5266 V OCAM_OppoCamera_TRACE: traceEndSection, msg: InitCameraConfigHeavyTask
02-21 10:37:02.779  5106  5266 D OCAM_TaskBusRunnable: TaskBusRunable.run executeTask: InitCameraConfigHeavyTask, cost time: 90ms.
02-21 10:37:02.779  5106  5266 D OCAM_TaskBus: needDisableUx: true corePoolSize: 4 mDoneTasks: 12 mAllTasksCls: 12 this:gh.c@e3242d6
02-21 10:37:02.779  5106  5266 E OCAM_AppOsenseResClientHelper: disableKeyThreadValue, tid: 5266
02-21 10:37:02.780  5106  5266 V OCAM_OppoCamera_TRACE: traceEndSection, msg: InitCameraConfigHeavyTask
02-21 10:37:02.780  5106  5315 D RenderScript HIDL Adaptation: IRenderScriptDevice::getService()
02-21 10:37:02.784   853   853 I hwservicemanager: getTransport: Cannot find entry android.hardware.renderscript@1.0::IDevice/default in either framework or device VINTF manifest.
02-21 10:37:02.784  5106  5315 D RenderScript HIDL Adaptation: IRenderScriptDevice::getService() returned 0x0
02-21 10:37:02.784  5106  5315 D RenderScript HIDL Adaptation: Using Fallback Path.
02-21 10:37:02.834  5106  5271 E APS_CORE: [ERROR][ ALGO_JNI ] APSInterface.cpp: 55  loadAPSAdapterLib()  libHeifEncoderWrapper.so dlopen failed!! dlerror:dlopen failed: library "libHeifEncoderWrapper.so" not found
02-21 10:37:02.849  5106  5271 E APS_CORE: [ERROR][ ALGO_JNI ] APSInterface.cpp: 62  loadAPSAdapterLib()  libNativeWinBuffExchange.so dlopen failed!! dlerror:dlopen failed: library "libNativeWinBuffExchange.so" not found
02-21 10:37:02.851  5106  5271 E APS_CORE: [ERROR][ ALGO_JNI ] APSInterface.cpp: 85  loadAPSAdapterLib()  gAPSAdapterOps.heifWinBufReflectJavaFlag: 1
02-21 10:37:02.851  5106  5253 E CameraUnit, CameraConfigure: protobuf version: 90e7f81d097
02-21 10:37:02.851  5106  5253 E CameraUnit, CameraConfigure: protobuf parser cost time: 133
02-21 10:37:02.865  5106  5253 E CameraUnit, CameraConfigure: Conflict feature not config: portrait_mode/front_main/key_should_reopen_hdr_mode
02-21 10:37:02.865  5106  5253 E CameraUnit, CameraConfigure: Conflict feature not config: portrait_mode/front_main/key_should_reopen_hdr_mode
02-21 10:37:02.866  5106  5253 E CameraUnit, CameraConfigure: Conflict feature not config: super_text_mode/common/pref_camera_flashmode_key
02-21 10:37:02.867  5106  5253 E CameraUnit, CameraConfigure: Conflict feature not config: super_text_mode/common/pref_camera_flashmode_key
02-21 10:37:02.954  5106  5271 W libc    : Access denied finding property "vendor.oplus.aps.refcount"
02-21 10:37:02.962  5106  5253 E CameraUnit, CameraConfigure: initialize, configParseVersion: 1, cost time: 245
02-21 10:37:02.963  5106  5253 E OCAM_AppOsenseResClientHelper: disableKeyThreadValue, tid: 5253
02-21 10:37:03.040  4753  5294 D CommonApp-321-10114: transport layer data is invalid
02-21 10:37:03.042  5106  5271 W libc    : Access denied finding property "vendor.oplus.camera.debug.memtracker.dump"
02-21 10:37:03.043  4753  5294 D CommonApp-321-10431: transport layer data is invalid
02-21 10:37:03.084  5106  5271 E APS_CORE: [ERROR][ LOGIC ] APSRefFrameSelector.cpp: 521  APSRefFrameSelector()  dlsym pClarityEvaluateRawCrop failed, error msg: undefined symbol: multi_img_clarity_evaluation_v2
02-21 10:37:03.088  5106  5271 E APS_CORE: [ERROR][ LOGIC ] APSRefFrameSelector.cpp: 527  APSRefFrameSelector()  dlsym pClarityEvaluateRawPickFrame failed, error msg: undefined symbol: multi_img_clarity_evaluation_pickframe
02-21 10:37:03.088  5106  5271 E APS_CORE: [ERROR][ LOGIC ] APSRefFrameSelector.cpp: 544  APSRefFrameSelector()  dlsym failed, error msg: dlopen failed: library "/odm/lib64/libarcsoft_turbo_hdr_grf.so" not found, try to load /odm/lib64/libarcsoft_turbo_fusion_raw_grf.so
02-21 10:37:03.088  5106  5315 D om.oplus.camera: Successfully queried cache dir: /data/user_de/0/com.oplus.camera/code_cache
02-21 10:37:03.089  5106  5315 D RenderScript: Setting cache dir: /data/user_de/0/com.oplus.camera/code_cache
02-21 10:37:03.091  5106  5315 D OCAM_BitmapUtil: intRenderScript X
02-21 10:37:03.126  5106  5271 I DMABUFHEAPS: Using DMA-BUF heap named: system
02-21 10:37:03.126  5106  5271 I com.oplus.camera: vendor/qcom/proprietary/adsprpc/src/rpcmem_android.c:181: set up allocator 0xb40000785898d7c0 for DMA buf heap system, ION heap system, heap mask 0x2000000, flags 0x1, legacy flags 0x1
02-21 10:37:03.127  5106  5271 I com.oplus.camera: vendor/qcom/proprietary/adsprpc/src/fastrpc_config.c:255: Reading configuration file: com.oplus.camera.debugconfig
02-21 10:37:03.129  5106  5271 I com.oplus.camera: vendor/qcom/proprietary/adsprpc/src/fastrpc_config.c:286: fastrpc_config_init: Couldn't find file com.oplus.camera.debugconfig, errno (No such file or directory) at /vendor/lib/rfsa/adsp, /vendor/dsp/cdsp, /vendor/dsp, 
02-21 10:37:03.129  5106  5271 I com.oplus.camera: vendor/qcom/proprietary/adsprpc/src/fastrpc_apps_user.c:3514: fastrpc_apps_user_init done  with default domain:3 and &fastrpc_trace:0x774abf1fd0
02-21 10:37:03.172  5106  5271 W libc    : Access denied finding property "vendor.aps.logic.quick.jpeg.debug"
02-21 10:37:03.172  5106  5271 E APS_CORE: [ERROR][ LOGIC ] ODNNLoad.cpp: 61  ODNNLoad()  hDllLib is nullptr! no dlopen libODNN.so
02-21 10:37:03.172  5106  5271 E APS_CORE:  dlopen failed: library "/odm/lib64/libODNN.so" not found
02-21 10:37:03.172  5106  5271 E APS_CORE: [ERROR][ LOGIC ] ODNNLoad.cpp: 224  IsSkelUnLoadable()  skelway hDllLib is nullptr!
02-21 10:37:03.172  5106  5271 E APS_CORE: [ERROR][ LOGIC ] ODNNLoad.cpp: 134  InitSkel()  hDllLib is nullptr!
02-21 10:37:03.173  5106  5271 W libc    : Access denied finding property "vendor.oplus.camera.aps.debug.override.threadnum"
02-21 10:37:03.174  5106  5271 E APS_CORE: [ERROR][ LOGIC ] APSCaptureManager.cpp: 139  APSCaptureManager()  thread num [0, 4]
02-21 10:37:03.175  5106  5271 W libc    : Access denied finding property "vendor.oplus.camera.debug.memorymonitor.enable"
02-21 10:37:03.175  5106  5271 W libc    : Access denied finding property "vendor.oplus.camera.debug.delaystarttime"
02-21 10:37:03.175  5106  5271 W libc    : Access denied finding property "vendor.oplus.camera.debug.beforealgo.sleeptime"
02-21 10:37:03.175  5106  5271 W libc    : Access denied finding property "vendor.oplus.camera.debug.afteralgo.sleeptime"
02-21 10:37:03.176  5106  5271 W libc    : Access denied finding property "vendor.camera.debug.nopipeline"
02-21 10:37:03.176  5106  5271 W libc    : Access denied finding property "vendor.camera.mem.debug.enable"
02-21 10:37:03.176  5106  5271 W libc    : Access denied finding property "vendor.camera.autotime.debug.switch"
02-21 10:37:03.176  5106  5271 W libc    : Access denied finding property "vendor.oplus.aps.res.detect"
02-21 10:37:03.178  5106  5367 E ApsAdapter, OsenseResClientHelper: setKeyThreadValue, tid: 5367, keyThreadTag: ApsUxThread
02-21 10:37:03.180  5106  5271 W libc    : Access denied finding property "vendor.aps.logic.preview.metadata.debug"
02-21 10:37:03.180  5106  5271 W libc    : Access denied finding property "vendor.aps.logic.quick.jpeg.debug"
02-21 10:37:03.278  3348  4735 I OplusHansManager : uid=10324, pkg=com.wmods.wppenhacer F enter(), M stay=5
02-21 10:37:03.282  3348  4735 I OplusHansManager : freeze uid: 10324 com.wmods.wppenhacer pids: [4497] scene: LcdOn
02-21 10:37:03.283  3348  4741 I OplusHansManager : p_BC uid=10324 pkg=com.wmods.wppenhacer
02-21 10:37:03.283  3348  4741 I OplusBinderProxy: proxyBinder uid: 10324 pkg: com.wmods.wppenhacer proxy: true calling: OFreezer
02-21 10:37:03.283 10741 10741 D IHansComunication: HANS sendMessageToKernel: threadId = 519439367280, netLinkSetup = 1, type = PKG, targetUid = 10324, pkgCmd = ADD_ONE_UID
02-21 10:37:03.473  3348  4060 D WifiStaIfaceHidlImpl: getCachedScanData is not implemented by HIDL
02-21 10:37:03.480  3348  4208 D OplusGameFirstManager: oldAverRssi=-64,rssi=-68,newAverRssi=-64
02-21 10:37:03.482  4768  4768 I QImsService: OplusWifiApmStateMgr : onReceive,wifiSignal: -68
02-21 10:37:03.485  3348  4178 D OplusWifiPower_TriggerCenter: mComponentCallback: wifistat
02-21 10:37:03.485  4910  4910 D VendorWifiService: onEvent event:9,action:1
02-21 10:37:03.488  4382  4495 D WifiStatusTracker: mNetworkCallback onCapabilitiesChanged network:321 mPrimaryNetworkId:321
02-21 10:37:03.490  4382  4539 D WifiPickerTracker: handleNetworkCapabilitiesChanged network:321
02-21 10:37:03.492  4382  4539 I WifiPickerTracker: wifi connected status realConnectedWifiEntry not null: true
02-21 10:37:03.493  3348  4178 D SystemNetworkObserver: wifi network 321 nc changed, primary=true
02-21 10:37:03.494  3348  4178 D SystemNetworkObserver: default network nc changed 321
02-21 10:37:03.498  4382  4495 I SystemUi--Statusbar: NetworkController.WifiSignalController-->handleStatusUpdated state=3 enabled=true connected=true isDefaultNetwork=true rssi=-68 level=3 statusLabel=null isDirty=false
02-21 10:37:03.499  4382  4382 I SystemUi--Statusbar: WifiViewModel-->wifiIcon icon:Wifi three bars. isDefault:true alwaysShowIconIfEnabled:false
02-21 10:37:03.513 11902 11902 D BoundBrokerSvc: onRebind: Intent { act=com.google.android.gms.common.telemetry.service.START dat=chimera-action:/... cmp=com.google.android.gms/.chimera.PersistentApiService mCallingUid=10116 }
02-21 10:37:03.513  4910  5158 D SubsysEventListenerManager: onCapabilitiesChanged
02-21 10:37:03.513  4910  5158 D DataStateTracker: getCurDataChannel, channel:1
02-21 10:37:03.513  3348  4208 D OplusSlaNetworkManager: isPrimaryWifi:false network:319
02-21 10:37:03.515  4733  6563 D QCNEJ/NativeHalConnector: -> SND notifyDefaultNetworkChanged(1)
02-21 10:37:03.516  6505  6632 I BugleRcsEngine: Connected state: [1], networkType: [WIFI] [CONTEXT thread_id=5966 ]
02-21 10:37:03.517 11902  3432 I NearbyMediums: [WifiNetworkV2] defaultNetworkCallback onCapabilitiesChanged network:319 [ WIFI VPN ] isNonBypassable:true
02-21 10:37:03.517  6505  6645 I BugleRcsEngine: handleMessage processing message:[NOTIFY_UPTIME_IGNORE_STATE_CHANGED] with [non-null]:RcsEngineImpl reference [CONTEXT log_prefix="RcsEngineImpl[DUAL_REG]:[996c9bd4-2ee8]>Handler" thread_id=5970 ]
02-21 10:37:03.519  4646 21816 E PhoneInterfaceManager: getCarrierPrivilegeStatusForUid: Invalid subId
02-21 10:37:03.519  4382  4495 I SystemUi--Statusbar: NetworkController.WifiSignalController-->handleStatusUpdated state=3 enabled=true connected=true isDefaultNetwork=true rssi=-68 level=3 statusLabel=null isDirty=false
02-21 10:37:03.519  6505  6645 I BugleRcsEngine: No RCS Configuration was found in Bugle for simID: redacted-pii:sim_id[chars:0,last3:] [CONTEXT log_prefix="ProvisioningEngineDataRetriever" thread_id=5970 ]
02-21 10:37:03.522 14338 14411 D WM-WorkConstraintsTrack: NetworkRequestConstraintController onCapabilitiesChanged callback
02-21 10:37:03.605  3348  4337 I Osense-BaseDecisionMaker: notifySceneToAthenaPolicy: SCENE_RES_IO_PSI, bundle: Bundle[{ioLevel=3}]
02-21 10:37:03.605  3348  4337 I Osense-BaseDecisionMaker: OSense not supported scene! SCENE_RES_IO_PSI
02-21 10:37:03.634  1901  2018 D BatteryChargeControl: bcc get no support from charging protocol
02-21 10:37:03.709 11492 11492 E lowmemorykiller: device memory 485538 free 48684 file 426347
02-21 10:37:03.709  3348  4369 I Osense-PsiDetector: 1897,191,2796,5631,51,207,337,1696,2070,673,991,0,8,7629
02-21 10:37:03.709  3348  4332 I Osense-BaseDecisionMaker: notifySceneToAthenaPolicy: SCENE_RES_MEM_PSI_NORMAL, bundle: Bundle[{memLevel=3}]
02-21 10:37:03.810 11492 11492 E lowmemorykiller: device memory 485549 free 54456 file 422326
02-21 10:37:03.848 12851 21289 D ShellSubscriberWorkerThread: the first 8 bytes empty, and RestData length > 8 
02-21 10:37:03.911 11492 11492 E lowmemorykiller: device memory 485451 free 54353 file 422332
02-21 10:37:04.065  4753  5294 D CommonApp-321-10114: transport layer data is invalid
02-21 10:37:04.066  4753  5294 D CommonApp-321-10431: transport layer data is invalid
02-21 10:37:04.069  4382 21954 I SystemUi--QuickSettings: OplusFgsManagerController-->onForegroundStateChanged: com.pandavpn.androidproxy 0 true 2
02-21 10:37:04.069  4382 21954 I SystemUi--QuickSettings: OplusFgsManagerController-->onForegroundStateChanged numPackagesAfter: 2
02-21 10:37:04.078  3348  3644 D NotificationService--NotificationRecord: isSupportRearLight , isRearLight = false mLedRM = false isMultilLed = false
02-21 10:37:04.081  3348  3644 I OplusStatusBarManagerServiceEnhance:  getTopIsFullscreen mTopIsFullscreen: false
02-21 10:37:04.081  3348  3348 D NotificationService--OplusNotificationManagerServiceExtImpl: isForwardToAssistants: true, case : Is local notification
02-21 10:37:04.081  3348  3348 D NotificationService: This application enqueue notifications is need postDelayed mcsAssistantDelayTime: 200
02-21 10:37:04.095  4382  4382 E LockScreenNotificationDispatcherImp: updateNotificationListOnKg size:0
02-21 10:37:04.095  4382  4382 I SystemUi--Notification: LockScreenNotificationDispatcherImp-->updateNotificationListOnKg resultCode: 0
02-21 10:37:04.284 10741 10741 D IHansComunication: HANS sendMessageToKernel: threadId = 519439367280, netLinkSetup = 1, type = FROZEN_TRANS, targetUid = 10324, pkgCmd = PKG_CMD_MAX
02-21 10:37:04.295  3348  3567 D NotificationService--OplusNavigationManager: Notification--isSuppressedByDriveMode--userId:-1,mode:false
02-21 10:37:04.313  4382  4382 E LockScreenNotificationDispatcherImp: updateNotificationListOnKg size:0
02-21 10:37:04.313  4382  4382 I SystemUi--Notification: LockScreenNotificationDispatcherImp-->updateNotificationListOnKg resultCode: 0
02-21 10:37:04.338  4382  4643 D LocalImageResolver: Couldn't use ImageDecoder for drawable, falling back to non-resized load.
02-21 10:37:04.342  4382  4382 D OplusNotificationDateTimeView: setTime mSettingTimeMillis 1771652224065, mSettingLocalDateTime 2026-02-21T10:37:00.065
02-21 10:37:04.348  4382  4643 D LocalImageResolver: Couldn't use ImageDecoder for drawable, falling back to non-resized load.
02-21 10:37:04.350  4382  4382 D OplusNotificationDateTimeView: setTime mSettingTimeMillis 1771652224065, mSettingLocalDateTime 2026-02-21T10:37:00.065
02-21 10:37:04.358  4382  4382 E ContrastColorUtil: background can not be translucent: #cc212121
02-21 10:37:04.360  4382  4382 E ContrastColorUtil: background can not be translucent: #cc212121
02-21 10:37:04.362  4382  4382 E ContrastColorUtil: background can not be translucent: #cc212121
02-21 10:37:04.362  4382  4382 E ContrastColorUtil: background can not be translucent: #cc212121
02-21 10:37:04.363  4382  4382 E ContrastColorUtil: background can not be translucent: #cc212121
02-21 10:37:04.363  4382  4382 E ContrastColorUtil: background can not be translucent: #cc212121
02-21 10:37:04.364  4382  4382 E ContrastColorUtil: background can not be translucent: #cc212121
02-21 10:37:04.365  4382  4382 E ContrastColorUtil: background can not be translucent: #cc212121
02-21 10:37:04.365  4382  4382 E ContrastColorUtil: background can not be translucent: #cc212121
02-21 10:37:04.366  4382  4382 E ContrastColorUtil: background can not be translucent: #cc212121
02-21 10:37:04.366  4382  4382 E ContrastColorUtil: background can not be translucent: #cc212121
02-21 10:37:04.367  4382  4382 E ContrastColorUtil: background can not be translucent: #cc212121
02-21 10:37:04.367  4382  4382 E ContrastColorUtil: background can not be translucent: #cc212121
02-21 10:37:04.368  4382  4382 E ContrastColorUtil: background can not be translucent: #cc212121
02-21 10:37:04.368  4382  4382 E ContrastColorUtil: background can not be translucent: #cc212121
02-21 10:37:04.369  4382  4382 E ContrastColorUtil: background can not be translucent: #cc212121
02-21 10:37:04.371  4382  4382 E LockScreenNotificationDispatcherImp: updateNotificationListOnKg size:0
02-21 10:37:04.371  4382  4382 I SystemUi--Notification: LockScreenNotificationDispatcherImp-->updateNotificationListOnKg resultCode: 0
02-21 10:37:04.469 11902 11902 D BoundBrokerSvc: onUnbind: Intent { act=com.google.android.gms.common.telemetry.service.START dat=chimera-action:/... cmp=com.google.android.gms/.chimera.PersistentApiService mCallingUid=10116 }
02-21 10:37:04.524  4753  5294 D CommonApp-321-10114: DefaultState EVENT_SCENARIOS_CHANGE
02-21 10:37:04.524  4753  5294 D CommonApp-321-10114: scene=COMMON pn=com.android.vending
02-21 10:37:04.524  4753  5294 D CommonApp-321-10431: DefaultState EVENT_SCENARIOS_CHANGE
02-21 10:37:04.524  4753  5294 D CommonApp-321-10431: scene=COMMON pn=com.renderflow.app
02-21 10:37:04.642  1901  2018 D BatteryChargeControl: bcc get no support from charging protocol
02-21 10:37:04.691  5106  5201 I OplusCameraManagerGlobal: setClientInfo, packageName: com.oplus.camera, uid: 10161, pid: 5106
02-21 10:37:04.713  5106  5201 I OplusCameraManagerGlobal: setClientInfo, packageName: com.oplus.camera, uid: 10161, pid: 5106
02-21 10:37:04.714  5106  5201 V MandatoryStreamCombination: Device does not support preview stabilization
02-21 10:37:04.719  5106  5201 I OplusCameraManagerGlobal: setClientInfo, packageName: com.oplus.camera, uid: 10161, pid: 5106
02-21 10:37:04.730   688   918 I MMKV    : Disable checkProcessMode()
02-21 10:37:04.730   688   918 I MMKV    : <MMKV.cpp:203::initializeMMKV> root dir: /data/user_de/0/com.oplus.statistics.rom/files/mmkv
02-21 10:37:04.731   688   918 I MSP-LOG-SDK-MspSdk: Sdk has initialized! version:2.0.1.10
02-21 10:37:04.731   688   918 I MSP-LOG-SDK-ApiProxy: interfaces length 1
02-21 10:37:04.731   688   918 I MSP-LOG-SDK-ApiProxy: interfaces clazz name is b
02-21 10:37:04.731  5106  5201 I OplusCameraManagerGlobal: setClientInfo, packageName: com.oplus.camera, uid: 10161, pid: 5106
02-21 10:37:04.732   688   918 I MSP-LOG-SDK-RealIPCInterceptor: before invoke [a#a], len(args) = -1, thread name = Timer-0
02-21 10:37:04.732  5106  5201 V MandatoryStreamCombination: Device is not able to output 10-bit!
02-21 10:37:04.733   688   918 E MSP-LOG-SDK-: MspSdkException{code=-1,message=com.heytap.mspsdk.exception.MspProxyException: No target found for all actions}
02-21 10:37:04.733   688   918 E MSP-LOG-SDK-: 	at com.heytap.mspsdk.proxy.h.c(RealIPCInterceptor.java:13)
02-21 10:37:04.733   688   918 E MSP-LOG-SDK-: 	at com.heytap.mspsdk.proxy.h.a(RealIPCInterceptor.java:2)
02-21 10:37:04.733   688   918 E MSP-LOG-SDK-: 	at com.heytap.mspsdk.proxy.h.b(RealIPCInterceptor.java:1)
02-21 10:37:04.733   688   918 E MSP-LOG-SDK-: 	at com.heytap.mspsdk.interceptor.c.b(StandardListChain.java:5)
02-21 10:37:04.733   688   918 E MSP-LOG-SDK-: 	at com.heytap.mspsdk.proxy.b.b(CompatCheckInterceptor.java:8)
02-21 10:37:04.733   688   918 E MSP-LOG-SDK-: 	at com.heytap.mspsdk.interceptor.c.b(StandardListChain.java:5)
02-21 10:37:04.733   688   918 E MSP-LOG-SDK-: 	at com.heytap.mspsdk.proxy.d.invoke(InnerInvocationHandler.java:23)
02-21 10:37:04.733   688   918 E MSP-LOG-SDK-: 	at java.lang.reflect.Proxy.invoke(Proxy.java:1006)
02-21 10:37:04.733   688   918 E MSP-LOG-SDK-: 	at $Proxy5.a(Unknown Source)
02-21 10:37:04.733   688   918 E MSP-LOG-SDK-: 	at com.oplus.statistic.rom.oneidsdk.c$d.a(OneIdOsTokenKitSdk.java:1)
02-21 10:37:04.733   688   918 E MSP-LOG-SDK-: 	at com.oplus.statistic.rom.oneidsdk.c.o(OneIdOsTokenKitSdk.java:2)
02-21 10:37:04.733   688   918 E MSP-LOG-SDK-: 	at com.oplus.statistic.rom.oneidsdk.c.n(OneIdOsTokenKitSdk.java:13)
02-21 10:37:04.733   688   918 E MSP-LOG-SDK-: 	at com.oplus.statistics.rom.application.DcsModule$b.run(DcsModule.kt:1)
02-21 10:37:04.733   688   918 E MSP-LOG-SDK-: 	at java.util.TimerThread.mainLoop(Timer.java:634)
02-21 10:37:04.733   688   918 E MSP-LOG-SDK-: 	at java.util.TimerThread.run(Timer.java:577)
02-21 10:37:04.733   688   918 E MSP-LOG-SDK-: Caused by: com.opos.process.bridge.provider.BridgeExecuteException: No target found for all actions
02-21 10:37:04.733   688   918 E MSP-LOG-SDK-: 	at com.opos.process.bridge.client.BaseServiceClient.getPackageAndAction(BaseServiceClient.java:32)
02-21 10:37:04.733   688   918 E MSP-LOG-SDK-: 	at com.opos.process.bridge.client.BaseServiceClient.callRemote(BaseServiceClient.java:21)
02-21 10:37:04.733   688   918 E MSP-LOG-SDK-: 	at com.opos.process.bridge.client.BaseClient.callForResult(BaseClient.java:2)
02-21 10:37:04.733   688   918 E MSP-LOG-SDK-: 	at com.opos.process.bridge.client.BaseServiceClient.callForResult(BaseServiceClient.java:2)
02-21 10:37:04.733   688   918 E MSP-LOG-SDK-: 	at com.opos.process.bridge.client.BaseClient.call(BaseClient.java:2)
02-21 10:37:04.733   688   918 E MSP-LOG-SDK-: 	at com.opos.process.bridge.client.BaseServiceClient.call(BaseServiceClient.java:2)
02-21 10:37:04.733   688   918 E MSP-LOG-SDK-: 	at com.oplus.statistic.rom.oneidsdk.a.a(OneIdModule$Client.java:2)
02-21 10:37:04.733   688   918 E MSP-LOG-SDK-: 	at java.lang.reflect.Method.invoke(Native Method)
02-21 10:37:04.733   688   918 E MSP-LOG-SDK-: 	at com.heytap.mspsdk.proxy.h.c(RealIPCInterceptor.java:6)
02-21 10:37:04.733   688   918 E MSP-LOG-SDK-: 	... 14 more
02-21 10:37:04.734   688   918 I MSP-LOG-SDK-MspSdk: Sdk has initialized! version:2.0.1.10
02-21 10:37:04.734   688   918 I MSP-LOG-SDK-ApiProxy: interfaces length 1
02-21 10:37:04.734   688   918 I MSP-LOG-SDK-ApiProxy: interfaces clazz name is b
02-21 10:37:04.734   688   918 I MSP-LOG-SDK-RealIPCInterceptor: before invoke [a#c], len(args) = 1, thread name = Timer-0
02-21 10:37:04.736   688   918 E MSP-LOG-SDK-: MspSdkException{code=-1,message=com.heytap.mspsdk.exception.MspProxyException: No target found for all actions}
02-21 10:37:04.736   688   918 E MSP-LOG-SDK-: 	at com.heytap.mspsdk.proxy.h.c(RealIPCInterceptor.java:13)
02-21 10:37:04.736   688   918 E MSP-LOG-SDK-: 	at com.heytap.mspsdk.proxy.h.a(RealIPCInterceptor.java:2)
02-21 10:37:04.736   688   918 E MSP-LOG-SDK-: 	at com.heytap.mspsdk.proxy.h.b(RealIPCInterceptor.java:1)
02-21 10:37:04.736   688   918 E MSP-LOG-SDK-: 	at com.heytap.mspsdk.interceptor.c.b(StandardListChain.java:5)
02-21 10:37:04.736   688   918 E MSP-LOG-SDK-: 	at com.heytap.mspsdk.proxy.b.b(CompatCheckInterceptor.java:8)
02-21 10:37:04.736   688   918 E MSP-LOG-SDK-: 	at com.heytap.mspsdk.interceptor.c.b(StandardListChain.java:5)
02-21 10:37:04.736   688   918 E MSP-LOG-SDK-: 	at com.heytap.mspsdk.proxy.d.invoke(InnerInvocationHandler.java:23)
02-21 10:37:04.736   688   918 E MSP-LOG-SDK-: 	at java.lang.reflect.Proxy.invoke(Proxy.java:1006)
02-21 10:37:04.736   688   918 E MSP-LOG-SDK-: 	at $Proxy5.c(Unknown Source)
02-21 10:37:04.736   688   918 E MSP-LOG-SDK-: 	at com.oplus.statistic.rom.oneidsdk.c$d.c(OneIdOsTokenKitSdk.java:1)
02-21 10:37:04.736   688   918 E MSP-LOG-SDK-: 	at com.oplus.statistic.rom.oneidsdk.c.j(OneIdOsTokenKitSdk.java:19)
02-21 10:37:04.736   688   918 E MSP-LOG-SDK-: 	at com.oplus.statistics.rom.application.DcsModule$b.run(DcsModule.kt:2)
02-21 10:37:04.736   688   918 E MSP-LOG-SDK-: 	at java.util.TimerThread.mainLoop(Timer.java:634)
02-21 10:37:04.736   688   918 E MSP-LOG-SDK-: 	at java.util.TimerThread.run(Timer.java:577)
02-21 10:37:04.736   688   918 E MSP-LOG-SDK-: Caused by: com.opos.process.bridge.provider.BridgeExecuteException: No target found for all actions
02-21 10:37:04.736   688   918 E MSP-LOG-SDK-: 	at com.opos.process.bridge.client.BaseServiceClient.getPackageAndAction(BaseServiceClient.java:32)
02-21 10:37:04.736   688   918 E MSP-LOG-SDK-: 	at com.opos.process.bridge.client.BaseServiceClient.callRemote(BaseServiceClient.java:21)
02-21 10:37:04.736   688   918 E MSP-LOG-SDK-: 	at com.opos.process.bridge.client.BaseClient.callForResult(BaseClient.java:2)
02-21 10:37:04.736   688   918 E MSP-LOG-SDK-: 	at com.opos.process.bridge.client.BaseServiceClient.callForResult(BaseServiceClient.java:2)
02-21 10:37:04.736   688   918 E MSP-LOG-SDK-: 	at com.opos.process.bridge.client.BaseClient.call(BaseClient.java:2)
02-21 10:37:04.736   688   918 E MSP-LOG-SDK-: 	at com.opos.process.bridge.client.BaseServiceClient.call(BaseServiceClient.java:2)
02-21 10:37:04.736   688   918 E MSP-LOG-SDK-: 	at com.oplus.statistic.rom.oneidsdk.a.c(OneIdModule$Client.java:2)
02-21 10:37:04.736   688   918 E MSP-LOG-SDK-: 	at java.lang.reflect.Method.invoke(Native Method)
02-21 10:37:04.736   688   918 E MSP-LOG-SDK-: 	at com.heytap.mspsdk.proxy.h.c(RealIPCInterceptor.java:6)
02-21 10:37:04.736   688   918 E MSP-LOG-SDK-: 	... 13 more
02-21 10:37:04.736   688   918 E MSP-LOG-SDK-OneIdOsTokenKitSdk: error----->bridge: No target found for all actions
02-21 10:37:04.736   688   918 I MSP-LOG-SDK-MspSdk: Sdk has initialized! version:2.0.1.10
02-21 10:37:04.736  5106  5201 I OplusCameraManagerGlobal: setClientInfo, packageName: com.oplus.camera, uid: 10161, pid: 5106
02-21 10:37:04.736   688   918 I MSP-LOG-SDK-ApiProxy: interfaces length 1
02-21 10:37:04.736   688   918 I MSP-LOG-SDK-ApiProxy: interfaces clazz name is b
02-21 10:37:04.737   688   918 I MSP-LOG-SDK-RealIPCInterceptor: before invoke [a#e], len(args) = 1, thread name = Timer-0
02-21 10:37:04.738   688   918 E MSP-LOG-SDK-: MspSdkException{code=-1,message=com.heytap.mspsdk.exception.MspProxyException: No target found for all actions}
02-21 10:37:04.738   688   918 E MSP-LOG-SDK-: 	at com.heytap.mspsdk.proxy.h.c(RealIPCInterceptor.java:13)
02-21 10:37:04.738   688   918 E MSP-LOG-SDK-: 	at com.heytap.mspsdk.proxy.h.a(RealIPCInterceptor.java:2)
02-21 10:37:04.738   688   918 E MSP-LOG-SDK-: 	at com.heytap.mspsdk.proxy.h.b(RealIPCInterceptor.java:1)
02-21 10:37:04.738   688   918 E MSP-LOG-SDK-: 	at com.heytap.mspsdk.interceptor.c.b(StandardListChain.java:5)
02-21 10:37:04.738   688   918 E MSP-LOG-SDK-: 	at com.heytap.mspsdk.proxy.b.b(CompatCheckInterceptor.java:8)
02-21 10:37:04.738   688   918 E MSP-LOG-SDK-: 	at com.heytap.mspsdk.interceptor.c.b(StandardListChain.java:5)
02-21 10:37:04.738   688   918 E MSP-LOG-SDK-: 	at com.heytap.mspsdk.proxy.d.invoke(InnerInvocationHandler.java:23)
02-21 10:37:04.738   688   918 E MSP-LOG-SDK-: 	at java.lang.reflect.Proxy.invoke(Proxy.java:1006)
02-21 10:37:04.738   688   918 E MSP-LOG-SDK-: 	at $Proxy5.e(Unknown Source)
02-21 10:37:04.738   688   918 E MSP-LOG-SDK-: 	at com.oplus.statistic.rom.oneidsdk.c$d.e(OneIdOsTokenKitSdk.java:1)
02-21 10:37:04.738   688   918 E MSP-LOG-SDK-: 	at com.oplus.statistic.rom.oneidsdk.c.m(OneIdOsTokenKitSdk.java:19)
02-21 10:37:04.738   688   918 E MSP-LOG-SDK-: 	at com.oplus.statistics.rom.application.DcsModule$b.run(DcsModule.kt:3)
02-21 10:37:04.738   688   918 E MSP-LOG-SDK-: 	at java.util.TimerThread.mainLoop(Timer.java:634)
02-21 10:37:04.738   688   918 E MSP-LOG-SDK-: 	at java.util.TimerThread.run(Timer.java:577)
02-21 10:37:04.738   688   918 E MSP-LOG-SDK-: Caused by: com.opos.process.bridge.provider.BridgeExecuteException: No target found for all actions
02-21 10:37:04.738   688   918 E MSP-LOG-SDK-: 	at com.opos.process.bridge.client.BaseServiceClient.getPackageAndAction(BaseServiceClient.java:32)
02-21 10:37:04.738   688   918 E MSP-LOG-SDK-: 	at com.opos.process.bridge.client.BaseServiceClient.callRemote(BaseServiceClient.java:21)
02-21 10:37:04.738   688   918 E MSP-LOG-SDK-: 	at com.opos.process.bridge.client.BaseClient.callForResult(BaseClient.java:2)
02-21 10:37:04.738   688   918 E MSP-LOG-SDK-: 	at com.opos.process.bridge.client.BaseServiceClient.callForResult(BaseServiceClient.java:2)
02-21 10:37:04.738   688   918 E MSP-LOG-SDK-: 	at com.opos.process.bridge.client.BaseClient.call(BaseClient.java:2)
02-21 10:37:04.738   688   918 E MSP-LOG-SDK-: 	at com.opos.process.bridge.client.BaseServiceClient.call(BaseServiceClient.java:2)
02-21 10:37:04.738   688   918 E MSP-LOG-SDK-: 	at com.oplus.statistic.rom.oneidsdk.a.e(OneIdModule$Client.java:2)
02-21 10:37:04.738   688   918 E MSP-LOG-SDK-: 	at java.lang.reflect.Method.invoke(Native Method)
02-21 10:37:04.738   688   918 E MSP-LOG-SDK-: 	at com.heytap.mspsdk.proxy.h.c(RealIPCInterceptor.java:6)
02-21 10:37:04.738   688   918 E MSP-LOG-SDK-: 	... 13 more
02-21 10:37:04.739   688   918 E MSP-LOG-SDK-OneIdOsTokenKitSdk: error----->bridge: No target found for all actions
02-21 10:37:04.798  2487  3862 I oplus_theia: Waiting for OCenterService
02-21 10:37:04.802  5106  5201 I OplusCameraManagerGlobal: setClientInfo, packageName: com.oplus.camera, uid: 10161, pid: 5106
02-21 10:37:04.815  5106  5201 I OplusCameraManagerGlobal: setClientInfo, packageName: com.oplus.camera, uid: 10161, pid: 5106
02-21 10:37:04.817  5106  5201 V MandatoryStreamCombination: Device does not support preview stabilization
02-21 10:37:04.819  5106  5201 I OplusCameraManagerGlobal: setClientInfo, packageName: com.oplus.camera, uid: 10161, pid: 5106
02-21 10:37:04.827  5106  5201 I OplusCameraManagerGlobal: setClientInfo, packageName: com.oplus.camera, uid: 10161, pid: 5106
02-21 10:37:04.828  5106  5201 V MandatoryStreamCombination: Device is not able to output 10-bit!
02-21 10:37:04.831  5106  5201 I OplusCameraManagerGlobal: setClientInfo, packageName: com.oplus.camera, uid: 10161, pid: 5106
02-21 10:37:04.884  5106  5201 I OplusCameraManagerGlobal: setClientInfo, packageName: com.oplus.camera, uid: 10161, pid: 5106
02-21 10:37:04.885  5106  5201 V MandatoryStreamCombination: Device does not support preview stabilization
02-21 10:37:04.887  1901  1901 D vendor.oplus.hardware.charger-V6-service: get_ui_charge_icon_type 0 0 0 0 0
02-21 10:37:04.891  5106  5201 I OplusCameraManagerGlobal: setClientInfo, packageName: com.oplus.camera, uid: 10161, pid: 5106
02-21 10:37:04.894  1901  1901 D vendor.oplus.hardware.charger-V6-service: oplus_chg_get_cpa_power 2500 charge_online 1 retention_topic 0
02-21 10:37:04.903  5106  5201 I OplusCameraManagerGlobal: setClientInfo, packageName: com.oplus.camera, uid: 10161, pid: 5106
02-21 10:37:04.904  5106  5201 V MandatoryStreamCombination: Device is not able to output 10-bit!
02-21 10:37:04.909  5106  5201 I OplusCameraManagerGlobal: setClientInfo, packageName: com.oplus.camera, uid: 10161, pid: 5106
02-21 10:37:04.955  5106  5201 I OplusCameraManagerGlobal: setClientInfo, packageName: com.oplus.camera, uid: 10161, pid: 5106
02-21 10:37:04.956  5106  5201 V MandatoryStreamCombination: Device does not support preview stabilization
02-21 10:37:04.959  5106  5201 I OplusCameraManagerGlobal: setClientInfo, packageName: com.oplus.camera, uid: 10161, pid: 5106
