02-21 10:36:47.495  3348  8035 E OplusAppQuickStart_AppQuickStartController: not start from launcher transition:TransitionRecord{2b29916 id=19834 track=0 type=OPEN flags=0x0 state=1}
02-21 10:36:47.495  3348  8035 D Transition: collectOrderChanges onTopTasksEnd: [Task{246a97a #13852 type=standard A=10431:com.renderflow.app}], reportedOnTop:null, mOnTopTasksStart: [Task{246a97a #13852 type=standard A=10431:com.renderflow.app}], TDA child: [Task{57a1faa #2 type=undefined}, Task{cbfc12e #13850 type=standard I=com.google.android.googlequicksearchbox/com.google.android.apps.search.assistant.surfaces.voice.robin.main.MainActivity}, Task{66a432d #13848 type=standard A=10121:com.oppo.quicksearchbox}, Task{cb7ade8 #1 type=home}, Task{246a97a #13852 type=standard A=10431:com.renderflow.app}]
02-21 10:36:47.495  3348  8035 D OplusFlexibleActivityTransitionManager: fixTransitType type result:1, targets: []
02-21 10:36:47.496  3348  8035 D OplusTransitionController: onTransactionReady, transition: 19834, 
02-21 10:36:47.496  3348  8035 D OplusTransitionController:  info: {id=19834 t=OPEN f=0x0 trk=0 r=[] c=[] extendInfo=[OplusTransitionExtendedInfo{mTmpFinishT=null, mInOplusCompatMode=false, mIsProcessRunning=false, mHasMismatchBoundsTarget=false, mRecentsController=null, mIsTranslucentActivityToHome=false, mAvoidInterceptKeyEventToHome=false, mIsFromHome=false, mParentLeash=null, mIsOplusAnimRes=false, mIsFromOverlay=false, mIsBalAllow=false, mTaskNotInRecent=false, mIsLaunchFromSpruce=false, mIsLaunchFromDrive=false, mAssistScreenShowing=false, mUserIdTransition=-1, mInRemoteScene=false, mInPreReady=false, mPreStart=false, mToken=null, mShellApplyToken=null, mRequestTransitionTaskId=13852, mAbortTransitionOnShell=0, mTransitionId=19834, mAnimStartingPosition=[0, 0, 0, 0], mIsOpeningStkDialogActivity=false}]}, 
02-21 10:36:47.496  3348  8035 D OplusTransitionController:  targets : [], 
02-21 10:36:47.496  3348  8035 D OplusTransitionController:  participants: {ActivityRecord{6e9d53 u0 com.google.android.gms/.autofill.ui.AutofillTransparentActivity t13852 f}}}, 
02-21 10:36:47.496  3348  8035 D OplusTransitionController:  playings:[TransitionRecord{2b29916 id=19834 track=0 type=OPEN flags=0x0 state=2}]
02-21 10:36:47.496  4382 21954 V WindowManagerShell: onTransitionReady(transaction=14379552936325)
02-21 10:36:47.496  3348  8048 D VRR [OPlusRefreshRateService]:  setFrameRateTargetControl [ 0.0 , com.google.android.gms , false , com.oplus.battery ]
02-21 10:36:47.496  3348  8048 D VRR [OPlusExternalRefreshRateManager]:  [FRTC] FrameRate : 0 com.google.android.gms false com.oplus.battery 0 1000
02-21 10:36:47.496  4382  4445 V WindowManagerShell: onTransitionReady (#19834) android.os.BinderProxy@767cb98: {id=19834 t=OPEN f=0x0 trk=0 r=[] c=[] extendInfo=[OplusTransitionExtendedInfo{mTmpFinishT=null, mInOplusCompatMode=false, mIsProcessRunning=false, mHasMismatchBoundsTarget=false, mRecentsController=null, mIsTranslucentActivityToHome=false, mAvoidInterceptKeyEventToHome=false, mIsFromHome=false, mParentLeash=null, mIsOplusAnimRes=false, mIsFromOverlay=false, mIsBalAllow=false, mTaskNotInRecent=false, mIsLaunchFromSpruce=false, mIsLaunchFromDrive=false, mAssistScreenShowing=false, mUserIdTransition=-1, mInRemoteScene=false, mInPreReady=false, mPreStart=false, mToken=null, mShellApplyToken=null, mRequestTransitionTaskId=13852, mAbortTransitionOnShell=0, mTransitionId=19834, mAnimStartingPosition=[0, 0, 0, 0], mIsOpeningStkDialogActivity=false}]}
02-21 10:36:47.496  4382  4445 V WindowManagerShell: No transition roots in (#19834) android.os.BinderProxy@767cb98@0 so abort
02-21 10:36:47.497  4382  4445 V WindowManagerShell: Transition animation finished (aborted=true), notifying core (#19834) android.os.BinderProxy@767cb98@0
02-21 10:36:47.497  4382  4445 D SplitScreen-->AppLockManager: setStartFromSafeControl mStartFromSafeControl=false
02-21 10:36:47.497  3348  4843 D OplusAppSwitchListener: Detect com.renderflow.app switch to foreground
02-21 10:36:47.497  3348  4843 D OplusFeatureRiderMode: onAppEnter , info = com.renderflow.app
02-21 10:36:47.497  3348  4843 D OplusEapManager: mTargetEnterName :com.renderflow.app
02-21 10:36:47.498  3348  3670 I OplusSmartBrightnessController: handleMessage MSG_POWER_BRIGHTNESS_CHANGED.
02-21 10:36:47.498  3348  4843 D VRR [OPlusFrontAppManager]: OnAppSwitchObserver: onAppEnter , info.targetName = com.renderflow.app
02-21 10:36:47.498  3348  3625 V WindowManager: Sent Transition (#19834) createdAt=02-21 10:36:47.445 via request=TransitionRequestInfo { type = OPEN, triggerTask = TaskInfo{userId=0 taskId=13852 displayId=0 isRunning=true baseIntent=Intent { act=android.intent.action.MAIN cat=[android.intent.category.LAUNCHER] flg=0x10200000 cmp=com.renderflow.app/.MainActivity mCallingUid=10213 } baseActivity=ComponentInfo{com.renderflow.app/com.renderflow.app.MainActivity} topActivity=ComponentInfo{com.google.android.gms/com.google.android.gms.autofill.ui.AutofillTransparentActivity} origActivity=null realActivity=ComponentInfo{com.renderflow.app/com.renderflow.app.MainActivity} numActivities=2 lastActiveTime=756582314 supportsSplitScreenMultiWindow=true supportsMultiWindow=true supportsPocketStudioMultiWindow=true isInFlexibleEmbedded = false uid = 10116 pid = 0 resizeMode=1 isResizeable=true minWidth=-1 minHeight=-1 defaultMinSize=220 token=WCT{RemoteToken{5231e15 Task{246a97a #13852 type=standard A=10431:com.renderflow.app}}} topActivityType=1 pictureInPictureParams=null shouldDockBigOverlays=false launchIntoPipHostTaskId=-1 lastParentTaskIdBeforePip=-1 displayCutoutSafeInsets=Rect(0, 96 - 0, 0) topActivityInfo=ActivityInfo{b6029fd com.google.android.gms.autofill.ui.AutofillTransparentActivity} launchCookies=[android.os.BinderProxy@2a60f1b] positionInParent=Point(0, 0) parentTaskId=-1 isFocused=true isVisible=true isVisibleRequested=true isSleeping=false locusId=null displayAreaFeatureId=1 isTopActivityTransparent=true appCompatTaskInfo=AppCompatTaskInfo { topActivityInSizeCompat=false topActivityInOplusCompatMode=false topActivityEligibleForLetterboxEducation= falseisLetterboxEducationEnabled= false isLetterboxDoubleTapEnabled= false topActivityEligibleForUserAspectRatioButton= false topActivityBoundsLetterboxed= false isFromLetterboxDoubleTap= false topActivityLetterboxVerticalPosition= -1 topActivityLetterboxHorizontalPosition= -1 topActivityLetterboxWidth=1080 topActivityLetterboxHeight=2412 isUserFullscreenOverrideEnabled=false isSystemFullscreenOverrideEnabled=false cameraCompatTaskInfo=CameraCompatTaskInfo { cameraCompatControlState=hidden freeformCameraCompatMode=inactive}} topActivityLetterboxInsets=Rect(0, 0 - 0, 0) mOplusExtraBundle = Bundle[{androidx.flexible.taskFrame=Rect(0, 0 - 0, 0), key_flexible_task_state=0, androidx.activity.LaunchScenario=0, androidx.activity.LaunchScale=1.0}]}, pipTask = null, remoteTransition = null, displayChange = null, flags = 0, debugId = 19834 }
02-21 10:36:47.498  3348  3625 V WindowManager:     startWCT=WindowContainerTransaction { changes = {} hops = [] errorCallbackToken=null taskFragmentOrganizer=null }
02-21 10:36:47.498  3348  3625 V WindowManager:     info={id=19834 t=OPEN f=0x0 trk=0 r=[] c=[] extendInfo=[OplusTransitionExtendedInfo{mTmpFinishT=null, mInOplusCompatMode=false, mIsProcessRunning=false, mHasMismatchBoundsTarget=false, mRecentsController=null, mIsTranslucentActivityToHome=false, mAvoidInterceptKeyEventToHome=false, mIsFromHome=false, mParentLeash=null, mIsOplusAnimRes=false, mIsFromOverlay=false, mIsBalAllow=false, mTaskNotInRecent=false, mIsLaunchFromSpruce=false, mIsLaunchFromDrive=false, mAssistScreenShowing=false, mUserIdTransition=-1, mInRemoteScene=false, mInPreReady=false, mPreStart=false, mToken=null, mShellApplyToken=null, mRequestTransitionTaskId=13852, mAbortTransitionOnShell=0, mTransitionId=19834, mAnimStartingPosition=[0, 0, 0, 0], mIsOpeningStkDialogActivity=false}]}
02-21 10:36:47.498  3348  3983 D OplusBatteryServiceFeature: setSmartCoolDown: coolDown = 3, normalCoolDown = 3, pkgName = com.renderflow.app
02-21 10:36:47.499  3348  8035 D Transition: finishTransition ar ActivityRecord{6e9d53 u0 com.google.android.gms/.autofill.ui.AutofillTransparentActivity t13852 f}}, isVisibleRequested=false, state=FINISHING, visibleAtTransitionEndTokens={}, this=TransitionRecord{2b29916 id=19834 track=0 type=OPEN flags=0x0 state=2}
02-21 10:36:47.499  3348  3653 E OplusThermalStats: Error getting package info: com.renderflow.app
02-21 10:36:47.499  3348  8035 D OplusTransitionController: finishTransition, transition: TransitionRecord{2b29916 id=19834 track=0 type=OPEN flags=0x0 state=4}
02-21 10:36:47.499  3348  3676 D VRR [OPlusRefreshRateService]: handleFrontAppChange pkgName: com.renderflow.app
02-21 10:36:47.499  3348  3639 W UserAwareMgr: event can not be released, id: 5005, count: 2, releasePid: 3348
02-21 10:36:47.499  3348  8035 D RefreshRate: ***** request traversal for refresh rate change, reason is highTempRefreshRateChanged: false, windowRefreshRateChanged: true, flexibleWindowStateChanged: false, has float/zoom window *****
02-21 10:36:47.500  3348  8035 D TransitionController: NFW_send RECOMPUTE_FOCUS in finishTransition
02-21 10:36:47.500  3348  3668 D ColorAutomaticBrightnessController: MSG_UPDATE_BRIGHTNESS
02-21 10:36:47.500  4382  4445 D ShellTaskOrganizer: onTransitionFinish, isRecent:false
02-21 10:36:47.501  4382  4445 V WindowManagerShell: Track 0 became idle
02-21 10:36:47.501  3348  3676 D VRR [OPlusSAManager]: updateAutoMinfps with nits: 0.0, mHistOK true, mAmbientOK true, mCctOK true, mIrOK true, mBrightnessOK true, isPkgOK true, SA min fps: 3
02-21 10:36:47.501  3348  3848 W AutofillManagerServiceImpl: getFillEventHistory() called by UID 10263, but service UID is 10116
02-21 10:36:47.502  3348  3983 W UserManagerService: Requested status bar icon for non-badged user 0
02-21 10:36:47.504 18883 18883 D ActivityThread: ComponentInfo{com.google.android.gms/com.google.android.gms.autofill.ui.AutofillTransparentActivity} checkFinished=true 1
02-21 10:36:47.504  3348  3848 W UserManagerService: Requested status bar icon for non-badged user 0
02-21 10:36:47.505  3348  3639 I UserAwareMgr: handleAppChangedToBg, pkgName: com.google.android.gms, pid: 18883
02-21 10:36:47.505  3348  3848 D ActivityTaskManager: removeAppToken: ActivityRecord{6e9d53 u0 com.google.android.gms/.autofill.ui.AutofillTransparentActivity t13852 f}} delayed=false parent=Task{246a97a #13852 type=standard A=10431:com.renderflow.app} animating=false Callers=com.android.server.wm.DisplayContent.removeAppToken:1734 com.android.server.wm.ActivityRecord.removeFromHistory:5057 com.android.server.wm.ActivityRecord.destroyed:5143 com.android.server.wm.ActivityClientController.activityDestroyed:337 
02-21 10:36:47.506  3348  3628 D WindowManager: NFW_findFocusedWindowIfNeeded:Window{4067f2e u0 com.renderflow.app/com.renderflow.app.MainActivity} mCurrentFocus:Window{4067f2e u0 com.renderflow.app/com.renderflow.app.MainActivity}
02-21 10:36:47.508  3348  3629 I TaskOrganizerController: onTaskInfoChanged taskid 13852 config { mBounds=Rect(0, 0 - 1080, 2412) mAppBounds=Rect(0, 0 - 1080, 2412) mMaxBounds=Rect(0, 0 - 1080, 2412) mDisplayRotation=ROTATION_0 mWindowingMode=fullscreen mActivityType=standard mAlwaysOnTop=undefined mRotation=ROTATION_0}
02-21 10:36:47.509  3348  3629 D OplusFlexibleWindowMinimizedManagerHelper: onTaskInfoChanged taskInfo:TaskInfo{userId=0 taskId=13852 displayId=0 isRunning=true baseIntent=Intent { act=android.intent.action.MAIN cat=[android.intent.category.LAUNCHER] flg=0x10200000 cmp=com.renderflow.app/.MainActivity mCallingUid=10213 } baseActivity=ComponentInfo{com.renderflow.app/com.renderflow.app.MainActivity} topActivity=ComponentInfo{com.renderflow.app/com.renderflow.app.MainActivity} origActivity=null realActivity=ComponentInfo{com.renderflow.app/com.renderflow.app.MainActivity} numActivities=1 lastActiveTime=756582356 supportsSplitScreenMultiWindow=true supportsMultiWindow=true supportsPocketStudioMultiWindow=true isInFlexibleEmbedded = false uid = 10431 pid = 2955 resizeMode=1 isResizeable=true minWidth=-1 minHeight=-1 defaultMinSize=220 token=WCT{RemoteToken{5231e15 Task{246a97a #13852 type=standard A=10431:com.renderflow.app}}} topActivityType=1 pictureInPictureParams=null shouldDockBigOverlays=false launchIntoPipHostTaskId=-1 lastParentTaskIdBeforePip=-1 displayCutoutSafeInsets=Rect(0, 96 - 0, 0) topActivityInfo=ActivityInfo{c5c652a com.renderflow.app.MainActivity} launchCookies=[android.os.BinderProxy@2a60f1b] positionInParent=Point(0, 0) parentTaskId=-1 isFocused=true isVisible=true isVisibleRequested=true isSleeping=false locusId=null displayAreaFeatureId=1 isTopActivityTransparent=false appCompatTaskInfo=AppCompatTaskInfo { topActivityInSizeCompat=false topActivityInOplusCompatMode=false topActivityEligibleForLetterboxEducation= falseisLetterboxEducationEnabled= false isLetterboxDoubleTapEnabled= false topActivityEligibleForUserAspectRatioButton= false topActivityBoundsLetterboxed= false isFromLetterboxDoubleTap= false topActivityLetterboxVerticalPosition= -1 topActivityLetterboxHorizontalPosition= -1 topActivityLetterboxWidth=1080 topActivityLetterboxHeight=2412 isUserFullscreenOverrideEnabled=false isSystemFullscreenOverrideEnabled=false cameraCompatTaskInfo=CameraCompatTaskInfo { cameraCompatControlState=hidden freeformCameraCompatMode=inactive}} topActivityLetterboxInsets=Rect(0, 0 - 0, 0) mOplusExtraBundle = Bundle[{androidx.flexible.taskFrame=Rect(0, 0 - 0, 0), key_flexible_task_state=0, androidx.activity.LaunchScenario=0, androidx.activity.LaunchScale=1.0}]} task:Task{246a97a #13852 type=standard A=10431:com.renderflow.app}
02-21 10:36:47.509  3348  3629 D OplusFlexibleDragToSplitAnimController: visibleFlexibleTaskInfos delete:13852
02-21 10:36:47.509  3348  3629 D OplusFlexibleDragAnimationBaseState: handleRunningTaskInfo:TaskInfo{userId=0 taskId=13852 displayId=0 isRunning=true baseIntent=Intent { act=android.intent.action.MAIN cat=[android.intent.category.LAUNCHER] flg=0x10200000 cmp=com.renderflow.app/.MainActivity mCallingUid=10213 } baseActivity=ComponentInfo{com.renderflow.app/com.renderflow.app.MainActivity} topActivity=ComponentInfo{com.renderflow.app/com.renderflow.app.MainActivity} origActivity=null realActivity=ComponentInfo{com.renderflow.app/com.renderflow.app.MainActivity} numActivities=1 lastActiveTime=756582356 supportsSplitScreenMultiWindow=true supportsMultiWindow=true supportsPocketStudioMultiWindow=true isInFlexibleEmbedded = false uid = 10431 pid = 2955 resizeMode=1 isResizeable=true minWidth=-1 minHeight=-1 defaultMinSize=220 token=WCT{RemoteToken{5231e15 Task{246a97a #13852 type=standard A=10431:com.renderflow.app}}} topActivityType=1 pictureInPictureParams=null shouldDockBigOverlays=false launchIntoPipHostTaskId=-1 lastParentTaskIdBeforePip=-1 displayCutoutSafeInsets=Rect(0, 96 - 0, 0) topActivityInfo=ActivityInfo{c5c652a com.renderflow.app.MainActivity} launchCookies=[android.os.BinderProxy@2a60f1b] positionInParent=Point(0, 0) parentTaskId=-1 isFocused=true isVisible=true isVisibleRequested=true isSleeping=false locusId=null displayAreaFeatureId=1 isTopActivityTransparent=false appCompatTaskInfo=AppCompatTaskInfo { topActivityInSizeCompat=false topActivityInOplusCompatMode=false topActivityEligibleForLetterboxEducation= falseisLetterboxEducationEnabled= false isLetterboxDoubleTapEnabled= false topActivityEligibleForUserAspectRatioButton= false topActivityBoundsLetterboxed= false isFromLetterboxDoubleTap= false topActivityLetterboxVerticalPosition= -1 topActivityLetterboxHorizontalPosition= -1 topActivityLetterboxWidth=1080 topActivityLetterboxHeight=2412 isUserFullscreenOverrideEnabled=false isSystemFullscreenOverrideEnabled=false cameraCompatTaskInfo=CameraCompatTaskInfo { cameraCompatControlState=hidden freeformCameraCompatMode=inactive}} topActivityLetterboxInsets=Rect(0, 0 - 0, 0) mOplusExtraBundle = Bundle[{androidx.flexible.taskFrame=Rect(0, 0 - 0, 0), key_flexible_task_state=0, androidx.activity.LaunchScenario=0, androidx.activity.LaunchScale=1.0}]}state:0
02-21 10:36:47.509  3348  3848 I BLASTSyncEngine: onCommitted syncId: 19834, timeout: falseran: false
02-21 10:36:47.511  2955  2955 D ActivityThread: ComponentInfo{com.renderflow.app/com.renderflow.app.MainActivity} checkFinished=false 4
02-21 10:36:47.511  3348  3983 D AutofillSession: setAuthenticationResultLocked(): id= 125698049, data=Bundle[mParcelledData.dataSize=22980]
02-21 10:36:47.511  2955  2955 D ResourcesManagerExtImpl: applyConfigurationToAppResourcesLocked app.getDisplayId() return callback.displayId:0
02-21 10:36:47.511  3348  3983 D AutofillSession: setAuthenticationResultLocked(): result=Dataset[id=1_chars, fieldIds=[1073741833@836895057, 1073741835@836895057], fieldValues=[[type=1, value=27_chars], [type=1, value=9_chars]], fieldPresentations=2, fieldDialogPresentations=2, fieldInlinePresentations=2, fieldInlineTooltipInlinePresentations=2, fieldFilters=2, autofillDatatypes=[null, null]], clientState=null, authenticationId=125698049
02-21 10:36:47.511  3348  3983 D AutofillSession: setAuthenticationResultLocked(): received Dataset from authentication flow
02-21 10:36:47.511  3348  3983 V AutofillManagerServiceImpl: pccEnabled: false
02-21 10:36:47.511  3348  3983 V AutofillManagerServiceImpl: pccEnabled: false
02-21 10:36:47.511  3348  3983 V AutofillSession: PCC classification is disabled
02-21 10:36:47.511  3348  3983 D AutofillSession: autoFill(): requestId=1918; datasetIdx=1; dataset=Dataset[id=1_chars, fieldIds=[1073741833@836895057, 1073741835@836895057], fieldValues=[[type=1, value=27_chars], [type=1, value=9_chars]], fieldPresentations=2, fieldDialogPresentations=2, fieldInlinePresentations=2, fieldInlineTooltipInlinePresentations=2, fieldFilters=2, autofillDatatypes=[null, null]]
02-21 10:36:47.511  3348  3983 V AutofillSession: autofillApp(): view 1073741833@836895057 waiting auth
02-21 10:36:47.511  3348  3983 V AutofillSession: autofillApp(): view 1073741835@836895057 waiting auth
02-21 10:36:47.511  3348  3983 V AutofillSession: Total views to be autofilled: 2
02-21 10:36:47.511  3348  3983 D AutofillSession: autoFillApp(): the buck is on the app: Dataset[id=1_chars, fieldIds=[1073741833@836895057, 1073741835@836895057], fieldValues=[[type=1, value=27_chars], [type=1, value=9_chars]], fieldPresentations=2, fieldDialogPresentations=2, fieldInlinePresentations=2, fieldInlineTooltipInlinePresentations=2, fieldFilters=2, autofillDatatypes=[null, null]]
02-21 10:36:47.512  3348  3983 V AutofillSession: updateLocked(836895057): id=1073741833@836895057, action=VIEW_ENTERED, flags=128
02-21 10:36:47.512  3348  3983 V AutofillSession: updateLocked(836895057): mCurrentViewId=null, mExpiredResponse=false, viewState=ViewState: [id=1073741833@836895057, datasetId:2, state:AUTOFILLED|AUTOFILLED_ONCE|FILLABLE|INLINE_SHOWN, currentValue:[type=1, value=0_chars], autofilledValue:[type=1, value=27_chars]]
02-21 10:36:47.512  3348  3983 E PresentationStatsEventLogger: Failed to start new event because already have active event.
02-21 10:36:47.512  3348  3983 V AutofillManagerServiceImpl: pccEnabled: false
02-21 10:36:47.512  3348  3983 V SessionExtImpl: isOplusAutofillService(): remoteServiceComponentName = ComponentInfo{com.google.android.gms/com.google.android.gms.autofill.service.AutofillService}
02-21 10:36:47.512  3348  3983 V AutofillSession: Not starting new partition for view 1073741833@836895057: AUTOFILLED|AUTOFILLED_ONCE|FILLABLE|INLINE_SHOWN
02-21 10:36:47.512  3348  3983 D ViewState: Ignoring UI for 1073741833@836895057 on AUTOFILLED|AUTOFILLED_ONCE|FILLABLE|INLINE_SHOWN
02-21 10:36:47.524  2955  2955 D VRI[MainActivity]: relayoutWindow result, sizeChanged:false, surfaceControlChanged:false, transformHintChanged:false, mSurfaceSize:Point(1080, 2412), mLastSurfaceSize:Point(1080, 2412), mWidth:1080, mHeight:2412, requestedWidth:1080, requestedHeight:2412, transformHint:0, installOrientation:0, displayRotation:0, isSurfaceValid:true, attr.flag:-2122249984, tmpFrames:ClientWindowFrames{frame=[0,0][1080,2412] display=[0,0][1080,2412] parentFrame=[0,0][1080,2412]}, relayoutAsync:true, mSyncSeqId:0
02-21 10:36:47.524  2955  2955 W VRI[MainActivity]: updateBlastSurfaceIfNeeded, surfaceSize:Point(1080, 2412), lastSurfaceSize:Point(1080, 2412), format:-1, blastBufferQueue:android.graphics.BLASTBufferQueue@3cdbc2b
02-21 10:36:47.524  3348  8048 D WindowManagerServiceExtImpl: extractConfigInfoAndRealFlags rotation=0, screenDp=360, residentWS:0, win=Window{4067f2e u0 com.renderflow.app/com.renderflow.app.MainActivity}
02-21 10:36:47.524  3348  8048 V WindowManager: Relayout Window{4067f2e u0 com.renderflow.app/com.renderflow.app.MainActivity}: viewVisibility=0, oldvis=0, req=1080x2412, vsysui=, x=0, y=0
02-21 10:36:47.527  3348  3983 V AutofillSession: updateLocked(836895057): id=1073741833@836895057, action=VALUE_CHANGED, flags=128
02-21 10:36:47.527  3348  3983 V AutofillSession: updateLocked(836895057): mCurrentViewId=1073741833@836895057, mExpiredResponse=false, viewState=ViewState: [id=1073741833@836895057, datasetId:2, state:AUTOFILLED|AUTOFILLED_ONCE|FILLABLE|INLINE_SHOWN, currentValue:[type=1, value=0_chars], autofilledValue:[type=1, value=27_chars]]
02-21 10:36:47.527  3348  3983 V AutofillSession: ignoring autofilled change on id 1073741833@836895057
02-21 10:36:47.527  3348  3983 D AutofillInlineSuggestionsRequestSession: onInlineSuggestionsResponseLocked called for:1073741833@836895057
02-21 10:36:47.527  3348  3983 V AutofillInlineSuggestionsRequestSession: maybeUpdateResponseToImeLocked called
02-21 10:36:47.527  3348  3983 D AutofillInlineSuggestionsRequestSession: maybeNotifyFillUiEventLoked(): hasSuggestionToShow=false, mPreviousHasNonPinSuggestionShow=true
02-21 10:36:47.527  3348  3983 D AutofillInlineSuggestionsRequestSession: Send inline response: 0
02-21 10:36:47.527  3348  3983 V AutofillSession: View autofilled: 1073741833
02-21 10:36:47.527  3348  3983 V PresentationStatsEventLogger: Logging autofill for id:1073741833@836895057
02-21 10:36:47.527  3348  3983 V AutofillSession: updateLocked(836895057): id=1073741835@836895057, action=VALUE_CHANGED, flags=128
02-21 10:36:47.527  3348  3983 V AutofillSession: updateLocked(836895057): mCurrentViewId=1073741833@836895057, mExpiredResponse=false, viewState=ViewState: [id=1073741835@836895057, datasetId:2, state:AUTOFILLED|AUTOFILLED_ONCE|FILLABLE, autofilledValue:[type=1, value=9_chars]]
02-21 10:36:47.527  3348  3983 V AutofillSession: ignoring autofilled change on id 1073741835@836895057
02-21 10:36:47.527  3348  3983 D AutofillInlineSuggestionsRequestSession: onInlineSuggestionsResponseLocked called for:1073741835@836895057
02-21 10:36:47.527  3348  3983 V AutofillInlineSuggestionsRequestSession: maybeUpdateResponseToImeLocked called
02-21 10:36:47.527  3348  3983 V AutofillSession: View autofilled: 1073741835
02-21 10:36:47.527  3348  3983 V PresentationStatsEventLogger: Logging autofill for id:1073741835@836895057
02-21 10:36:47.530  3348  8048 D OplusStartingWindowManager: updateRecordSurfaceViewState windowToken = android.os.BinderProxy@471642b, surfaceState = false, attachedToWindow = true, inList = false, win = Window{50ef088 u0 InputMethod}
02-21 10:36:47.531  3348  8048 D OplusStartingWindowManager: updateRecordSurfaceViewState windowToken = android.os.BinderProxy@471642b, surfaceState = false, attachedToWindow = true, inList = false, win = Window{50ef088 u0 InputMethod}
02-21 10:36:47.532  3348  3848 D OplusStartingWindowManager: updateRecordSurfaceViewState windowToken = android.os.BinderProxy@471642b, surfaceState = false, attachedToWindow = true, inList = false, win = Window{50ef088 u0 InputMethod}
02-21 10:36:47.547  3348  3848 V AutofillInlineSuggestionsRequestSession: onInputMethodStartInput() received on 1073741833
02-21 10:36:47.547  3348  3625 V InlineContentProviderImpl: handleOnSurfacePackageReleased
02-21 10:36:47.547  3348  3625 V InlineContentProviderImpl: handleOnSurfacePackageReleased
02-21 10:36:47.548  3348  3348 V AutofillInlineSuggestionsRequestSession: maybeUpdateResponseToImeLocked called
02-21 10:36:47.548  3348  3848 V AutofillInlineSuggestionsRequestSession: onInputMethodStartInputView() received
02-21 10:36:47.548  3348  3348 V AutofillInlineSuggestionsRequestSession: maybeUpdateResponseToImeLocked called
02-21 10:36:47.551  3348  3848 W PackageConfigPersister: App-specific configuration not found for packageName: com.renderflow.app and userId: 0
02-21 10:36:47.594  3348  8048 D OplusStartingWindowManager: updateRecordSurfaceViewState windowToken = android.os.BinderProxy@471642b, surfaceState = false, attachedToWindow = true, inList = false, win = Window{50ef088 u0 InputMethod}
02-21 10:36:47.595  3348  8048 V AutofillSession: View autofilled: 1073741833
02-21 10:36:47.595  3348  8048 V PresentationStatsEventLogger: Successfully filled autofillId:1073741833@836895057 already processed 
02-21 10:36:47.595  3348  8048 V AutofillSession: updateLocked(836895057): id=1073741833@836895057, action=VALUE_CHANGED, flags=128
02-21 10:36:47.595  3348  8048 V AutofillSession: updateLocked(836895057): mCurrentViewId=1073741833@836895057, mExpiredResponse=false, viewState=ViewState: [id=1073741833@836895057, datasetId:2, state:AUTOFILLED|AUTOFILLED_ONCE|FILLABLE|INLINE_SHOWN, currentValue:[type=1, value=27_chars], autofilledValue:[type=1, value=27_chars]]
02-21 10:36:47.748  3348  3625 V RemoteInlineSuggestionUi: releasing the host
02-21 10:36:47.748  3348  3625 V RemoteInlineSuggestionUi: releasing the host
02-21 10:36:47.750  3348  3983 W WindowManager: Failed looking up window session=Session{2687de8 19187:u0a10288} callers=com.android.server.wm.WindowManagerService.removeClientToken:2214 com.android.server.wm.Session.remove:292 android.view.IWindowSession$Stub.onTransact:685 
02-21 10:36:47.762  3348  3848 W WindowManager: Failed looking up window session=Session{2687de8 19187:u0a10288} callers=com.android.server.wm.WindowManagerService.removeClientToken:2214 com.android.server.wm.Session.remove:292 android.view.IWindowSession$Stub.onTransact:685 
02-21 10:36:47.785  3348  4027 D PowerManagerService: userActivityNoUpdateLocked: groupId=0, eventTime=448935396, event=touch, flags=0x0, uid=1000
02-21 10:36:47.858  3348  3848 V AutofillSession: updateLocked(836895057): id=1073741833@836895057, action=VIEW_EXITED, flags=0
02-21 10:36:47.859  3348  3848 V AutofillSession: updateLocked(836895057): mCurrentViewId=1073741833@836895057, mExpiredResponse=false, viewState=ViewState: [id=1073741833@836895057, datasetId:2, state:AUTOFILLED|AUTOFILLED_ONCE|FILLABLE|INLINE_SHOWN, currentValue:[type=1, value=27_chars], autofilledValue:[type=1, value=27_chars]]
02-21 10:36:47.859  3348  3848 V AutofillSession: Exiting view 1073741833@836895057
02-21 10:36:47.859  3348  3848 V AutofillSession: updateLocked(836895057): id=1073741834@836895057, action=VIEW_ENTERED, flags=132
02-21 10:36:47.859  3348  3848 V AutofillSession: updateLocked(836895057): mCurrentViewId=null, mExpiredResponse=false, viewState=ViewState: [id=1073741834@836895057, state:FILLABLE]
02-21 10:36:47.859  3348  3848 V PresentationStatsEventLogger: Log AutofillPresentationEventReported: requestId=1918 sessionId=836895057 mNoPresentationEventReason=0 mAvailableCount=3 mCountShown=2 mCountFilteredUserTyping=0 mCountNotShownImePresentationNotDrawn=0 mCountNotShownImeUserNotSeen=0 mDisplayPresentationType=2 mAutofillServiceUid=10116 mInlineSuggestionHostUid=-1 mIsRequestTriggered=false mFillRequestSentTimestampMs=-1 mFillResponseReceivedTimestampMs=-1 mSuggestionSentTimestampMs=1507 mSuggestionPresentedTimestampMs=1572 mSelectedDatasetId=1 mDialogDismissed=false mNegativeCtaButtonClicked=false mPositiveCtaButtonClicked=false mAuthenticationType=1 mAuthenticationResult=1 mLatencyAuthenticationUiDisplayMillis=-1 mLatencyDatasetDisplayMillis=-1 mAvailablePccCount=0 mAvailablePccOnlyCount=0 mSelectedDatasetPickedReason=1 mDetectionPreference=0 mFieldClassificationRequestId=2 mAppPackageUid=10431 mIsCredentialRequest=false mWebviewRequestedCredential=false mViewFillableTotalCount=2 mViewFillFailureCount=0 mFocusedId=1073741833 mViewFillSuccessCount=2 mViewFilledButUnexpectedCount=0 event.mSelectionTimestamp=2372 event.mAutofilledTimestampMs=-1 event.mFieldModifiedFirstTimestampMs=-1 event.mFieldModifiedLastTimestampMs=-1 event.mSuggestionPresentedLastTimestampMs=1572 event.mFocusedVirtualAutofillId=-1 event.mFieldFirstLength=-1 event.mFieldLastLength=-1
02-21 10:36:47.859  3348  3848 V AutofillManagerServiceImpl: pccEnabled: false
02-21 10:36:47.859  3348  3848 V SessionExtImpl: isOplusAutofillService(): remoteServiceComponentName = ComponentInfo{com.google.android.gms/com.google.android.gms.autofill.service.AutofillService}
02-21 10:36:47.859  3348  3848 V AutofillSession: Not starting new partition for view 1073741834@836895057: FILLABLE
02-21 10:36:47.861  3348  4040 D InputMethodManagerService: isSecurity: attribute.packageName = com.renderflow.app mCurMethodId = com.google.android.inputmethod.latin/com.android.inputmethod.latin.LatinIME isSecurity = true ( enable = true needShow = true inBlackList = false isExist = true )
02-21 10:36:47.862  3348  3639 W UserAwareMgr: cannot find matched process for: com.oplus.securitykeyboard
02-21 10:36:47.862  3348  3639 W UserAwareMgr: no matched uiInfo: inputmethod:com.oplus.securitykeyboard
02-21 10:36:47.865  3348  3639 I UserAwareMgr: handleAppChangedToBg, pkgName: com.google.android.inputmethod.latin, pid: 3800
02-21 10:36:47.865  3348  3639 W UserAwareMgr: app has overlay window: {pkgName='com.google.android.inputmethod.latin', processName='null', pid=3800, uid=10269, flags='fg2|im', renderTid=3972, hwuiTids=[13810, 13811], glTids=null, threadInfos=null}
02-21 10:36:47.865  3348  3639 W UserAwareMgr: handleAppChangedToBg process is empty
02-21 10:36:47.866  3348  4040 V WindowStateExtImpl: notifyWindowStateChange input show
02-21 10:36:47.866  3348  4040 I WindowManager: Window{50ef088 u0 InputMethod} state from HAS_DRAWN to NO_SURFACE; reason: destroySurface
02-21 10:36:47.867  3348  3639 I UserAwareMgr: handleFgAppChanged, pkgName: com.google.android.inputmethod.latin, pid: 3800, isVisible: false, fgAppType: FG2
02-21 10:36:47.867  3348  4040 D DisplayContentExtImpl: target is same with the last, remove the ime snapshot immediately.
02-21 10:36:47.870  3348  4040 D WindowManager: setFrameRateStart invalid typeId return!
02-21 10:36:47.871  3348  4040 D VRR [OPlusRefreshRatePolicy]: setRefreshRatePolicy policy=POLICY_SYSTEM, refreshRate=60, statusOn=false
02-21 10:36:47.871  3348  3848 D InlineSuggestionFactory: createInlineSuggestions(source=android:autofill) called
02-21 10:36:47.871  3348  3848 W InlineSuggestionFactory: AutofillId=1073741834@836895057 not found in dataset
02-21 10:36:47.871  3348  3848 W InlineSuggestionFactory: AutofillId=1073741834@836895057 not found in dataset
02-21 10:36:47.871  3348  4040 D VRR [OPlusRefreshRatePolicy]: setRefreshRatePolicy policy=POLICY_SYSTEM, refreshRate=120, statusOn=true
02-21 10:36:47.871  3348  3848 W InlineSuggestionFactory: AutofillId=1073741834@836895057 not found in dataset
02-21 10:36:47.872  3348  3848 W InlineSuggestionFactory: AutofillId=1073741834@836895057 not found in dataset
02-21 10:36:47.872  3348  3848 D AutofillInlineSuggestionsRequestSession: onInlineSuggestionsResponseLocked called for:1073741834@836895057
02-21 10:36:47.872  3348  4040 D RefreshRate: Refresh rate changing from 60.000004 to 120.0,maxRefreshRate=0.0 FOR:{
02-21 10:36:47.872  3348  4040 D RefreshRate:     | COURSE[; Win preferred rateId=0, appReqFirst=false, data= RateData{} ;win name:com.renderflow.app/com.renderflow.app.MainActivity]
02-21 10:36:47.872  3348  4040 D RefreshRate:     | VOTES[]
02-21 10:36:47.872  3348  4040 D RefreshRate:     | TIME:2026-02-21 05:36:47}
02-21 10:36:47.872  3348  3848 V AutofillInlineSuggestionsRequestSession: maybeUpdateResponseToImeLocked called
02-21 10:36:47.872  3348  4040 D DisplayModeDirector: setAppRequest displayId : 0  modeId: 0  requestedRefreshRate: 0.0  requestedMinRefreshRateRange: 0.0  requestedMaxRefreshRateRange: 0.0
02-21 10:36:47.873  3348  3848 W PresentationStatsEventLogger: Couldn't find packageName: com.google.android.inputmethod.latin
02-21 10:36:47.874  4382  4382 W VRI[StatusBar]: handleResized abandoned!
02-21 10:36:47.874  4382  4382 W VRI[NavigationBar_displayId_0]: handleResized abandoned!
02-21 10:36:47.874  4382  4593 W VRI[ScreenDecorOverlay]: handleResized abandoned!
02-21 10:36:47.874  4382  4593 W VRI[ScreenDecorOverlayBottom]: handleResized abandoned!
02-21 10:36:47.874  3348  4040 D WindowManager: NFW_findFocusedWindowIfNeeded:Window{4067f2e u0 com.renderflow.app/com.renderflow.app.MainActivity} mCurrentFocus:Window{4067f2e u0 com.renderflow.app/com.renderflow.app.MainActivity}
02-21 10:36:47.874  4382  4445 D WindowManagerShell: onKeepClearAreasChanged: restricted={}, unrestricted={}
02-21 10:36:47.875 12192 12192 W VRI[OplusOSEdgeFloatBar]: handleResized abandoned!
02-21 10:36:47.883  3348  3628 D DisplayManagerServiceExtImpl: scheduleTraversalLocked intraversal=false
02-21 10:36:47.883  3348  3628 D DisplayManagerService: MSG_REQUEST_TRAVERSAL pendingCompleted=false
02-21 10:36:47.883  2955  2955 W VRI[MainActivity]: handleResized abandoned!
02-21 10:36:47.885  3348  3568 E InputMethodManagerService: Ignoring com.android.server.inputmethod.InputMethodManagerService.updateStatusIcon:2732 due to an invalid token. uid:10269 token:android.os.Binder@a2baa40
02-21 10:36:47.886  3348  3629 D DisplayManagerService: performTraversalInternal pendingTraversal
02-21 10:36:47.886  3348  3629 D DisplayDevice: setLayerStackLocked id=local:4630946358012694402 token=android.os.BinderProxy@95c593a stack=0->0
02-21 10:36:47.886  3348  3676 D LocalDisplayAdapter: setDesiredDisplayModeSpecsAsync: display unique id = local:4630946358012694402, display mode specs = defaultMode=0 allowGroupSwitching=false primaryRanges=physical: (0.0 120.00001) render:  (0.0 120.00001) appRequestRanges=physical: (0.0 120.00001) render:  (0.0 120.00001) idleScreenRefreshRate=null
02-21 10:36:47.894  3348  3645 I ActivityManager: Start proc 3602:com.oplus.securitykeyboard/u0a190 for service {com.oplus.securitykeyboard/com.oplus.securitykeyboard.InputService}
02-21 10:36:47.910  3348  3628 I DisplayDeviceRepository: Display device changed render timings: "Built-in Screen", renderFrameRate=120.00001, presentationDeadlineNanos=13333332, appVsyncOffsetNanos=1000000
02-21 10:36:47.910  3348  3628 D LogicalDisplayExt: set displayInfo flag FLAG_ROTATES_WITH_CONTENT
02-21 10:36:47.911  3348  3639 W UserAwareMgr: event can not be released, id: 1014, count: 4, releasePid: 3348
02-21 10:36:47.913  3348  3628 D DisplayManagerServiceExtImpl: scheduleTraversalLocked intraversal=false
02-21 10:36:47.913  3348  3628 I DisplayManagerServiceExtImpl: handle logical display changed logicalDisplay=id=0,stack=0,content=true,displayInfo{stack=0,type=1,id=0,uId=local:4630946358012694402,state=ON,pkg=null}
02-21 10:36:47.913  3348  3628 D DisplayManagerService: Delivering display event: displayId=0, event=CHANGED
02-21 10:36:47.915  3348  3626 D OplusVFXScreenEffectFeature: notifySFCompatWindowStateChange entered false
02-21 10:36:47.917  3348  3628 D DisplayManagerService: MSG_REQUEST_TRAVERSAL pendingCompleted=false
02-21 10:36:47.917  3348  3626 D FSS_FoldScreenBlackCoverController: displayChangeToOn, dc:Display{#0 state=ON size=1080x2412 ROTATION_0}
02-21 10:36:47.919  3348  3668 D BrightnessThermalClamper: Thermal status observer already started
02-21 10:36:47.919  3348  3668 D BrightnessPowerClamper: Power throttling data is missing for configuration data.
02-21 10:36:47.920  4225  4225 D CastManagerService: onDisplayChanged.
02-21 10:36:47.920  3348  3626 D DisplayManagerService: performTraversalInternal pendingTraversal
02-21 10:36:47.921  3348  3626 D DisplayDevice: setLayerStackLocked id=local:4630946358012694402 token=android.os.BinderProxy@95c593a stack=0->0
02-21 10:36:47.944  3348  3645 I ActivityManager: Start proc 3611:com.anthropic.claude/u0a345 for service {com.anthropic.claude/com.google.android.datatransport.runtime.scheduling.jobscheduling.JobInfoSchedulerService}
02-21 10:36:47.960  3348  3848 V AutofillInlineSuggestionsRequestSession: onInputMethodFinishInputView() received
02-21 10:36:47.962  3348  3676 D VRR [OPlusRefreshRateService]: handleConfigIdChange physicalDisplayId: 4630946358012694402 configId: 0 renderPeriod: 8333333
02-21 10:36:47.962  3348  3848 V AutofillInlineSuggestionsRequestSession: onInputMethodFinishInput() received
02-21 10:36:47.962  3348  3348 V AutofillInlineSuggestionsRequestSession: maybeUpdateResponseToImeLocked called
02-21 10:36:47.962  3348  3348 V AutofillInlineSuggestionsRequestSession: maybeUpdateResponseToImeLocked called
02-21 10:36:47.962  3348  3676 D VRR [OPlusSAManager]: updateModeChange old modeId [ 1 ] -> new modeId [ 0 ] mCurPolicy: 1
02-21 10:36:47.962  3348  3676 D VRR [OPlusSAManager]: updateSAScene active modeId: 0
02-21 10:36:47.962  3348  3676 D VRR [OPlusSAManager]: updateSAScene current policy: 1 active modeId: 0 scene: VRR_90_120
02-21 10:36:47.963  3348  3676 D VRR [OPlusOAManager]: Not OA business! new modeId: [0] active modeId: [1]
02-21 10:36:47.963  3348  3676 D VRR [OPlusGameStatusManager]: updateGameState mOSyncFeatureSwitch: false mIsGamePolicy: false
02-21 10:36:47.963  3348  3676 D VRR [OPlusGameStatusManager]: setLTMStatus false curPkgName: com.renderflow.app curr status: false HeartStop: false HeartStopFromTGPA: false ActiveFPS: 120.00001
02-21 10:36:47.963  3348  3676 D VRR [OPlusGameStatusManager]: updateGameAccelerationStatus pkgName: com.renderflow.app mOSyncFeatureSwitch: false mIsGamePolicy: false mHeartStop: false mHasFlickerRisk: false mForceAcceleration: false mToastReady: false enable: false
02-21 10:36:47.963  3348  3676 D VRR [OPlusGameStatusManager]: updateToastStatus enableAcceleration: false toastReady: false isGamePolicy: false desiredModeId: 0
02-21 10:36:47.963  3348  3676 D VRR [OPlusGameStatusManager]: updateToastStatus enableAcceleration: false toastReady: false isGamePolicy: false desiredModeId: 0
02-21 10:36:47.968  3348  3847 W WindowManager: Failed looking up window session=Session{7159a33 3800:u0a10269} callers=com.android.server.wm.WindowManagerService.removeClientToken:2214 com.android.server.wm.Session.remove:292 android.view.IWindowSession$Stub.onTransact:685 
02-21 10:36:47.988  3348  3848 D ActivityTaskManagerServiceExtImpl: preBindApplication record is null
02-21 10:36:48.012  3348  3676 D VRR [OPlusSAManager]: setSAConfig scene: VRR_90_120 modeId: 0 auto: true fakeFrame: true
02-21 10:36:48.012  3348  3676 D VRR [OPlusSAManager]: updateAutoMinfps with nits: 0.0, mHistOK true, mAmbientOK true, mCctOK true, mIrOK true, mBrightnessOK true, isPkgOK true, SA min fps: 0
02-21 10:36:48.012  3348  3676 D VRR [OPlusSurfaceFlingerController]: setAutoMode enable: true fakeFrame: true fps: 0
02-21 10:36:48.014  3348  8048 D ActivityTaskManagerServiceExtImpl: preBindApplication record is null
02-21 10:36:48.021  3348  3881 W JobServiceContext: Sending onNetworkChanged for a job that isn't started. JobStatus{3754832 #u0a345/1387341111 com.anthropic.claude/com.google.android.datatransport.runtime.scheduling.jobscheduling.JobInfoSchedulerService u=0 s=10345 TIME=-5s567ms:none NET READY}
02-21 10:36:48.028  3602  3602 D ResourcesManagerExtImpl: applyConfigurationToAppResourcesLocked app.getDisplayId() return callback.displayId:-1
02-21 10:36:48.030  3348  3847 I ActivityManager: Flag disabled. Ignoring finishAttachApplication from uid: 10190. pid: 3602
02-21 10:36:48.031  3602  3602 D OplusInputMethodUtil: init sDebug to false, init sDebugIme to false, init sAlwaysOn to false
02-21 10:36:48.031  3602  3602 D OplusInputMethodUtil: updateDebugToClass InputMethodService.DEBUG = false
02-21 10:36:48.036  3602  3602 D OplusInputMethodUtil: updateDebugToClass InputMethodManager.DEBUG = false
02-21 10:36:48.036  3602  3602 D OplusInputMethodUtil: updateDebugToClass ImeFocusController.DEBUG = false
02-21 10:36:48.036  3602  3602 D OplusInputMethodUtil: updateDebugToClass InsetsController.DEBUG = false
02-21 10:36:48.036  3602  3602 D OplusInputMethodUtil: updateDebugToClass BaseInputConnection.DEBUG = false
02-21 10:36:48.046  3611  3611 D ResourcesManagerExtImpl: applyConfigurationToAppResourcesLocked app.getDisplayId() return callback.displayId:-1
02-21 10:36:48.065  3348  3848 W PackageManager: package com.anthropic.claude uid 10345 pid 3611 call SetEnabledSetting(com.anthropic.claude component = androidx.work.impl.background.systemjob.SystemJobService, 1, 0)
02-21 10:36:48.090  3348  3639 W UserAwareMgr: process owner is not matched: 10, threadName: RenderThread, pid: 3602,tid=3761,owner=fg1
02-21 10:36:48.090  3348  3639 W UserAwareMgr: process owner is not matched: 10, threadName: RenderThread, pid: 3602,tid=3761,owner=tp
02-21 10:36:48.098  3348  8048 D WindowManager: setFrameRateStart invalid typeId return!
02-21 10:36:48.098  3348  8048 I WindowManager: addWindow: New client android.os.BinderProxy@4cfed0e : window=Window{d96632f u0 OplusSecurityInputMethod}
02-21 10:36:48.104  3348  8048 I FlexibleTaskController: onShowImeRequested
02-21 10:36:48.106  3348  3847 D CoreBackPreview: Window{d96632f u0 OplusSecurityInputMethod}: Setting back callback OnBackInvokedCallbackInfo{mCallback=android.window.IOnBackInvokedCallback$Stub$Proxy@bb5c472, mPriority=0, mIsAnimationCallback=false}
02-21 10:36:48.107  3348  3847 V WindowManager: Relayout Window{d96632f u0 OplusSecurityInputMethod}: viewVisibility=4, oldvis=4, req=420x2412, vsysui=, x=0, y=0
02-21 10:36:48.108  3348  3847 D WindowManager: NFW_findFocusedWindowIfNeeded:Window{4067f2e u0 com.renderflow.app/com.renderflow.app.MainActivity} mCurrentFocus:Window{4067f2e u0 com.renderflow.app/com.renderflow.app.MainActivity}
02-21 10:36:48.114  3602  3602 E OplusCustomizeRestrictionManager: sInstance is null, start a new sInstance
02-21 10:36:48.137  3348  8048 D VRR [OPlusExternalRefreshRateManager]: isPkgTfcEnable: pkgName = com.oplus.securitykeyboard, enable = false
02-21 10:36:48.137  3348  8048 D VRR [OPlusExternalRefreshRateManager]: getTfcMinFramerate: pkgName = com.oplus.securitykeyboard, min framerate = 0
02-21 10:36:48.138  3602  3602 D OplusInputMethodManagerInternal: get inputMethodManager extension: com.android.internal.view.IInputMethodManager$Stub$Proxy@c20912d
02-21 10:36:48.143  3348  3847 V WindowManager: Relayout Window{d96632f u0 OplusSecurityInputMethod}: viewVisibility=0, oldvis=4, req=1080x2412, vsysui=, x=0, y=0
02-21 10:36:48.143  3348  3847 I WindowManager: Window{d96632f u0 OplusSecurityInputMethod} state from NO_SURFACE to DRAW_PENDING; reason: resetDrawState
02-21 10:36:48.147  3348  3847 D WindowManager: NFW_findFocusedWindowIfNeeded:Window{4067f2e u0 com.renderflow.app/com.renderflow.app.MainActivity} mCurrentFocus:Window{4067f2e u0 com.renderflow.app/com.renderflow.app.MainActivity}
02-21 10:36:48.147  4382  4382 W VRI[StatusBar]: handleResized abandoned!
02-21 10:36:48.147  4382  4382 W VRI[NavigationBar_displayId_0]: handleResized abandoned!
02-21 10:36:48.147  4382  4593 W VRI[ScreenDecorOverlay]: handleResized abandoned!
02-21 10:36:48.147  2955  2955 W VRI[MainActivity]: handleResized abandoned!
02-21 10:36:48.147 12192 12192 W VRI[OplusOSEdgeFloatBar]: handleResized abandoned!
02-21 10:36:48.147  4382  4593 W VRI[ScreenDecorOverlayBottom]: handleResized abandoned!
02-21 10:36:48.157  4382  4382 W VRI[StatusBar]: handleResized abandoned!
02-21 10:36:48.157  4382  4382 W VRI[NavigationBar_displayId_0]: handleResized abandoned!
02-21 10:36:48.158  2955  2955 W VRI[MainActivity]: handleResized abandoned!
02-21 10:36:48.163  4382  4593 W VRI[ScreenDecorOverlay]: handleResized abandoned!
02-21 10:36:48.163  4382  4593 W VRI[ScreenDecorOverlayBottom]: handleResized abandoned!
02-21 10:36:48.163 12192 12192 W VRI[OplusOSEdgeFloatBar]: handleResized abandoned!
02-21 10:36:48.189  3348  3639 W UserAwareMgr: process owner is not matched: 10, threadName: HwUiTask, pid: 3602,tid=3948,owner=fg1
02-21 10:36:48.189  3348  3639 W UserAwareMgr: process owner is not matched: 10, threadName: HwUiTask, pid: 3602,tid=3948,owner=tp
02-21 10:36:48.190  3348  3639 W UserAwareMgr: process owner is not matched: 10, threadName: HwUiTask, pid: 3602,tid=3949,owner=fg1
02-21 10:36:48.190  3348  3639 W UserAwareMgr: process owner is not matched: 10, threadName: HwUiTask, pid: 3602,tid=3949,owner=tp
02-21 10:36:48.190  3348  3848 I ActivityManager: Flag disabled. Ignoring finishAttachApplication from uid: 10345. pid: 3611
02-21 10:36:48.202  3348  3847 I WindowManager: Window{d96632f u0 OplusSecurityInputMethod} state from DRAW_PENDING to COMMIT_DRAW_PENDING; reason: finishDrawingLocked
02-21 10:36:48.203  3348  3629 I WindowManager: Window{d96632f u0 OplusSecurityInputMethod} state from COMMIT_DRAW_PENDING to READY_TO_SHOW; reason: commitFinishDrawingLocked
02-21 10:36:48.204  3348  3847 V WindowManager: Relayout Window{d96632f u0 OplusSecurityInputMethod}: viewVisibility=0, oldvis=0, req=1080x2412, vsysui=
02-21 10:36:48.205  3348  4002 D VRR [OPlusExternalRefreshRateManager]: isPkgTfcEnable: pkgName = com.anthropic.claude, enable = false
02-21 10:36:48.205  3348  4002 D VRR [OPlusExternalRefreshRateManager]: getTfcMinFramerate: pkgName = com.anthropic.claude, min framerate = 0
02-21 10:36:48.205  3348  3847 D WindowManager: NFW_findFocusedWindowIfNeeded:Window{4067f2e u0 com.renderflow.app/com.renderflow.app.MainActivity} mCurrentFocus:Window{4067f2e u0 com.renderflow.app/com.renderflow.app.MainActivity}
02-21 10:36:48.212  3348  3847 D OplusAppQuickStart_AppQuickStartController: reportImeDrawnOnTask taskid:13852 mCurrentAppStartingSurface:null
02-21 10:36:48.213  3348  3847 D WindowManager: setFrameRateStart invalid typeId return!
02-21 10:36:48.214  3348  3628 V WindowStateExtImpl: notifyWindowStateChange input show
02-21 10:36:48.215  3348  3629 I WindowManager: Window{d96632f u0 OplusSecurityInputMethod} state from READY_TO_SHOW to HAS_DRAWN; reason: performShowLocked
02-21 10:36:48.216  4382  4382 W VRI[StatusBar]: handleResized abandoned!
02-21 10:36:48.216  4382  4382 W VRI[NavigationBar_displayId_0]: handleResized abandoned!
02-21 10:36:48.217 12192 12192 W VRI[OplusOSEdgeFloatBar]: handleResized abandoned!
02-21 10:36:48.217  2955  2955 W VRI[MainActivity]: handleResized abandoned!
02-21 10:36:48.217  4382  4445 D WindowManagerShell: onKeepClearAreasChanged: restricted={}, unrestricted={Rect(0, 1404 - 1080, 2412)}
02-21 10:36:48.218  3348  3629 I OplusScreenSecurityMask: add WindowsName list: Window{d96632f u0 OplusSecurityInputMethod} list size: 1 isFromSetSecure: false , surfaceShown = true , displayId = 0
02-21 10:36:48.218  3348  3629 I OplusScreenSecurityMask: onSecurityPageFlagChanged size: 0 , surfaceShown = true , displayId = 0
02-21 10:36:48.219  3348  3639 I UserAwareMgr: handleFgAppChanged, pkgName: com.oplus.securitykeyboard, pid: 3602, isVisible: true, fgAppType: FG2
02-21 10:36:48.219  4382  4593 W VRI[ScreenDecorOverlay]: handleResized abandoned!
02-21 10:36:48.219  4382  4593 W VRI[ScreenDecorOverlayBottom]: handleResized abandoned!
02-21 10:36:48.241  3602  3602 W VRI[OplusSecurityInputMethod]: handleResized abandoned!
02-21 10:36:48.248  3348  3847 V WindowManager: Relayout Window{d96632f u0 OplusSecurityInputMethod}: viewVisibility=0, oldvis=0, req=1080x2412, vsysui=
02-21 10:36:48.404  3348  3848 W PackageManager: package com.instagram.android uid 10386 pid 30530 call SetEnabledSetting(com.instagram.android component = com.instagram.push.FbnsInitBroadcastReceiver, 1, 0)
02-21 10:36:48.416  3348  3847 W PackageManager: package com.instagram.android uid 10386 pid 30530 call SetEnabledSetting(com.instagram.android component = com.facebook.rti.pushv2.inapp.InappFbnsService, 1, 0)
02-21 10:36:48.513  3348  3676 D VRR [OPlusSAManager]: updateAutoMinfps with nits: 0.0, mHistOK true, mAmbientOK true, mCctOK true, mIrOK true, mBrightnessOK true, isPkgOK true, SA min fps: 0
02-21 10:36:48.514  3348  3676 D VRR [OPlusSurfaceFlingerController]: setAutoMode enable: true fakeFrame: true fps: 0
02-21 10:36:49.058  3348  3644 I OplusStatusBarManagerServiceEnhance:  getTopIsFullscreen mTopIsFullscreen: false
02-21 10:36:49.059  3348  3348 D NotificationService--OplusNotificationManagerServiceExtImpl: isForwardToAssistants: true, case : Is local notification
02-21 10:36:49.059  3348  3348 D NotificationService: This application enqueue notifications is need postDelayed mcsAssistantDelayTime: 200
02-21 10:36:49.149  3348  4027 D PowerManagerService: userActivityNoUpdateLocked: groupId=0, eventTime=448936757, event=touch, flags=0x0, uid=1000
02-21 10:36:49.162  3602  3602 D LinearmotorVibrator: vibrate: effect=WaveformEffect { 8512ca4, effectType=490, effectStrength=-1, effectLoop=false, ringtoneVibrateType=-1, isRingtoneCustomized=false, ringtoneFilePath=, strengthSettingEnabled=true, asynchronous=false, usageHint=0 }
02-21 10:36:49.163  3348  4002 I VibratorManagerServiceExtImpl: vibrate is uid=10190, pid=3602, opPkg=com.oplus.securitykeyboard, effect=Mono{mEffect=Composed{segments=[OplusVibrationEffectSegment{mEffectId=490, mEffectStrength=-1, mRingtonePath=''}], repeat=-1}}, attributes=VibrationAttributes{mUsage=UNKNOWN, mAudioUsage= USAGE_UNKNOWN, mCategory=UNKNOWN, mFlags=0}, reason=null, token=122918034
02-21 10:36:49.166  3348  3988 W VibrationScaler: Got unexpected vibration intensity: 2400
02-21 10:36:49.166  3348  3988 E VibrationScaler: No configured scaling level found! (current=2400, default= 2)
02-21 10:36:49.167  3348  3988 D VibrationThread: Perform OplusPrebakedSegment{mWaveformId=1(65537), mDuration=35, mEffectStrength=2400, mDefaultUsage=TOUCH} on vibrator 0
