02-20 22:02:17.495  3348  4178 I OplusWifiSarManager: sensor index: 9, state: NEAR
02-20 22:02:17.495  3348  4178 I OplusWifiSarManager: sensor index: 10, state: NEAR
02-20 22:02:17.495  3348  4178 I OplusWifiSarManager: sensor index: 11, state: NEAR
02-20 22:02:17.495  3348  4178 I OplusWifiSarManager: sensor index: 12, state: NEAR
02-20 22:02:17.495  3348  4178 I OplusWifiSarManager: sensor index: 13, state: NEAR
02-20 22:02:17.495  3348  4178 I OplusWifiSarManager: sensor index: 14, state: NEAR
02-20 22:02:17.495  3348  4178 I OplusWifiSarManager: sensor index: 15, state: NEAR
02-20 22:02:17.495  3348  4178 I OplusWifiSarManager: project: 20847, country: PK
02-20 22:02:17.495  3348  4178 I OplusWifiSarManager: sensor state: earpiece: 128, sensor: null, isScreenOn: true
02-20 22:02:17.495  3348  4178 I OplusWifiSarManager: modem state: mCellOn: false mDataOn: false mData5gOn: false
02-20 22:02:17.495  3348  4178 I OplusWifiSarManager: wifi state: mWifiConnected: true mWifiSapEnabled: false mWifiP2pConnected: false mWifi2gState: true mWifi5gState: false mWifi5gBand: WIFI_5G_DISABLE mWifi6gBand: WIFI_5G_DISABLE mIsBluetoothTxOn: false
02-20 22:02:17.495  3348  4178 I OplusWifiSarManager: mSta5gBand: WIFI_5G_DISABLE , mP2p5gBand: WIFI_5G_DISABLE , mSap5gBand: WIFI_5G_DISABLE , mSta6gBand: WIFI_5G_DISABLE , mP2p6gBand: WIFI_5G_DISABLE , mSap6gBand: WIFI_5G_DISABLE , wifiBand5g: WIFI_5G_DISABLE , wifiBand6g: WIFI_5G_DISABLE
02-20 22:02:17.495  3348  4178 I OplusWifiSarManager: wifisar engineerMode state: enable: false, Regdomain: , modemWorkType(2:4G, 3:5G): -1, sensorWorkType: -1, wifiChannel2.4G: -1, wifiChannel5G: -1, wifiChannel6G: -1 mWifiSarTestFoldWorkType((1=unfold,0=fold)):-1, bt work type: -1, hotspot work type: -1
02-20 22:02:17.495  3348  4178 I OplusWifiSarManager: not support wsa
02-20 22:02:17.495  3348  4178 I OplusWifiSarManager: sensor index: 13, max: 16
02-20 22:02:17.495  3348  4178 I OplusWifiSarManager: sensor index: 13, sensor chain: 0, mLastSarSensorState: NEAR
02-20 22:02:17.495  3348  4178 I OplusWifiSarManager: sensor index: 14, sensor chain: 1, mLastSarSensorState: NEAR
02-20 22:02:17.495  3348  4178 I OplusWifiSarManager: sensor index: 15, sensor chain: 2, mLastSarSensorState: NEAR
02-20 22:02:17.495  3348  4178 D OplusWifiSarManager: is countrylist Country PK
02-20 22:02:17.495  3348  4178 D OplusWifiSarManager:  state: 11110000001000010 country: PK
02-20 22:02:17.506  7695  7776 W CameraUnitLog: initLog, autoTestLogOn:false, isLogOn:false, isTrialVersion():false, isConfigForceOpen:false, isPanic:false, isMpVersion:true
02-20 22:02:17.506  7695  7776 W CameraUnit, CameraUnitImpl: checkAuthenticationPermission, api {versionName: 1.1.174, versionCode: 100004}; SdkConfig: {version name: 5.020.386, version code: 341000, type: release}
02-20 22:02:17.510  7695  7777 I CameraUnit, CameraUnitImpl: setDeathRecipient
02-20 22:02:17.510  7695  7776 E CapabilityBase.a: Unable to fetch metadata from teh manifest com.oplus.ocs
02-20 22:02:17.510  7695  7777 E OplusCameraManagerGlobal: setDeathRecipient
02-20 22:02:17.510  7695  7777 I OplusCameraManagerGlobal: Connecting to camera service
02-20 22:02:17.511  7695  7695 D CompatChangeReporter: Compat change id reported: 312399441; UID 10161; state: ENABLED
02-20 22:02:17.513  7695  7695 D OCAM_CameraInfoProvider: onCreate
02-20 22:02:17.516  7695  7778 D ApsAdapter, CameraPerformance: setUxThreadValue, pid is: 7695, tid is 7778 value is 136, keyThreadTag: ConfigInitThread
02-20 22:02:17.516  7695  7779 D ApsAdapter, CameraPerformance: setUxThreadValue, pid is: 7695, tid is 7779 value is 136, keyThreadTag: ConfigInitThread
02-20 22:02:17.517  7695  7778 E ApsAdapter, OsenseResClientHelper: init, sbKeyThreadFeatureOpen: true
02-20 22:02:17.518  7695  7778 E ApsAdapter, OsenseResClientHelper: setKeyThreadValue, tid: 7778, keyThreadTag: ConfigInitThread
02-20 22:02:17.518  7695  7779 E ApsAdapter, OsenseResClientHelper: setKeyThreadValue, tid: 7779, keyThreadTag: ConfigInitThread
02-20 22:02:17.518  7695  7778 D ApsAdapter, CameraPerformance: setThreadValue, when key thread feature open, do not set thread priority by oplus manager.
02-20 22:02:17.518  7695  7779 D ApsAdapter, CameraPerformance: setThreadValue, when key thread feature open, do not set thread priority by oplus manager.
02-20 22:02:17.518  7695  7695 D nativeloader: Load libSchedAssistJni.so using system ns (caller=/system/framework/oplus-framework.jar): ok
02-20 22:02:17.519  7695  7695 D ExtensionsLoader: createInstance(64bit) : createExtendedFactory
02-20 22:02:17.520  7695  7695 D ExtensionsLoader: Opened libSchedAssistExtImpl.so
02-20 22:02:17.520  7695  7695 E SchedAssist: ofbOpen failed with error=Permission denied
02-20 22:02:17.520  7695  7695 E SchedAssist: sysOpen failed with error=Permission denied
02-20 22:02:17.520  7695  7695 E SchedAssist: open sharedFd failed with error=Permission denied
02-20 22:02:17.520  7695  7695 E SchedAssist: open sharedFd failed with error=No such file or directory
02-20 22:02:17.524  7695  7695 D OplusGraphicsEvent: OplusGraphicsEventListener create now!
02-20 22:02:17.525  7695  7695 D OplusGraphicsEvent: addEventListener success!
02-20 22:02:17.526  7695  7695 E ScrollOptim [ConfigManager]: getOplusPerfService: can't get service binder: IOplusPerfService
02-20 22:02:17.526  7695  7695 E ScrollOptim [ConfigManager]: getOplusPerfService: can't get service interface: IOplusPerfService
02-20 22:02:17.527  7695  7778 D CameraUnit, Util: checkCameraPermission, permissionGranted: true
02-20 22:02:17.527  7695  7778 E CameraUnitLog: setIsVendorTagConfigInitialize : false > false
02-20 22:02:17.527  7695  7784 D ApsAdapter, CameraPerformance: setUxThreadValue, pid is: 7695, tid is 7784 value is 132, keyThreadTag: CaptureImageThread
02-20 22:02:17.527  7695  7784 E ApsAdapter, OsenseResClientHelper: setKeyThreadValue, tid: 7784, keyThreadTag: CaptureImageThread
02-20 22:02:17.527  7695  7778 E ApsAdapter, OsenseResClientHelper: disableKeyThreadValue, tid: 7778
02-20 22:02:17.528  7695  7784 D ApsAdapter, CameraPerformance: setThreadValue, when key thread feature open, do not set thread priority by oplus manager.
02-20 22:02:17.528  7695  7787 D ApsAdapter, CameraPerformance: setUxThreadValue, pid is: 7695, tid is 7787 value is 136, keyThreadTag: ConfigInitThread
02-20 22:02:17.528  7695  7787 E ApsAdapter, OsenseResClientHelper: setKeyThreadValue, tid: 7787, keyThreadTag: ConfigInitThread
02-20 22:02:17.528  7695  7783 D ApsAdapter, CameraPerformance: setUxThreadValue, pid is: 7695, tid is 7783 value is 136, keyThreadTag: PreviewFrameThread
02-20 22:02:17.528  7695  7783 E ApsAdapter, OsenseResClientHelper: setKeyThreadValue, tid: 7783, keyThreadTag: PreviewFrameThread
02-20 22:02:17.528  7695  7783 D ApsAdapter, CameraPerformance: setThreadValue, when key thread feature open, do not set thread priority by oplus manager.
02-20 22:02:17.528  1679  1389 I vendor.qti.bluetooth@1.0-ibs_handler: [ibs_handler.cpp:825] ProcessIbsCmd: Received IBS_SLEEP_IND: 0xFE
02-20 22:02:17.528  7695  7787 D ApsAdapter, CameraPerformance: setThreadValue, when key thread feature open, do not set thread priority by oplus manager.
02-20 22:02:17.528  1679  1389 D vendor.qti.bluetooth@1.0-ibs_handler: [ibs_handler.cpp:391] SerialClockVote: vote for UART CLK OFF
02-20 22:02:17.528  7695  7780 D ApsAdapter, CameraPerformance: setUxThreadValue, pid is: 7695, tid is 7780 value is 129, keyThreadTag: PreviewImageThread
02-20 22:02:17.528  7695  7780 E ApsAdapter, OsenseResClientHelper: setKeyThreadValue, tid: 7780, keyThreadTag: PreviewImageThread
02-20 22:02:17.528  7695  7787 I CameraUnit, CameraConfigHelper: initialize config, justParseVendorTag: false
02-20 22:02:17.528  7695  7787 E OplusCameraManagerGlobal: setCallInfo
02-20 22:02:17.529  7695  7780 D ApsAdapter, CameraPerformance: setThreadValue, when key thread feature open, do not set thread priority by oplus manager.
02-20 22:02:17.530  7695  7779 D ApsAdapter, CameraPerformance: setUxThreadValue, pid is: 7695, tid is 7788 value is 129, keyThreadTag: UnitHandlerThread
02-20 22:02:17.530  7695  7779 E ApsAdapter, OsenseResClientHelper: setKeyThreadValue, tid: 7788, keyThreadTag: UnitHandlerThread
02-20 22:02:17.530  7695  7779 D ApsAdapter, CameraPerformance: setThreadValue, when key thread feature open, do not set thread priority by oplus manager.
02-20 22:02:17.530  7695  7779 D ApsAdapter, CameraPerformance: setUxThreadValue, pid is: 7695, tid is 7789 value is 129, keyThreadTag: UnitHandlerThread
02-20 22:02:17.530  7695  7779 E ApsAdapter, OsenseResClientHelper: setKeyThreadValue, tid: 7789, keyThreadTag: UnitHandlerThread
02-20 22:02:17.531  7695  7779 D ApsAdapter, CameraPerformance: setThreadValue, when key thread feature open, do not set thread priority by oplus manager.
02-20 22:02:17.531  7695  7779 E ApsAdapter, OsenseResClientHelper: disableKeyThreadValue, tid: 7779
02-20 22:02:17.531  7695  7776 I CameraUnitClient: handleAuthenticate, isAuthed: true, supportAsyncAuth: false
02-20 22:02:17.531  7695  7776 V OCAM_CameraCharacteristicsUtil: initialize
02-20 22:02:17.534  7695  7695 D CompatChangeReporter: Compat change id reported: 279646685; UID 10161; state: ENABLED
02-20 22:02:17.534  7695  7787 D nativeloader: Load libOplusStringJNI.so using class loader ns product-clns-7 (caller=/product/framework/com.oplus.camera.unit.sdk.jar): ok
02-20 22:02:17.535  7695  7776 V OCAM_CameraThreadExector: thread name: initCameraInfo
02-20 22:02:17.536  7695  7776 V OCAM_CameraCharacteristicsUtil: initialize, X
02-20 22:02:17.536  7695  7776 V OCAM_OppoCamera_TRACE: traceEndSection, msg: InitCameraUnitTask
02-20 22:02:17.537  7695  7787 W OplusString: [WARNING] string_util.cpp: 324  OplusStringJNI_needGetString() length: 17718, flag: 123, 13, 10
02-20 22:02:17.537  7695  7790 V OCAM_OppoCamera_TRACE: traceBeginSection, msg: initCameraInfo
02-20 22:02:17.538  7695  7790 D OCAM_ThreadManager: setUxThreadValue: pid is: 7695, tid is 7790 value is 130, keyThreadTag: TemporaryThread
02-20 22:02:17.538  7695  7790 E OCAM_AppOsenseResClientHelper: setKeyThreadValue, tid: 7790, keyThreadTag: TemporaryThread
02-20 22:02:17.539  7695  7790 D OCAM_ThreadManager: setThreadValue, when key thread feature open, do not set thread priority by oplus manager.
02-20 22:02:17.539  7695  7787 I CameraUnit, JsonParser: loadConfigFile, path: /odm/etc/camera/config/camera_unit_config
02-20 22:02:17.540  7695  7787 I CameraUnit, JsonParser: parserDefaultSupportPreviewSizes, values: ["1920X1080","1280X720"]
02-20 22:02:17.540  7695  7787 I CameraUnit, JsonParser: parserDefaultSupportVideoSizes, values: ["4000X3000","3840X2160","2752X2064","1920X1080","1280X720"]
02-20 22:02:17.540  7695  7787 E CameraUnit, JsonParser: parserCaptureStreamNumberConfig, don't have config in the camera_unit_config file, parseKey: capture_stream_number
02-20 22:02:17.540  7695  7787 I CameraUnit, JsonParser: parserDngDescription, camera: rear_main, desc: OP Pro HB Color Profile 0
02-20 22:02:17.540  7695  7787 I CameraUnit, JsonParser: parserDngDescription, camera: rear_wide, desc: OP Pro HB Color Profile 4
02-20 22:02:17.540  7695  7787 I CameraUnit, JsonParser: parserDngDescription, camera: rear_tele, desc: OP Pro HB Color Profile 2
02-20 22:02:17.540  7695  7695 D CardWidget.Utils: Utils sIsDebug sync ret: false
02-20 22:02:17.540  7695  7695 I Utils   : Utils sIsDebug sync ret: false
02-20 22:02:17.542  7695  7787 I CameraUnit, JsonParser: initAllModeFeatures
02-20 22:02:17.542  7695  7790 E CameraUnit_TRACE: traceBeginSection, msg: getAllSupportCameraType
02-20 22:02:17.543  7695  7695 D CardWidget.GlobalDIConfig: initial... 
02-20 22:02:17.547  7695  7695 D DataChannel.ClientChannel: initClientImpl serverAuthority = [com.oplus.cardservice.repository.provider.CardServiceServerProvider], clientName = [com.oplus.camera.card.HomeCardWidgetProvider], client = [com.oplus.camera.card.HomeCardWidgetProvider@7d2c89b]
02-20 22:02:17.548  7695  7792 D DataChannel.ClientProxy.HomeCardWidgetProvider: tryRegisterContentObserver
02-20 22:02:17.549  7695  7787 I CameraUnit, FeatureImpl: initCategoryAndValueType, do not have matching category featureName: nightVideo
02-20 22:02:17.550  7695  7787 I CameraUnit, FeatureImpl: initCategoryAndValueType, do not have matching category featureName: beauty
02-20 22:02:17.551  7695  7787 I CameraUnit, FeatureImpl: initCategoryAndValueType, do not have matching category featureName: nightVideo
02-20 22:02:17.552  7695  7695 V OCAM_MyApplication: onCreate, E
02-20 22:02:17.553  7695  7695 V OCAM_OppoCamera_TRACE: traceBeginSection, msg: CameraStartupPerformance.onCameraApplicationCreated
02-20 22:02:17.553  7695  7695 E OCAM_AppOsenseResClientHelper: requestOsenseEventId X
02-20 22:02:17.554  3348  3639 W UserAwareMgr: can not find match thread: CustomGLThread for process com.oplus.camera
02-20 22:02:17.554  3348  3639 W UserAwareMgr: can not find match thread: CameraHandlerThread for process com.oplus.camera
02-20 22:02:17.554  3348  3639 W UserAwareMgr: can not find match thread: UIBoosterUx for process com.oplus.camera
02-20 22:02:17.554  3348  3639 W UserAwareMgr: can not find match thread: ApsUxThread for process com.oplus.camera
02-20 22:02:17.554  3348  3639 W UserAwareMgr: can not find match thread: ImageProcessThread for process com.oplus.camera
02-20 22:02:17.554  3348  3639 W UserAwareMgr: can not find match thread: PreviewProcessThread for process com.oplus.camera
02-20 22:02:17.554  3348  3639 W UserAwareMgr: can not find match thread: PictureMetaArriveThread for process com.oplus.camera
02-20 22:02:17.554  7695  7695 E OCAM_AppOsenseResClientHelper: requestOsenseEventId E
02-20 22:02:17.554  7695  7695 D OCAM_MyApplication: monitorActivityLifeCycle E
02-20 22:02:17.554  7695  7695 D OCAM_MyApplication: monitorActivityLifeCycle X
02-20 22:02:17.555  3348  3990 V AlarmManager: sending alarm Alarm{e8f7c97 type 3 origWhen 711302041 whenElapsed 711302041 com.oplus.metis} uid 10128 whenElapsed 711302041 windowLength 225000 maxWhenElapsed 711527041 repeatInterval 300000 action oplus.intent.action.SORT_ALARM_ACTION component null flags 0x0 procName com.oplus.metis
02-20 22:02:17.555  7695  7787 I CameraUnit, JsonParser: initAllModeFeatures X, spend time: 13
02-20 22:02:17.555  7695  7787 E CameraUnit_TRACE: traceBeginSection, msg: CameraCharacteristicsHelper.initialize
02-20 22:02:17.556  7695  7787 I CameraManagerExtImpl: packagename is com.oplus.camera
02-20 22:02:17.556  7695  7787 I OplusCameraManager: saveOpPackageName, mOpPackageName: com.oplus.camera
02-20 22:02:17.557  3348  3990 V AlarmManager: sending alarm Alarm{ed83e84 type 1 origWhen 1771606937552 whenElapsed 711312416 com.instagram.android} uid 10386 whenElapsed 711312416 windowLength 0 maxWhenElapsed 711312416 repeatInterval 0 action com.instagram.warm_heartbeat component ComponentInfo{com.instagram.android/com.instagram.util.startup.appwarmer.KeepWarmReceiver} flags 0x8 procName com.instagram.android
02-20 22:02:17.558  7695  7787 D ApsAdapter, CameraPerformance: setUxThreadValue, pid is: 7695, tid is 7795 value is 129, keyThreadTag: UnitHandlerThread
02-20 22:02:17.558  7695  7787 E ApsAdapter, OsenseResClientHelper: setKeyThreadValue, tid: 7795, keyThreadTag: UnitHandlerThread
02-20 22:02:17.558  7695  7787 D ApsAdapter, CameraPerformance: setThreadValue, when key thread feature open, do not set thread priority by oplus manager.
02-20 22:02:17.562  7695  7795 D CameraUnit, CameraCharacteristicsWrapper: start getting camera characteristics, camera: 0
02-20 22:02:17.562  7695  7795 I OplusCameraManagerGlobal: setClientInfo, packageName: com.oplus.camera, uid: 10161, pid: 7695
02-20 22:02:17.563  7695  7787 D CameraUnit, CameraCharacteristicsWrapper: ROM version: oplus/ossi/ossi:15/AP3A.240617.008/1758792328688:user/release-keys
02-20 22:02:17.563  7695  7795 I CameraManagerGlobal: Connecting to camera service
02-20 22:02:17.570  7695  7695 D nativeloader: Load /product/app/OplusCamera/OplusCamera.apk!/lib/arm64-v8a/libFormatConverter.so using class loader ns product-clns-8 (caller=/product/app/OplusCamera/OplusCamera.apk!classes12.dex): ok
02-20 22:02:17.571  7695  7695 I OCAM_MemoryUtils: init, appContext: com.oplus.camera.MyApplication@402ab81
02-20 22:02:17.571  7695  7695 I OCAM_DeviceUtil: init,applicationContext: com.oplus.camera.MyApplication@402ab81
02-20 22:02:17.571  7695  7695 I OCAM_DisplayDensityUtil: init,applicationContext: com.oplus.camera.MyApplication@402ab81
02-20 22:02:17.575  7695  7695 V OCAM_LocationManager: registerLocationListener, listener: zf.a@d72614
02-20 22:02:17.575  7695  7695 I MMKV    : Disable checkProcessMode()
02-20 22:02:17.575  7695  7695 I MMKV    : <MMKV.cpp:198::initializeMMKV> root dir: /data/user/0/com.oplus.camera/files/mmkv
02-20 22:02:17.578  7695  7797 D OCAM_ThreadManager: setUxThreadValue: pid is: 7695, tid is 7797 value is 130, keyThreadTag: TaskBusThread
02-20 22:02:17.578  7695  7797 E OCAM_AppOsenseResClientHelper: setKeyThreadValue, tid: 7797, keyThreadTag: TaskBusThread
02-20 22:02:17.578  7695  7799 D OCAM_ThreadManager: setUxThreadValue: pid is: 7695, tid is 7799 value is 130, keyThreadTag: TaskBusThread
02-20 22:02:17.578  7695  7799 E OCAM_AppOsenseResClientHelper: setKeyThreadValue, tid: 7799, keyThreadTag: TaskBusThread
02-20 22:02:17.579  7695  7797 D OCAM_ThreadManager: setThreadValue, when key thread feature open, do not set thread priority by oplus manager.
02-20 22:02:17.579  7695  7797 I OCAM_TaskBusRunnable: TaskBusRunable.run setUx for 7797
02-20 22:02:17.579  7695  7799 D OCAM_ThreadManager: setThreadValue, when key thread feature open, do not set thread priority by oplus manager.
02-20 22:02:17.579  7695  7799 I OCAM_TaskBusRunnable: TaskBusRunable.run setUx for 7799
02-20 22:02:17.579  7695  7799 V OCAM_OppoCamera_TRACE: traceBeginSection, msg: initStoragePathTask
02-20 22:02:17.579  7695  7797 V OCAM_OppoCamera_TRACE: traceBeginSection, msg: InitDcsTask
02-20 22:02:17.580  7695  7695 V OCAM_OppoCamera_TRACE: traceEndSection, msg: CameraStartupPerformance.onCameraApplicationCreated
02-20 22:02:17.580  7695  7799 D OCAM_Storage: initializeStoragePath()
02-20 22:02:17.581  7695  7695 D OCAM_LottieUtil: hookThreadPool success
02-20 22:02:17.581  7695  7695 V OCAM_MyApplication: onCreate, X
02-20 22:02:17.582  2522 13074 E cameraserver: CameraServiceExtImpl_sm8450.cpp: 915 getCameraCharacteristics, g_camera_ux_flag = 129
02-20 22:02:17.582  7695  7787 D CameraUnit, CameraCharacteristicsWrapper: no need to wait for getting characteristics, camera: 0
02-20 22:02:17.583  7695  7799 D OppoUsbEnvironmentSys: getVolumes: sInternalSdDir=/storage/emulated/0
02-20 22:02:17.583  7695  7799 D OppoUsbEnvironmentSys: getVolumes: sInternalSdDir=/storage/emulated/0
02-20 22:02:17.583  7695  7798 D OCAM_ThreadManager: setUxThreadValue: pid is: 7695, tid is 7798 value is 130, keyThreadTag: TaskBusThread
02-20 22:02:17.583  7695  7798 E OCAM_AppOsenseResClientHelper: setKeyThreadValue, tid: 7798, keyThreadTag: TaskBusThread
02-20 22:02:17.583  7695  7799 D OppoUsbEnvironmentSys: update: hasPerm WRITE_MEDIA_STORAGE=false, contextApp=com.oplus.camera.MyApplication@402ab81
02-20 22:02:17.584  7695  7798 D OCAM_ThreadManager: setThreadValue, when key thread feature open, do not set thread priority by oplus manager.
02-20 22:02:17.584  7695  7799 D OppoUsbEnvironmentSys: update: registerListener sStorageListener
02-20 22:02:17.584  7695  7798 I OCAM_TaskBusRunnable: TaskBusRunable.run setUx for 7798
02-20 22:02:17.584  7695  7798 V OCAM_OppoCamera_TRACE: traceBeginSection, msg: InitCameraConfigTask
02-20 22:02:17.584  7695  7798 V OCAM_CameraConfig: initialize, sbInit: false
02-20 22:02:17.584  3348  8053 I ActivityManager: Flag disabled. Ignoring finishAttachApplication from uid: 10161. pid: 7695
02-20 22:02:17.585  7695  7787 D CameraUnit, CameraCharacteristicsWrapper: 18 cached value(s) built, camera: 0
02-20 22:02:17.585  7695  7799 D OCAM_SPDataBuffer: SPDataBuffer: create SPDataBuffer at com.oplus.camera_preferences_0
02-20 22:02:17.585  7695  7799 E OCAM_Storage: initializeCachedDeletedMediaIds, sCachedMediaIds: []
02-20 22:02:17.585  7695  7787 V CameraUnit, CameraCharacteristicsHelper: initialize, cameraId: 0, cameraIdType: 0, cameraType: rear_main, availableStreamFpsRanges: null
02-20 22:02:17.586  7695  7787 D CameraUnit, CameraCharacteristicsWrapper: no need to wait for getting characteristics, camera: 1
02-20 22:02:17.586  7695  7787 D CameraUnit, CameraCharacteristicsWrapper: 6 cached value(s) built, camera: 1
02-20 22:02:17.586  7695  7787 V CameraUnit, CameraCharacteristicsHelper: initialize, cameraId: 1, cameraIdType: 1, cameraType: front_main, availableStreamFpsRanges: null
02-20 22:02:17.586  7695  7787 D CameraUnit, CameraCharacteristicsWrapper: no need to wait for getting characteristics, camera: 2
02-20 22:02:17.586  7695  7787 D CameraUnit, CameraCharacteristicsWrapper: 6 cached value(s) built, camera: 2
02-20 22:02:17.586  7695  7787 V CameraUnit, CameraCharacteristicsHelper: initialize, cameraId: 2, cameraIdType: 2, cameraType: rear_wide, availableStreamFpsRanges: null
02-20 22:02:17.586  7695  7787 D CameraUnit, CameraCharacteristicsWrapper: no need to wait for getting characteristics, camera: 3
02-20 22:02:17.586 12238 12293 I UMS.CardServiceServerProvider: call, method=pullCommand, arg=com.oplus.camera.card.HomeCardWidgetProvider, extras=Bundle[{key_callingPackage=com.oplus.camera, key_callingPid=7695}] callingPackage=com.oplus.c***a, callingPid=7695, [UMS|com.oplus.pantanal.ums|2.0.26-f348910]
02-20 22:02:17.586  7695  7787 D CameraUnit, CameraCharacteristicsWrapper: 5 cached value(s) built, camera: 3
02-20 22:02:17.586  7695  7787 V CameraUnit, CameraCharacteristicsHelper: initialize, cameraId: 3, cameraIdType: 6, cameraType: rear_tele, availableStreamFpsRanges: null
02-20 22:02:17.587  7695  7787 D CameraUnit, CameraCharacteristicsWrapper: no need to wait for getting characteristics, camera: 4
02-20 22:02:17.587  7695  7787 D CameraUnit, CameraCharacteristicsWrapper: 5 cached value(s) built, camera: 4
02-20 22:02:17.587  7695  7787 V CameraUnit, CameraCharacteristicsHelper: initialize, cameraId: 4, cameraIdType: 12, cameraType: rear_sat, availableStreamFpsRanges: null
02-20 22:02:17.587  7695  7787 E CameraUnit_TRACE: traceEndSection, msg: CameraCharacteristicsHelper.initialize
02-20 22:02:17.587 12238 12293 I Channel.Server[1000034].ums.IServerImpl: getCommandList, clientName=com.oplus.camera.card.HomeCardWidgetProvider, clientProxy=null
02-20 22:02:17.587 12238 12293 I CardService[1005060].CardServiceServerProviderProxy: call: method = pullCommand, callingPackageName = *om.op*us.ca*era, callingPid = 7695
02-20 22:02:17.587  7695  7790 E CameraUnit_TRACE: traceEndSection, msg: getAllSupportCameraType
02-20 22:02:17.588  7695  7797 D OCAM_DcsReporter: init app context
02-20 22:02:17.588 12238 12293 I Channel.Server[1000034].ums.ChannelServerProvider: call, method=[pullCommand], clientName=[com.oplus.camera.card.HomeCardWidgetProvider], resultCallBackId=[null]
02-20 22:02:17.589  7695  7787 W OplusString: [WARNING] string_util.cpp: 324  OplusStringJNI_needGetString() length: 100071, flag: 123, 10, 10
02-20 22:02:17.591  7695  7787 D ApsAdapter, UpdateHelper: getValidConfigData, no rus, use ota, path: /odm/etc/camera/config/oplus_camera_algo_switch_config
02-20 22:02:17.591  7695  7790 I CameraUnit, ModeFactory: createMode, name: video_mode
02-20 22:02:17.592  7695  7798 W OplusString: [WARNING] string_util.cpp: 311  OplusStringJNI_getString() do getString.cost: 5467968
02-20 22:02:17.592  7695  7798 D ApsAdapter, UpdateHelper: getValidConfigData, no rus, use ota, path: /odm/etc/camera/config/oplus_camera_config
02-20 22:02:17.592  7695  7790 D CameraUnit, ModeFactory: getMode, mode name: video_mode
02-20 22:02:17.592  7695  7795 V CameraManagerGlobal: Failed to register device state listener!
02-20 22:02:17.593  7695  7795 V CameraManagerGlobal: Device state dependent characteristics updates will not befunctional!
02-20 22:02:17.593  7695  7795 D CameraUnit, CameraCharacteristicsWrapper: complete getting camera characteristics, camera: 0
02-20 22:02:17.593  7695  7795 D CameraUnit, CameraCharacteristicsWrapper: start getting camera characteristics, camera: 1
02-20 22:02:17.593  7695  7795 I OplusCameraManagerGlobal: setClientInfo, packageName: com.oplus.camera, uid: 10161, pid: 7695
02-20 22:02:17.593  7695  7790 I CameraUnit, BaseMode: updateAllParameterRange, featureName: nightVideo, parameterName: nightVideo, configValue: [normal_night_video, ultra_night_video], after convert: [null, null]
02-20 22:02:17.593  7695  7790 I CameraUnit, BaseMode: updateAllParameterRange, featureName: com.oplus.configure.video.fovc, parameterName: com.oplus.configure.video.fovc, configValue: [on, off], after convert: [on, off]
02-20 22:02:17.593  7695  7790 I CameraUnit, BaseMode: updateAllParameterRange, featureName: beauty, parameterName: beauty, configValue: [com.oplus.preview.video.beauty.exfoliating, com.oplus.preview.video.beauty.thin_face], after convert: [null, null]
02-20 22:02:17.593  7695  7790 I CameraUnit, BaseMode: updateAllParameterRange, featureName: com.oplus.configure.video.stabilization, parameterName: com.oplus.configure.video.stabilization, configValue: [super_stabilization, video_stabilization], after convert: [super_stabilization, video_stabilization]
02-20 22:02:17.593  7695  7790 I CameraUnit, BaseMode: updateAllParameterRange, featureName: com.oplus.video.stabilization.mode, parameterName: com.oplus.video.stabilization.mode, configValue: [0, 1], after convert: [0, 1]
02-20 22:02:17.593  7695  7790 I CameraUnit, BaseMode: updateAllParameterRange, featureName: com.oplus.configure.video.fps, parameterName: com.oplus.configure.video.fps, configValue: [video_30fps, video_60fps, video_120fps], after convert: [video_30fps, video_60fps, video_120fps]
02-20 22:02:17.593  7695  7790 I CameraUnit, BaseMode: updateAllParameterRange, featureName: com.oplus.preview.focus.mode, parameterName: com.oplus.preview.focus.mode, configValue: [2, 3, 4], after convert: [2, 3, 4]
02-20 22:02:17.593  7695  7790 I CameraUnit, BaseMode: updateAllParameterRange, featureName: com.oplus.preview.flash.mode, parameterName: com.oplus.preview.flash.mode, configValue: [off, torch], after convert: [off, torch]
02-20 22:02:17.594  7695  7792 D DataChannel.ClientProxy.HomeCardWidgetProvider: pullAndRunCommand commandList = [] 
02-20 22:02:17.594  2522 13074 E cameraserver: CameraServiceExtImpl_sm8450.cpp: 915 getCameraCharacteristics, g_camera_ux_flag = 129
02-20 22:02:17.594  7695  7792 D DataChannel.ClientProxy.HomeCardWidgetProvider: processCommandList: distinct processCommands = []
02-20 22:02:17.594  7695  7792 D DataChannel.ClientProxy.HomeCardWidgetProvider: processCommandList: detail processCommands = []
02-20 22:02:17.595  7695  7790 D CameraUnit, VideoMode: createCameraDeviceInfo, cameraType: rear_main
02-20 22:02:17.595  7695  7787 D ApsAdapter, AlgoSwitchConfig: parseConfigData, sApsVersion: 5, sApsMode: 1
02-20 22:02:17.596  7695  7798 D ApsAdapter, ApsUtils: initConfigData, old format without version
02-20 22:02:17.596  7695  7795 V CameraManagerGlobal: Failed to register device state listener!
02-20 22:02:17.596  7695  7795 V CameraManagerGlobal: Device state dependent characteristics updates will not befunctional!
02-20 22:02:17.596  7695  7795 D CameraUnit, CameraCharacteristicsWrapper: complete getting camera characteristics, camera: 1
02-20 22:02:17.596  7695  7795 D CameraUnit, CameraCharacteristicsWrapper: start getting camera characteristics, camera: 2
02-20 22:02:17.596  7695  7790 I OCAM_CameraCharacteristicsUtil: initCameraInfo, cameraType: rear_main, cameraId: 0, isFront: false
02-20 22:02:17.596  7695  7795 I OplusCameraManagerGlobal: setClientInfo, packageName: com.oplus.camera, uid: 10161, pid: 7695
02-20 22:02:17.596  7695  7790 I CameraUnit, BaseMode: updateAllParameterRange, featureName: com.oplus.configure.video.fovc, parameterName: com.oplus.configure.video.fovc, configValue: [on, off], after convert: [on, off]
02-20 22:02:17.597  7695  7790 I CameraUnit, BaseMode: updateAllParameterRange, featureName: com.oplus.configure.video.fps, parameterName: com.oplus.configure.video.fps, configValue: [video_30fps], after convert: [video_30fps]
02-20 22:02:17.597  7695  7790 I CameraUnit, BaseMode: updateAllParameterRange, featureName: com.oplus.configure.video.stabilization, parameterName: com.oplus.configure.video.stabilization, configValue: [super_stabilization_front], after convert: [super_stabilization_front]
02-20 22:02:17.597  7695  7790 D CameraUnit, VideoMode: createCameraDeviceInfo, cameraType: front_main
02-20 22:02:17.597  7695  7790 I OCAM_CameraCharacteristicsUtil: initCameraInfo, cameraType: front_main, cameraId: 1, isFront: true
02-20 22:02:17.597  7695  7790 I CameraUnit, BaseMode: updateAllParameterRange, featureName: com.oplus.configure.video.fps, parameterName: com.oplus.configure.video.fps, configValue: [video_30fps, video_60fps], after convert: [video_30fps, video_60fps]
02-20 22:02:17.597  7695  7790 I CameraUnit, BaseMode: updateAllParameterRange, featureName: com.oplus.preview.focus.mode, parameterName: com.oplus.preview.focus.mode, configValue: [2, 3, 4], after convert: [2, 3, 4]
02-20 22:02:17.597  7695  7790 I CameraUnit, BaseMode: updateAllParameterRange, featureName: nightVideo, parameterName: nightVideo, configValue: [normal_night_video, ultra_night_video], after convert: [null, null]
02-20 22:02:17.597  7695  7790 I CameraUnit, BaseMode: updateAllParameterRange, featureName: com.oplus.configure.video.fovc, parameterName: com.oplus.configure.video.fovc, configValue: [on, off], after convert: [on, off]
02-20 22:02:17.597  7695  7798 V OCAM_CameraConfig: initialize X
02-20 22:02:17.597  7695  7790 I CameraUnit, BaseMode: updateAllParameterRange, featureName: com.oplus.configure.video.stabilization, parameterName: com.oplus.configure.video.stabilization, configValue: [super_stabilization], after convert: [super_stabilization]
02-20 22:02:17.597  7695  7790 I CameraUnit, BaseMode: updateAllParameterRange, featureName: com.oplus.video.stabilization.mode, parameterName: com.oplus.video.stabilization.mode, configValue: [0, 1], after convert: [0, 1]
02-20 22:02:17.597  7695  7790 D CameraUnit, VideoMode: createCameraDeviceInfo, cameraType: rear_wide
02-20 22:02:17.597  7695  7787 D ApsAdapter, AlgoSwitchConfig: parsePreviewConfig, config: common@0, pipeline: video, e1: No value for master_input_width
02-20 22:02:17.598  7695  7790 I OCAM_CameraCharacteristicsUtil: initCameraInfo, cameraType: rear_wide, cameraId: 2, isFront: false
02-20 22:02:17.598  7695  7787 D ApsAdapter, AlgoSwitchConfig: parsePreviewConfig, config: common@1, pipeline: video, e1: No value for master_input_width
02-20 22:02:17.598  7695  7790 I CameraUnit, ModeFactory: createMode, name: professional_mode
02-20 22:02:17.598  7695  7798 V OCAM_OppoCamera_TRACE: traceEndSection, msg: InitCameraConfigTask
02-20 22:02:17.598  7695  7787 D ApsAdapter, AlgoSwitchConfig: parsePreviewConfig, config: commonDummy@0, pipeline: video, e1: No value for master_input_width
02-20 22:02:17.598  7695  7798 D OCAM_TaskBusRunnable: TaskBusRunable.run executeTask: InitCameraConfigTask, cost time: 14ms.
02-20 22:02:17.598  7695  7787 D ApsAdapter, AlgoSwitchConfig: parsePreviewConfig, config: commonDummy@1, pipeline: video, e1: No value for master_input_width
02-20 22:02:17.598  7695  7790 D CameraUnit, ModeFactory: getMode, mode name: professional_mode
02-20 22:02:17.598  7695  7787 D ApsAdapter, AlgoSwitchConfig: parsePreviewConfig, config: commonVideoDummy@0, pipeline: video, e1: No value for master_input_width
02-20 22:02:17.598  7695  7787 D ApsAdapter, AlgoSwitchConfig: parsePreviewConfig, config: commonVideoDummy@0, pipeline: asd, e1: No value for master_input_width
02-20 22:02:17.598  2522 13074 E cameraserver: CameraServiceExtImpl_sm8450.cpp: 915 getCameraCharacteristics, g_camera_ux_flag = 129
02-20 22:02:17.598  7695  7787 D ApsAdapter, AlgoSwitchConfig: parsePreviewConfig, config: commonVideoDummy@1, pipeline: video, e1: No value for master_input_width
02-20 22:02:17.598  7695  7787 D ApsAdapter, AlgoSwitchConfig: parsePreviewConfig, config: commonVideoDummy@1, pipeline: asd, e1: No value for master_input_width
02-20 22:02:17.598  7695  7790 I CameraUnit, BaseMode: updateAllParameterRange, featureName: com.oplus.preview.focus.mode, parameterName: com.oplus.preview.focus.mode, configValue: [1, 3, 4], after convert: [1, 3, 4]
02-20 22:02:17.598  7695  7787 D ApsAdapter, AlgoSwitchConfig: parsePreviewConfig, config: idPhoto@0, pipeline: video, e1: No value for master_input_width
02-20 22:02:17.598  7695  7787 D ApsAdapter, AlgoSwitchConfig: parsePreviewConfig, config: idPhoto@0, pipeline: asd, e1: No value for master_input_width
02-20 22:02:17.598  7695  7790 I CameraUnit, BaseMode: updateAllParameterRange, featureName: com.oplus.preview.flash.mode, parameterName: com.oplus.preview.flash.mode, configValue: [on, off, auto, torch], after convert: [on, off, auto, torch]
02-20 22:02:17.598  7695  7787 D ApsAdapter, AlgoSwitchConfig: parsePreviewConfig, config: idPhoto@1, pipeline: video, e1: No value for master_input_width
02-20 22:02:17.598  7695  7787 D ApsAdapter, AlgoSwitchConfig: parsePreviewConfig, config: idPhoto@1, pipeline: asd, e1: No value for master_input_width
02-20 22:02:17.598  7695  7787 D ApsAdapter, AlgoSwitchConfig: parsePreviewConfig, config: fishEye@0, pipeline: video, e1: No value for master_input_width
02-20 22:02:17.598  7695  7787 D ApsAdapter, AlgoSwitchConfig: parsePreviewConfig, config: minimalDummy@0, pipeline: video, e1: No value for master_input_width
02-20 22:02:17.598  7695  7787 D ApsAdapter, AlgoSwitchConfig: parsePreviewConfig, config: minimalDummy@0, pipeline: asd, e1: No value for master_input_width
02-20 22:02:17.598  7695  7787 D ApsAdapter, AlgoSwitchConfig: parsePreviewConfig, config: minimalDummy@1, pipeline: video, e1: No value for master_input_width
02-20 22:02:17.598  7695  7787 D ApsAdapter, AlgoSwitchConfig: parsePreviewConfig, config: minimalDummy@1, pipeline: asd, e1: No value for master_input_width
02-20 22:02:17.599  7695  7787 D ApsAdapter, AlgoSwitchConfig: parsePreviewConfig, config: night@0, pipeline: video, e1: No value for master_input_width
02-20 22:02:17.599  7695  7787 D ApsAdapter, AlgoSwitchConfig: parsePreviewConfig, config: night@1, pipeline: video, e1: No value for master_input_width
02-20 22:02:17.599  7695  7798 D OCAM_TaskBus: needDisableUx: false corePoolSize: 4 mDoneTasks: 1 mAllTasksCls: 12 this:gh.c@a4c76f1
02-20 22:02:17.599  7695  7787 D ApsAdapter, AlgoSwitchConfig: parsePreviewConfig, config: portrait@0, pipeline: video, e1: No value for master_input_width
02-20 22:02:17.599  7695  7798 V OCAM_OppoCamera_TRACE: traceEndSection, msg: InitCameraConfigTask
02-20 22:02:17.599  7695  7787 D ApsAdapter, AlgoSwitchConfig: parsePreviewConfig, config: portrait@1, pipeline: video, e1: No value for master_input_width
02-20 22:02:17.599  7695  7798 V OCAM_OppoCamera_TRACE: traceBeginSection, msg: InitThreadMonitorTask
02-20 22:02:17.599  7695  7787 D ApsAdapter, AlgoSwitchConfig: parsePreviewConfig, config: xpan@0, pipeline: video, e1: No value for master_input_width
02-20 22:02:17.599  7695  7787 D ApsAdapter, AlgoSwitchConfig: parsePreviewConfig, config: xpan@0, pipeline: asd, e1: No value for master_input_width
02-20 22:02:17.599  7695  7798 W OCAM_ThreadMonitor: prepare()
02-20 22:02:17.599  7695  7787 D ApsAdapter, AlgoSwitchConfig: parsePreviewConfig, config: panorama@0, pipeline: video, e1: No value for master_input_width
02-20 22:02:17.599  7695  7787 D ApsAdapter, AlgoSwitchConfig: parsePreviewConfig, config: panorama@0, pipeline: asd, e1: No value for master_input_width
02-20 22:02:17.599  7695  7787 D ApsAdapter, AlgoSwitchConfig: parsePreviewConfig, config: panorama@1, pipeline: video, e1: No value for master_input_width
02-20 22:02:17.599  7695  7787 D ApsAdapter, AlgoSwitchConfig: parsePreviewConfig, config: panorama@1, pipeline: asd, e1: No value for master_input_width
02-20 22:02:17.599  7695  7787 D ApsAdapter, AlgoSwitchConfig: parsePreviewConfig, config: professional@0, pipeline: video, e1: No value for master_input_width
02-20 22:02:17.599  7695  7798 V OCAM_OppoCamera_TRACE: traceEndSection, msg: InitThreadMonitorTask
02-20 22:02:17.599  7695  7787 D ApsAdapter, AlgoSwitchConfig: parsePreviewConfig, config: professional@0, pipeline: asd, e1: No value for master_input_width
02-20 22:02:17.599  7695  7798 D OCAM_TaskBusRunnable: TaskBusRunable.run executeTask: InitThreadMonitorTask, cost time: 0ms.
02-20 22:02:17.599  7695  7787 D ApsAdapter, AlgoSwitchConfig: parsePreviewConfig, config: sticker@0, pipeline: preview, e1: No value for master_input_width
02-20 22:02:17.599  7695  7798 D OCAM_TaskBus: needDisableUx: false corePoolSize: 4 mDoneTasks: 2 mAllTasksCls: 12 this:gh.c@a4c76f1
02-20 22:02:17.599  7695  7798 V OCAM_OppoCamera_TRACE: traceEndSection, msg: InitThreadMonitorTask
02-20 22:02:17.599  7695  7787 D ApsAdapter, AlgoSwitchConfig: parsePreviewConfig, config: sticker@0, pipeline: video, e1: No value for master_input_width
02-20 22:02:17.599  7695  7798 V OCAM_OppoCamera_TRACE: traceBeginSection, msg: InitAlgoListModelTask
02-20 22:02:17.599  7695  7787 D ApsAdapter, AlgoSwitchConfig: parsePreviewConfig, config: sticker@0, pipeline: asd, e1: No value for master_input_width
02-20 22:02:17.599  7695  7787 D ApsAdapter, AlgoSwitchConfig: parsePreviewConfig, config: sticker@1, pipeline: preview, e1: No value for master_input_width
02-20 22:02:17.599  7695  7787 D ApsAdapter, AlgoSwitchConfig: parsePreviewConfig, config: sticker@1, pipeline: video, e1: No value for master_input_width
02-20 22:02:17.600  7695  7787 D ApsAdapter, AlgoSwitchConfig: parsePreviewConfig, config: groupshot@0, pipeline: video, e1: No value for master_input_width
02-20 22:02:17.600  7695  7798 V OCAM_OppoCamera_TRACE: traceEndSection, msg: InitAlgoListModelTask
02-20 22:02:17.600  7695  7787 D ApsAdapter, AlgoSwitchConfig: parsePreviewConfig, config: groupshot@0, pipeline: asd, e1: No value for master_input_width
02-20 22:02:17.600  7695  7798 D OCAM_TaskBusRunnable: TaskBusRunable.run executeTask: InitAlgoListModelTask, cost time: 1ms.
02-20 22:02:17.600  7695  7798 D OCAM_TaskBus: needDisableUx: false corePoolSize: 4 mDoneTasks: 3 mAllTasksCls: 12 this:gh.c@a4c76f1
02-20 22:02:17.600  7695  7787 D ApsAdapter, AlgoSwitchConfig: parsePreviewConfig, config: commonVideo@0, pipeline: asd, e1: No value for master_input_width
02-20 22:02:17.600  7695  7787 D ApsAdapter, AlgoSwitchConfig: parsePreviewConfig, config: commonVideo@1, pipeline: asd, e1: No value for master_input_width
02-20 22:02:17.600  7695  7787 D ApsAdapter, AlgoSwitchConfig: parsePreviewConfig, config: 4kVideo@0, pipeline: asd, e1: No value for master_input_width
02-20 22:02:17.600  7695  7787 D ApsAdapter, AlgoSwitchConfig: parsePreviewConfig, config: 4kVideo@1, pipeline: preview, e1: No value for master_input_width
02-20 22:02:17.600  7695  7799 V OCAM_OppoCamera_TRACE: traceEndSection, msg: initStoragePathTask
02-20 22:02:17.600  7695  7787 D ApsAdapter, AlgoSwitchConfig: parsePreviewConfig, config: 4kVideo@1, pipeline: video, e1: No value for master_input_width
02-20 22:02:17.600  7695  7799 D OCAM_TaskBusRunnable: TaskBusRunable.run executeTask: initStoragePathTask, cost time: 21ms.
02-20 22:02:17.600  7695  7787 D ApsAdapter, AlgoSwitchConfig: parsePreviewConfig, config: 4kVideo@1, pipeline: asd, e1: No value for master_input_width
02-20 22:02:17.600  7695  7799 D OCAM_TaskBus: needDisableUx: false corePoolSize: 4 mDoneTasks: 4 mAllTasksCls: 12 this:gh.c@a4c76f1
02-20 22:02:17.600  7695  7799 V OCAM_OppoCamera_TRACE: traceEndSection, msg: initStoragePathTask
02-20 22:02:17.600  7695  7787 D ApsAdapter, AlgoSwitchConfig: parsePreviewConfig, config: superEISVideo@0, pipeline: asd, e1: No value for master_input_width
02-20 22:02:17.600  7695  7799 V OCAM_OppoCamera_TRACE: traceBeginSection, msg: InitActivityContextUtil
02-20 22:02:17.600  7695  7787 D ApsAdapter, AlgoSwitchConfig: parsePreviewConfig, config: superEISVideo@1, pipeline: preview, e1: No value for master_input_width
02-20 22:02:17.600  7695  7799 V OCAM_OppoCamera_TRACE: traceEndSection, msg: InitActivityContextUtil
02-20 22:02:17.600  7695  7799 D OCAM_TaskBusRunnable: TaskBusRunable.run executeTask: InitActivityContextUtil, cost time: 0ms.
02-20 22:02:17.600  7695  7787 D ApsAdapter, AlgoSwitchConfig: parsePreviewConfig, config: superEISVideo@1, pipeline: video, e1: No value for master_input_width
02-20 22:02:17.600  7695  7790 I OCAM_CameraCharacteristicsUtil: initCameraInfo, cameraType: rear_tele, cameraId: 6, isFront: false
02-20 22:02:17.600  7695  7787 D ApsAdapter, AlgoSwitchConfig: parsePreviewConfig, config: superEISVideo@1, pipeline: asd, e1: No value for master_input_width
02-20 22:02:17.600  7695  7795 V CameraManagerGlobal: Failed to register device state listener!
02-20 22:02:17.600  7695  7787 D ApsAdapter, AlgoSwitchConfig: parsePreviewConfig, config: superEISProVideo@0, pipeline: asd, e1: No value for master_input_width
02-20 22:02:17.600  7695  7795 V CameraManagerGlobal: Device state dependent characteristics updates will not befunctional!
02-20 22:02:17.601  7695  7795 D CameraUnit, CameraCharacteristicsWrapper: complete getting camera characteristics, camera: 2
02-20 22:02:17.601  7695  7790 I CameraUnit, BaseMode: updateAllParameterRange, featureName: com.oplus.configure.video.fps, parameterName: com.oplus.configure.video.fps, configValue: [video_30fps, video_60fps], after convert: [video_30fps, video_60fps]
02-20 22:02:17.601  7695  7787 D ApsAdapter, AlgoSwitchConfig: parsePreviewConfig, config: superEISProVideo@1, pipeline: preview, e1: No value for master_input_width
02-20 22:02:17.601  7695  7795 D CameraUnit, CameraCharacteristicsWrapper: start getting camera characteristics, camera: 3
02-20 22:02:17.601  7695  7790 I CameraUnit, BaseMode: updateAllParameterRange, featureName: com.oplus.preview.focus.mode, parameterName: com.oplus.preview.focus.mode, configValue: [2, 3, 4], after convert: [2, 3, 4]
02-20 22:02:17.601  7695  7799 D OCAM_TaskBus: needDisableUx: false corePoolSize: 4 mDoneTasks: 5 mAllTasksCls: 12 this:gh.c@a4c76f1
02-20 22:02:17.601  7695  7790 I CameraUnit, BaseMode: updateAllParameterRange, featureName: com.oplus.configure.video.fovc, parameterName: com.oplus.configure.video.fovc, configValue: [on, off], after convert: [on, off]
02-20 22:02:17.601  7695  7787 D ApsAdapter, AlgoSwitchConfig: parsePreviewConfig, config: superEISProVideo@1, pipeline: video, e1: No value for master_input_width
02-20 22:02:17.601  7695  7790 I CameraUnit, BaseMode: updateAllParameterRange, featureName: com.oplus.configure.video.stabilization, parameterName: com.oplus.configure.video.stabilization, configValue: [video_stabilization], after convert: [video_stabilization]
02-20 22:02:17.601  7695  7799 V OCAM_OppoCamera_TRACE: traceEndSection, msg: InitActivityContextUtil
02-20 22:02:17.601  7695  7787 D ApsAdapter, AlgoSwitchConfig: parsePreviewConfig, config: superEISProVideo@1, pipeline: asd, e1: No value for master_input_width
02-20 22:02:17.601  7695  7790 I CameraUnit, BaseMode: updateAllParameterRange, featureName: com.oplus.preview.flash.mode, parameterName: com.oplus.preview.flash.mode, configValue: [off, torch], after convert: [off, torch]
02-20 22:02:17.601  7695  7799 V OCAM_OppoCamera_TRACE: traceBeginSection, msg: InitCameraConfigHeavyTask
02-20 22:02:17.601  7695  7787 D ApsAdapter, AlgoSwitchConfig: parsePreviewConfig, config: fastVideo@0, pipeline: asd, e1: No value for master_input_width
02-20 22:02:17.601  7695  7798 V OCAM_OppoCamera_TRACE: traceEndSection, msg: InitAlgoListModelTask
02-20 22:02:17.601  7695  7790 I CameraUnit, BaseMode: updateAllParameterRange, featureName: com.oplus.sat.none.zoom.ratio, parameterName: com.oplus.sat.none.zoom.ratio, configValue: [0.6f, 1.0f, 5.0f], after convert: [0.6, 1.0, 5.0]
02-20 22:02:17.601  7695  7787 D ApsAdapter, AlgoSwitchConfig: parsePreviewConfig, config: fastVideo@1, pipeline: asd, e1: No value for master_input_width
02-20 22:02:17.601  7695  7795 I OplusCameraManagerGlobal: setClientInfo, packageName: com.oplus.camera, uid: 10161, pid: 7695
02-20 22:02:17.601  7695  7787 D ApsAdapter, AlgoSwitchConfig: parsePreviewConfig, config: slowVideo@0, pipeline: video, e1: No value for master_input_width
02-20 22:02:17.601  7695  7790 D CameraUnit, VideoMode: createCameraDeviceInfo, cameraType: rear_sat
02-20 22:02:17.601  7695  7787 D ApsAdapter, AlgoSwitchConfig: parsePreviewConfig, config: slowVideo@0, pipeline: asd, e1: No value for master_input_width
02-20 22:02:17.601  7695  7787 D ApsAdapter, AlgoSwitchConfig: parsePreviewConfig, config: commonSatHal@0, pipeline: video, e1: No value for master_input_width
02-20 22:02:17.602  7695  7787 D ApsAdapter, AlgoSwitchConfig: parsePreviewConfig, config: commonSatHal@1, pipeline: preview, e1: No value for master_input_width
02-20 22:02:17.602  7695  7787 D ApsAdapter, AlgoSwitchConfig: parsePreviewConfig, config: commonSatHal@1, pipeline: video, e1: No value for master_input_width
02-20 22:02:17.602  7695  7790 I OCAM_CameraCharacteristicsUtil: initCameraInfo, cameraType: rear_sat, cameraId: 12, isFront: false
02-20 22:02:17.602  7695  7787 D ApsAdapter, AlgoSwitchConfig: parsePreviewConfig, config: commonSatHal@1, pipeline: asd, e1: No value for master_input_width
02-20 22:02:17.602  7695  7790 I CameraUnit, ModeFactory: createMode, name: multi_camera_mode
02-20 22:02:17.602  7695  7787 D ApsAdapter, AlgoSwitchConfig: parsePreviewConfig, config: commonVideoSatHal@0, pipeline: asd, e1: No value for master_input_width
02-20 22:02:17.602  7695  7787 D ApsAdapter, AlgoSwitchConfig: parsePreviewConfig, config: commonVideoSatHal@1, pipeline: asd, e1: No value for master_input_width
02-20 22:02:17.602  7695  7790 D CameraUnit, ModeFactory: getMode, mode name: multi_camera_mode
02-20 22:02:17.602  7695  7798 V OCAM_OppoCamera_TRACE: traceBeginSection, msg: InitCameraConfigAsyncTask
02-20 22:02:17.602  7695  7787 D ApsAdapter, AlgoSwitchConfig: parsePreviewConfig, config: liveHDR@0, pipeline: asd, e1: No value for master_input_width
02-20 22:02:17.602  7695  7798 I OCAM_Task: initCameraConfig
02-20 22:02:17.602  7695  7787 D ApsAdapter, AlgoSwitchConfig: parsePreviewConfig, config: ultraNight@0, pipeline: asd, e1: No value for master_input_width
02-20 22:02:17.602  7695  7798 V OCAM_CameraThreadExector: thread name: feature_init
02-20 22:02:17.602  7695  7798 V OCAM_CameraThreadExector: thread name: Camera Initialize
02-20 22:02:17.602  7695  7787 D ApsAdapter, AlgoSwitchConfig: parsePreviewConfig, config: hyperlapseVideo@0, pipeline: asd, e1: No value for master_input_width
02-20 22:02:17.602  7695  7798 V OCAM_CameraThreadExector: thread name: init MyRegionAdapter
02-20 22:02:17.602  2522 13074 E cameraserver: CameraServiceExtImpl_sm8450.cpp: 915 getCameraCharacteristics, g_camera_ux_flag = 129
02-20 22:02:17.602  7695  7790 V CameraUnit, BaseMode: updateAllParameterRange, no need update
02-20 22:02:17.602  7695  7798 V OCAM_OppoCamera_TRACE: traceEndSection, msg: InitCameraConfigAsyncTask
02-20 22:02:17.602  7695  7787 D ApsAdapter, AlgoSwitchConfig: parsePreviewConfig, config: hyperlapseProVideo@0, pipeline: asd, e1: No value for master_input_width
02-20 22:02:17.602  7695  7797 D OplusTrack-OplusTrack: packageName:com.oplus.camera,isDebug:true
02-20 22:02:17.602  7695  7787 D ApsAdapter, AlgoSwitchConfig: parsePreviewConfig, config: aiEnhancement@0, pipeline: asd, e1: No value for master_input_width
02-20 22:02:17.602  7695  7787 D ApsAdapter, AlgoSwitchConfig: parsePreviewConfig, config: movie@0, pipeline: asd, e1: No value for master_input_width
02-20 22:02:17.602  7695  7787 D ApsAdapter, AlgoSwitchConfig: parsePreviewConfig, config: movieNoEis@0, pipeline: asd, e1: No value for master_input_width
02-20 22:02:17.602  7695  7787 D ApsAdapter, AlgoSwitchConfig: parsePreviewConfig, config: microscope@0, pipeline: video, e1: No value for master_input_width
02-20 22:02:17.602  7695  7787 D ApsAdapter, AlgoSwitchConfig: parsePreviewConfig, config: microscope@0, pipeline: asd, e1: No value for master_input_width
02-20 22:02:17.603  7695  7787 D ApsAdapter, AlgoSwitchConfig: parsePreviewConfig, config: longExposure@0, pipeline: video, e1: No value for master_input_width
02-20 22:02:17.603  7695  7797 D OplusTrack-OplusTrack: setSession timeout is 10
02-20 22:02:17.603  7695  7787 D ApsAdapter, AlgoSwitchConfig: parsePreviewConfig, config: longExposure@0, pipeline: asd, e1: No value for master_input_width
02-20 22:02:17.603  7695  7797 V OCAM_OppoCamera_TRACE: traceEndSection, msg: InitDcsTask
02-20 22:02:17.603  7695  7797 D OCAM_TaskBusRunnable: TaskBusRunable.run executeTask: InitDcsTask, cost time: 24ms.
02-20 22:02:17.603  7695  7797 D OCAM_TaskBus: needDisableUx: false corePoolSize: 4 mDoneTasks: 6 mAllTasksCls: 12 this:gh.c@a4c76f1
02-20 22:02:17.603  7695  7797 V OCAM_OppoCamera_TRACE: traceEndSection, msg: InitDcsTask
02-20 22:02:17.603  7695  7797 V OCAM_OppoCamera_TRACE: traceBeginSection, msg: InitActivityUtilTask
02-20 22:02:17.603  7695  7797 V OCAM_OppoCamera_TRACE: traceEndSection, msg: InitActivityUtilTask
02-20 22:02:17.603  7695  7797 D OCAM_TaskBusRunnable: TaskBusRunable.run executeTask: InitActivityUtilTask, cost time: 0ms.
02-20 22:02:17.603  7695  7797 D OCAM_TaskBus: needDisableUx: false corePoolSize: 4 mDoneTasks: 7 mAllTasksCls: 12 this:gh.c@a4c76f1
02-20 22:02:17.603  7695  7797 V OCAM_OppoCamera_TRACE: traceEndSection, msg: InitActivityUtilTask
02-20 22:02:17.603  7695  7797 V OCAM_OppoCamera_TRACE: traceBeginSection, msg: InitVibrateManagerTask
