02-20 22:02:16.394  7613  7613 D callGcSupression: java.lang.NullPointerException: Attempt to invoke virtual method 'java.lang.Object java.lang.reflect.Method.invoke(java.lang.Object, java.lang.Object[])' on a null object reference
02-20 22:02:16.394  7613  7613 D ResourcesManagerExtImpl: applyConfigurationToAppResourcesLocked app.getDisplayId() return callback.displayId:0
02-20 22:02:16.395  7613  7613 E OplusBracketLog: [OplusViewMirrorManager] updateHostViewRootIfNeeded, not support android.view.ViewRootImpl@134475e
02-20 22:02:16.396  7613  7613 D ViewRootImplExtImpl: wrapConfigInfoIntoFlags rotation=0, smallestScreenWidthDp=360, relayoutAsync=false, flags=0, newFlags=23592960, residentWS=false, title=com.renderflow.app/com.renderflow.app.MainActivity
02-20 22:02:16.396  3348  3629 I TaskOrganizerController: onTaskInfoChanged taskid 13602 config { mBounds=Rect(0, 0 - 1080, 2412) mAppBounds=Rect(0, 0 - 1080, 2412) mMaxBounds=Rect(0, 0 - 1080, 2412) mDisplayRotation=ROTATION_0 mWindowingMode=fullscreen mActivityType=standard mAlwaysOnTop=off mRotation=ROTATION_0}
02-20 22:02:16.396  3348  3629 D OplusFlexibleWindowMinimizedManagerHelper: onTaskInfoChanged taskInfo:TaskInfo{userId=0 taskId=13602 displayId=0 isRunning=true baseIntent=Intent { act=android.intent.action.MAIN cat=[android.intent.category.LAUNCHER] flg=0x10200000 pkg=com.whatsapp cmp=com.whatsapp/.Main oflg=0x800 } baseActivity=ComponentInfo{com.whatsapp/com.whatsapp.home.ui.HomeActivity} topActivity=ComponentInfo{com.whatsapp/com.whatsapp.home.ui.HomeActivity} origActivity=null realActivity=ComponentInfo{com.whatsapp/com.whatsapp.Main} numActivities=1 lastActiveTime=711310894 supportsSplitScreenMultiWindow=true supportsMultiWindow=true supportsPocketStudioMultiWindow=true isInFlexibleEmbedded = false uid = 10321 pid = 24382 resizeMode=1 isResizeable=true minWidth=-1 minHeight=-1 defaultMinSize=220 token=WCT{RemoteToken{de0494b Task{6d380dd #13602 type=standard A=10321:com.whatsapp}}} topActivityType=1 pictureInPictureParams=null shouldDockBigOverlays=false launchIntoPipHostTaskId=-1 lastParentTaskIdBeforePip=-1 displayCutoutSafeInsets=Rect(0, 96 - 0, 0) topActivityInfo=ActivityInfo{9b9e9a0 com.whatsapp.home.ui.HomeActivity} launchCookies=[android.os.BinderProxy@fc0941c] positionInParent=Point(0, 0) parentTaskId=-1 isFocused=false isVisible=true isVisibleRequested=false isSleeping=false locusId=null displayAreaFeatureId=1 isTopActivityTransparent=false appCompatTaskInfo=AppCompatTaskInfo { topActivityInSizeCompat=false topActivityInOplusCompatMode=false topActivityEligibleForLetterboxEducation= falseisLetterboxEducationEnabled= false isLetterboxDoubleTapEnabled= false topActivityEligibleForUserAspectRatioButton= false topActivityBoundsLetterboxed= false isFromLetterboxDoubleTap= false topActivityLetterboxVerticalPosition= -1 topActivityLetterboxHorizontalPosition= -1 topActivityLetterboxWidth=1080 topActivityLetterboxHeight=2412 isUserFullscreenOverrideEnabled=false isSystemFullscreenOverrideEnabled=false cameraCompatTaskInfo=CameraCompatTaskInfo { cameraCompatControlState=hidden freeformCameraCompatMode=inactive}} topActivityLetterboxInsets=Rect(0, 0 - 0, 0) mOplusExtraBundle = Bundle[{androidx.flexible.taskFrame=Rect(0, 0 - 0, 0), key_flexible_task_state=0, androidx.activity.LaunchScenario=0, androidx.activity.LaunchScale=1.0}]} task:Task{6d380dd #13602 type=standard A=10321:com.whatsapp}
02-20 22:02:16.396  3348  3629 D OplusFlexibleDragToSplitAnimController: visibleFlexibleTaskInfos delete:13602
02-20 22:02:16.397  3348  3629 D OplusFlexibleDragAnimationBaseState: handleRunningTaskInfo:TaskInfo{userId=0 taskId=13602 displayId=0 isRunning=true baseIntent=Intent { act=android.intent.action.MAIN cat=[android.intent.category.LAUNCHER] flg=0x10200000 pkg=com.whatsapp cmp=com.whatsapp/.Main oflg=0x800 } baseActivity=ComponentInfo{com.whatsapp/com.whatsapp.home.ui.HomeActivity} topActivity=ComponentInfo{com.whatsapp/com.whatsapp.home.ui.HomeActivity} origActivity=null realActivity=ComponentInfo{com.whatsapp/com.whatsapp.Main} numActivities=1 lastActiveTime=711310894 supportsSplitScreenMultiWindow=true supportsMultiWindow=true supportsPocketStudioMultiWindow=true isInFlexibleEmbedded = false uid = 10321 pid = 24382 resizeMode=1 isResizeable=true minWidth=-1 minHeight=-1 defaultMinSize=220 token=WCT{RemoteToken{de0494b Task{6d380dd #13602 type=standard A=10321:com.whatsapp}}} topActivityType=1 pictureInPictureParams=null shouldDockBigOverlays=false launchIntoPipHostTaskId=-1 lastParentTaskIdBeforePip=-1 displayCutoutSafeInsets=Rect(0, 96 - 0, 0) topActivityInfo=ActivityInfo{9b9e9a0 com.whatsapp.home.ui.HomeActivity} launchCookies=[android.os.BinderProxy@fc0941c] positionInParent=Point(0, 0) parentTaskId=-1 isFocused=false isVisible=true isVisibleRequested=false isSleeping=false locusId=null displayAreaFeatureId=1 isTopActivityTransparent=false appCompatTaskInfo=AppCompatTaskInfo { topActivityInSizeCompat=false topActivityInOplusCompatMode=false topActivityEligibleForLetterboxEducation= falseisLetterboxEducationEnabled= false isLetterboxDoubleTapEnabled= false topActivityEligibleForUserAspectRatioButton= false topActivityBoundsLetterboxed= false isFromLetterboxDoubleTap= false topActivityLetterboxVerticalPosition= -1 topActivityLetterboxHorizontalPosition= -1 topActivityLetterboxWidth=1080 topActivityLetterboxHeight=2412 isUserFullscreenOverrideEnabled=false isSystemFullscreenOverrideEnabled=false cameraCompatTaskInfo=CameraCompatTaskInfo { cameraCompatControlState=hidden freeformCameraCompatMode=inactive}} topActivityLetterboxInsets=Rect(0, 0 - 0, 0) mOplusExtraBundle = Bundle[{androidx.flexible.taskFrame=Rect(0, 0 - 0, 0), key_flexible_task_state=0, androidx.activity.LaunchScenario=0, androidx.activity.LaunchScale=1.0}]}state:0
02-20 22:02:16.397  3348  3629 I TaskOrganizerController: onTaskInfoChanged taskid 13610 config { mBounds=Rect(0, 0 - 1080, 2412) mAppBounds=Rect(0, 0 - 1080, 2412) mMaxBounds=Rect(0, 0 - 1080, 2412) mDisplayRotation=ROTATION_0 mWindowingMode=fullscreen mActivityType=standard mAlwaysOnTop=undefined mRotation=ROTATION_0}
02-20 22:02:16.397  3348  3629 D OplusFlexibleWindowMinimizedManagerHelper: onTaskInfoChanged taskInfo:TaskInfo{userId=0 taskId=13610 displayId=0 isRunning=true baseIntent=Intent { act=android.intent.action.MAIN cat=[android.intent.category.LAUNCHER] flg=0x10200000 cmp=com.renderflow.app/.MainActivity mCallingUid=2000 } baseActivity=ComponentInfo{com.renderflow.app/com.renderflow.app.MainActivity} topActivity=ComponentInfo{com.renderflow.app/com.renderflow.app.MainActivity} origActivity=null realActivity=ComponentInfo{com.renderflow.app/com.renderflow.app.MainActivity} numActivities=1 lastActiveTime=711311094 supportsSplitScreenMultiWindow=true supportsMultiWindow=true supportsPocketStudioMultiWindow=true isInFlexibleEmbedded = false uid = 10430 pid = 7613 resizeMode=1 isResizeable=true minWidth=-1 minHeight=-1 defaultMinSize=220 token=WCT{RemoteToken{ba6ed5f Task{9af9ddd #13610 type=standard A=10430:com.renderflow.app}}} topActivityType=1 pictureInPictureParams=null shouldDockBigOverlays=false launchIntoPipHostTaskId=-1 lastParentTaskIdBeforePip=-1 displayCutoutSafeInsets=Rect(0, 96 - 0, 0) topActivityInfo=ActivityInfo{ccb46f1 com.renderflow.app.MainActivity} launchCookies=[] positionInParent=Point(0, 0) parentTaskId=-1 isFocused=true isVisible=true isVisibleRequested=true isSleeping=false locusId=null displayAreaFeatureId=1 isTopActivityTransparent=false appCompatTaskInfo=AppCompatTaskInfo { topActivityInSizeCompat=false topActivityInOplusCompatMode=false topActivityEligibleForLetterboxEducation= falseisLetterboxEducationEnabled= false isLetterboxDoubleTapEnabled= false topActivityEligibleForUserAspectRatioButton= false topActivityBoundsLetterboxed= false isFromLetterboxDoubleTap= false topActivityLetterboxVerticalPosition= -1 topActivityLetterboxHorizontalPosition= -1 topActivityLetterboxWidth=1080 topActivityLetterboxHeight=2412 isUserFullscreenOverrideEnabled=false isSystemFullscreenOverrideEnabled=false cameraCompatTaskInfo=CameraCompatTaskInfo { cameraCompatControlState=hidden freeformCameraCompatMode=inactive}} topActivityLetterboxInsets=Rect(0, 0 - 0, 0) mOplusExtraBundle = Bundle[{androidx.flexible.taskFrame=Rect(0, 0 - 0, 0), key_flexible_task_state=0, androidx.activity.LaunchScenario=0, androidx.activity.LaunchScale=1.0}]} task:Task{9af9ddd #13610 type=standard A=10430:com.renderflow.app}
02-20 22:02:16.397  3348  3629 D OplusFlexibleDragToSplitAnimController: visibleFlexibleTaskInfos delete:13610
02-20 22:02:16.397  3348  3629 D OplusFlexibleDragAnimationBaseState: handleRunningTaskInfo:TaskInfo{userId=0 taskId=13610 displayId=0 isRunning=true baseIntent=Intent { act=android.intent.action.MAIN cat=[android.intent.category.LAUNCHER] flg=0x10200000 cmp=com.renderflow.app/.MainActivity mCallingUid=2000 } baseActivity=ComponentInfo{com.renderflow.app/com.renderflow.app.MainActivity} topActivity=ComponentInfo{com.renderflow.app/com.renderflow.app.MainActivity} origActivity=null realActivity=ComponentInfo{com.renderflow.app/com.renderflow.app.MainActivity} numActivities=1 lastActiveTime=711311094 supportsSplitScreenMultiWindow=true supportsMultiWindow=true supportsPocketStudioMultiWindow=true isInFlexibleEmbedded = false uid = 10430 pid = 7613 resizeMode=1 isResizeable=true minWidth=-1 minHeight=-1 defaultMinSize=220 token=WCT{RemoteToken{ba6ed5f Task{9af9ddd #13610 type=standard A=10430:com.renderflow.app}}} topActivityType=1 pictureInPictureParams=null shouldDockBigOverlays=false launchIntoPipHostTaskId=-1 lastParentTaskIdBeforePip=-1 displayCutoutSafeInsets=Rect(0, 96 - 0, 0) topActivityInfo=ActivityInfo{ccb46f1 com.renderflow.app.MainActivity} launchCookies=[] positionInParent=Point(0, 0) parentTaskId=-1 isFocused=true isVisible=true isVisibleRequested=true isSleeping=false locusId=null displayAreaFeatureId=1 isTopActivityTransparent=false appCompatTaskInfo=AppCompatTaskInfo { topActivityInSizeCompat=false topActivityInOplusCompatMode=false topActivityEligibleForLetterboxEducation= falseisLetterboxEducationEnabled= false isLetterboxDoubleTapEnabled= false topActivityEligibleForUserAspectRatioButton= false topActivityBoundsLetterboxed= false isFromLetterboxDoubleTap= false topActivityLetterboxVerticalPosition= -1 topActivityLetterboxHorizontalPosition= -1 topActivityLetterboxWidth=1080 topActivityLetterboxHeight=2412 isUserFullscreenOverrideEnabled=false isSystemFullscreenOverrideEnabled=false cameraCompatTaskInfo=CameraCompatTaskInfo { cameraCompatControlState=hidden freeformCameraCompatMode=inactive}} topActivityLetterboxInsets=Rect(0, 0 - 0, 0) mOplusExtraBundle = Bundle[{androidx.flexible.taskFrame=Rect(0, 0 - 0, 0), key_flexible_task_state=0, androidx.activity.LaunchScenario=0, androidx.activity.LaunchScale=1.0}]}state:0
02-20 22:02:16.397  3348  3567 D CoreBackPreview: Window{39bfbc3 u0 com.renderflow.app/com.renderflow.app.MainActivity}: Setting back callback OnBackInvokedCallbackInfo{mCallback=android.window.IOnBackInvokedCallback$Stub$Proxy@f675cbe, mPriority=0, mIsAnimationCallback=false}
02-20 22:02:16.397  3348  4767 D WindowManagerServiceExtImpl: extractConfigInfoAndRealFlags rotation=0, screenDp=360, residentWS:0, win=Window{39bfbc3 u0 com.renderflow.app/com.renderflow.app.MainActivity}
02-20 22:02:16.397  4382  4445 D ShellTaskOrganizerExt: visibleFlexibleTaskInfos delete:13602
02-20 22:02:16.397  4382  4445 D ShellTaskOrganizerExt: isOnCanvas size:0
02-20 22:02:16.397  4382  4445 D ShellTaskOrganizerExt: isOnThreeFlexibleCanvas size:0
02-20 22:02:16.398  3348  4767 V WindowManager: Relayout Window{39bfbc3 u0 com.renderflow.app/com.renderflow.app.MainActivity}: viewVisibility=0, oldvis=4, req=1080x2412, vsysui=, x=0, y=0
02-20 22:02:16.398  4382  4445 D ShellTaskOrganizerExt: visibleFlexibleTaskInfos delete:13610
02-20 22:02:16.398  4382  4445 D ShellTaskOrganizerExt: isOnCanvas size:0
02-20 22:02:16.398  4382  4445 D ShellTaskOrganizerExt: isOnThreeFlexibleCanvas size:0
02-20 22:02:16.398  3348  4767 I WindowManager: Window{39bfbc3 u0 com.renderflow.app/com.renderflow.app.MainActivity} state from NO_SURFACE to DRAW_PENDING; reason: resetDrawState
02-20 22:02:16.399  1988  2280 D OplusLayer: setProcInfo (262907,com.renderflow.app/com.renderflow.app.MainActivity#262907,com.renderflow.app,0x87D32A04)
02-20 22:02:16.401  3348  4767 D WindowManager: NFW_findFocusedWindowIfNeeded:Window{39bfbc3 u0 com.renderflow.app/com.renderflow.app.MainActivity} mCurrentFocus:null
02-20 22:02:16.401  3348  4767 V WindowManager: Changing focus from null to Window{39bfbc3 u0 com.renderflow.app/com.renderflow.app.MainActivity},diplayid=0
02-20 22:02:16.401  3348  3676 D VRR [OPlusRefreshRateService]: Receive multi scene changed eventId = 5 bundleList.size = 3
02-20 22:02:16.402  3348  4767 D WindowManager: setFrameRateStart invalid typeId return!
02-20 22:02:16.402  3348  4767 D WindowManager: setFrameRateStart invalid typeId return!
02-20 22:02:16.403  3348  4767 D Theia.NoFocusWindow: FocusWindowErrorScene cancelCheckFreezeScreen
02-20 22:02:16.403  3348  4767 W TheiaWindowMonitor: [check] focusedWindow is null or enable is false
02-20 22:02:16.404  7613  7613 D VRI[MainActivity]: relayoutWindow result, sizeChanged:true, surfaceControlChanged:true, transformHintChanged:false, mSurfaceSize:Point(1080, 2412), mLastSurfaceSize:Point(0, 0), mWidth:-1, mHeight:-1, requestedWidth:1080, requestedHeight:2412, transformHint:0, installOrientation:0, displayRotation:0, isSurfaceValid:true, attr.flag:-2122252032, tmpFrames:ClientWindowFrames{frame=[0,0][1080,2412] display=[0,0][1080,2412] parentFrame=[0,0][0,0]}, relayoutAsync:false, mSyncSeqId:0
02-20 22:02:16.404  7613  7613 W VRI[MainActivity]: updateBlastSurfaceIfNeeded, surfaceSize:Point(1080, 2412), lastSurfaceSize:Point(0, 0), format:-1, blastBufferQueue:null
02-20 22:02:16.410  7613  7613 D BufferQueueConsumer: [](id:1dbd00000000,api:0,p:-1,c:7613) connect: controlledByApp=false
02-20 22:02:16.410  7613  7613 W libc    : Access denied finding property "vendor.display.enable_optimal_refresh_rate"
02-20 22:02:16.412  7613  7647 I AdrenoGLES-0: QUALCOMM build                   : 0c393b63cf, I94e2bd5684
02-20 22:02:16.412  7613  7647 I AdrenoGLES-0: Build Date                       : 05/02/25
02-20 22:02:16.412  7613  7647 I AdrenoGLES-0: OpenGL ES Shader Compiler Version: EV031.36.08.33
02-20 22:02:16.412  7613  7647 I AdrenoGLES-0: Local Branch                     : 
02-20 22:02:16.412  7613  7647 I AdrenoGLES-0: Remote Branch                    : refs/tags/AU_LINUX_ANDROID_LA.VENDOR.1.0.R1.11.00.00.816.269
02-20 22:02:16.412  7613  7647 I AdrenoGLES-0: Remote Branch                    : NONE
02-20 22:02:16.412  7613  7647 I AdrenoGLES-0: Reconstruct Branch               : NOTHING
02-20 22:02:16.412  7613  7647 I AdrenoGLES-0: Build Config                     : S P 12.1.1 AArch64
02-20 22:02:16.412  7613  7647 I AdrenoGLES-0: Driver Path                      : /vendor/lib64/egl/libGLESv2_adreno.so
02-20 22:02:16.412  7613  7647 I AdrenoGLES-0: Driver Version                   : 0615.98
02-20 22:02:16.412  7613  7613 W VRI[MainActivity]: performTraversals: cancelAndRedraw, mLastPerformTraversalsSkipDrawReasonpredraw_P6.d$a
02-20 22:02:16.412  7613  7613 D ViewRootImplExtImpl: setMaxDequeuedBufferCount: 2
02-20 22:02:16.413  3348  4767 D VRR [OPlusExternalRefreshRateManager]: isPkgTfcEnable: pkgName = com.renderflow.app, enable = false
02-20 22:02:16.413  3348  4767 D VRR [OPlusExternalRefreshRateManager]: getTfcMinFramerate: pkgName = com.renderflow.app, min framerate = 0
02-20 22:02:16.413  7613  7613 I DynamicFramerate [FRTCConfigManager]: initFrameRateConfig: 
02-20 22:02:16.413  7613  7613 I DynamicFramerate [FRTCConfigManager]: 	levels: [120, 60]
02-20 22:02:16.413  7613  7613 I DynamicFramerate [FRTCConfigManager]: 	thresholds: [200]
02-20 22:02:16.413  7613  7613 I DynamicFramerate [FRTCConfigManager]: FRTCConfigManager: FRTC_CAPABILITY = 120, package name = com.renderflow.app, WINDOW_ANIMATION_SPEED_RATE = 10, SCROLL_ANIMATION_SPEED_RATE = 20, PACKAGE_ENABLE = false
02-20 22:02:16.413  7613  7613 I DynamicFramerate [DynamicFrameRateController]: init info: mPackageName = com.renderflow.app, mIsEnabled = false
02-20 22:02:16.415  7613  7647 I AdrenoGLES-0: PFP: 0x01730181, ME: 0x00000000
02-20 22:02:16.416  1988  2441 D SurfaceFlinger: updateWinowInfo=1, setFocusedWindow timestamp=415013474248714, windowName=39bfbc3 com.renderflow.app/com.renderflow.app.MainActivity
02-20 22:02:16.417  3348  3567 I InputDispatcher: NFW_setFocusedWindow, 39bfbc3 com.renderflow.app/com.renderflow.app.MainActivity on display 0, same as the previous:0
02-20 22:02:16.429  7613  7647 D BufferQueueProducer: [VRI[MainActivity]#0(BLAST Consumer)0](id:1dbd00000000,api:1,p:7613,c:7613) connect: api=1 producerControlledByApp=true
02-20 22:02:16.436  4382  4400 I ndroid.systemui: NativeAlloc concurrent mark compact GC freed 23MB AllocSpace bytes, 13(752KB) LOS objects, 37% free, 39MB/63MB, paused 1.759ms,16.678ms total 334.332ms
02-20 22:02:16.440  7613  7613 W SoLoader: SoLoader already initialized
02-20 22:02:16.445  4382  4402 W System  : A resource failed to call release. 
02-20 22:02:16.445  4382  4402 W System  : A resource failed to call release. 
02-20 22:02:16.446  4382  4402 W System  : A resource failed to call release. 
02-20 22:02:16.446  4382  4402 W System  : A resource failed to call release. 
02-20 22:02:16.446  4382  4402 W System  : A resource failed to call release. 
02-20 22:02:16.446  4382  4402 W System  : A resource failed to call release. 
02-20 22:02:16.446  4382  4402 W System  : A resource failed to call release. 
02-20 22:02:16.446  4382  4402 W System  : A resource failed to call release. 
02-20 22:02:16.446  4382  4402 W System  : A resource failed to call release. 
02-20 22:02:16.446  4382  4402 W System  : A resource failed to call release. 
02-20 22:02:16.446  4382  4402 W System  : A resource failed to call release. 
02-20 22:02:16.446  4382  4402 W System  : A resource failed to call release. 
02-20 22:02:16.446  4382  4402 W System  : A resource failed to call release. 
02-20 22:02:16.446  4382  4402 W System  : A resource failed to call release. 
02-20 22:02:16.446  4382  4402 W System  : A resource failed to call release. 
02-20 22:02:16.446  4382  4402 W System  : A resource failed to call release. 
02-20 22:02:16.446  4382  4402 W System  : A resource failed to call release. 
02-20 22:02:16.446  4382  4402 W System  : A resource failed to call release. 
02-20 22:02:16.446  4382  4402 W System  : A resource failed to call release. 
02-20 22:02:16.446  4382  4402 W System  : A resource failed to call release. 
02-20 22:02:16.446  4382  4402 W System  : A resource failed to call release. 
02-20 22:02:16.446  4382  4402 W System  : A resource failed to call release. 
02-20 22:02:16.446  4382  4402 W System  : A resource failed to call release. 
02-20 22:02:16.446  4382  4402 W System  : A resource failed to call release. 
02-20 22:02:16.446  4382  4402 W System  : A resource failed to call release. 
02-20 22:02:16.446  4382  4402 W System  : A resource failed to call release. 
02-20 22:02:16.446  4382  4402 W System  : A resource failed to call release. 
02-20 22:02:16.446  4382  4402 W System  : A resource failed to call release. 
02-20 22:02:16.446  4382  4402 W System  : A resource failed to call release. 
02-20 22:02:16.446  4382  4402 W System  : A resource failed to call release. 
02-20 22:02:16.446  4382  4402 W System  : A resource failed to call release. 
02-20 22:02:16.446  4382  4402 W System  : A resource failed to call release. 
02-20 22:02:16.446  4382  4402 W System  : A resource failed to call release. 
02-20 22:02:16.446  4382  4402 W System  : A resource failed to call release. 
02-20 22:02:16.446  4382  4402 W System  : A resource failed to call release. 
02-20 22:02:16.446  4382  4402 W System  : A resource failed to call release. 
02-20 22:02:16.446  4382  4402 W System  : A resource failed to call release. 
02-20 22:02:16.446  4382  4402 W System  : A resource failed to call release. 
02-20 22:02:16.446  4382  4402 W System  : A resource failed to call release. 
02-20 22:02:16.446  4382  4402 W System  : A resource failed to call release. 
02-20 22:02:16.446  4382  4402 W System  : A resource failed to call release. 
02-20 22:02:16.446  4382  4402 W System  : A resource failed to call release. 
02-20 22:02:16.446  4382  4402 W System  : A resource failed to call release. 
02-20 22:02:16.446  4382  4402 W System  : A resource failed to call release. 
02-20 22:02:16.446  4382  4402 W System  : A resource failed to call release. 
02-20 22:02:16.446  4382  4402 W System  : A resource failed to call release. 
02-20 22:02:16.446  4382  4402 W System  : A resource failed to call release. 
02-20 22:02:16.447  4382  4402 W System  : A resource failed to call release. 
02-20 22:02:16.447  4382  4402 W System  : A resource failed to call release. 
02-20 22:02:16.447  4382  4402 W System  : A resource failed to call release. 
02-20 22:02:16.447  4382  4402 W System  : A resource failed to call release. 
02-20 22:02:16.447  4382  4402 W System  : A resource failed to call release. 
02-20 22:02:16.447  4382  4402 W System  : A resource failed to call release. 
02-20 22:02:16.447  4382  4402 W System  : A resource failed to call release. 
02-20 22:02:16.447  4382  4402 W System  : A resource failed to call release. 
02-20 22:02:16.447  4382  4402 W System  : A resource failed to call release. 
02-20 22:02:16.447  4382  4402 W System  : A resource failed to call release. 
02-20 22:02:16.447  4382  4402 W System  : A resource failed to call release. 
02-20 22:02:16.447  4382  4402 W System  : A resource failed to call release. 
02-20 22:02:16.447  4382  4402 W System  : A resource failed to call release. 
02-20 22:02:16.447  4382  4402 W System  : A resource failed to call release. 
02-20 22:02:16.447  4382  4402 W System  : A resource failed to call release. 
02-20 22:02:16.447  4382  4402 W System  : A resource failed to call release. 
02-20 22:02:16.447  4382  4402 W System  : A resource failed to call release. 
02-20 22:02:16.447  4382  4402 W System  : A resource failed to call release. 
02-20 22:02:16.447  4382  4402 W System  : A resource failed to call release. 
02-20 22:02:16.447  4382  4402 W System  : A resource failed to call release. 
02-20 22:02:16.447  4382  4402 W System  : A resource failed to call release. 
02-20 22:02:16.447  4382  4402 W System  : A resource failed to call release. 
02-20 22:02:16.447  4382  4402 W System  : A resource failed to call release. 
02-20 22:02:16.447  4382  4402 W System  : A resource failed to call release. 
02-20 22:02:16.447  4382  4402 W System  : A resource failed to call release. 
02-20 22:02:16.447  4382  4402 W System  : A resource failed to call release. 
02-20 22:02:16.447  4382  4402 W System  : A resource failed to call release. 
02-20 22:02:16.447  4382  4402 W System  : A resource failed to call release. 
02-20 22:02:16.447  4382  4402 W System  : A resource failed to call release. 
02-20 22:02:16.447  4382  4402 W System  : A resource failed to call release. 
02-20 22:02:16.447  4382  4402 W System  : A resource failed to call release. 
02-20 22:02:16.447  4382  4402 W System  : A resource failed to call release. 
02-20 22:02:16.447  4382  4402 W System  : A resource failed to call release. 
02-20 22:02:16.447  4382  4402 W System  : A resource failed to call release. 
02-20 22:02:16.447  4382  4402 W System  : A resource failed to call release. 
02-20 22:02:16.447  4382  4402 W System  : A resource failed to call release. 
02-20 22:02:16.447  4382  4402 W System  : A resource failed to call release. 
02-20 22:02:16.447  4382  4402 W System  : A resource failed to call release. 
02-20 22:02:16.447  4382  4402 W System  : A resource failed to call release. 
02-20 22:02:16.447  4382  4402 W System  : A resource failed to call release. 
02-20 22:02:16.447  4382  4402 W System  : A resource failed to call release. 
02-20 22:02:16.447  4382  4402 W System  : A resource failed to call release. 
02-20 22:02:16.447  4382  4402 W System  : A resource failed to call release. 
02-20 22:02:16.447  4382  4402 W System  : A resource failed to call release. 
02-20 22:02:16.447  4382  4402 W System  : A resource failed to call release. 
02-20 22:02:16.447  4382  4402 W System  : A resource failed to call release. 
02-20 22:02:16.447  4382  4402 W System  : A resource failed to call release. 
02-20 22:02:16.447  4382  4402 W System  : A resource failed to call release. 
02-20 22:02:16.448  4382  4402 W System  : A resource failed to call release. 
02-20 22:02:16.448  4382  4402 W System  : A resource failed to call release. 
02-20 22:02:16.448  4382  4402 W System  : A resource failed to call release. 
02-20 22:02:16.448  4382  4402 W System  : A resource failed to call release. 
02-20 22:02:16.448  4382  4402 W System  : A resource failed to call release. 
02-20 22:02:16.448  4382  4402 W System  : A resource failed to call release. 
02-20 22:02:16.448  4382  4402 W System  : A resource failed to call release. 
02-20 22:02:16.448  4382  4402 W System  : A resource failed to call release. 
02-20 22:02:16.448  4382  4402 W System  : A resource failed to call release. 
02-20 22:02:16.448  4382  4402 W System  : A resource failed to call release. 
02-20 22:02:16.448  4382  4402 W System  : A resource failed to call release. 
02-20 22:02:16.448  4382  4402 W System  : A resource failed to call release. 
02-20 22:02:16.448  4382  4402 W System  : A resource failed to call release. 
02-20 22:02:16.448  4382  4402 W System  : A resource failed to call release. 
02-20 22:02:16.448  4382  4402 W System  : A resource failed to call release. 
02-20 22:02:16.448  4382  4402 W System  : A resource failed to call release. 
02-20 22:02:16.448  4382  4402 W System  : A resource failed to call release. 
02-20 22:02:16.448  4382  4402 W System  : A resource failed to call release. 
02-20 22:02:16.448  4382  4402 W System  : A resource failed to call release. 
02-20 22:02:16.448  4382  4402 W System  : A resource failed to call release. 
02-20 22:02:16.448  4382  4402 W System  : A resource failed to call release. 
02-20 22:02:16.448  4382  4402 W System  : A resource failed to call release. 
02-20 22:02:16.448  4382  4402 W System  : A resource failed to call release. 
02-20 22:02:16.448  4382  4402 W System  : A resource failed to call release. 
02-20 22:02:16.448  4382  4402 W System  : A resource failed to call release. 
02-20 22:02:16.448  4382  4402 W System  : A resource failed to call release. 
02-20 22:02:16.448  4382  4402 W System  : A resource failed to call release. 
02-20 22:02:16.448  4382  4402 W System  : A resource failed to call release. 
02-20 22:02:16.448  4382  4402 W System  : A resource failed to call release. 
02-20 22:02:16.448  4382  4402 W System  : A resource failed to call release. 
02-20 22:02:16.448  4382  4402 W System  : A resource failed to call release. 
02-20 22:02:16.448  4382  4402 W System  : A resource failed to call release. 
02-20 22:02:16.448  4382  4402 W System  : A resource failed to call release. 
02-20 22:02:16.448  4382  4402 W System  : A resource failed to call release. 
02-20 22:02:16.448  4382  4402 W System  : A resource failed to call release. 
02-20 22:02:16.448  4382  4402 W System  : A resource failed to call release. 
02-20 22:02:16.448  4382  4402 W System  : A resource failed to call release. 
02-20 22:02:16.448  4382  4402 W System  : A resource failed to call release. 
02-20 22:02:16.448  4382  4402 W System  : A resource failed to call release. 
02-20 22:02:16.448  4382  4402 W System  : A resource failed to call release. 
02-20 22:02:16.448  4382  4402 W System  : A resource failed to call release. 
02-20 22:02:16.448  4382  4402 W System  : A resource failed to call release. 
02-20 22:02:16.448  4382  4402 W System  : A resource failed to call release. 
02-20 22:02:16.448  7613  7613 D nativeloader: Load /data/app/~~FokPQVPu6AYsHaqdn5bVyg==/com.renderflow.app-pTpD6bbT-vPaao5_ph9eCw==/base.apk!/lib/arm64-v8a/libc++_shared.so using class loader ns clns-7 (caller=/data/app/~~FokPQVPu6AYsHaqdn5bVyg==/com.renderflow.app-pTpD6bbT-vPaao5_ph9eCw==/base.apk): ok
02-20 22:02:16.450  1988  2280 I SurfaceFlinger: [SF client] REMOVE (0xb400007ae586ad00) for (4382:com.android.systemui)
02-20 22:02:16.453  7613  7613 D nativeloader: Load /data/app/~~FokPQVPu6AYsHaqdn5bVyg==/com.renderflow.app-pTpD6bbT-vPaao5_ph9eCw==/base.apk!/lib/arm64-v8a/libjsi.so using class loader ns clns-7 (caller=/data/app/~~FokPQVPu6AYsHaqdn5bVyg==/com.renderflow.app-pTpD6bbT-vPaao5_ph9eCw==/base.apk): ok
02-20 22:02:16.456  7613  7613 D nativeloader: Load /data/app/~~FokPQVPu6AYsHaqdn5bVyg==/com.renderflow.app-pTpD6bbT-vPaao5_ph9eCw==/base.apk!/lib/arm64-v8a/libfbjni.so using class loader ns clns-7 (caller=/data/app/~~FokPQVPu6AYsHaqdn5bVyg==/com.renderflow.app-pTpD6bbT-vPaao5_ph9eCw==/base.apk): ok
02-20 22:02:16.459  7613  7613 D nativeloader: Load /data/app/~~FokPQVPu6AYsHaqdn5bVyg==/com.renderflow.app-pTpD6bbT-vPaao5_ph9eCw==/base.apk!/lib/arm64-v8a/libhermes.so using class loader ns clns-7 (caller=/data/app/~~FokPQVPu6AYsHaqdn5bVyg==/com.renderflow.app-pTpD6bbT-vPaao5_ph9eCw==/base.apk): ok
02-20 22:02:16.474  7613  7613 D nativeloader: Load /data/app/~~FokPQVPu6AYsHaqdn5bVyg==/com.renderflow.app-pTpD6bbT-vPaao5_ph9eCw==/base.apk!/lib/arm64-v8a/libreactnative.so using class loader ns clns-7 (caller=/data/app/~~FokPQVPu6AYsHaqdn5bVyg==/com.renderflow.app-pTpD6bbT-vPaao5_ph9eCw==/base.apk): ok
02-20 22:02:16.475  7613  7613 D jni_lib_merge: Entering merged library JNI_OnLoad.
02-20 22:02:16.475  7613  7613 D jni_lib_merge: Preparing 12 pre-merged libs (including stub)
02-20 22:02:16.475  7613  7613 D jni_lib_merge: Preparing to register libfabricjni_so.  onload_func: 0x776ab3422c
02-20 22:02:16.475  7613  7613 D jni_lib_merge: Preparing to register libmapbufferjni_so.  onload_func: 0x776ab7f514
02-20 22:02:16.475  7613  7613 D jni_lib_merge: Preparing to register libreact_devsupportjni_so.  onload_func: 0x776abf6bac
02-20 22:02:16.475  7613  7613 D jni_lib_merge: Preparing to register libreact_featureflagsjni_so.  onload_func: 0x776abfdafc
02-20 22:02:16.475  7613  7613 D jni_lib_merge: Preparing to register libreact_newarchdefaults_so.  onload_func: 0x776ac20dc8
02-20 22:02:16.475  7613  7613 D jni_lib_merge: Preparing to register libreactnativeblob_so.  onload_func: 0x776aca912c
02-20 22:02:16.475  7613  7613 D jni_lib_merge: Preparing to register libreactnativejni_so.  onload_func: 0x776acc7a74
02-20 22:02:16.475  7613  7613 D jni_lib_merge: Preparing to register librninstance_so.  onload_func: 0x776ace1c78
02-20 22:02:16.475  7613  7613 D jni_lib_merge: Preparing to register libturbomodulejsijni_so.  onload_func: 0x776ad40e48
02-20 22:02:16.475  7613  7613 D jni_lib_merge: Preparing to register libuimanagerjni_so.  onload_func: 0x776ad486c0
02-20 22:02:16.475  7613  7613 D jni_lib_merge: Preparing to register libyoga_so.  onload_func: 0x776ad4d970
02-20 22:02:16.475  7613  7613 D jni_lib_merge: About to register 11 actual methods.
02-20 22:02:16.476  7613  7613 D nativeloader: Load /data/app/~~FokPQVPu6AYsHaqdn5bVyg==/com.renderflow.app-pTpD6bbT-vPaao5_ph9eCw==/base.apk!/lib/arm64-v8a/libhermestooling.so using class loader ns clns-7 (caller=/data/app/~~FokPQVPu6AYsHaqdn5bVyg==/com.renderflow.app-pTpD6bbT-vPaao5_ph9eCw==/base.apk): ok
02-20 22:02:16.476  7613  7613 D jni_lib_merge: Entering merged library JNI_OnLoad.
02-20 22:02:16.476  7613  7613 D jni_lib_merge: Preparing 4 pre-merged libs (including stub)
02-20 22:02:16.476  7613  7613 D jni_lib_merge: Preparing to register libhermes_executor_so.  onload_func: 0x7772760780
02-20 22:02:16.476  7613  7613 D jni_lib_merge: Preparing to register libhermesinstancejni_so.  onload_func: 0x7772767178
02-20 22:02:16.476  7613  7613 D jni_lib_merge: Preparing to register libjsijniprofiler_so.  onload_func: 0x7772767834
02-20 22:02:16.476  7613  7613 D jni_lib_merge: About to register 3 actual methods.
02-20 22:02:16.476  7613  7613 W SoLoader: SoLoader already initialized
02-20 22:02:16.479  7613  7613 D callGcSupression: java.lang.NullPointerException: Attempt to invoke virtual method 'java.lang.Object java.lang.reflect.Method.invoke(java.lang.Object, java.lang.Object[])' on a null object reference
02-20 22:02:16.479  7613  7613 W VRI[MainActivity]: handleResized, msg:, frameChanged:false, configChanged:false, displayChanged:false, attachedFrameChanged:false, compatScaleChanged:false, pendingDragResizing=false
02-20 22:02:16.480  7613  7613 W VRI[MainActivity]: performTraversals: cancelAndRedraw, mLastPerformTraversalsSkipDrawReasonpredraw_P6.d$a
02-20 22:02:16.483  7613  7613 W VRI[MainActivity]: performTraversals: cancelAndRedraw, mLastPerformTraversalsSkipDrawReasonpredraw_P6.d$a
02-20 22:02:16.492  7613  7613 W VRI[MainActivity]: performTraversals: cancelAndRedraw, mLastPerformTraversalsSkipDrawReasonpredraw_P6.d$a
02-20 22:02:16.500  7613  7613 W VRI[MainActivity]: performTraversals: cancelAndRedraw, mLastPerformTraversalsSkipDrawReasonpredraw_P6.d$a
02-20 22:02:16.508  7613  7613 W VRI[MainActivity]: performTraversals: cancelAndRedraw, mLastPerformTraversalsSkipDrawReasonpredraw_P6.d$a
02-20 22:02:16.517  7613  7613 W VRI[MainActivity]: performTraversals: cancelAndRedraw, mLastPerformTraversalsSkipDrawReasonpredraw_P6.d$a
02-20 22:02:16.525  7613  7613 W VRI[MainActivity]: performTraversals: cancelAndRedraw, mLastPerformTraversalsSkipDrawReasonpredraw_P6.d$a
02-20 22:02:16.533  7613  7613 W VRI[MainActivity]: performTraversals: cancelAndRedraw, mLastPerformTraversalsSkipDrawReasonpredraw_P6.d$a
02-20 22:02:16.542  7613  7613 W VRI[MainActivity]: performTraversals: cancelAndRedraw, mLastPerformTraversalsSkipDrawReasonpredraw_P6.d$a
02-20 22:02:16.550  7613  7613 W VRI[MainActivity]: performTraversals: cancelAndRedraw, mLastPerformTraversalsSkipDrawReasonpredraw_P6.d$a
02-20 22:02:16.558  7613  7613 W VRI[MainActivity]: performTraversals: cancelAndRedraw, mLastPerformTraversalsSkipDrawReasonpredraw_P6.d$a
02-20 22:02:16.567  7613  7613 W VRI[MainActivity]: performTraversals: cancelAndRedraw, mLastPerformTraversalsSkipDrawReasonpredraw_P6.d$a
02-20 22:02:16.575  7613  7613 W VRI[MainActivity]: performTraversals: cancelAndRedraw, mLastPerformTraversalsSkipDrawReasonpredraw_P6.d$a
02-20 22:02:16.583  7613  7613 W VRI[MainActivity]: performTraversals: cancelAndRedraw, mLastPerformTraversalsSkipDrawReasonpredraw_P6.d$a
02-20 22:02:16.590  3348  4735 I OplusHansManager : uid=10386, pkg=com.instagram.android M enter(), R stay=10
02-20 22:02:16.591  7613  7613 W VRI[MainActivity]: performTraversals: cancelAndRedraw, mLastPerformTraversalsSkipDrawReasonpredraw_P6.d$a
02-20 22:02:16.600  7613  7613 W VRI[MainActivity]: performTraversals: cancelAndRedraw, mLastPerformTraversalsSkipDrawReasonpredraw_P6.d$a
02-20 22:02:16.608  7613  7613 W VRI[MainActivity]: performTraversals: cancelAndRedraw, mLastPerformTraversalsSkipDrawReasonpredraw_P6.d$a
02-20 22:02:16.616  7613  7613 W VRI[MainActivity]: performTraversals: cancelAndRedraw, mLastPerformTraversalsSkipDrawReasonpredraw_P6.d$a
02-20 22:02:16.625  7613  7613 W VRI[MainActivity]: performTraversals: cancelAndRedraw, mLastPerformTraversalsSkipDrawReasonpredraw_P6.d$a
02-20 22:02:16.633  7613  7613 W VRI[MainActivity]: performTraversals: cancelAndRedraw, mLastPerformTraversalsSkipDrawReasonpredraw_P6.d$a
02-20 22:02:16.636  3348  3561 I system_server: Background concurrent mark compact GC freed 26MB AllocSpace bytes, 11(220KB) LOS objects, 17% free, 116MB/140MB, paused 4.748ms,5.381ms total 522.744ms
02-20 22:02:16.639  4753  5294 D IMApp-307-10321: DefaultState EVENT_SCENARIOS_CHANGE
02-20 22:02:16.639  4753  5294 D IMApp-307-10321: scene=COMMON pn=com.whatsapp
02-20 22:02:16.641  7613  7613 W VRI[MainActivity]: performTraversals: cancelAndRedraw, mLastPerformTraversalsSkipDrawReasonpredraw_P6.d$a
02-20 22:02:16.642  3348  3562 I BpBinder: onLastStrongRef automatically unlinking death recipients: 
02-20 22:02:16.644  3348  3563 W System  : A resource failed to call HardwareBuffer.close. 
02-20 22:02:16.644  3348  3563 W system_server: ApkAssets: Deleting an ApkAssets object '<empty> and /system_ext/priv-app/SystemUI/SystemUI.apk' with 1 weak references
02-20 22:02:16.644  3348  3563 W system_server: ApkAssets: Deleting an ApkAssets object '/product/overlay/SystemUIResCommon_Sys.apk' with 1 weak references
02-20 22:02:16.644  3348  3563 W system_server: ApkAssets: Deleting an ApkAssets object '/product/overlay/OplusSystemuiResOverlay/OplusSystemuiResOverlay.apk' with 1 weak references
02-20 22:02:16.646  3348  3563 W system_server: ApkAssets: Deleting an ApkAssets object '/odm/overlay/android.systemuithreekey.overlay.product.20847.apk' with 1 weak references
02-20 22:02:16.646  3348  3563 W system_server: ApkAssets: Deleting an ApkAssets object '/product/overlay/SystemUIFingerprintRes_Halo.apk' with 1 weak references
02-20 22:02:16.647  3348  3563 W system_server: ApkAssets: Deleting an ApkAssets object '<empty> and /data/app/~~UZ9aCLsNAL3f5kyCkYlXIw==/com.instagram.android-psChJJjxp6DxTSaxkipHog==/base.apk' with 1 weak references
02-20 22:02:16.647  3348  3563 W system_server: ApkAssets: Deleting an ApkAssets object '<empty> and /data/app/~~UZ9aCLsNAL3f5kyCkYlXIw==/com.instagram.android-psChJJjxp6DxTSaxkipHog==/split_arservicesforpersonsegmentation.apk' with 1 weak references
02-20 22:02:16.647  3348  3563 W system_server: ApkAssets: Deleting an ApkAssets object '<empty> and /data/app/~~UZ9aCLsNAL3f5kyCkYlXIw==/com.instagram.android-psChJJjxp6DxTSaxkipHog==/split_config.xxhdpi.apk' with 1 weak references
02-20 22:02:16.647  3348  3563 W system_server: ApkAssets: Deleting an ApkAssets object '<empty> and /data/app/~~UZ9aCLsNAL3f5kyCkYlXIw==/com.instagram.android-psChJJjxp6DxTSaxkipHog==/split_executorch.apk' with 1 weak references
02-20 22:02:16.647  3348  3563 W system_server: ApkAssets: Deleting an ApkAssets object '<empty> and /data/app/~~UZ9aCLsNAL3f5kyCkYlXIw==/com.instagram.android-psChJJjxp6DxTSaxkipHog==/split_heliumcore.apk' with 1 weak references
02-20 22:02:16.647  3348  3563 W system_server: ApkAssets: Deleting an ApkAssets object '<empty> and /data/app/~~UZ9aCLsNAL3f5kyCkYlXIw==/com.instagram.android-psChJJjxp6DxTSaxkipHog==/split_heliumiab.apk' with 1 weak references
02-20 22:02:16.647  3348  3563 W system_server: ApkAssets: Deleting an ApkAssets object '<empty> and /data/app/~~UZ9aCLsNAL3f5kyCkYlXIw==/com.instagram.android-psChJJjxp6DxTSaxkipHog==/split_pytorch.apk' with 1 weak references
02-20 22:02:16.647  3348  3563 W system_server: ApkAssets: Deleting an ApkAssets object '<empty> and /data/app/~~UZ9aCLsNAL3f5kyCkYlXIw==/com.instagram.android-psChJJjxp6DxTSaxkipHog==/split_slam.apk' with 1 weak references
02-20 22:02:16.647  3348  3563 W system_server: ApkAssets: Deleting an ApkAssets object '<empty> and /data/app/~~UZ9aCLsNAL3f5kyCkYlXIw==/com.instagram.android-psChJJjxp6DxTSaxkipHog==/split_spm.apk' with 1 weak references
02-20 22:02:16.647  3348  3563 W system_server: ApkAssets: Deleting an ApkAssets object '<empty> and /data/app/~~UZ9aCLsNAL3f5kyCkYlXIw==/com.instagram.android-psChJJjxp6DxTSaxkipHog==/split_supmediastreamcontroller.apk' with 1 weak references
02-20 22:02:16.648  3348  3563 W System  : A resource failed to call HardwareBuffer.close. 
02-20 22:02:16.648  3348  3563 W System  : A resource failed to call release. 
02-20 22:02:16.650  7613  7613 W VRI[MainActivity]: performTraversals: cancelAndRedraw, mLastPerformTraversalsSkipDrawReasonpredraw_P6.d$a
02-20 22:02:16.658  7613  7613 W VRI[MainActivity]: performTraversals: cancelAndRedraw, mLastPerformTraversalsSkipDrawReasonpredraw_P6.d$a
02-20 22:02:16.666  7613  7613 W VRI[MainActivity]: performTraversals: cancelAndRedraw, mLastPerformTraversalsSkipDrawReasonpredraw_P6.d$a
02-20 22:02:16.674  7613  7613 W VRI[MainActivity]: performTraversals: cancelAndRedraw, mLastPerformTraversalsSkipDrawReasonpredraw_P6.d$a
02-20 22:02:16.683  7613  7613 W VRI[MainActivity]: performTraversals: cancelAndRedraw, mLastPerformTraversalsSkipDrawReasonpredraw_P6.d$a
02-20 22:02:16.691  7613  7613 W VRI[MainActivity]: performTraversals: cancelAndRedraw, mLastPerformTraversalsSkipDrawReasonpredraw_P6.d$a
02-20 22:02:16.699  7613  7613 W VRI[MainActivity]: performTraversals: cancelAndRedraw, mLastPerformTraversalsSkipDrawReasonpredraw_P6.d$a
02-20 22:02:16.700  4382  4445 W LOG_FLOWCTRL: ==LOGS OVER PROC QUOTA(300), rows(69) bytes(3934) com.android.systemui DROPPED==
02-20 22:02:16.700  4382  4445 V WindowManagerShell: Transition animation finished (aborted=false), notifying core (#18523) android.os.BinderProxy@3ac4e95@1
02-20 22:02:16.700  4382  4445 W OplusShellTransition: RecentsTransitionHandler.getRecentController: no controller found , token=android.os.BinderProxy@3ac4e95
02-20 22:02:16.701  4382  4445 D SplitScreen-->AppLockManager: setStartFromSafeControl mStartFromSafeControl=false
02-20 22:02:16.702  3348  4767 D Transition: finishTransition ar ActivityRecord{d95926a u0 com.whatsapp/.home.ui.HomeActivity t13602}, isVisibleRequested=false, state=PAUSED, visibleAtTransitionEndTokens={ActivityRecord{e2c0a87 u0 com.renderflow.app/.MainActivity t13610}}, this=TransitionRecord{ced19b9 id=18523 track=1 type=OPEN flags=0x0 state=2}
02-20 22:02:16.702  3348  4767 D ActivityTaskManager: commitVisibility: ActivityRecord{d95926a u0 com.whatsapp/.home.ui.HomeActivity t13602}: visible=false visibleRequested=false, isInTransition=false, runningAnimation=false 
02-20 22:02:16.702  3348  4767 D WindowManager: NFW_setClientVisible:ActivityRecord{d95926a u0 com.whatsapp/.home.ui.HomeActivity t13602} clientVisible:false
02-20 22:02:16.703  3348  4767 D Transition: finishTransition ar ActivityRecord{e2c0a87 u0 com.renderflow.app/.MainActivity t13610}, isVisibleRequested=true, state=RESUMED, visibleAtTransitionEndTokens={ActivityRecord{e2c0a87 u0 com.renderflow.app/.MainActivity t13610}}, this=TransitionRecord{ced19b9 id=18523 track=1 type=OPEN flags=0x0 state=2}
02-20 22:02:16.703  3348  4767 I OplusAppSwitchManagerService:  handleAppVisible , r = ActivityRecord{e2c0a87 u0 com.renderflow.app/.MainActivity t13610}
02-20 22:02:16.703 24382 23322 D VRI[HomeActivity]: dispatchAppVisibility visible:false
02-20 22:02:16.703  3348  4767 D OplusTransitionController: finishTransition, transition: TransitionRecord{ced19b9 id=18523 track=1 type=OPEN flags=0x0 state=4}
02-20 22:02:16.703 24382 24382 D VRI[HomeActivity]: visibilityChanged oldVisibility=true newVisibility=false
02-20 22:02:16.704  3348  4767 D TransitionController: NFW_send RECOMPUTE_FOCUS in finishTransition
02-20 22:02:16.704  4382  4445 D ShellTaskOrganizer: onTransitionFinish, isRecent:false
02-20 22:02:16.705  3348  3628 D WindowManager: NFW_findFocusedWindowIfNeeded:Window{39bfbc3 u0 com.renderflow.app/com.renderflow.app.MainActivity} mCurrentFocus:Window{39bfbc3 u0 com.renderflow.app/com.renderflow.app.MainActivity}
02-20 22:02:16.705  3348  4767 W UserManagerService: Requested status bar icon for non-badged user 0
02-20 22:02:16.705  4382  4445 V WindowManagerShell: Track 1 became idle
02-20 22:02:16.705  4382  4445 E ReflectionUtils: methodInvoke DesupressionGC failed1
02-20 22:02:16.705  4382  4445 E ReflectionUtils: java.lang.NoSuchMethodException: dalvik.system.VMRuntime.DesupressionGC [int]
02-20 22:02:16.705  4382  4445 E ReflectionUtils: 	at java.lang.Class.getMethod(Class.java:2934)
02-20 22:02:16.705  4382  4445 E ReflectionUtils: 	at java.lang.Class.getDeclaredMethod(Class.java:2913)
02-20 22:02:16.705  4382  4445 E ReflectionUtils: 	at com.android.wm.shell.util.ReflectionUtils.methodInvoke(ReflectionUtils.java:32)
02-20 22:02:16.705  4382  4445 E ReflectionUtils: 	at com.oplus.transition.OplusTransitionReflectionHelper.callGcDesupression(OplusTransitionReflectionHelper.java:120)
02-20 22:02:16.705  4382  4445 E ReflectionUtils: 	at com.android.wm.shell.transition.Transitions.onFinish(Transitions.java:1627)
02-20 22:02:16.705  4382  4445 E ReflectionUtils: 	at com.android.wm.shell.transition.Transitions.lambda$playTransition$3(Transitions.java:1358)
02-20 22:02:16.705  4382  4445 E ReflectionUtils: 	at com.android.wm.shell.transition.Transitions.$r8$lambda$96XCaSAhJXxB3nlVJy1TNPeH46k(Transitions.java:0)
02-20 22:02:16.705  4382  4445 E ReflectionUtils: 	at com.android.wm.shell.transition.Transitions$$ExternalSyntheticLambda8.onTransitionFinished(R8$$SyntheticClass:0)
02-20 22:02:16.705  4382  4445 E ReflectionUtils: 	at com.android.wm.shell.transition.DefaultTransitionHandler.lambda$startAnimation$2(DefaultTransitionHandler.java:396)
02-20 22:02:16.705  4382  4445 E ReflectionUtils: 	at com.android.wm.shell.transition.DefaultTransitionHandler.$r8$lambda$dQGDCIj8oXu4Q3gE3IU3-TQE6Pc(DefaultTransitionHandler.java:0)
02-20 22:02:16.705  4382  4445 E ReflectionUtils: 	at com.android.wm.shell.transition.DefaultTransitionHandler$$ExternalSyntheticLambda4.run(R8$$SyntheticClass:0)
02-20 22:02:16.705  4382  4445 E ReflectionUtils: 	at com.android.wm.shell.transition.DefaultTransitionHandler.lambda$buildSurfaceAnimation$8(DefaultTransitionHandler.java:1171)
02-20 22:02:16.705  4382  4445 E ReflectionUtils: 	at com.android.wm.shell.transition.DefaultTransitionHandler.$r8$lambda$SibS6C6yE4_jWZJm9l8mh9KjTYk(DefaultTransitionHandler.java:0)
02-20 22:02:16.705  4382  4445 E ReflectionUtils: 	at com.android.wm.shell.transition.DefaultTransitionHandler$$ExternalSyntheticLambda14.run(R8$$SyntheticClass:0)
02-20 22:02:16.705  4382  4445 E ReflectionUtils: 	at android.os.Handler.handleCallback(Handler.java:973)
02-20 22:02:16.705  4382  4445 E ReflectionUtils: 	at android.os.Handler.dispatchMessage(Handler.java:100)
02-20 22:02:16.705  4382  4445 E ReflectionUtils: 	at android.os.Looper.loopOnce(Looper.java:282)
02-20 22:02:16.705  4382  4445 E ReflectionUtils: 	at android.os.Looper.loop(Looper.java:387)
02-20 22:02:16.705  4382  4445 E ReflectionUtils: 	at android.os.HandlerThread.run(HandlerThread.java:85)
02-20 22:02:16.705  3348  4767 W UserManagerService: Requested status bar icon for non-badged user 0
02-20 22:02:16.705  3348  3639 W UserAwareMgr: event can not be released, id: 5005, count: 2, releasePid: 3348
02-20 22:02:16.708  7613  7613 W VRI[MainActivity]: performTraversals: cancelAndRedraw, mLastPerformTraversalsSkipDrawReasonpredraw_P6.d$a
02-20 22:02:16.709 24382 24382 D HWUI    : RenderProxy::destroy: this=0xb40000771e414200, mContext=0xb40000771e517a40
02-20 22:02:16.709 24382   425 D HWUI    : SkiaOpenGLPipeline::setSurface: this=0xb40000771e502280, surface=NULL
02-20 22:02:16.710 24382   425 D BufferQueueProducer: [VRI[HomeActivity]#4(BLAST Consumer)4](id:5f3e00000004,api:1,p:24382,c:24382) disconnect: api 1
02-20 22:02:16.710 24382 24382 D ViewRootImplExtImpl: wrapConfigInfoIntoFlags rotation=0, smallestScreenWidthDp=360, relayoutAsync=false, flags=0, newFlags=23592960, residentWS=false, title=com.whatsapp/com.whatsapp.home.ui.HomeActivity
02-20 22:02:16.711  3348  4767 D WindowManagerServiceExtImpl: extractConfigInfoAndRealFlags rotation=0, screenDp=360, residentWS:0, win=Window{cd85ac9 u0 com.whatsapp/com.whatsapp.home.ui.HomeActivity}
02-20 22:02:16.711  3348  4767 V WindowManager: Relayout Window{cd85ac9 u0 com.whatsapp/com.whatsapp.home.ui.HomeActivity}: viewVisibility=8, oldvis=0, req=1080x2412, vsysui=LAYOUT_FULLSCREEN
02-20 22:02:16.712  3348  4767 I TaskOrganizerController: onTaskInfoChanged taskid 13602 config { mBounds=Rect(0, 0 - 1080, 2412) mAppBounds=Rect(0, 0 - 1080, 2412) mMaxBounds=Rect(0, 0 - 1080, 2412) mDisplayRotation=ROTATION_0 mWindowingMode=fullscreen mActivityType=standard mAlwaysOnTop=off mRotation=ROTATION_0}
