02-20 22:02:15.123  3800  3800 I Module  : DeviceLockedStatusModuleProvider$Module.updateDeviceLockedStatus():103 repeatCheckTimes = 1, locked = false
02-20 22:02:15.124  3348  3348 V AutofillInlineSuggestionsRequestSession: maybeUpdateResponseToImeLocked called
02-20 22:02:15.124  1214  1371 W oplus_btif_dm_utils: [oplus_btif_dm_utils.cc:199]  oplus_btif_disable_sniff_mode: not support
02-20 22:02:15.124  1214  1371 D bluetooth: [bta_dm_pm.cc:903] bta_dm_pm_sniff: Current power mode:active[0x0] peer_info:0x00:none
02-20 22:02:15.124  1214  1371 I bt_btm_pm: [btm_pm.cc:290] BTM_SetPowerMode: Setting power mode for peer:xx:xx:xx:xx:51:6d current_mode:immediate:active[0] new_mode:forced:sniff[2]
02-20 22:02:15.124  1214  1371 I bt_btm_pm: [btm_pm.cc:589] btm_pm_snd_md_req: Switching from immediate:active[0x00] to immediate:sniff[0x02]
02-20 22:02:15.124  1214  1371 D bt_shim_hci: [hci_layer.cc:231] transmit_command: Sending command SNIFF_MODE(0x0803)
02-20 22:02:15.125  1214  1371 D bt_btm_pm: [btm_pm.cc:642]  btm_cb.is_wait_pm_cmd_state_ack: 1
02-20 22:02:15.125  1679  1679 D vendor.qti.bluetooth@1.0-ibs_handler: [ibs_handler.cpp:372] SerialClockVote: vote for UART CLK ON
02-20 22:02:15.126  1679  1679 D vendor.qti.bluetooth@1.0-wake_lock: [wake_lock.cpp:135] Acquire wakelock is acquired 
02-20 22:02:15.126  1679  1679 I vendor.qti.bluetooth@1.0-ibs_handler: [ibs_handler.cpp:668] DeviceWakeUp: Writing IBS_WAKE_IND
02-20 22:02:15.126  1679  1389 I vendor.qti.bluetooth@1.0-ibs_handler: [ibs_handler.cpp:854] ProcessIbsCmd: Received IBS_WAKE_ACK: 0xFC
02-20 22:02:15.126  1679  1389 I vendor.qti.bluetooth@1.0-ibs_handler: [ibs_handler.cpp:856] ProcessIbsCmd: Signal wack_cond_
02-20 22:02:15.126  1679  1679 D vendor.qti.bluetooth@1.0-ibs_handler: [ibs_handler.cpp:700] DeviceWakeUp: Unblocked from waiting for FC, pthread_cond_timedwait ret = 0
02-20 22:02:15.128  1679  1389 I vendor.qti.bluetooth@1.0-ibs_handler: [ibs_handler.cpp:778] ProcessIbsCmd: Received IBS_WAKE_IND: 0xFD
02-20 22:02:15.128  1679  1389 I vendor.qti.bluetooth@1.0-ibs_handler: [ibs_handler.cpp:795] ProcessIbsCmd: Writing IBS_WAKE_ACK
02-20 22:02:15.128  3348  4000 W PackageConfigPersister: App-specific configuration not found for packageName: com.whatsapp and userId: 0
02-20 22:02:15.129  1214  1376 D bt_shim_hci: [hci_layer.cc:201] OnTransmitPacketStatus: Received cmd status SUCCESS(0x00) for SNIFF_MODE(0x0803)
02-20 22:02:15.129  1214  1371 D bt_btm_pm: [btm_pm.cc:718]  btm_cb.is_wait_pm_cmd_state_ack: 0
02-20 22:02:15.134  1214  1371 D btm_acl : [btm_acl.cc:371] btm_bda_to_acl: bda=00:00:00:00:00:00 transport=1 not found in acl_db
02-20 22:02:15.134  1214  1371 D btm_acl : [btm_acl.cc:371] btm_bda_to_acl: bda=00:00:00:00:00:00 transport=1 not found in acl_db
02-20 22:02:15.134  1214  1371 D btm_acl : [btm_acl.cc:371] btm_bda_to_acl: bda=00:00:00:00:00:00 transport=1 not found in acl_db
02-20 22:02:15.134  1214  1371 D btm_acl : [btm_acl.cc:371] btm_bda_to_acl: bda=00:00:00:00:00:00 transport=1 not found in acl_db
02-20 22:02:15.134  1214  1371 D btm_acl : [btm_acl.cc:371] btm_bda_to_acl: bda=00:00:00:00:00:00 transport=1 not found in acl_db
02-20 22:02:15.134  1214  1371 D btm_acl : [btm_acl.cc:371] btm_bda_to_acl: bda=00:00:00:00:00:00 transport=1 not found in acl_db
02-20 22:02:15.134  1214  1371 I bt_btm_pm: [btm_pm.cc:755] btm_pm_proc_mode_change: Power mode switched from immediate:pending[5] to immediate:active[0]
02-20 22:02:15.134  1214  1371 D btm_sco : [btm_sco.cc:1026] btm_sco_disc_chk_pend_for_modechange: Checking for SCO pending mode change events hci_handle:0x0002 p->state:SCO_ST_UNUSED
02-20 22:02:15.135  1214  1371 I oplus_bt_power: [oplus_bt_power.cc:298]  acl_links_num: 1, is_any_active_acl = 1
02-20 22:02:15.135  1214  1371 E bluetooth: [bta_dm_pm.cc:1166] bta_dm_pm_btm_status: hci_status=36
02-20 22:02:15.137  3352  3412 I AiAiAutofill: Autofill onFillRequest
02-20 22:02:15.137 24382 15398 V AutofillManager: Coordinates for 1073741824: Rect(156, 2134 - 623, 2231)
02-20 22:02:15.138 24382 15398 V AutofillValue: forText() not called on main thread: Thread[binder:24382_9,5,main]
02-20 22:02:15.139  3352  3412 I AiAiAutofill: Candidate Providers: [SMART_REPLY, VISUAL_CORTEX]
02-20 22:02:15.140  3352  3412 I AiAiAutofill: [SMART_REPLY] generated 0 candidates :nconv
02-20 22:02:15.140  3352  3412 I AiAiAutofill: [VISUAL_CORTEX] generated 0 candidates 
02-20 22:02:15.141  3348  4332 I Osense-BaseDecisionMaker: notifySceneToAthenaPolicy: SCENE_ACTIVITY_IDLE, bundle: Bundle[{scene=SCENE_ACTIVITY_IDLE}]
02-20 22:02:15.141  3348  4332 I Osense-BaseDecisionMaker: OSense not supported scene! SCENE_ACTIVITY_IDLE
02-20 22:02:15.144  3352  3412 I AiAiAutofill: [SMART_REPLY] MODEL_STATUS_NOT_RUN
02-20 22:02:15.144  3352  3412 I AiAiAutofill: [VISUAL_CORTEX] MODEL_STATUS_EMPTY_RESULT
02-20 22:02:15.144  3352  3412 D FillCallback: onSuccess(): null
02-20 22:02:15.145  3352  3412 V AugmentedAutofillService: returnAndLogResult(): 1
02-20 22:02:15.145  3352  3412 D AugmentedAutofillService: Service responded nothing in +20ms
02-20 22:02:15.145  3348  4767 D AutofillInlineSuggestionsRequestSession: onInlineSuggestionsResponseLocked called for:1073741824
02-20 22:02:15.145  3348  4767 V AutofillInlineSuggestionsRequestSession: maybeUpdateResponseToImeLocked called
02-20 22:02:15.150  4753  5294 D IMApp-307-10321: commonScoreStrategy scenarios low package
02-20 22:02:15.173  1679  1389 I vendor.qti.bluetooth@1.0-ibs_handler: [ibs_handler.cpp:825] ProcessIbsCmd: Received IBS_SLEEP_IND: 0xFE
02-20 22:02:15.212 17075 17430 E msys    : E[N mns]_OnDiskCacheGetData(632)=>Start post callback cache refresh DNS resolution
02-20 22:02:15.212  3352  3413 I AiAiPeople: [1] fragments remain to process, dispatched event [32]
02-20 22:02:15.212 24382 15398 V AutofillManager: requestAutofill() by AugmentedAutofillService.
02-20 22:02:15.212  3352  3413 I AiAiPeople: [0] fragments remain to process, dispatched event [32]
02-20 22:02:15.213 24382 24382 V AutofillManager: cancel() called by app or augmented autofill service
02-20 22:02:15.213 24382 24382 V AutofillManager: cancelSessionLocked(): ACTIVE
02-20 22:02:15.213  3348  4000 V AutofillSession: removeFromServiceLocked(1687740106): null
02-20 22:02:15.213  3348  4000 V AutofillSession: destroyLocked for session: 1687740106
02-20 22:02:15.213  3348  4000 V AutofillSession: logAllEvents(1687740106): commitReason: 5
02-20 22:02:15.213 24382 24382 V AutofillManager: Starting session for augmented autofill on 1073741824
02-20 22:02:15.213  3348  4000 W FillRequestEventLogger: Shouldn't be logging AutofillFillRequestReported again for same event
02-20 22:02:15.213  3348  4000 W FillResponseEventLogger: Shouldn't be logging AutofillFillRequestReported again for same event
02-20 22:02:15.213  3348  4000 V PresentationStatsEventLogger: Log AutofillPresentationEventReported: requestId=0 sessionId=1687740106 mNoPresentationEventReason=0 mAvailableCount=0 mCountShown=0 mCountFilteredUserTyping=0 mCountNotShownImePresentationNotDrawn=0 mCountNotShownImeUserNotSeen=0 mDisplayPresentationType=0 mAutofillServiceUid=10116 mInlineSuggestionHostUid=-1 mIsRequestTriggered=true mFillRequestSentTimestampMs=-1 mFillResponseReceivedTimestampMs=-1 mSuggestionSentTimestampMs=-1 mSuggestionPresentedTimestampMs=-1 mSelectedDatasetId=-1 mDialogDismissed=false mNegativeCtaButtonClicked=false mPositiveCtaButtonClicked=false mAuthenticationType=0 mAuthenticationResult=0 mLatencyAuthenticationUiDisplayMillis=-1 mLatencyDatasetDisplayMillis=-1 mAvailablePccCount=-1 mAvailablePccOnlyCount=-1 mSelectedDatasetPickedReason=0 mDetectionPreference=0 mFieldClassificationRequestId=-1 mAppPackageUid=10321 mIsCredentialRequest=false mWebviewRequestedCredential=false mViewFillableTotalCount=-1 mViewFillFailureCount=-1 mFocusedId=-1 mViewFillSuccessCount=0 mViewFilledButUnexpectedCount=0 event.mSelectionTimestamp=-1 event.mAutofilledTimestampMs=-1 event.mFieldModifiedFirstTimestampMs=-1 event.mFieldModifiedLastTimestampMs=-1 event.mSuggestionPresentedLastTimestampMs=-1 event.mFocusedVirtualAutofillId=-1 event.mFieldFirstLength=-1 event.mFieldLastLength=-1
02-20 22:02:15.213 24382 24382 V AutofillManager: startSessionLocked(): id=1073741824, bounds=null, value=[type=1, value=0_chars], flags=8, state=UNKNOWN, compatMode=false, augmentedOnly=true, enabledAugmentedOnly=false, enteredIds=null
02-20 22:02:15.213  3348  4000 V SaveEventLogger: Log AutofillSaveEventReported: requestId=0 sessionId=1687740106 mAppPackageUid=-1 mSaveUiTriggerIds=-1 mFlag=-1 mIsNewField=false mSaveUiShownReason=0 mSaveUiNotShownReason=0 mSaveButtonClicked=false mCancelButtonClicked=false mDialogDismissed=false mIsSaved=false mLatencySaveUiDisplayMillis=-9223372036854775808 mLatencySaveRequestMillis=-9223372036854775808 mLatencySaveFinishMillis=-9223372036854775808 mIsFrameworkCreatedSaveInfo=false mServiceUid=-1
02-20 22:02:15.213  3348  4000 V SessionCommittedEventLogger: Log AutofillSessionCommitted: sessionId=1687740106 mComponentPackageUid=10321 mRequestCount=2 mCommitReason=5 mSessionDurationMillis=222 mServiceUid=-1 mSaveInfoCount=-1 mSaveDataTypeCount=-1 mLastFillResponseHasSaveInfo=false
02-20 22:02:15.213  3348  4000 D AutofillSession: clearPendingIntentLocked
02-20 22:02:15.213  3348  4000 D AutofillInlineSuggestionsRequestSession: onInlineSuggestionsResponseLocked called for:1073741824@1687740106
02-20 22:02:15.213  3348  4000 V AutofillInlineSuggestionsRequestSession: maybeUpdateResponseToImeLocked called
02-20 22:02:15.213  3348  3348 V RemoteInlineSuggestionRenderService: handlePendingRequest(): com.android.internal.infra.AbstractRemoteService$MyAsyncPendingRequest@6b6bec7
02-20 22:02:15.213  3348  3348 V RemoteInlineSuggestionRenderService: not scheduling unbind when value is 0
02-20 22:02:15.214  3348  4000 V AutofillSession: destroyLocked(): logging 0 augmented requests
02-20 22:02:15.214  3348  3626 D AutofillUI: destroySaveUiUiThread(): already destroyed
02-20 22:02:15.215  3348  3348 I ServiceConnector.Impl: unbindJobThread: connection = ServiceConnector@188(Intent { act=android.service.autofill.AutofillService cmp=com.google.android.gms/.autofill.service.AutofillService }, user: 0)[Unbinding...]service = null mBinding = false
02-20 22:02:15.215  3348  3348 E ServiceConnector.Impl: wasBound is false, mBinding is false, add an additional call to unbindService
02-20 22:02:15.215  3348  3348 E ServiceConnector.Impl: Failed to unbind: java.lang.IllegalArgumentException: Service not registered: ServiceConnector@188(Intent { act=android.service.autofill.AutofillService cmp=com.google.android.gms/.autofill.service.AutofillService }, user: 0)[Unbinding...]
02-20 22:02:15.215  3348  3348 I ServiceConnector.Impl: unbindJobThread: connection = ServiceConnector@674(Intent { act=android.service.autofill.AutofillService cmp=com.android.credentialmanager/.autofill.CredentialAutofillService }, user: 0)[Unbinding...]service = null mBinding = false
02-20 22:02:15.215  3348  3348 E ServiceConnector.Impl: wasBound is false, mBinding is false, add an additional call to unbindService
02-20 22:02:15.215  3348  3348 E ServiceConnector.Impl: Failed to unbind: java.lang.IllegalArgumentException: Service not registered: ServiceConnector@674(Intent { act=android.service.autofill.AutofillService cmp=com.android.credentialmanager/.autofill.CredentialAutofillService }, user: 0)[Unbinding...]
02-20 22:02:15.215  3348  4000 V AutofillManagerServiceImpl: startSession(): token=Token{74574cd ActivityRecord{588ebf7 u0 com.whatsapp/.Conversation t13602}}, flags=8, forAugmentedAutofillOnly=true
02-20 22:02:15.215  3348  4000 V AutofillSession: Primary service component name: ComponentInfo{com.google.android.gms/com.google.android.gms.autofill.service.AutofillService}, secondary service component name: ComponentInfo{com.android.credentialmanager/com.android.credentialmanager.autofill.CredentialAutofillService}
02-20 22:02:15.215  3348  4000 V SecondaryProviderHandler: Creating a secondary provider handler with component name, ComponentInfo{com.android.credentialmanager/com.android.credentialmanager.autofill.CredentialAutofillService}
02-20 22:02:15.215 19187 19187 V InlineSuggestionRenderService: handleDestroySuggestionViews called for 0:1687740106
02-20 22:02:15.215  3348  4000 V AutofillSession: updateLocked(77146567): id=1073741824@77146567, action=START_SESSION, flags=8
02-20 22:02:15.215  3348  4000 V AutofillSession: updateLocked(77146567): mCurrentViewId=null, mExpiredResponse=false, viewState=null
02-20 22:02:15.215  3348  4000 V AutofillSession: Creating viewState for 1073741824@77146567
02-20 22:02:15.215  3348  4000 V AutofillManagerServiceImpl: pccEnabled: false
02-20 22:02:15.215  3348  4000 V AutofillSession: requestNewFillResponse(): triggering augmented autofill instead (mForAugmentedAutofillOnly=true, flags=8)
02-20 22:02:15.215  3348  4000 V FillRequestEventLogger: Log AutofillFillRequestReported: requestId=1 sessionId=77146567 mAutofillServiceUid=-1 mInlineSuggestionHostUid=-1 mIsAugmented=true mIsClientSuggestionFallback=false mIsFillDialogEligible=false mRequestTriggerReason=4 mFlags=8 mLatencyFillRequestSentMillis=-1 mAppPackageUid=10321
02-20 22:02:15.216  3348  4000 V AutofillSession: calling Augmented Autofill Service (com.google.android.as/com.google.android.apps.miphone.aiai.app.AiAiAugmentedAutofillService) on view 1073741824@77146567 using suggestion mode SYSTEM when server returned null for session 77146567
02-20 22:02:15.216  3348  4000 V FillRequestEventLogger: Log AutofillFillRequestReported: requestId=1 sessionId=77146567 mAutofillServiceUid=-1 mInlineSuggestionHostUid=-1 mIsAugmented=true mIsClientSuggestionFallback=false mIsFillDialogEligible=false mRequestTriggerReason=0 mFlags=8 mLatencyFillRequestSentMillis=-1 mAppPackageUid=10321
02-20 22:02:15.216  3348  4000 D AutofillSession: Create inline request for augmented autofill
02-20 22:02:15.216  3348  3348 V RemoteInlineSuggestionRenderService: handlePendingRequest(): com.android.internal.infra.AbstractRemoteService$MyAsyncPendingRequest@5050460
02-20 22:02:15.216 24382 24382 D AutofillManager: startSession(ComponentInfo{com.whatsapp/com.whatsapp.Conversation}): for augmented only
02-20 22:02:15.216  3348  3348 V RemoteInlineSuggestionRenderService: not scheduling unbind when value is 0
02-20 22:02:15.217  3348  3348 D AutofillInlineSuggestionsRequestSession: onCreateInlineSuggestionsRequestLocked called: 1073741824@77146567
02-20 22:02:15.218  3348  4000 D AutofillInlineSuggestionsRequestSession: onInlineSuggestionsSessionInvalidated() called.
02-20 22:02:15.219  3348  4000 D AutofillInlineSuggestionsRequestSession: onInlineSuggestionsRequest() received: InlineSuggestionsRequest { maxSuggestionCount = 9, inlinePresentationSpecs = [InlinePresentationSpec { minSize = 102x132, maxSize = 720x132, style = Bundle[mParcelledData.dataSize=2932] }, InlinePresentationSpec { minSize = 102x132, maxSize = 720x132, style = Bundle[mParcelledData.dataSize=2932] }, InlinePresentationSpec { minSize = 102x132, maxSize = 720x132, style = Bundle[mParcelledData.dataSize=2932] }, InlinePresentationSpec { minSize = 102x132, maxSize = 720x132, style = Bundle[mParcelledData.dataSize=2932] }, InlinePresentationSpec { minSize = 102x132, maxSize = 720x132, style = Bundle[mParcelledData.dataSize=2932] }, InlinePresentationSpec { minSize = 102x132, maxSize = 720x132, style = Bundle[mParcelledData.dataSize=2932] }, InlinePresentationSpec { minSize = 102x132, maxSize = 720x132, style = Bundle[mParcelledData.dataSize=2932] }, InlinePresentationSpec { minSize = 102x132, maxSize = 720x132, style = Bundle[mParcelledData.dataSize=2932] }, InlinePresentationSpec { minSize = 102x132, maxSize = 720x132, style = Bundle[mParcelledData.dataSize=2932] }], hostPackageName = com.google.android.inputmethod.latin, supportedLocales = [en_US], extras = Bundle[EMPTY_PARCEL], hostInputToken = android.os.BinderProxy@9560b77, hostDisplayId = 0, inlineTooltipPresentationSpec = null }
02-20 22:02:15.219  3348  3348 V AutofillInlineSuggestionsRequestSession: maybeUpdateResponseToImeLocked called
02-20 22:02:15.223  3352  3412 I AiAiAutofill: Autofill onFillRequest
02-20 22:02:15.224 24382 15398 V AutofillManager: Coordinates for 1073741824: Rect(156, 2134 - 623, 2231)
02-20 22:02:15.224 24382 15398 V AutofillValue: forText() not called on main thread: Thread[binder:24382_9,5,main]
02-20 22:02:15.226  3352  3412 I AiAiAutofill: Candidate Providers: [SMART_REPLY, VISUAL_CORTEX]
02-20 22:02:15.226  3352  3412 I AiAiAutofill: [SMART_REPLY] generated 0 candidates :ntc
02-20 22:02:15.226  3352  3412 I AiAiAutofill: [VISUAL_CORTEX] generated 0 candidates 
02-20 22:02:15.229  3352  3412 I AiAiAutofill: [SMART_REPLY] MODEL_STATUS_NOT_RUN
02-20 22:02:15.229  3352  3412 I AiAiAutofill: [VISUAL_CORTEX] MODEL_STATUS_EMPTY_RESULT
02-20 22:02:15.229  3352  3412 D FillCallback: onSuccess(): null
02-20 22:02:15.229  3352  3412 V AugmentedAutofillService: returnAndLogResult(): 1
02-20 22:02:15.229  3352  3412 D AugmentedAutofillService: Service responded nothing in +9ms
02-20 22:02:15.229  3348  4000 D AutofillInlineSuggestionsRequestSession: onInlineSuggestionsResponseLocked called for:1073741824
02-20 22:02:15.229  3348  4000 V AutofillInlineSuggestionsRequestSession: maybeUpdateResponseToImeLocked called
02-20 22:02:15.269  1145  6585 I keystore2: system/security/keystore2/watchdog/src/lib.rs:319 - Watchdog thread idle -> terminating. Have a great day.
02-20 22:02:15.281 17075 17430 E msys    : E[N mns]_OnSystemDNSSuccessCallback(340)=>Cache refresh succeeded with system DNS resolver. IP count: 1
02-20 22:02:15.305  3348  4060 D WifiStaIfaceHidlImpl: getCachedScanData is not implemented by HIDL
02-20 22:02:15.316  4910  5158 D SubsysEventListenerManager: onCapabilitiesChanged
02-20 22:02:15.316  4910  5158 D DataStateTracker: getCurDataChannel, channel:1
02-20 22:02:15.316  4910  4910 D VendorWifiService: onEvent event:9,action:1
02-20 22:02:15.317  4382  4539 D WifiPickerTracker: handleNetworkCapabilitiesChanged network:307
02-20 22:02:15.317  3348  4178 D SystemNetworkObserver: wifi network 307 nc changed, primary=true
02-20 22:02:15.318  3348  4178 D SystemNetworkObserver: default network nc changed 307
02-20 22:02:15.320  3348  4208 D OplusSlaNetworkManager: isPrimaryWifi:true network:307
02-20 22:02:15.321  4382  4495 D WifiStatusTracker: mNetworkCallback onCapabilitiesChanged network:307 mPrimaryNetworkId:307
02-20 22:02:15.324  4382  4495 D WifiStatusTracker: mNetworkCallback onCapabilitiesChanged network:307 mPrimaryNetworkId:307
02-20 22:02:15.327  6505  6645 I BugleRcsEngine: handleMessage processing message:[NOTIFY_UPTIME_IGNORE_STATE_CHANGED] with [non-null]:RcsEngineImpl reference [CONTEXT log_prefix="RcsEngineImpl[DUAL_REG]:[996c9bd4-2ee8]>Handler" thread_id=5970 ]
02-20 22:02:15.328  6505  6632 I BugleRcsEngine: Connected state: [1], networkType: [WIFI] [CONTEXT thread_id=5966 ]
02-20 22:02:15.328  4382  4495 I SystemUi--Statusbar: NetworkController.WifiSignalController-->handleStatusUpdated state=3 enabled=true connected=true isDefaultNetwork=true rssi=-66 level=4 statusLabel=null isDirty=false
02-20 22:02:15.329  4646 21431 E PhoneInterfaceManager: getCarrierPrivilegeStatusForUid: Invalid subId
02-20 22:02:15.329  4733  6563 D QCNEJ/NativeHalConnector: -> SND notifyDefaultNetworkChanged(1)
02-20 22:02:15.331  4382  4495 I SystemUi--Statusbar: NetworkController.WifiSignalController-->handleStatusUpdated state=3 enabled=true connected=true isDefaultNetwork=true rssi=-66 level=4 statusLabel=null isDirty=false
02-20 22:02:15.331  4382  4495 I SystemUi--Statusbar: NetworkController.WifiSignalController-->handleStatusUpdated state=3 enabled=true connected=true isDefaultNetwork=true rssi=-66 level=4 statusLabel=null isDirty=false
02-20 22:02:15.331  6505  6645 I BugleRcsEngine: No RCS Configuration was found in Bugle for simID: redacted-pii:sim_id[chars:0,last3:] [CONTEXT log_prefix="ProvisioningEngineDataRetriever" thread_id=5970 ]
02-20 22:02:15.333  4382  4539 I WifiPickerTracker: wifi connected status realConnectedWifiEntry not null: true
02-20 22:02:15.334 11902 11902 D BoundBrokerSvc: onRebind: Intent { act=com.google.android.gms.common.telemetry.service.START dat=chimera-action:/... cmp=com.google.android.gms/.chimera.PersistentApiService mCallingUid=10116 }
02-20 22:02:15.351  7565  7565 E libEGL  : No entry found in platform lookup table for eglSurfaceAttribMTK
02-20 22:02:15.351  7565  7565 D ExtensionsLoader: createInstance(64bit) : createExtendedFactory
02-20 22:02:15.351  7565  7565 D ExtensionsLoader: Opened libguiextimpl.so
02-20 22:02:15.378  4382  4445 V WindowManagerShell: Transition animation finished (aborted=false), notifying core (#18521) android.os.BinderProxy@767a742@0
02-20 22:02:15.378  4382  4445 W OplusShellTransition: RecentsTransitionHandler.getRecentController: no controller found , token=android.os.BinderProxy@767a742
02-20 22:02:15.378  4382  4445 D SplitScreen-->AppLockManager: setStartFromSafeControl mStartFromSafeControl=false
02-20 22:02:15.381  3348  4767 D Transition: finishTransition ar ActivityRecord{588ebf7 u0 com.whatsapp/.Conversation t13602}, isVisibleRequested=true, state=RESUMED, visibleAtTransitionEndTokens={ActivityRecord{588ebf7 u0 com.whatsapp/.Conversation t13602}}, this=TransitionRecord{bfd0c7e id=18521 track=0 type=OPEN flags=0x0 state=2}
02-20 22:02:15.381  3348  4767 D Transition: finishTransition ar ActivityRecord{d95926a u0 com.whatsapp/.home.ui.HomeActivity t13602}, isVisibleRequested=false, state=PAUSED, visibleAtTransitionEndTokens={ActivityRecord{588ebf7 u0 com.whatsapp/.Conversation t13602}}, this=TransitionRecord{bfd0c7e id=18521 track=0 type=OPEN flags=0x0 state=2}
02-20 22:02:15.381  3348  4767 D ActivityTaskManager: commitVisibility: ActivityRecord{d95926a u0 com.whatsapp/.home.ui.HomeActivity t13602}: visible=false visibleRequested=false, isInTransition=false, runningAnimation=false 
02-20 22:02:15.381  3348  4767 D WindowManager: NFW_setClientVisible:ActivityRecord{d95926a u0 com.whatsapp/.home.ui.HomeActivity t13602} clientVisible:false
02-20 22:02:15.382 24382 15398 D VRI[HomeActivity]: dispatchAppVisibility visible:false
02-20 22:02:15.382  3348  4767 I OplusAppSwitchManagerService:  handleAppVisible , r = ActivityRecord{588ebf7 u0 com.whatsapp/.Conversation t13602}
02-20 22:02:15.382 24382 24382 D VRI[HomeActivity]: visibilityChanged oldVisibility=true newVisibility=false
02-20 22:02:15.382  3348  4767 D OplusTransitionController: finishTransition, transition: TransitionRecord{bfd0c7e id=18521 track=0 type=OPEN flags=0x0 state=4}
02-20 22:02:15.382  3348  4767 D TransitionController: NFW_send RECOMPUTE_FOCUS in finishTransition
02-20 22:02:15.383  4382  4445 D ShellTaskOrganizer: onTransitionFinish, isRecent:false
02-20 22:02:15.383  4382  4445 V WindowManagerShell: Track 0 became idle
02-20 22:02:15.383  4382  4445 E ReflectionUtils: methodInvoke DesupressionGC failed1
02-20 22:02:15.383  4382  4445 E ReflectionUtils: java.lang.NoSuchMethodException: dalvik.system.VMRuntime.DesupressionGC [int]
02-20 22:02:15.383  4382  4445 E ReflectionUtils: 	at java.lang.Class.getMethod(Class.java:2934)
02-20 22:02:15.383  4382  4445 E ReflectionUtils: 	at java.lang.Class.getDeclaredMethod(Class.java:2913)
02-20 22:02:15.383  4382  4445 E ReflectionUtils: 	at com.android.wm.shell.util.ReflectionUtils.methodInvoke(ReflectionUtils.java:32)
02-20 22:02:15.383  4382  4445 E ReflectionUtils: 	at com.oplus.transition.OplusTransitionReflectionHelper.callGcDesupression(OplusTransitionReflectionHelper.java:120)
02-20 22:02:15.383  4382  4445 E ReflectionUtils: 	at com.android.wm.shell.transition.Transitions.onFinish(Transitions.java:1627)
02-20 22:02:15.383  4382  4445 E ReflectionUtils: 	at com.android.wm.shell.transition.Transitions.lambda$playTransition$3(Transitions.java:1358)
02-20 22:02:15.383  4382  4445 E ReflectionUtils: 	at com.android.wm.shell.transition.Transitions.$r8$lambda$96XCaSAhJXxB3nlVJy1TNPeH46k(Transitions.java:0)
02-20 22:02:15.383  4382  4445 E ReflectionUtils: 	at com.android.wm.shell.transition.Transitions$$ExternalSyntheticLambda8.onTransitionFinished(R8$$SyntheticClass:0)
02-20 22:02:15.383  4382  4445 E ReflectionUtils: 	at com.android.wm.shell.transition.DefaultTransitionHandler.lambda$startAnimation$2(DefaultTransitionHandler.java:396)
02-20 22:02:15.383  4382  4445 E ReflectionUtils: 	at com.android.wm.shell.transition.DefaultTransitionHandler.$r8$lambda$dQGDCIj8oXu4Q3gE3IU3-TQE6Pc(DefaultTransitionHandler.java:0)
02-20 22:02:15.383  4382  4445 E ReflectionUtils: 	at com.android.wm.shell.transition.DefaultTransitionHandler$$ExternalSyntheticLambda4.run(R8$$SyntheticClass:0)
02-20 22:02:15.383  4382  4445 E ReflectionUtils: 	at com.android.wm.shell.transition.DefaultTransitionHandler.lambda$buildSurfaceAnimation$8(DefaultTransitionHandler.java:1171)
02-20 22:02:15.383  4382  4445 E ReflectionUtils: 	at com.android.wm.shell.transition.DefaultTransitionHandler.$r8$lambda$SibS6C6yE4_jWZJm9l8mh9KjTYk(DefaultTransitionHandler.java:0)
02-20 22:02:15.383  4382  4445 E ReflectionUtils: 	at com.android.wm.shell.transition.DefaultTransitionHandler$$ExternalSyntheticLambda14.run(R8$$SyntheticClass:0)
02-20 22:02:15.383  4382  4445 E ReflectionUtils: 	at android.os.Handler.handleCallback(Handler.java:973)
02-20 22:02:15.383  4382  4445 E ReflectionUtils: 	at android.os.Handler.dispatchMessage(Handler.java:100)
02-20 22:02:15.383  4382  4445 E ReflectionUtils: 	at android.os.Looper.loopOnce(Looper.java:282)
02-20 22:02:15.383  4382  4445 E ReflectionUtils: 	at android.os.Looper.loop(Looper.java:387)
02-20 22:02:15.383  4382  4445 E ReflectionUtils: 	at android.os.HandlerThread.run(HandlerThread.java:85)
02-20 22:02:15.386  3348  3628 D WindowManager: NFW_findFocusedWindowIfNeeded:Window{fa084f5 u0 com.whatsapp/com.whatsapp.Conversation} mCurrentFocus:Window{fa084f5 u0 com.whatsapp/com.whatsapp.Conversation}
02-20 22:02:15.387 24382 24382 D HWUI    : RenderProxy::destroy: this=0xb40000771e414200, mContext=0xb40000771e517a40
02-20 22:02:15.387 24382   425 D HWUI    : SkiaOpenGLPipeline::setSurface: this=0xb40000771e502280, surface=NULL
02-20 22:02:15.387 24382   425 D BufferQueueProducer: [VRI[HomeActivity]#2(BLAST Consumer)2](id:5f3e00000002,api:1,p:24382,c:24382) disconnect: api 1
02-20 22:02:15.388 24382 24382 D ViewRootImplExtImpl: wrapConfigInfoIntoFlags rotation=0, smallestScreenWidthDp=360, relayoutAsync=false, flags=0, newFlags=23592960, residentWS=false, title=com.whatsapp/com.whatsapp.home.ui.HomeActivity
02-20 22:02:15.388  3348  4767 W UserManagerService: Requested status bar icon for non-badged user 0
02-20 22:02:15.388  3348  4000 D WindowManagerServiceExtImpl: extractConfigInfoAndRealFlags rotation=0, screenDp=360, residentWS:0, win=Window{cd85ac9 u0 com.whatsapp/com.whatsapp.home.ui.HomeActivity}
02-20 22:02:15.388  3348  4000 V WindowManager: Relayout Window{cd85ac9 u0 com.whatsapp/com.whatsapp.home.ui.HomeActivity}: viewVisibility=8, oldvis=0, req=1080x2412, vsysui=LAYOUT_FULLSCREEN
02-20 22:02:15.389  3348  4000 D WindowManager: NFW_findFocusedWindowIfNeeded:Window{fa084f5 u0 com.whatsapp/com.whatsapp.Conversation} mCurrentFocus:Window{fa084f5 u0 com.whatsapp/com.whatsapp.Conversation}
02-20 22:02:15.390 24382 24382 D VRI[HomeActivity]: relayoutWindow result, sizeChanged:false, surfaceControlChanged:true, transformHintChanged:false, mSurfaceSize:Point(1080, 2412), mLastSurfaceSize:Point(1080, 2412), mWidth:1080, mHeight:2412, requestedWidth:1080, requestedHeight:2412, transformHint:0, installOrientation:0, displayRotation:0, isSurfaceValid:false, attr.flag:-2122252032, tmpFrames:ClientWindowFrames{frame=[0,0][1080,2412] display=[0,0][1080,2412] parentFrame=[0,0][0,0]}, relayoutAsync:false, mSyncSeqId:0
02-20 22:02:15.390 24382 24382 D BLASTBufferQueue: [VRI[HomeActivity]#2](f:0,a:1) destructor()
02-20 22:02:15.390 24382 24382 D BufferQueueConsumer: [VRI[HomeActivity]#2(BLAST Consumer)2](id:5f3e00000002,api:0,p:-1,c:24382) disconnect
02-20 22:02:15.393  3348  4000 W UserManagerService: Requested status bar icon for non-badged user 0
02-20 22:02:15.394 24382 24382 D callGcSupression: java.lang.NullPointerException: Attempt to invoke virtual method 'java.lang.Object java.lang.reflect.Method.invoke(java.lang.Object, java.lang.Object[])' on a null object reference
02-20 22:02:15.394 24382 24382 D VRI[HomeActivity]: setWindowStopped stopped:true
02-20 22:02:15.398 24382 24382 D ViewRootImplExtImpl: wrapConfigInfoIntoFlags rotation=0, smallestScreenWidthDp=360, relayoutAsync=false, flags=0, newFlags=23592960, residentWS=false, title=com.whatsapp/com.whatsapp.home.ui.HomeActivity
02-20 22:02:15.398  3348  4000 D WindowManagerServiceExtImpl: extractConfigInfoAndRealFlags rotation=0, screenDp=360, residentWS:0, win=Window{cd85ac9 u0 com.whatsapp/com.whatsapp.home.ui.HomeActivity}
02-20 22:02:15.399  3348  4000 V WindowManager: Relayout Window{cd85ac9 u0 com.whatsapp/com.whatsapp.home.ui.HomeActivity}: viewVisibility=8, oldvis=8, req=1080x2412, vsysui=LAYOUT_FULLSCREEN, x=0, y=0
02-20 22:02:15.400 24382 24382 D VRI[HomeActivity]: relayoutWindow result, sizeChanged:false, surfaceControlChanged:true, transformHintChanged:false, mSurfaceSize:Point(1080, 2412), mLastSurfaceSize:Point(1080, 2412), mWidth:1080, mHeight:2412, requestedWidth:1080, requestedHeight:2412, transformHint:0, installOrientation:0, displayRotation:0, isSurfaceValid:false, attr.flag:-2122252032, tmpFrames:ClientWindowFrames{frame=[0,0][1080,2412] display=[0,0][1080,2412] parentFrame=[0,0][0,0]}, relayoutAsync:false, mSyncSeqId:0
02-20 22:02:15.404  3348  4767 I WindowManager: Window{cd85ac9 u0 com.whatsapp/com.whatsapp.home.ui.HomeActivity} state from HAS_DRAWN to NO_SURFACE; reason: destroySurface
02-20 22:02:15.406  3348  4767 D ActivityTaskManager: Clearing startingData for activity=ActivityRecord{d95926a u0 com.whatsapp/.home.ui.HomeActivity t13602} mStartingData=null mStartingSurface=null
02-20 22:02:15.427  7565  7565 D OplusUtils: OplusUtils [89]: 
02-20 22:02:15.438  7565  7565 E app_process: createInstance(64bit) : createExtendedFactory
02-20 22:02:15.442  7565  7565 E app_process: createInstance(64bit) : createExtendedFactory
02-20 22:02:15.442  7565  7565 E app_process: Opened libinputextensionsimpl.so
02-20 22:02:15.442  7565  7565 E app_process: Opened libinputextensionsimpl.so
02-20 22:02:15.444  7565  7565 D AndroidRuntime: >>>>>> START com.android.internal.os.RuntimeInit uid 2000 <<<<<<
02-20 22:02:15.469  7565  7565 I app_process: MMAP_TRYLOCK is supported in uffd errno:2 addr:0x7ba57ab000 size:4096
02-20 22:02:15.473  7565  7565 I AndroidRuntime: Using default boot image
02-20 22:02:15.473  7565  7565 I AndroidRuntime: Leaving lock profiling enabled
02-20 22:02:15.485  7565  7565 I app_process: Using CollectorTypeCMC GC.
02-20 22:02:15.530  3348  4027 W InputDispatcherExtImpl: channel fa084f5 com.whatsapp/com.whatsapp.Conversation (server) MotionEvent action_down is in interception region {[gesture_displayid_0][0.000000,96.000000][72.000000,2412.000000],[gesture_displayid_0][1008.000000,96.000000][1080.000000,435.000000],[gesture_displayid_0][1008.000000,725.000000][1080.000000,2412.000000],}, x: 1061.625000, y: 1373.625000, key: gesture_displayid_0, displayid: 0, DispatchRegion: {[gesture_displayid_0][0.000000,96.000000][72.000000,2412.000000],[gesture_displayid_0][1008.000000,96.000000][1080.000000,435.000000],[gesture_displayid_0][1008.000000,725.000000][1080.000000,2412.000000],}
02-20 22:02:15.531  3348  4381 I [UAH_CLIENT]: UahEventAcquire, cmdid:37, pkg:none, identity:OplusUAwareInputHelper
02-20 22:02:15.531  3348  4027 D PowerManagerService: userActivityNoUpdateLocked: groupId=0, eventTime=415012599, event=touch, flags=0x0, uid=1000
02-20 22:02:15.531 12182 12182 D AnimSeqTimeStamp: getTimeGapToLastStartAppTime: 415012602
02-20 22:02:15.532 12182 12182 I OplusBaseTouchInteractionService: onInputEvent(), ACTION_DOWN, Consumer=TYPE_NO_OP
02-20 22:02:15.532  3348  4381 D UAH-UahAdaptHelper: adaptSetNotification identity = OplusUAwareInputHelpersrc = 1000 , type 0 ,p1 = -1 ,p2 = -1 ,p3 = -1 ,p4 =
02-20 22:02:15.532  3348  4381 I [UAH_CLIENT]: uahRuleCtl, ruleId:1000, status:0
02-20 22:02:15.532  3348  4195 D OGG_Detector: D:done mCurrStatus: 0
02-20 22:02:15.534  4382  4650 I SystemUi--NavBar: NoBackGesture-->display_id_0 Start gesture: MotionEvent { action=ACTION_DOWN, actionButton=0, id[0]=0, x[0]=1061.625, y[0]=1373.625, toolType[0]=TOOL_TYPE_FINGER, buttonState=0, classification=NONE, metaState=0, flags=0x0, edgeFlags=0x0, pointerCount=1, historySize=0, eventTime=415012599, downTime=415012599, deviceId=6, source=0x1002, displayId=0, eventId=1012972558 }
02-20 22:02:15.534  4382  4650 I SystemUi--NavBar: NoBackGesture-->display_id_0 isInSmartBarRegion mSmartBarRegion =  SkRegion((1008,435,1080,725)) ,mSideBarSceneRegion = SkRegion((1007,435,1081,725))
02-20 22:02:15.534  4382  4650 I SystemUi--NavBar: SideGestureDetector-->display_id_0 updateNavBarHidden  mNavBarHidden = false display id =0
02-20 22:02:15.534  4382  4650 I SystemUi--NavBar: NoBackGesture-->display_id_0 mAllowGesture: true ,isStylusEvent = false
02-20 22:02:15.538  3348  4337 I Osense-BaseDecisionMaker: notifySceneToAthenaPolicy: SCENE_RES_IO_PSI, bundle: Bundle[{ioLevel=3}]
02-20 22:02:15.538  3348  4337 I Osense-BaseDecisionMaker: OSense not supported scene! SCENE_RES_IO_PSI
02-20 22:02:15.539  4382  4650 I SystemUi--NavBar: SideGestureDetector-->BackAnimation onThresholdCrossed
02-20 22:02:15.541  3348  4767 D QuickBackInputPolicy: hasMultiChildrenInTask: true
02-20 22:02:15.541  3348  4767 D QuickBackInputPolicy: hasMultiChildrenInTask: true
02-20 22:02:15.541  3348  4767 D CoreBackPreview: startBackNavigation currentTask=Task{6d380dd #13602 type=standard A=10321:com.whatsapp}, topRunningActivity=ActivityRecord{588ebf7 u0 com.whatsapp/.Conversation t13602}, callbackInfo=OnBackInvokedCallbackInfo{mCallback=android.window.IOnBackInvokedCallback$Stub$Proxy@c71518, mPriority=0, mIsAnimationCallback=false}, currentFocus=Window{fa084f5 u0 com.whatsapp/com.whatsapp.Conversation}
02-20 22:02:15.542  4382  4445 D ShellBackPreview: Received backNavigationInfo:BackNavigationInfo{mType=TYPE_CALLBACK (4), mOnBackNavigationDone=android.os.RemoteCallback@7a4b49f, mOnBackInvokedCallback=android.window.IOnBackInvokedCallback$Stub$Proxy@22389ec, mPrepareRemoteAnimation=false, mAnimationCallback=false, mCustomizeAnimationInfo=null}
02-20 22:02:15.542  4382  4445 D ShellBackPreview: dispatchOnBackStarted, callback: android.window.IOnBackInvokedCallback$Stub$Proxy@22389ec, backEvent: BackMotionEvent{mTouchX=1037.625, mTouchY=1386.1875, mProgress=0.0, mVelocityX=0.0, mVelocityY=0.0, mTriggerBack=false, mSwipeEdge1, mDepartingAnimationTargetnull}, com.android.wm.shell.back.BackAnimationController.tryDispatchOnBackStarted:736 com.android.wm.shell.back.BackAnimationController.onBackNavigationInfoReceived:660 com.android.wm.shell.back.BackAnimationController.startBackNavigation:634 com.android.wm.shell.back.BackAnimationController.onGestureStarted:625 com.android.wm.shell.back.BackAnimationController.onMotionEvent:579 
02-20 22:02:15.544 12182 12182 D AnimSeqTimeStamp: getTimeGapToLastStartAppTime: 415012614
02-20 22:02:15.544  3348  4767 V WindowManager: Relayout Window{5bd95a6 u0 ColorSideGestureRight_displayId_0}: viewVisibility=0, oldvis=8, req=115x2725, vsysui=
02-20 22:02:15.544  3348  4767 I WindowManager: Window{5bd95a6 u0 ColorSideGestureRight_displayId_0} state from NO_SURFACE to DRAW_PENDING; reason: resetDrawState
02-20 22:02:15.545  1988  2280 D OplusLayer: setProcInfo (262888,ColorSideGestureRight_displayId_0#262888,com.android.systemui,0x4578D52F)
02-20 22:02:15.545  3348  4381 I [UAH_CLIENT]: UahEventAcquire, cmdid:69, pkg:none, identity:OplusUAwareInputHelper
02-20 22:02:15.548  3348  4767 D WindowManager: NFW_findFocusedWindowIfNeeded:Window{fa084f5 u0 com.whatsapp/com.whatsapp.Conversation} mCurrentFocus:Window{fa084f5 u0 com.whatsapp/com.whatsapp.Conversation}
02-20 22:02:15.549  4382  4650 D BufferQueueConsumer: [](id:111e000050dc,api:0,p:-1,c:4382) connect: controlledByApp=false
02-20 22:02:15.551  4382  4650 W libc    : Access denied finding property "vendor.display.enable_optimal_refresh_rate"
02-20 22:02:15.552  4382  4509 D BufferQueueProducer: [VRI[ColorSideGestureRight_displayId_0]#20649(BLAST Consumer)20649](id:111e000050dc,api:1,p:4382,c:4382) connect: api=1 producerControlledByApp=true
02-20 22:02:15.552 12182 12182 D AnimSeqTimeStamp: getTimeGapToLastStartAppTime: 415012622
02-20 22:02:15.553  4382  4650 I SurfaceControl:  setExtendedRangeBrightness sc=Surface(name=ColorSideGestureRight_displayId_0)/@0xff84165,currentBufferRatio=1.0,desiredRatio=1.0
02-20 22:02:15.555  3348  3626 D WindowManager: request show transient bar, navigationBar already visible
02-20 22:02:15.559  4382  4509 D BLASTBufferQueue: [VRI[ColorSideGestureRight_displayId_0]#20649](f:0,a:1) acquireNextBufferLocked size=115x2725 mFrameNumber=1 applyTransaction=true mTimestamp=415012629407360(auto) mPendingTransactions.size=0 graphicBufferId=18820546872267 transform=0
02-20 22:02:15.559  4382  4509 D VRI[ColorSideGestureRight_displayId_0]: Received frameCommittedCallback lastAttemptedDrawFrameNum=1 didProduceBuffer=true syncBuffer=false
02-20 22:02:15.560  4382  4650 D VRI[ColorSideGestureRight_displayId_0]: draw finished. seqId=0
02-20 22:02:15.560 12182 12182 D AnimSeqTimeStamp: getTimeGapToLastStartAppTime: 415012630
02-20 22:02:15.560  4382  4650 D ViewRootImplExtImpl: setMaxDequeuedBufferCount: 2
02-20 22:02:15.560  3348  4767 I WindowManager: Window{5bd95a6 u0 ColorSideGestureRight_displayId_0} state from DRAW_PENDING to COMMIT_DRAW_PENDING; reason: finishDrawingLocked
02-20 22:02:15.563  3348  3629 I WindowManager: Window{5bd95a6 u0 ColorSideGestureRight_displayId_0} state from COMMIT_DRAW_PENDING to READY_TO_SHOW; reason: commitFinishDrawingLocked
02-20 22:02:15.563  3348  3629 I WindowManager: Window{5bd95a6 u0 ColorSideGestureRight_displayId_0} state from READY_TO_SHOW to HAS_DRAWN; reason: performShowLocked
02-20 22:02:15.568 12182 12182 D AnimSeqTimeStamp: getTimeGapToLastStartAppTime: 415012639
02-20 22:02:15.577 12182 12182 D AnimSeqTimeStamp: getTimeGapToLastStartAppTime: 415012647
02-20 22:02:15.610 12182 12182 D AnimSeqTimeStamp: getTimeGapToLastStartAppTime: 415012681
02-20 22:02:15.610  3348  4381 D UAH-UahAdaptHelper: adaptSetNotification identity = OplusUAwareInputHelpersrc = 1000 , type 1 ,p1 = -1 ,p2 = -1 ,p3 = -1 ,p4 =
02-20 22:02:15.610  3348  4381 I [UAH_CLIENT]: uahRuleCtl, ruleId:1000, status:1
02-20 22:02:15.610  4382  4650 I SystemUi--NavBar: NoBackGesture-->display_id_0 Gesture ACTION_UP: inYTouchRegion = true, state = 2
02-20 22:02:15.611  4382  4650 I SystemUi--NavBar: NoBackGesture-->display_id_0, BackAnimation Triggered back: down= displayId = 0
02-20 22:02:15.611  4382  4445 D ShellBackPreview: Finishing gesture with event action: 1
02-20 22:02:15.611  4382  4445 D ShellBackPreview: onGestureFinished() mTriggerBack == true
02-20 22:02:15.611  4382  4445 D ShellBackPreview: Trigger back without dispatching to animator.
02-20 22:02:15.611  4382  4445 D ShellBackPreview: dispatchOnBackInvoked, callback: android.window.IOnBackInvokedCallback$Stub$Proxy@22389ec, com.android.wm.shell.back.BackAnimationController.invokeOrCancelBack:889 com.android.wm.shell.back.BackAnimationController.onGestureFinished:942 com.android.wm.shell.back.BackAnimationController.onMotionEvent:589 com.android.wm.shell.back.BackAnimationController$BackAnimationImpl.lambda$onBackMotion$0:401 com.android.wm.shell.back.BackAnimationController$BackAnimationImpl.$r8$lambda$gJZGpheA39wsjmeRKBgHvhaOyi0:0 
02-20 22:02:15.611  3348  4381 I [UAH_CLIENT]: UahRelease, handle:612618
02-20 22:02:15.611  4382  4445 D ShellBackPreview: BackAnimationController: finishBackNavigation()
02-20 22:02:15.613  3348  4767 D CoreBackPreview: onBackNavigationDone backType=4, triggerBack=true
02-20 22:02:15.615  3800  3800 I StylusModule: StylusModule.onUpdateToolType():774 Update tool type = 0
02-20 22:02:15.621 24382 24382 D Activity: dispatchKeyEvent to com.whatsapp.Conversation@1802275 will call onBackPressed
02-20 22:02:15.621 24382 24382 D Activity: com.whatsapp.Conversation@1802275onBackPressed!
02-20 22:02:15.624  3348  3625 D callGcSupression: java.lang.NullPointerException: Attempt to invoke virtual method 'java.lang.Object java.lang.reflect.Method.invoke(java.lang.Object, java.lang.Object[])' on a null object reference
02-20 22:02:15.624  3348  4767 D ActivityRecordExtImpl: skipPrepareAppTransitionForZoom false
02-20 22:02:15.624  3348  4767 D ActivityTaskManager: setAppVisibility(Token{74574cd ActivityRecord{588ebf7 u0 com.whatsapp/.Conversation t13602 f}}}, visible=false): mNextAppTransitionRequests=[], mNextAppTransitionFlags=,mAppTransitionState=APP_STATE_IDLE visible=true mVisibleRequested=true
02-20 22:02:15.624  4382  4445 V WindowManagerShell: Transition requested (#18522): android.os.BinderProxy@2aa038f TransitionRequestInfo { type = CLOSE, triggerTask = null, pipTask = null, remoteTransition = null, displayChange = null, flags = 0, debugId = 18522 }
02-20 22:02:15.624  3348  4767 D ActivityTaskManager: setVisibility(Token{74574cd ActivityRecord{588ebf7 u0 com.whatsapp/.Conversation t13602 f}}}, visible=false) defer commitVisibility for transition collecting
02-20 22:02:15.624  3348  4767 D ActivityTrigger: ActivityTrigger activityPauseTrigger 
02-20 22:02:15.627 24382 24382 D callGcSupression: java.lang.NullPointerException: Attempt to invoke virtual method 'java.lang.Object java.lang.reflect.Method.invoke(java.lang.Object, java.lang.Object[])' on a null object reference
02-20 22:02:15.628 24382 24382 D ScrollOptim [SceneManager]: updateCurrentActivity: mCurrentActivityName=null, isOptEnable=true, isAnimAheadEnable=true, isFrameInsertEnable=true, InsertNum=1, isEnabledForScrollChanged=false
02-20 22:02:15.628 24382 24382 V AutofillManager: updateSessionLocked(): id=1073741824, bounds=null, value=null, action=3, flags=0
02-20 22:02:15.628  3348  4767 V AutofillSession: updateLocked(77146567): id=1073741824@77146567, action=VIEW_EXITED, flags=0
02-20 22:02:15.629  3348  4767 V AutofillSession: updateLocked(77146567): mCurrentViewId=1073741824@77146567, mExpiredResponse=false, viewState=ViewState: [id=1073741824@77146567, state:TRIGGERED_AUGMENTED_AUTOFILL, currentValue:[type=1, value=0_chars]]
02-20 22:02:15.629  3348  4767 V AutofillSession: Exiting view 1073741824@77146567
02-20 22:02:15.629  3348  4767 V AutofillSession: cancelAugmentedAutofillLocked() on 1073741824@77146567
02-20 22:02:15.630  3348  4704 D ActivityTaskManager: setAppVisibility(Token{b5ce7f8 ActivityRecord{d95926a u0 com.whatsapp/.home.ui.HomeActivity t13602}}, visible=true): mNextAppTransitionRequests=[], mNextAppTransitionFlags=,mAppTransitionState=APP_STATE_IDLE visible=false mVisibleRequested=false
02-20 22:02:15.630  1988  1988 I BpBinder: onLastStrongRef automatically unlinking death recipients: 
02-20 22:02:15.630  3348  4704 D WindowManager: NFW_setClientVisible:ActivityRecord{d95926a u0 com.whatsapp/.home.ui.HomeActivity t13602} clientVisible:true
02-20 22:02:15.630 11792 11816 W ANDR-PERF-LM: MetaMeter: handlePrimaryAsync() 118: AdaptLaunch MetaMeter. No MeterMgr Available to handle this Primary Async. !!!!
02-20 22:02:15.631 24382  7115 D VRI[HomeActivity]: dispatchAppVisibility visible:true
02-20 22:02:15.631 11792 11816 W ANDR-PERF-LM: MetaMeter: handlePrimaryAsync() 118: AdaptLaunch MetaMeter. No MeterMgr Available to handle this Primary Async. !!!!
02-20 22:02:15.631  3348  4704 D ActivityTaskManager: setVisibility(Token{b5ce7f8 ActivityRecord{d95926a u0 com.whatsapp/.home.ui.HomeActivity t13602}}, visible=true) defer commitVisibility for transition collecting
02-20 22:02:15.631  3348  4704 I InputDispatcher: setFocusedApplication displayId=0 ActivityRecord{d95926a u0 com.whatsapp/.home.ui.HomeActivity t13602}
02-20 22:02:15.631  3348  4704 D ActivityTaskManager: NFW_setLastResumedActivityUncheckLocked:true r:ActivityRecord{d95926a u0 com.whatsapp/.home.ui.HomeActivity t13602} currentFocus:Window{fa084f5 u0 com.whatsapp/com.whatsapp.Conversation}
02-20 22:02:15.631  3348  4704 D WindowManager: NFW_findFocusedWindowIfNeeded:null mCurrentFocus:Window{fa084f5 u0 com.whatsapp/com.whatsapp.Conversation}
02-20 22:02:15.631  3348  4704 V WindowManager: Changing focus from Window{fa084f5 u0 com.whatsapp/com.whatsapp.Conversation} to null,diplayid=0
02-20 22:02:15.632  3348  4704 D Theia.TransparentWindow: TransparentWindow cancelCheckFreezeScreen
02-20 22:02:15.632  3348  4704 D WindowManager: rotation(ROTATION_0) no changed  displayId = 0, lastOrientation = -1
02-20 22:02:15.633  3348  4704 I TaskOrganizerController: onTaskInfoChanged taskid 13602 config { mBounds=Rect(0, 0 - 1080, 2412) mAppBounds=Rect(0, 0 - 1080, 2412) mMaxBounds=Rect(0, 0 - 1080, 2412) mDisplayRotation=ROTATION_0 mWindowingMode=fullscreen mActivityType=standard mAlwaysOnTop=off mRotation=ROTATION_0}
02-20 22:02:15.633  3348  4704 D OplusFlexibleWindowMinimizedManagerHelper: onTaskInfoChanged taskInfo:TaskInfo{userId=0 taskId=13602 displayId=0 isRunning=true baseIntent=Intent { act=android.intent.action.MAIN cat=[android.intent.category.LAUNCHER] flg=0x10200000 pkg=com.whatsapp cmp=com.whatsapp/.Main oflg=0x800 } baseActivity=ComponentInfo{com.whatsapp/com.whatsapp.home.ui.HomeActivity} topActivity=ComponentInfo{com.whatsapp/com.whatsapp.home.ui.HomeActivity} origActivity=null realActivity=ComponentInfo{com.whatsapp/com.whatsapp.Main} numActivities=1 lastActiveTime=711310495 supportsSplitScreenMultiWindow=true supportsMultiWindow=true supportsPocketStudioMultiWindow=true isInFlexibleEmbedded = false uid = 10321 pid = 24382 resizeMode=1 isResizeable=true minWidth=-1 minHeight=-1 defaultMinSize=220 token=WCT{RemoteToken{de0494b Task{6d380dd #13602 type=standard A=10321:com.whatsapp}}} topActivityType=1 pictureInPictureParams=null shouldDockBigOverlays=false launchIntoPipHostTaskId=-1 lastParentTaskIdBeforePip=-1 displayCutoutSafeInsets=null topActivityInfo=ActivityInfo{9b9e9a0 com.whatsapp.home.ui.HomeActivity} launchCookies=[android.os.BinderProxy@fc0941c] positionInParent=Point(0, 0) parentTaskId=-1 isFocused=true isVisible=true isVisibleRequested=true isSleeping=false locusId=null displayAreaFeatureId=1 isTopActivityTransparent=false appCompatTaskInfo=AppCompatTaskInfo { topActivityInSizeCompat=false topActivityInOplusCompatMode=false topActivityEligibleForLetterboxEducation= falseisLetterboxEducationEnabled= false isLetterboxDoubleTapEnabled= false topActivityEligibleForUserAspectRatioButton= false topActivityBoundsLetterboxed= false isFromLetterboxDoubleTap= false topActivityLetterboxVerticalPosition= -1 topActivityLetterboxHorizontalPosition= -1 topActivityLetterboxWidth=1080 topActivityLetterboxHeight=2412 isUserFullscreenOverrideEnabled=false isSystemFullscreenOverrideEnabled=false cameraCompatTaskInfo=CameraCompatTaskInfo { cameraCompatControlState=hidden freeformCameraCompatMode=inactive}} topActivityLetterboxInsets=Rect(0, 0 - 0, 0) mOplusExtraBundle = Bundle[{androidx.flexible.taskFrame=Rect(0, 0 - 0, 0), key_flexible_task_state=0, androidx.activity.LaunchScenario=0, androidx.activity.LaunchScale=1.0}]} task:Task{6d380dd #13602 type=standard A=10321:com.whatsapp}
02-20 22:02:15.633  3348  4704 D OplusFlexibleDragToSplitAnimController: visibleFlexibleTaskInfos delete:13602
02-20 22:02:15.633  3348  4704 D OplusFlexibleDragAnimationBaseState: handleRunningTaskInfo:TaskInfo{userId=0 taskId=13602 displayId=0 isRunning=true baseIntent=Intent { act=android.intent.action.MAIN cat=[android.intent.category.LAUNCHER] flg=0x10200000 pkg=com.whatsapp cmp=com.whatsapp/.Main oflg=0x800 } baseActivity=ComponentInfo{com.whatsapp/com.whatsapp.home.ui.HomeActivity} topActivity=ComponentInfo{com.whatsapp/com.whatsapp.home.ui.HomeActivity} origActivity=null realActivity=ComponentInfo{com.whatsapp/com.whatsapp.Main} numActivities=1 lastActiveTime=711310495 supportsSplitScreenMultiWindow=true supportsMultiWindow=true supportsPocketStudioMultiWindow=true isInFlexibleEmbedded = false uid = 10321 pid = 24382 resizeMode=1 isResizeable=true minWidth=-1 minHeight=-1 defaultMinSize=220 token=WCT{RemoteToken{de0494b Task{6d380dd #13602 type=standard A=10321:com.whatsapp}}} topActivityType=1 pictureInPictureParams=null shouldDockBigOverlays=false launchIntoPipHostTaskId=-1 lastParentTaskIdBeforePip=-1 displayCutoutSafeInsets=null topActivityInfo=ActivityInfo{9b9e9a0 com.whatsapp.home.ui.HomeActivity} launchCookies=[android.os.BinderProxy@fc0941c] positionInParent=Point(0, 0) parentTaskId=-1 isFocused=true isVisible=true isVisibleRequested=true isSleeping=false locusId=null displayAreaFeatureId=1 isTopActivityTransparent=false appCompatTaskInfo=AppCompatTaskInfo { topActivityInSizeCompat=false topActivityInOplusCompatMode=false topActivityEligibleForLetterboxEducation= falseisLetterboxEducationEnabled= false isLetterboxDoubleTapEnabled= false topActivityEligibleForUserAspectRatioButton= false topActivityBoundsLetterboxed= false isFromLetterboxDoubleTap= false topActivityLetterboxVerticalPosition= -1 topActivityLetterboxHorizontalPosition= -1 topActivityLetterboxWidth=1080 topActivityLetterboxHeight=2412 isUserFullscreenOverrideEnabled=false isSystemFullscreenOverrideEnabled=false cameraCompatTaskInfo=CameraCompatTaskInfo { cameraCompatControlState=hidden freeformCameraCompatMode=inactive}} topActivityLetterboxInsets=Rect(0, 0 - 0, 0) mOplusExtraBundle = Bundle[{androidx.flexible.taskFrame=Rect(0, 0 - 0, 0), key_flexible_task_state=0, androidx.activity.LaunchScenario=0, androidx.activity.LaunchScale=1.0}]}state:0
02-20 22:02:15.634  3348  4704 D OplusFeatureColorMode: ColorMode getColorMode =8
