02-20 22:02:16.085  3348  3629 D OplusFlexibleDragAnimationBaseState: handleRunningTaskInfo:TaskInfo{userId=0 taskId=13610 displayId=0 isRunning=true baseIntent=Intent { act=android.intent.action.MAIN cat=[android.intent.category.LAUNCHER] flg=0x10200000 cmp=com.renderflow.app/.MainActivity mCallingUid=2000 } baseActivity=ComponentInfo{com.renderflow.app/com.renderflow.app.MainActivity} topActivity=ComponentInfo{com.renderflow.app/com.renderflow.app.MainActivity} origActivity=null realActivity=ComponentInfo{com.renderflow.app/com.renderflow.app.MainActivity} numActivities=1 lastActiveTime=711310895 supportsSplitScreenMultiWindow=true supportsMultiWindow=true supportsPocketStudioMultiWindow=true isInFlexibleEmbedded = false uid = 10430 pid = 0 resizeMode=1 isResizeable=true minWidth=-1 minHeight=-1 defaultMinSize=220 token=WCT{RemoteToken{ba6ed5f Task{9af9ddd #13610 type=standard A=10430:com.renderflow.app}}} topActivityType=1 pictureInPictureParams=null shouldDockBigOverlays=false launchIntoPipHostTaskId=-1 lastParentTaskIdBeforePip=-1 displayCutoutSafeInsets=Rect(0, 96 - 0, 0) topActivityInfo=ActivityInfo{ccb46f1 com.renderflow.app.MainActivity} launchCookies=[] positionInParent=Point(0, 0) parentTaskId=-1 isFocused=false isVisible=true isVisibleRequested=true isSleeping=false locusId=null displayAreaFeatureId=1 isTopActivityTransparent=false appCompatTaskInfo=AppCompatTaskInfo { topActivityInSizeCompat=false topActivityInOplusCompatMode=false topActivityEligibleForLetterboxEducation= falseisLetterboxEducationEnabled= false isLetterboxDoubleTapEnabled= false topActivityEligibleForUserAspectRatioButton= false topActivityBoundsLetterboxed= false isFromLetterboxDoubleTap= false topActivityLetterboxVerticalPosition= -1 topActivityLetterboxHorizontalPosition= -1 topActivityLetterboxWidth=1080 topActivityLetterboxHeight=2412 isUserFullscreenOverrideEnabled=false isSystemFullscreenOverrideEnabled=false cameraCompatTaskInfo=CameraCompatTaskInfo { cameraCompatControlState=hidden freeformCameraCompatMode=inactive}} topActivityLetterboxInsets=Rect(0, 0 - 0, 0) mOplusExtraBundle = Bundle[{androidx.flexible.taskFrame=Rect(0, 0 - 0, 0), key_flexible_task_state=0, androidx.activity.LaunchScenario=0, androidx.activity.LaunchScale=1.0}]}state:0
02-20 22:02:16.085  4382  4445 V WindowManagerShell:  animated by com.android.wm.shell.transition.DefaultTransitionHandler@82b11b0
02-20 22:02:16.085  4382  4455 E ReflectionUtils: methodInvoke SupressionGC failed1
02-20 22:02:16.085  4382  4455 E ReflectionUtils: java.lang.NoSuchMethodException: dalvik.system.VMRuntime.SupressionGC [int, int]
02-20 22:02:16.085  4382  4455 E ReflectionUtils: 	at java.lang.Class.getMethod(Class.java:2934)
02-20 22:02:16.085  4382  4455 E ReflectionUtils: 	at java.lang.Class.getDeclaredMethod(Class.java:2913)
02-20 22:02:16.085  4382  4455 E ReflectionUtils: 	at com.android.wm.shell.util.ReflectionUtils.methodInvoke(ReflectionUtils.java:32)
02-20 22:02:16.085  4382  4455 E ReflectionUtils: 	at com.oplus.transition.OplusTransitionReflectionHelper.callGcSupression(OplusTransitionReflectionHelper.java:109)
02-20 22:02:16.085  4382  4455 E ReflectionUtils: 	at com.android.wm.shell.transition.DefaultTransitionHandler.lambda$startAnimation$4(DefaultTransitionHandler.java:757)
02-20 22:02:16.085  4382  4455 E ReflectionUtils: 	at com.android.wm.shell.transition.DefaultTransitionHandler.$r8$lambda$JOo0JsNeDpe1IQGU1BBvKMWsvq8(DefaultTransitionHandler.java:0)
02-20 22:02:16.085  4382  4455 E ReflectionUtils: 	at com.android.wm.shell.transition.DefaultTransitionHandler$$ExternalSyntheticLambda6.run(R8$$SyntheticClass:0)
02-20 22:02:16.085  4382  4455 E ReflectionUtils: 	at android.os.Handler.handleCallback(Handler.java:973)
02-20 22:02:16.085  4382  4455 E ReflectionUtils: 	at android.os.Handler.dispatchMessage(Handler.java:100)
02-20 22:02:16.085  4382  4455 E ReflectionUtils: 	at android.os.Looper.loopOnce(Looper.java:282)
02-20 22:02:16.085  4382  4455 E ReflectionUtils: 	at android.os.Looper.loop(Looper.java:387)
02-20 22:02:16.085  4382  4455 E ReflectionUtils: 	at android.os.HandlerThread.run(HandlerThread.java:85)
02-20 22:02:16.085  4382  4445 D OplusShellTransition: dispatchTransition, animated mHandler: com.android.wm.shell.transition.DefaultTransitionHandler@82b11b0
02-20 22:02:16.085  4382  4455 D FSS_OplusFoldSwitchStateObserver: onAnimationStart reset mPendingFoldAnimationTrigger
02-20 22:02:16.086  4382  4455 D FSS_OplusFoldSwitchStateObserver: onAnimationStart reset mPendingFoldAnimationTrigger
02-20 22:02:16.086 24382 24382 D AutofillManager: onActivityFinishing(): calling cancelLocked()
02-20 22:02:16.086 24382 24382 V AutofillManager: cancelSessionLocked(): ACTIVE
02-20 22:02:16.086  4382  4445 D ShellTaskOrganizerExt: visibleFlexibleTaskInfos delete:13610
02-20 22:02:16.086  4382  4445 D ShellTaskOrganizerExt: isOnCanvas size:0
02-20 22:02:16.086  4382  4445 D ShellTaskOrganizerExt: isOnThreeFlexibleCanvas size:0
02-20 22:02:16.086  3348  5208 V AutofillSession: removeFromServiceLocked(77146567): null
02-20 22:02:16.086  3348  5208 V AutofillSession: destroyLocked for session: 77146567
02-20 22:02:16.086  3348  5208 V AutofillSession: logAllEvents(77146567): commitReason: 5
02-20 22:02:16.086  3348  5208 W FillRequestEventLogger: Shouldn't be logging AutofillFillRequestReported again for same event
02-20 22:02:16.086  3348  5208 W FillResponseEventLogger: Shouldn't be logging AutofillFillRequestReported again for same event
02-20 22:02:16.086  3348  5208 W PresentationStatsEventLogger: Shouldn't be logging AutofillPresentationEventReported again for same event
02-20 22:02:16.086  3348  5208 V SaveEventLogger: Log AutofillSaveEventReported: requestId=0 sessionId=77146567 mAppPackageUid=-1 mSaveUiTriggerIds=-1 mFlag=-1 mIsNewField=false mSaveUiShownReason=0 mSaveUiNotShownReason=0 mSaveButtonClicked=false mCancelButtonClicked=false mDialogDismissed=false mIsSaved=false mLatencySaveUiDisplayMillis=-9223372036854775808 mLatencySaveRequestMillis=-9223372036854775808 mLatencySaveFinishMillis=-9223372036854775808 mIsFrameworkCreatedSaveInfo=false mServiceUid=-1
02-20 22:02:16.087  3348  5208 V SessionCommittedEventLogger: Log AutofillSessionCommitted: sessionId=77146567 mComponentPackageUid=10321 mRequestCount=2 mCommitReason=5 mSessionDurationMillis=871 mServiceUid=-1 mSaveInfoCount=-1 mSaveDataTypeCount=-1 mLastFillResponseHasSaveInfo=false
02-20 22:02:16.087  3348  5208 D AutofillSession: clearPendingIntentLocked
02-20 22:02:16.087  3348  5208 V AutofillSession: destroyLocked(): logging 0 augmented requests
02-20 22:02:16.088  3348  4676 D OplusTransitionAnimationManager: skipFinishDrawingIfNeed clientRotation=0, currentRotation=0, hasFixedRotationApp=false, requestedOrientation=1, win=Window{2e36176 u0 Splash Screen com.renderflow.app}, activity=ActivityRecord{e2c0a87 u0 com.renderflow.app/.MainActivity t13610}, currentConfig={1.0 ?mcc??mnc [en_US] ldltr sw360dp w360dp h756dp 480dpi nrml long hdr widecg port night finger -keyb/v/h -nav/h winConfig={ mBounds=Rect(0, 0 - 1080, 2412) mAppBounds=Rect(0, 96 - 1080, 2364) mMaxBounds=Rect(0, 0 - 1080, 2412) mDisplayRotation=ROTATION_0 mWindowingMode=fullscreen mActivityType=standard mAlwaysOnTop=undefined mRotation=ROTATION_0} s.2 fontWeightAdjustment=0mThemeChanged= 0, mThemeChangedFlags= 0, mFlipFont= 0, mScenario= 0, mAccessibleChanged= -1, mUxIconConfig= 1174056180004684081, mMaterialColor= 0, mUserId= 0, mFontUserId= 0, mFontVariationSettings= 1226, mFoldingAngle = -1.0, mIconPackName= , mDarkModeBackgroundMaxL= 0.0, mDarkModeDialogBgMaxL= 27.0, mDarkModeForegroundMinL= 100.0, mOplusConfigType= 1, mOplusChangedConfigs= 0, OpSans= -1, mBurmeseFontFlag= 2, mFlag= 0, mFlexibleActivitySuitable= -1, mPuttDisplayFlag= -1}
02-20 22:02:16.088  3348  5208 I BLASTSyncEngine: onCommitted syncId: 18523, timeout: falseran: false
02-20 22:02:16.091 24382 24382 V TextView: notifyAutoFillManagerAfterTextChanged
02-20 22:02:16.091 24382 24382 V AutofillManager: notifyValueChanged(1073741824): ignoring on state UNKNOWN
02-20 22:02:16.091  3348  3626 D WindowManager: rotation(ROTATION_0) no changed  displayId = 0, lastOrientation = 1
02-20 22:02:16.092 24382 24382 D OplusScrollToTopManager: com.whatsapp/com.whatsapp.Conversation,window dying
02-20 22:02:16.092 24382 24382 D OplusScrollToTopManager: com.whatsapp/com.whatsapp.Conversation,unregisterSystemUIBroadcastReceiver 
02-20 22:02:16.092 24382 24382 D OplusScrollToTopManager: com.whatsapp/com.whatsapp.Conversation, unregisterSystemUIBroadcastReceiver failed java.lang.IllegalArgumentException: Receiver not registered: android.view.OplusScrollToTopManager$2@19f8ecc
02-20 22:02:16.092 24382 24382 W WindowOnBackDispatcher: sendCancelIfRunning: isInProgress=false callback=android.view.ViewRootImpl$$ExternalSyntheticLambda11@b22a26f
02-20 22:02:16.093 24382 24382 D OplusCursorFeedback: editorDetachFromWindow android.widget.Editor@c3a2515
02-20 22:02:16.095  3348  3348 V RemoteInlineSuggestionRenderService: handlePendingRequest(): com.android.internal.infra.AbstractRemoteService$MyAsyncPendingRequest@e9f4662
02-20 22:02:16.095 24382 24382 D HWUI    : RenderProxy::destroy: this=0xb4000076e8afe600, mContext=0xb4000076e8f3f740
02-20 22:02:16.096 24382   425 D HWUI    : SkiaOpenGLPipeline::setSurface: this=0xb4000076f0e11080, surface=NULL
02-20 22:02:16.096  3348  4767 D CoreBackPreview: Window{fa084f5 u0 com.whatsapp/com.whatsapp.Conversation}: Setting back callback null
02-20 22:02:16.096  3348  3645 W ActivityManager: Slow operation: 58ms so far, now at startProcess: done updating pids map
02-20 22:02:16.097  3348  5208 I InputDispatcher: channel 'fa084f5 com.whatsapp/com.whatsapp.Conversation (server)'~ abortBrokenDispatchCycleLocked - notify=false
02-20 22:02:16.097  3348  3348 I ServiceConnector.Impl: unbindJobThread: connection = ServiceConnector@752(Intent { act=android.service.autofill.AutofillService cmp=com.google.android.gms/.autofill.service.AutofillService }, user: 0)[Unbinding...]service = null mBinding = false
02-20 22:02:16.097  3348  3348 E ServiceConnector.Impl: wasBound is false, mBinding is false, add an additional call to unbindService
02-20 22:02:16.097  3348  5208 W InputManager-JNI: Input channel object 'fa084f5 com.whatsapp/com.whatsapp.Conversation (client)' was disposed without first being removed with the input manager!
02-20 22:02:16.098  3348  5208 I WindowManager: Window{fa084f5 u0 com.whatsapp/com.whatsapp.Conversation} state from HAS_DRAWN to NO_SURFACE; reason: destroySurface
02-20 22:02:16.100 12182 12256 I SystemUiProxy: SystemUiProxy#getRecentTasks isInGoRecentsAnim: false
02-20 22:02:16.101  3348  5208 D WindowManager: NFW_findFocusedWindowIfNeeded:null mCurrentFocus:null
02-20 22:02:16.103  3348  4767 D ActivityTaskManager: Skipping, invisible task: Task{fc9e519 #5 type=home I=com.android.launcher/.Launcher}
02-20 22:02:16.103  3348  4767 D OplusSplitScreenManagerService: com.instagram.android unSupportsSplitScreen by blockList or ForbidActivityList
02-20 22:02:16.103  3348  4767 D ActivityTaskManager: pre-Filtered:com.renderflow.app # com.whatsapp # com.instagram.android # ru.zdevs.zarchiver # 
02-20 22:02:16.103  3348  4767 D ActivityTaskManager: after skip size 4
02-20 22:02:16.105  3348  5208 D ActivityTaskManager: removeAppToken: ActivityRecord{588ebf7 u0 com.whatsapp/.Conversation t13602 f}} delayed=true parent=Task{6d380dd #13602 type=standard A=10321:com.whatsapp} animating=true Callers=com.android.server.wm.DisplayContent.removeAppToken:1734 com.android.server.wm.ActivityRecord.removeFromHistory:5057 com.android.server.wm.ActivityRecord.destroyed:5143 com.android.server.wm.ActivityClientController.activityDestroyed:337 
02-20 22:02:16.106  3348  4027 D PowerManagerService: userActivityNoUpdateLocked: groupId=0, eventTime=415013176, event=touch, flags=0x0, uid=1000
02-20 22:02:16.107 11792 11816 W ANDR-PERF-LM: MetaMeter: handlePrimaryAsync() 118: AdaptLaunch MetaMeter. No MeterMgr Available to handle this Primary Async. !!!!
02-20 22:02:16.107 11792 11816 W ANDR-PERF-LM: MetaMeter: handlePrimaryAsync() 118: AdaptLaunch MetaMeter. No MeterMgr Available to handle this Primary Async. !!!!
02-20 22:02:16.107  3348  5208 D OplusStartingWindowManager: we don't revise window flags for third app
02-20 22:02:16.108  3348  5208 D ActivityTaskManager: validateStartingWindowTheme:  Pkg=com.renderflow.app, Translucent=false, Floating=false, ShowWallpaper=false, Disable=false, LaunchSource=4
02-20 22:02:16.108  3348  5208 V SensorManager: call sensorServiceCommonInterface name: setScreenShotDisable
02-20 22:02:16.108  3348  5208 D SensorServiceExtImpl: sensorServiceCommonInterface funcName = setScreenShotDisable, flag = 0, status = 0
02-20 22:02:16.108  3348  4171 I [UAH_CLIENT]: UahEventAcquire, cmdid:1, pkg:com.renderflow.app, identity:com.android.server.wm
02-20 22:02:16.110  3348  4986 I OplusHansManager : onUidActive() update stay time, uid=10430, pkgName=com.renderflow.app, U stay=492
02-20 22:02:16.117 19187 19187 V InlineSuggestionRenderService: handleDestroySuggestionViews called for 0:77146567
02-20 22:02:16.119  3348  3348 E ServiceConnector.Impl: Failed to unbind: java.lang.IllegalArgumentException: Service not registered: ServiceConnector@752(Intent { act=android.service.autofill.AutofillService cmp=com.google.android.gms/.autofill.service.AutofillService }, user: 0)[Unbinding...]
02-20 22:02:16.120  3348  3348 I ServiceConnector.Impl: unbindJobThread: connection = ServiceConnector@631(Intent { act=android.service.autofill.AutofillService cmp=com.android.credentialmanager/.autofill.CredentialAutofillService }, user: 0)[Unbinding...]service = null mBinding = false
02-20 22:02:16.120  3348  3348 E ServiceConnector.Impl: wasBound is false, mBinding is false, add an additional call to unbindService
02-20 22:02:16.120  3348  3348 E ServiceConnector.Impl: Failed to unbind: java.lang.IllegalArgumentException: Service not registered: ServiceConnector@631(Intent { act=android.service.autofill.AutofillService cmp=com.android.credentialmanager/.autofill.CredentialAutofillService }, user: 0)[Unbinding...]
02-20 22:02:16.120  3348  3348 V RemoteInlineSuggestionRenderService: not scheduling unbind when value is 0
02-20 22:02:16.123  3348  4381 D UAH-UahAdaptHelper: adaptSetNotification identity = OplusUAwareInputHelpersrc = 1000 , type 1 ,p1 = -1 ,p2 = -1 ,p3 = -1 ,p4 =
02-20 22:02:16.123  3348  4381 I [UAH_CLIENT]: uahRuleCtl, ruleId:1000, status:1
02-20 22:02:16.123  3348  4381 I [UAH_CLIENT]: UahRelease, handle:612621
02-20 22:02:16.124  3348  4381 I [UAH_CLIENT]: UahEventAcquire, cmdid:7, pkg:none, identity:OplusUAwareInputHelper
02-20 22:02:16.127  1679  1395 I vendor.qti.bluetooth@1.0-ibs_handler: [ibs_handler.cpp:905] DeviceSleep: TX Awake, Sending SLEEP_IND
02-20 22:02:16.128  1679  1395 D vendor.qti.bluetooth@1.0-ibs_handler: [ibs_handler.cpp:391] SerialClockVote: vote for UART CLK OFF
02-20 22:02:16.128  3348  3626 D AutofillUI: destroySaveUiUiThread(): already destroyed
02-20 22:02:16.130  3348  4986 I OplusHansManager : FastFreeze exit, unfreeze uids: [10331]
02-20 22:02:16.131  3348  4986 I OplusHansManager : exit FastFreezer, unfreeze uids: [10331] thaw: [], reason: exitFF
02-20 22:02:16.131  3348  4986 I OplusHansManager : notify state machine event=FF_EXIT to uids=[10430, 10321, 10331, 10386]
02-20 22:02:16.131  3348  4735 I OplusHansManager : FF exit, uid=10331, pkg=org.telegram.messenger M transition to F
02-20 22:02:16.132  3348  4735 I OplusHansManager : uid=10331, pkg=org.telegram.messenger F enter(), M stay=11
02-20 22:02:16.132  3348  5208 W UserManagerService: Requested status bar icon for non-badged user 0
02-20 22:02:16.135  3348  4735 I OplusHansManager : freeze uid: 10331 org.telegram.messenger pids: [2941] scene: LcdOn
02-20 22:02:16.135  3348  5208 W UserManagerService: Requested status bar icon for non-badged user 0
02-20 22:02:16.136  3348  4741 I OplusHansManager : p_BC uid=10331 pkg=org.telegram.messenger
02-20 22:02:16.136  3348  4741 I OplusBinderProxy: proxyBinder uid: 10331 pkg: org.telegram.messenger proxy: true calling: OFreezer
02-20 22:02:16.136 10741 10758 D IHansComunication: HANS sendMessageToKernel: threadId = 519439367280, netLinkSetup = 1, type = PKG, targetUid = 10331, pkgCmd = ADD_ONE_UID
02-20 22:02:16.141  3348  4676 W UserManagerService: Requested status bar icon for non-badged user 0
02-20 22:02:16.179  7613  7613 E .renderflow.app: Unknown bits set in runtime_flags: 0x40000000
02-20 22:02:16.179  7613  7613 I .renderflow.app: Using CollectorTypeCMC GC.
02-20 22:02:16.188  4753  5294 D IMApp-307-10321: commonScoreStrategy scenarios low package
02-20 22:02:16.197  7613  7613 D nativeloader: Load libframework-connectivity-tiramisu-jni.so using APEX ns com_android_tethering for caller /apex/com.android.tethering/javalib/framework-connectivity-t.jar: ok
02-20 22:02:16.199  7613  7613 D OplusActivityThreadExtImpl: java.lang.NoSuchMethodException: dalvik.system.VMRuntime.SupressionGC [int, int]
02-20 22:02:16.200  7613  7613 W libc    : Access denied finding property "persist.vendor.sys.activitylog"
02-20 22:02:16.200  7613  7613 I OneTrace: Mark active for pid=7613? true
02-20 22:02:16.200  7613  7613 D cutils-dev: otrace_set_tracing_enabled? true tag:0
02-20 22:02:16.200  7613  7613 D cutils-dev: properties changed in otrace_seq_number_changed!
02-20 22:02:16.203  3348  4218 E OplusUIFirst_TS: Failed to connect bpf bin: -1
02-20 22:02:16.204 11792 11816 E ANDR-PERF-LM: MetaMeter: handleAsync() 166: AdaptLaunch Invalid Async
02-20 22:02:16.224  3348  4676 D RGBNormalizeServer: OplusRGBNormalize feature enabled ? false
02-20 22:02:16.224  3348  4676 D ResourcesManagerCache: For package com.renderflow.app we got cacheList [null] appInfoExt is null ? false hasFeature ? false
02-20 22:02:16.226  3348  4218 E OplusUIFirst_TS: Failed to connect bpf bin: -1
02-20 22:02:16.226  3348  4218 E OplusUIFirst_TS: Failed to connect bpf bin: -1
02-20 22:02:16.227  3348  4676 D WindowManager: rotation(ROTATION_0) no changed  displayId = 0, lastOrientation = 1
02-20 22:02:16.227  3348  4676 I TaskOrganizerController: onTaskInfoChanged taskid 13610 config { mBounds=Rect(0, 0 - 1080, 2412) mAppBounds=Rect(0, 0 - 1080, 2412) mMaxBounds=Rect(0, 0 - 1080, 2412) mDisplayRotation=ROTATION_0 mWindowingMode=fullscreen mActivityType=standard mAlwaysOnTop=undefined mRotation=ROTATION_0}
02-20 22:02:16.227  3348  4676 D OplusFlexibleWindowMinimizedManagerHelper: onTaskInfoChanged taskInfo:TaskInfo{userId=0 taskId=13610 displayId=0 isRunning=true baseIntent=Intent { act=android.intent.action.MAIN cat=[android.intent.category.LAUNCHER] flg=0x10200000 cmp=com.renderflow.app/.MainActivity mCallingUid=2000 } baseActivity=ComponentInfo{com.renderflow.app/com.renderflow.app.MainActivity} topActivity=ComponentInfo{com.renderflow.app/com.renderflow.app.MainActivity} origActivity=null realActivity=ComponentInfo{com.renderflow.app/com.renderflow.app.MainActivity} numActivities=1 lastActiveTime=711310895 supportsSplitScreenMultiWindow=true supportsMultiWindow=true supportsPocketStudioMultiWindow=true isInFlexibleEmbedded = false uid = 10430 pid = 7613 resizeMode=1 isResizeable=true minWidth=-1 minHeight=-1 defaultMinSize=220 token=WCT{RemoteToken{ba6ed5f Task{9af9ddd #13610 type=standard A=10430:com.renderflow.app}}} topActivityType=1 pictureInPictureParams=null shouldDockBigOverlays=false launchIntoPipHostTaskId=-1 lastParentTaskIdBeforePip=-1 displayCutoutSafeInsets=Rect(0, 96 - 0, 0) topActivityInfo=ActivityInfo{ccb46f1 com.renderflow.app.MainActivity} launchCookies=[] positionInParent=Point(0, 0) parentTaskId=-1 isFocused=false isVisible=true isVisibleRequested=true isSleeping=false locusId=null displayAreaFeatureId=1 isTopActivityTransparent=false appCompatTaskInfo=AppCompatTaskInfo { topActivityInSizeCompat=false topActivityInOplusCompatMode=false topActivityEligibleForLetterboxEducation= falseisLetterboxEducationEnabled= false isLetterboxDoubleTapEnabled= false topActivityEligibleForUserAspectRatioButton= false topActivityBoundsLetterboxed= false isFromLetterboxDoubleTap= false topActivityLetterboxVerticalPosition= -1 topActivityLetterboxHorizontalPosition= -1 topActivityLetterboxWidth=1080 topActivityLetterboxHeight=2412 isUserFullscreenOverrideEnabled=false isSystemFullscreenOverrideEnabled=false cameraCompatTaskInfo=CameraCompatTaskInfo { cameraCompatControlState=hidden freeformCameraCompatMode=inactive}} topActivityLetterboxInsets=Rect(0, 0 - 0, 0) mOplusExtraBundle = Bundle[{androidx.flexible.taskFrame=Rect(0, 0 - 0, 0), key_flexible_task_state=0, androidx.activity.LaunchScenario=0, androidx.activity.LaunchScale=1.0}]} task:Task{9af9ddd #13610 type=standard A=10430:com.renderflow.app}
02-20 22:02:16.227  3348  4676 D OplusFlexibleDragToSplitAnimController: visibleFlexibleTaskInfos delete:13610
02-20 22:02:16.227  3348  4676 D OplusFlexibleDragAnimationBaseState: handleRunningTaskInfo:TaskInfo{userId=0 taskId=13610 displayId=0 isRunning=true baseIntent=Intent { act=android.intent.action.MAIN cat=[android.intent.category.LAUNCHER] flg=0x10200000 cmp=com.renderflow.app/.MainActivity mCallingUid=2000 } baseActivity=ComponentInfo{com.renderflow.app/com.renderflow.app.MainActivity} topActivity=ComponentInfo{com.renderflow.app/com.renderflow.app.MainActivity} origActivity=null realActivity=ComponentInfo{com.renderflow.app/com.renderflow.app.MainActivity} numActivities=1 lastActiveTime=711310895 supportsSplitScreenMultiWindow=true supportsMultiWindow=true supportsPocketStudioMultiWindow=true isInFlexibleEmbedded = false uid = 10430 pid = 7613 resizeMode=1 isResizeable=true minWidth=-1 minHeight=-1 defaultMinSize=220 token=WCT{RemoteToken{ba6ed5f Task{9af9ddd #13610 type=standard A=10430:com.renderflow.app}}} topActivityType=1 pictureInPictureParams=null shouldDockBigOverlays=false launchIntoPipHostTaskId=-1 lastParentTaskIdBeforePip=-1 displayCutoutSafeInsets=Rect(0, 96 - 0, 0) topActivityInfo=ActivityInfo{ccb46f1 com.renderflow.app.MainActivity} launchCookies=[] positionInParent=Point(0, 0) parentTaskId=-1 isFocused=false isVisible=true isVisibleRequested=true isSleeping=false locusId=null displayAreaFeatureId=1 isTopActivityTransparent=false appCompatTaskInfo=AppCompatTaskInfo { topActivityInSizeCompat=false topActivityInOplusCompatMode=false topActivityEligibleForLetterboxEducation= falseisLetterboxEducationEnabled= false isLetterboxDoubleTapEnabled= false topActivityEligibleForUserAspectRatioButton= false topActivityBoundsLetterboxed= false isFromLetterboxDoubleTap= false topActivityLetterboxVerticalPosition= -1 topActivityLetterboxHorizontalPosition= -1 topActivityLetterboxWidth=1080 topActivityLetterboxHeight=2412 isUserFullscreenOverrideEnabled=false isSystemFullscreenOverrideEnabled=false cameraCompatTaskInfo=CameraCompatTaskInfo { cameraCompatControlState=hidden freeformCameraCompatMode=inactive}} topActivityLetterboxInsets=Rect(0, 0 - 0, 0) mOplusExtraBundle = Bundle[{androidx.flexible.taskFrame=Rect(0, 0 - 0, 0), key_flexible_task_state=0, androidx.activity.LaunchScenario=0, androidx.activity.LaunchScale=1.0}]}state:0
02-20 22:02:16.227  3348  4676 D OplusCameraStartupOptimization: cameraPreopenIfNeed, r = ActivityRecord{e2c0a87 u0 com.renderflow.app/.MainActivity t13610}
02-20 22:02:16.227  3348  4676 D OplusCameraStartupOptimization: needOptimizeForCamera bNeedOptimize:false clsName: com.renderflow.app/.MainActivity
02-20 22:02:16.228  3348  4676 D OplusFeatureColorMode: ColorMode getColorMode =8
02-20 22:02:16.228  3348  4676 D ColorDisplayServiceExtImpl: getWCGVersion1App, packageName=com.renderflow.app, sSupportWCG1 = true, nRet = 0
02-20 22:02:16.228  4382  4445 D ShellTaskOrganizerExt: visibleFlexibleTaskInfos delete:13610
02-20 22:02:16.228  4382  4445 D ShellTaskOrganizerExt: isOnCanvas size:0
02-20 22:02:16.228  4382  4445 D ShellTaskOrganizerExt: isOnThreeFlexibleCanvas size:0
02-20 22:02:16.230  3348  3639 I UserAwareMgr: handleTopAppChanged: com.renderflow.app, pid: 7613, uid: 10430
02-20 22:02:16.230  3348  4676 D ActivityTaskManager: onWindowFocusChanged Task{9af9ddd #13610 type=standard A=10430:com.renderflow.app} would transfer to compact
02-20 22:02:16.230  3348  4676 I InputDispatcher: setFocusedApplication displayId=0 ActivityRecord{e2c0a87 u0 com.renderflow.app/.MainActivity t13610}
02-20 22:02:16.230  3348  4676 D ActivityTaskManager: NFW_setLastResumedActivityUncheckLocked:true r:ActivityRecord{e2c0a87 u0 com.renderflow.app/.MainActivity t13610} currentFocus:null
02-20 22:02:16.230  3348  4676 D WindowManager: NFW_findFocusedWindowIfNeeded:null mCurrentFocus:null
02-20 22:02:16.230  3348  4676 D FlexibleTaskController: onTaskFocusChanged prevTask:Task{6d380dd #13602 type=standard A=10321:com.whatsapp} ,currentTask:Task{9af9ddd #13610 type=standard A=10430:com.renderflow.app}, reason: realStartActivityLocked - onActivityStateChanged
02-20 22:02:16.230  3348  4676 D OplusFlexibleDCSManager: onNextPkgChanged pkg = com.renderflow.app
02-20 22:02:16.230  3348  4676 I OplusAppSwitchManagerService: appswitch hasProcess ActivityRecord{e2c0a87 u0 com.renderflow.app/.MainActivity t13610}
02-20 22:02:16.230  3348  4676 I OplusJoystickManager: handleApplicationSwitch deprecated!
02-20 22:02:16.230  3348  4171 I [UAH_CLIENT]: UahEventAcquire, cmdid:0, pkg:com.renderflow.app, identity:com.android.server.wm
02-20 22:02:16.230  3348  4676 I OplusAppSwitchManagerService: appswitch hasProcess ActivityRecord{e2c0a87 u0 com.renderflow.app/.MainActivity t13610}
02-20 22:02:16.231  7613  7639 D OplusAppHeapManager: java.lang.NoSuchMethodException: dalvik.system.VMRuntime.updateProcessValue [int, int, int]
02-20 22:02:16.232  7613  7613 D OplusActivityManager: get AMS extension: android.os.BinderProxy@5e29e92
02-20 22:02:16.232  7613  7639 D ColorModeChangeItem: preExecute mColorMode=0
02-20 22:02:16.233  4753  5291 I ProcessManager: onForegroundActivitiesChanged pid:7613, uid:10430, foregroundActivities:true
02-20 22:02:16.233  7613  7613 D callGcSupression: java.lang.NullPointerException: Attempt to invoke virtual method 'java.lang.Object java.lang.reflect.Method.invoke(java.lang.Object, java.lang.Object[])' on a null object reference
02-20 22:02:16.234  7613  7613 D CompactWindowAppManager: initCompactApplicationInfo CompactMode: , NormalMode: 
02-20 22:02:16.233  5581  5620 D OplusAtlas.OplusAtlasEventDispatch: setEvent:atlas_event_on_foreground_activities_changed info:pid:7613,uid:10430,hasForegroundActivities:1
02-20 22:02:16.236  5581  9126 D OplusAtlas.OplusAudioScene: callback success event:atlas_event_on_foreground_activities_changed eventInfo:pid:7613,uid:10430,hasForegroundActivities:1
02-20 22:02:16.236  7613  7613 D OplusScrollToTopManager: setIsInWhiteList false
02-20 22:02:16.236  7613  7613 D OplusViewDebugManager: OplusViewDebugManager Constructor android.view.debug.OplusViewDebugManager@d96f460 [mHasViewDebugProperty true] [mHasMsgDebugProperty false] [DEBUG false] [EXTRAINFOENABLE false] [LIGHT_OS false]
02-20 22:02:16.237  7613  7613 D CompatChangeReporter: Compat change id reported: 242716250; UID 10430; state: ENABLED
02-20 22:02:16.238  4225 17276 V DCSEX-AppSwitchManager: OnAppSwitchObserver: onAppExit, resuming = com.renderflow.app, target = com.whatsapp, is ResumingFirstStart =  true, is ResumingMultiApp =  false, extensionInfo =  Bundle[mParcelledData.dataSize=128]
02-20 22:02:16.240  7613  7613 W libc    : Access denied finding property "ro.odm.prev.product.name"
02-20 22:02:16.239  4753  5291 D RunningProcessManager: update process info end, cost(ms) = 6
02-20 22:02:16.240  4225  4292 D DCSEX-AppLaunchEventRecorder: onAppSwitch from = com.whatsapp to = com.renderflow.app
02-20 22:02:16.241  4225  4292 D DCSEX-AppLaunchEventRecorder: recordExitApp = com.whatsapp
02-20 22:02:16.245  4753  9273 E PackageUidManager: pkgs is empty for uid 10430
02-20 22:02:16.245  3348  3653 E OplusThermalStats: Error getting package info: com.renderflow.app
02-20 22:02:16.247  3348  4843 D OplusWifiPower_TriggerCenter: mComponentCallback: fgapplist
02-20 22:02:16.247  3348  4843 D OplusAppSwitchListener: Detect com.whatsapp switch to background
02-20 22:02:16.247  3348  4843 D OplusFeatureReduceBrightness: onAppExit , info = com.whatsapp
02-20 22:02:16.247  3348  4843 D OplusEapManager: mTargetExitName :com.whatsapp
02-20 22:02:16.236  5581  9922 D OplusAtlas.OplusMessageHandler: handleMessage: Msg { when=0 what=2 obj=com.oplus.atlas.OplusAtlasEvent@c411b4 target=com.oplus.atlas.OplusMessageHandler$MyHandler }
02-20 22:02:16.247  3348  3676 D VRR [OPlusRefreshRateService]: handleFrontAppChange pkgName: null
02-20 22:02:16.248  5581  9135 D OplusAtlas.OplusMessageHandler: handleMessage: Msg { when=0 what=0 obj=com.oplus.atlas.OplusAtlasEvent@c411b4 target=com.oplus.atlas.OplusMessageHandler$MyHandler }
02-20 22:02:16.250  4753  5291 D RunningProcessManager: dispatch process change end, cost(ms) = 1
02-20 22:02:16.250  4753  5291 I RunningProcessManager: onProcessAdded: pid = 1228
02-20 22:02:16.250  4753  5291 I RunningProcessManager: onProcessAdded: pid = 2941
02-20 22:02:16.250  4753  5291 I RunningProcessManager: onProcessAdded: pid = 3160
02-20 22:02:16.250  4753  5291 I RunningProcessManager: onProcessAdded: pid = 3723
02-20 22:02:16.250  4753  5291 I RunningProcessManager: onProcessAdded: pid = 3769
02-20 22:02:16.250  4753  5291 I RunningProcessManager: onProcessAdded: pid = 6636
02-20 22:02:16.250  4753  5291 I RunningProcessManager: onProcessAdded: pid = 7613
02-20 22:02:16.250  4753  5291 I RunningProcessManager: onProcessAdded: pid = 31411
02-20 22:02:16.250  4753  5291 I RunningProcessManager: onProcessAdded: pid = 32694
02-20 22:02:16.250  4753  5291 I RunningProcessManager: onProcessAdded: pid = 32746
02-20 22:02:16.250  4753  5291 I RunningProcessManager: onUidSilent: uid = 10074
02-20 22:02:16.250  4753  5291 I ConferenceScene: preconditionChanged 10074 false
02-20 22:02:16.250  4753  5291 I RunningProcessManager: onUidSilent: uid = 10077
02-20 22:02:16.250  4753  5291 I ConferenceScene: preconditionChanged 10077 false
02-20 22:02:16.250  4753  5293 D ActivityAdapter: onCommonAppExit: OplusAppExitInfo = {  targetName = com.whatsapp hasResumingActivity = true resumingPackageName = com.renderflow.app resumingActivityName = com.renderflow.app.MainActivity resumingWindowMode = 1 isResumingMultiApp = false isResumingFirstStart = true extension = Bundle[mParcelledData.dataSize=128]}
02-20 22:02:16.250  4753  5291 I RunningProcessManager: onUidSilent: uid = 10101
02-20 22:02:16.250  4753  5291 I ConferenceScene: preconditionChanged 10101 false
02-20 22:02:16.250  4753  5291 I RunningProcessManager: onUidSilent: uid = 10121
02-20 22:02:16.251  4753  5291 I ConferenceScene: preconditionChanged 10121 false
02-20 22:02:16.251  4753  5291 I RunningProcessManager: onUidSilent: uid = 10138
02-20 22:02:16.251  4753  5291 I ConferenceScene: preconditionChanged 10138 false
02-20 22:02:16.251  4753  5291 I RunningProcessManager: onUidSilent: uid = 10152
02-20 22:02:16.251  4753  5291 I ConferenceScene: preconditionChanged 10152 false
02-20 22:02:16.251  4753  5291 I RunningProcessManager: onUidSilent: uid = 10161
02-20 22:02:16.251  4753  5291 I ConferenceScene: preconditionChanged 10161 false
02-20 22:02:16.251  4753  5291 I RunningProcessManager: onUidSilent: uid = 10168
02-20 22:02:16.251  4753  5291 I ConferenceScene: preconditionChanged 10168 false
02-20 22:02:16.251  4753  5291 I RunningProcessManager: onUidSilent: uid = 10202
02-20 22:02:16.251  4753  5291 I ConferenceScene: preconditionChanged 10202 false
02-20 22:02:16.251  4753  5291 I RunningProcessManager: onUidSilent: uid = 10240
02-20 22:02:16.251  4753  5291 I ConferenceScene: preconditionChanged 10240 false
02-20 22:02:16.251  4753  5291 I RunningProcessManager: onUidSilent: uid = 10252
02-20 22:02:16.251  4753  5291 I ConferenceScene: preconditionChanged 10252 false
02-20 22:02:16.251  4753  5291 I RunningProcessManager: onUidSilent: uid = 10257
02-20 22:02:16.251  4753  5291 I ConferenceScene: preconditionChanged 10257 false
02-20 22:02:16.251  4753  5291 I RunningProcessManager: onUidSilent: uid = 10270
02-20 22:02:16.251  4753  5291 I ConferenceScene: preconditionChanged 10270 false
02-20 22:02:16.251  4753  5291 I RunningProcessManager: onUidSilent: uid = 10282
02-20 22:02:16.251  4753  5291 I ConferenceScene: preconditionChanged 10282 false
02-20 22:02:16.251  1976 21036 D AudioFlingerExtImpl: AudioFlingerExtImpl oplusSetParameters: keyvalue onForegroundActivitiesChanged=com.renderflow.app:foreground:1
02-20 22:02:16.251  4753  5291 I RunningProcessManager: onUidSilent: uid = 10294
02-20 22:02:16.251  4753  5291 I ConferenceScene: preconditionChanged 10294 false
02-20 22:02:16.251  4753  5291 I RunningProcessManager: onUidSilent: uid = 10324
02-20 22:02:16.251  1976 21036 D AudioFlingerExtImpl: updateForegroundInfo mForegroundMap(3)|[com.renderflow.app]=1|[com.whatsapp]=1|[ru.zdevs.zarchiver]=1
02-20 22:02:16.251  4753  5291 I ConferenceScene: preconditionChanged 10324 false
02-20 22:02:16.251 12550 27178 W Battery : AppSwitchDetectorV2: OnAppSwitchObserver: onAppExit , info = OplusAppExitInfo = {  targetName = com.whatsapp hasResumingActivity = true resumingPackageName = com.renderflow.app resumingActivityName = com.renderflow.app.MainActivity resumingWindowMode = 1 isResumingMultiApp = false isResumingFirstStart = true extension = Bundle[mParcelledData.dataSize=128]}
02-20 22:02:16.251  4753  5291 I RunningProcessManager: onUidSilent: uid = 10325
02-20 22:02:16.251  4753  5291 I ConferenceScene: preconditionChanged 10325 false
02-20 22:02:16.251  4753  5291 I RunningProcessManager: onUidSilent: uid = 10338
02-20 22:02:16.251  4753  5291 I ConferenceScene: preconditionChanged 10338 false
02-20 22:02:16.251  4753  5291 I RunningProcessManager: onUidSilent: uid = 10413
02-20 22:02:16.251  4753  5291 I ConferenceScene: preconditionChanged 10413 false
02-20 22:02:16.251  4753  5291 I RunningProcessManager: onUidAdded: uid = 10219
02-20 22:02:16.251  4753  5291 I RunningProcessManager: onUidAdded: uid = 10331
02-20 22:02:16.251  4753  5291 I RunningProcessManager: onUidAdded: uid = 10430
02-20 22:02:16.252 12550 27178 W Battery : ThermalControlUtils: mForegroundPkg=com.renderflow.app mLastWindowMode=1
02-20 22:02:16.252  3348  4843 D OplusAppSwitchListener: Detect com.renderflow.app switch to foreground
02-20 22:02:16.252  3348  4843 D OplusFeatureRiderMode: onAppEnter , info = com.renderflow.app
02-20 22:02:16.252  4225 17276 V DCSEX-AppSwitchManager: OnAppSwitchObserver: onAppEnter, launchedFrom =  com.android.shell, target =  com.renderflow.app, is firstStart =  true, is multiApp =  false, extensionInfo =  Bundle[mParcelledData.dataSize=188]
02-20 22:02:16.253  3348  3670 I OplusSmartBrightnessController: handleMessage MSG_POWER_BRIGHTNESS_CHANGED.
02-20 22:02:16.253  3348  4843 D OplusEapManager: mTargetEnterName :com.renderflow.app
02-20 22:02:16.253  3348  4843 D OplusLatencyOptimizerManager: enter pkg: com.renderflow.app isPrevBlackAppTop: false mIsBlackAppTop: false
02-20 22:02:16.253  3348  4843 D VRR [OPlusFrontAppManager]: OnAppSwitchObserver: onAppEnter , info.targetName = com.renderflow.app
02-20 22:02:16.253  3348  3676 D VRR [OPlusRefreshRateService]: handleFrontAppChange pkgName: com.renderflow.app
02-20 22:02:16.253  3348  3676 D VRR [OPlusSAManager]: updateAutoMinfps with nits: 9.658889, mHistOK true, mAmbientOK true, mCctOK true, mIrOK true, mBrightnessOK true, isPkgOK true, SA min fps: 0
02-20 22:02:16.253  4382  4382 I PluginSeedling--Base: SeedlingPluginService-->onStateChange: Bundle[{app_switch_resume_pkg=com.renderflow.app, state=onFrontAppSwitched, isTransientHide=false, app_switch_resume_activity=com.renderflow.app.MainActivity}]
02-20 22:02:16.253  4382  4382 D PluginSeedling--Base: AppFrontManager-->front App changed com.renderflow.app
02-20 22:02:16.253  4382  4382 D PluginSeedling--Base: StatusBarDataManager-->onPluggableInvalidated FRONT_APP
02-20 22:02:16.253  4829  4913 I Athena  : AthenaDynamicReceiver: pre_app:com.whatsapp, next_app:com.renderflow.app(10430|7613)
02-20 22:02:16.257  3348  3668 D ColorAutomaticBrightnessController: MSG_UPDATE_BRIGHTNESS
02-20 22:02:16.257   757 22965 D SceneSDK.1.0.4-SNAPSHOT.757.DeepThinkerAppSwitchAbility: onAppSwitchEvent: AppSwitchEvent(timeStamp=1771606936252, eventType=2, targetName=com.whatsapp, firstStart=false, multiApp=false, windowMode=0, resumingPackageName=com.renderflow.app, resumingActivityName=com.renderflow.app.MainActivity, isResumingMultiApp=false, isResumingFirstStart=true)
02-20 22:02:16.258   757 22965 I metis_v2_AppSwitchDataCollector: AppExitEvent =  com.whatsapp, NextAppName = com.renderflow.app [Metis|com.oplus.metis|1.4.30-7ec9ae5]
02-20 22:02:16.258 12550 27178 W Battery : ThermalControllerCenter: mSafetyState=10000,  mSafetyTestConfigList=01111,10111,11011,11101,11110,00111,01011,01101,01110,10011,10101,10110,11001,11010,11100,11000,11111
02-20 22:02:16.259  4753  5293 D ActivityAdapter: onCommonAppEnter: OplusAppEnterInfo = {  windowMode = 1 targetName = com.renderflow.app multiApp = false firstStart = true launchedFromPackage = com.android.shell intent = Intent { act=android.intent.action.MAIN cat=[android.intent.category.LAUNCHER] flg=0x10200000 cmp=com.renderflow.app/.MainActivity mCallingUid=2000 } extension = Bundle[mParcelledData.dataSize=188]}
02-20 22:02:16.259 12550 27178 W Battery : ThermalControllHandler: tempLevel=[7],userMode=2,gameUserMode=7,appType=-1,envTempType=1,appStates=[],appSwitchSafetyMode=false,split=[],float=[com.whatsapp],full=[com.renderflow.app], tempGear=[7],configItemName=common_config
02-20 22:02:16.260  3348  3567 D OplusBatteryServiceFeature: setSmartCoolDown: coolDown = 3, normalCoolDown = 3, pkgName = com.renderflow.app
02-20 22:02:16.264  4753  5291 D AppSwitchObserver: EventId=21	INPUT_PROCESS_FRONT	TimeStamp =1771606936264	Intent =null	Content =null	Pid =7613	PkgName =com.renderflow.app
02-20 22:02:16.264  4753  5291 D AppSceneEventManager: handleMessage: 101
02-20 22:02:16.264  4753  5291 I DispatcherPolicy: onBaseEvent EventId=21	INPUT_PROCESS_FRONT	TimeStamp =1771606936264	Intent =null	Content =null	Pid =7613	PkgName =com.renderflow.app
02-20 22:02:16.264  4753  5291 I ConferenceScene: event.eventId: 21
02-20 22:02:16.264  4753  5291 I ConferenceScene: uidGroups_contains_uid : false
02-20 22:02:16.264  4753  5291 I GamingScene: onInputEvent : INPUT_PROCESS_FRONT
02-20 22:02:16.264  4753  5291 I GamingScene: isGamePkg : false  pkg: com.renderflow.app
02-20 22:02:16.264  4753  5291 I LiveScene: onInputEvent : INPUT_PROCESS_FRONT
02-20 22:02:16.264  4753  5291 I GamingScene: checkSceneStatus inScene : false  reason : scene_process_front  gameScene : 0
02-20 22:02:16.264  4753  5291 I GamingScene: screenOn : true
02-20 22:02:16.264  4753  5291 I GamingScene: topPackage is equal to mInScenePackage : false  topPackage : com.renderflow.app mInScenePackage : 
02-20 22:02:16.264  4753  5291 I GamingScene: mGamingPkgSet contains topPackage : false  mGamingPkgSet : {}
02-20 22:02:16.265  1901  1901 D vendor.oplus.hardware.charger-V6-service: set cooldown:3,  normalCoolDown:3
02-20 22:02:16.266 12550 13444 W Battery : ThermalControllHandler: MSG_THERMAL_CONTROL_CATEGORY_CHANGED
02-20 22:02:16.266 12550 13102 W Battery : AppSceneCenter: PerfPolicy not enable!
02-20 22:02:16.269   757 22965 D SceneSDK.1.0.4-SNAPSHOT.757.DeepThinkerAppSwitchAbility: onAppSwitchEvent: AppSwitchEvent(timeStamp=1771606936262, eventType=1, targetName=com.renderflow.app, firstStart=true, multiApp=false, windowMode=1, resumingPackageName=, resumingActivityName=, isResumingMultiApp=false, isResumingFirstStart=false)
02-20 22:02:16.269   757 22965 I metis_v2_AppSwitchDataCollector: AppEnterEvent =  com.renderflow.app, windowMode = 1,firstStart = true
02-20 22:02:16.270   757 22965 I metis_v2_AppSwitchDataCollector:  set isNotifiedTVCast
02-20 22:02:16.272   757 22965 E metis_v2_FactManager: There is no subModel: com.oplus.linker
02-20 22:02:16.272   757 22965 I metis_v2_AppSwitchDataCollector: Skip call fire
02-20 22:02:16.278  1679  1381 D vendor.qti.bluetooth@1.0-wake_lock: [wake_lock.cpp:158] Release wakelock is released 
02-20 22:02:16.291  7613  7613 D nativeloader: Configuring clns-7 for other apk /data/app/~~FokPQVPu6AYsHaqdn5bVyg==/com.renderflow.app-pTpD6bbT-vPaao5_ph9eCw==/base.apk. target_sdk_version=34, uses_libraries=, library_path=/data/app/~~FokPQVPu6AYsHaqdn5bVyg==/com.renderflow.app-pTpD6bbT-vPaao5_ph9eCw==/lib/arm64:/data/app/~~FokPQVPu6AYsHaqdn5bVyg==/com.renderflow.app-pTpD6bbT-vPaao5_ph9eCw==/base.apk!/lib/arm64-v8a, permitted_path=/data:/mnt/expand:/data/user/0/com.renderflow.app
02-20 22:02:16.298  7613  7613 V GraphicsEnvironment: Currently set values for:
02-20 22:02:16.298  7613  7613 V GraphicsEnvironment:   angle_gl_driver_selection_pkgs=[]
02-20 22:02:16.298  7613  7613 V GraphicsEnvironment:   angle_gl_driver_selection_values=[]
02-20 22:02:16.298  7613  7613 V GraphicsEnvironment: Global.Settings values are invalid: number of packages: 0, number of values: 0
02-20 22:02:16.298  7613  7613 V GraphicsEnvironment: App is not on the allowlist for updatable production driver.
02-20 22:02:16.299  7613  7613 D ResourcesManagerExtImpl: applyConfigurationToAppResourcesLocked app.getDisplayId() return callback.displayId:-1
02-20 22:02:16.314  7613  7613 W FirebaseApp: Default FirebaseApp failed to initialize because no default options were found. This usually means that com.google.gms:google-services was not applied to your gradle project.
02-20 22:02:16.314  7613  7613 I FirebaseInitProvider: FirebaseApp initialization unsuccessful
02-20 22:02:16.318  7613  7613 D nativeloader: Load libSchedAssistJni.so using system ns (caller=/system/framework/oplus-framework.jar): ok
02-20 22:02:16.319  7613  7613 D ExtensionsLoader: createInstance(64bit) : createExtendedFactory
02-20 22:02:16.319  7613  7613 D ExtensionsLoader: Opened libSchedAssistExtImpl.so
02-20 22:02:16.319  7613  7613 E SchedAssist: sysOpen failed with error=Permission denied
02-20 22:02:16.319  7613  7613 E SchedAssist: open sharedFd failed with error=Permission denied
02-20 22:02:16.319  7613  7613 E SchedAssist: open sharedFd failed with error=Permission denied
02-20 22:02:16.319  7613  7613 E SchedAssist: open sharedFd failed with error=Permission denied
02-20 22:02:16.319  7613  7613 E SchedAssist: open sharedFd failed with error=No such file or directory
02-20 22:02:16.321  7613  7613 D OplusGraphicsEvent: OplusGraphicsEventListener create now!
02-20 22:02:16.322  7613  7613 D OplusGraphicsEvent: addEventListener success!
02-20 22:02:16.323  3348  3567 E ScrollOptim [OplusPerfService]: isScrollOptimEnable: mSoptBean = ScrollOptimBean, mOptEnable=true, mCommonOnly=false, mPreAnimStrategy=1, mPreAnimBlacklist=[com.shopify.arrive, com.quark.browser, com.kyk.world, com.android.launcher], mPreAnimWhitelist=[], mInsertNum=1, mFrameInsertList={com.shopify.arrive={}, com.sankuai.meituan={com.sankuai.waimai.business.page.kingkong.KingKongActivity=0, com.sankuai.waimai.business.page.homepage.TakeoutActivity=3}, com.xueqiu.android={com.xueqiu.android.common.imagebrowse.inner.ui.ImageBrowseActivity=0}, com.sina.weibo={com.sina.weibo.VisitorMainTabActivity=3}, com.tencent.mm={com.tencent.mm.ui.AlbumUI=3, com.tencent.mm.plugin.sns.ui.SnsTimeLineUI=3, com.tencent.mm.plugin.sns.ui.improve.ImproveSnsTimelineUI=3}, com.netease.newsreader.activity={com.netease.newsreader.article.framework.view.NewsPageActivity=0}, com.taobao.idlefish={}, com.kyk.world={}, com.android.launcher={}}, mSCEnableList={com.ss.android.ugc.aweme=[com.ss.android.ugc.aweme.splash.SplashActivity], com.sankuai.meituan=[com.meituan.android.pt.homepage.activity.MainActivity, com.sankuai.waimai.business.restaurant.poicontainer.WMRestaurantActivity, com.sankuai.waimai.business.page.homepage.TakeoutActivity], com.dragon.read=[com.dragon.read.pages.main.MainFragmentActivity], com.sina.weibo=[com.sina.weibo.VisitorMainTabActivity], com.xunmeng.pinduoduo=[com.xunmeng.pinduoduo.activity.NewPageActivity], com.tencent.qqmusic=[com.tencent.qqmusic.activity.AppStarterActivity], com.tencent.mobileqq=[com.qzone.feed.ui.activity.QZoneFriendFeedActivity], com.tencent.qqlive=[com.tencent.qqlive.ona.activity.SplashHomeActivity], com.ct.client=[com.ct.client.activity.MainActivity]}
02-20 22:02:16.323  3348  3567 E ScrollOptim [OplusPerfService]: isScrollOptimEnable: pkgName = com.renderflow.app, output = Bundle[{pre_anim_enable=true, frame_insert_list=null, frame_insert_default_num=1, scroll_changed_enable_list=null}]
02-20 22:02:16.323  7613  7613 D ScrollOptim [ConfigManager]: initOptConfig: pkg= com.renderflow.app, mOptEnable= true, mAnimAheadEnable= true, mInsertDefaultNum= 1, mFrameInsertEnableList= {}, mSCEnableList= []
02-20 22:02:16.328  7613  7613 W SoLoader: Initializing SoLoader: 0
02-20 22:02:16.328  7613  7613 W SoLoader: Recording new base apk path: /data/app/~~FokPQVPu6AYsHaqdn5bVyg==/com.renderflow.app-pTpD6bbT-vPaao5_ph9eCw==/base.apk
02-20 22:02:16.328  7613  7613 W SoLoader: Previously recorded 0 base apk paths.
02-20 22:02:16.329  7613  7613 I SoLoader: Preparing SO source: DirectorySoSource[root = /vendor/lib64 flags = 2]
02-20 22:02:16.329  7613  7613 I SoLoader: Preparing SO source: DirectorySoSource[root = /system/lib64 flags = 2]
02-20 22:02:16.329  7613  7613 I SoLoader: Preparing SO source: DirectApkSoSource[root = [/data/app/~~FokPQVPu6AYsHaqdn5bVyg==/com.renderflow.app-pTpD6bbT-vPaao5_ph9eCw==/base.apk!/lib/arm64-v8a]]
02-20 22:02:16.330  7613  7613 I SoLoader: Preparing SO source: ApplicationSoSource[DirectorySoSource[root = /data/app/~~FokPQVPu6AYsHaqdn5bVyg==/com.renderflow.app-pTpD6bbT-vPaao5_ph9eCw==/lib/arm64 flags = 0]]
02-20 22:02:16.330  7613  7613 I SoLoader: init finish: 4 SO sources prepared
02-20 22:02:16.330  7613  7613 W SoLoader: SoLoader initialized: 8
02-20 22:02:16.331  3348  3567 I ActivityManager: Flag disabled. Ignoring finishAttachApplication from uid: 10430. pid: 7613
02-20 22:02:16.331  7613  7613 D callGcSupression: java.lang.NullPointerException: Attempt to invoke virtual method 'java.lang.Object java.lang.reflect.Method.invoke(java.lang.Object, java.lang.Object[])' on a null object reference
02-20 22:02:16.332  3348  3567 I [UAH_CLIENT]: UahEventAcquire, cmdid:2, pkg:none, identity:OplusActivityManagerServiceEnhance
02-20 22:02:16.333  1981 24526 D GpuServiceExtImpl: getRUSWhiteList  size 0
02-20 22:02:16.333  7613  7613 I HWUI    : SupportApps size 0
02-20 22:02:16.336  7613  7613 D ResourcesManagerExtImpl: applyConfigurationToAppResourcesLocked app.getDisplayId() return callback.displayId:0
02-20 22:02:16.336  7613  7647 D ExtensionsLoader: createInstance(64bit) : createExtendedFactory
02-20 22:02:16.336  7613  7647 D ExtensionsLoader: Opened libSchedAssistExtImpl.so
02-20 22:02:16.347  7613  7613 D AppCompatDelegate: Checking for metadata for AppLocalesMetadataHolderService : Service not found
02-20 22:02:16.355  7613  7613 I oplus.android.OplusFrameworkFactoryImpl: Unknow feature:IOplusTextViewRTLUtilForUG
02-20 22:02:16.356  7613  7613 D nativeloader: Load liboplushwui_jni.so using system ns (caller=/system/framework/oplus-framework.jar): ok
02-20 22:02:16.378  7613  7613 D ScrollOptim [SceneManager]: updateCurrentActivity: mCurrentActivityName=com.renderflow.app.MainActivity, isOptEnable=true, isAnimAheadEnable=true, isFrameInsertEnable=true, InsertNum=1, isEnabledForScrollChanged=false
02-20 22:02:16.379  7613  7613 D ActivityThread: ComponentInfo{com.renderflow.app/com.renderflow.app.MainActivity} checkFinished=false 2
02-20 22:02:16.379  7613  7613 D ResourcesManagerExtImpl: applyConfigurationToAppResourcesLocked app.getDisplayId() return callback.displayId:0
02-20 22:02:16.379  7613  7613 D OplusInputMethodUtil: init sDebug to false, init sDebugIme to false, init sAlwaysOn to false
02-20 22:02:16.380  7613  7613 D OplusInputMethodUtil: updateDebugToClass InputMethodManager.DEBUG = false
02-20 22:02:16.380  7613  7613 D OplusInputMethodUtil: updateDebugToClass ImeFocusController.DEBUG = false
02-20 22:02:16.380  7613  7613 D OplusInputMethodUtil: updateDebugToClass InsetsController.DEBUG = false
02-20 22:02:16.380  7613  7613 D OplusInputMethodUtil: updateDebugToClass BaseInputConnection.DEBUG = false
02-20 22:02:16.381  1988  2280 I SurfaceFlinger: [SF client] NEW(0xb400007ae4d36480) for (7613:com.renderflow.app)
02-20 22:02:16.384  7613  7613 D WindowManager: Add to mViews: com.android.internal.policy.DecorView{c20912d I.E...... R.....ID 0,0-0,0 alpha=1.0 viewInfo = }[MainActivity],pkg= com.renderflow.app
02-20 22:02:16.384  7613  7647 D ExtensionsLoader: createInstance(64bit) : createExtendedFactory
02-20 22:02:16.384  7613  7652 W dev.expo.updates: {"timestamp":1771606936384,"message":"The expo-updates system is explicitly disabled. To enable it, set the enabled setting to true.","code":"InitializationError","level":"warn"}
02-20 22:02:16.385  7613  7647 D ExtensionsLoader: Opened libhwuiextimpl.so
02-20 22:02:16.386  7613  7647 D skia    : setRusSupported enable 0
02-20 22:02:16.386  7613  7613 D ExtensionsLoader: createInstance(64bit) : createExtendedFactory
02-20 22:02:16.386  7613  7613 D ExtensionsLoader: Opened libSchedAssistExtImpl.so
02-20 22:02:16.387  3348  3639 W UserAwareMgr: process owner is not matched: 10, threadName: RenderThread, pid: 7613,tid=7647,owner=fg1
02-20 22:02:16.390  1988  2279 I SurfaceFlinger: [SF client] NEW(0xb400007ae666f480) for (3348:system_server)
02-20 22:02:16.392  3348  4767 I WindowManager: addWindow: New client android.os.BinderProxy@308fb72 : window=Window{39bfbc3 u0 com.renderflow.app/com.renderflow.app.MainActivity}
02-20 22:02:16.393  7613  7613 D ViewRootImplExtImpl: onDisplayChanged -1 for VRI android.view.ViewRootImpl@134475e
