02-21 02:00:53.145 14140 25426 V AconfigFlags: Read Aconfig default flag value android.adaptiveauth.enable_adaptive_auth = true value android.adaptiveauth.report_biometric_auth_attempts = true value android.app.admin.flags.allow_querying_profile_type = true value android.app.admin.flags.allow_screen_brightness_control_on_cope = true value android.app.admin.flags.always_persist_do = true value android.app.admin.flags.assist_content_user_restriction_enabled = true value android.app.admin.flags.backup_connected_apps_settings = false value android.app.admin.flags.backup_service_security_log_event_enabled = true value android.app.admin.flags.coexistence_migration_for_non_emm_management_enabled = true value android.app.admin.flags.copy_account_with_retry_enabled = true value android.app.admin.flags.cross_user_suspension_enabled_ro = false value android.app.admin.flags.dedicated_device_control_api_enabled = true value android.app.admin.flags.dedicated_device_control_enabled = true value android.app.admin.flags.default_sms_personal_app_suspension_fix_enabled = true value android.app.admin.flags.delete_private_space_under_restriction = true value android.app.admin.flags.device_policy_size_tracking_enabled = true value android.app.admin.flags.device_policy_size_tracking_internal_bug_fix_enabled = true value android.app.admin.flags.device_policy_size_tracking_internal_enabled = false value android.app.admin.flags.device_theft_api_enabled = false value android.app.admin.flags.device_theft_impl_enabled = false value android.app.admin.flags.disallow_user_control_bg_usage_fix = true value android.app.admin.flags.disallow_user_control_stopped_state_fix = true value android.app.admin.flags.dmrh_set_app_restrictions = true value android.app.admin.flags.dumpsys_policy_engine_migration_enabled = true value android.app.admin.flags.esim_management_enabled = true value android.app.admin.flags.esim_management_ux_enabled = false value android.app.admin.flags.headless_device_owner_delegate_security_logging_bug_fix = true value android.app.admin.flags.headless_device_owner_provisioning_fix_enabled = true value android.app.admin.flags.headless_device_owner_single_user_enabled = true value android.app.admin.flags.headless_single_min_target_sdk = false value android.app.admin.flags.headless_single_user_bad_device_admin_state_fix = true value android.app.admin.flags.headless_single_user_compatibility_fix = true value android.app.admin.flags.headless_single_user_fixes = true value android.app.admin.flags.hsum_unlock_notification_fix = true value android.app.admin.flags.is_mte_policy_enforced = true value android.app.admin.flags.is_recursive_required_app_merging_enabled = false value android.app.admin.flags.onboarding_bugreport_storage_bug_fix = true value android.app.admin.flags.onboarding_bugreport_v2_enabled = true value android.app.admin.flags.onboarding_consentless_bugreports = true value android.app.admin.flags.permission_migration_for_zero_trust_api_enabled = true value android.app.admin.flags.permission_migration_for_zero_trust_impl_enabled = true value android.app.admin.flags.policy_engine_migration_v2_enabled = true value android.app.admin.flags.power_exemption_bg_usage_fix = true value android.app.admin.flags.quiet_mode_credential_bug_fix = true value android.app.admin.flags.security_log_v2_enabled = true value android.app.admin.flags.unmanaged_mode_migration = false value android.app.api_rich_ongoing = false value android.app.api_tvextender = true value android.app.app_restrictions_api = true value android.app.app_start_info = true value android.app.app_start_info_timestamps = true value android.app.bic_client = true value android.app.category_voicemail = true value android.app.check_autogroup_before_post = false value android.app.clean_up_spans_and_new_lines = false value android.app.clear_dns_cache_on_network_rules_update = true value android.app.compact_heads_up_notification = false value android.app.compact_heads_up_notification_reply = false value android.app.contextualsearch.flags.enable_service = true value android.app.contextualsearch.fl
02-21 02:00:53.146 14140 25426 E AconfigFlags: Failed to read Aconfig values from /vendor/etc/aconfig_flags.pb: open failed: ENOENT (No such file or directory)
02-21 02:00:53.168 14140 25426 D ParsingPackageUtilsExtImpl: adjustXmlValidator skip verify tag packageName: com.renderflow.app , bootCompleted: true
02-21 02:00:56.017  3348  3704 I PackageManager: Continuing with installation of file:///data/app/vmdl1525493018.tmp
02-21 02:00:56.017  3348  3842 D OplusPackageInstallInterceptManager: installStage send adb install pkg:com.renderflow.app   path: /data/app/vmdl1525493018.tmp/base.apk installFlags:4194418
02-21 02:00:56.018  3348  3842 D OplusPackageInstallInterceptManager: installStage send adb replace install, silent
02-21 02:00:56.018  3348  3842 D PackageManager: installStage com.renderflow.app, dir=/data/app/vmdl1525493018.tmp, installerPackageName=null, installerUid=2000, full=false
02-21 02:00:56.018  3348  3842 D PackageManager: installStage com.renderflow.app0
02-21 02:00:56.027  3348  3704 D PackageManager: installStage use for0
02-21 02:00:56.030  3348  3704 D ParsingPackageUtilsExtImpl: adjustXmlValidator skip verify tag packageName: com.renderflow.app , bootCompleted: true
02-21 02:00:56.034  3348  3704 W OplusCustomizePmsFeature: getCustomDisallowInstallListFromPolicy disallowInstallList: []
02-21 02:00:56.043  3348  3644 I ActivityManager: Force stopping com.renderflow.app appid=10431 user=-1: installPackageLI
02-21 02:00:56.044  3348  3704 D IntervalStats: Unable to parse usage stats packages: [474, 530, 557, 604, 612, 621, 622, 632, 640, 641, 642, 645, 648, 651, 652, 653, 654, 655, 659, 660, 661, 662, 663, 666, 667, 668, 669, 672, 674, 676, 679, 680, 687, 705, 708, 709, 710, 711, 713, 714, 715, 716, 717, 718, 719, 720, 721, 723, 727]
02-21 02:00:56.045  3348  3704 D UsageStatsService: User[0] type=2 b=1768942856041 e=1771621256041 cb=1769528906563 ce=1771621252890 disk=451 all=923
02-21 02:00:56.083  3348  3704 I PackageManager: Update package com.renderflow.app code path from /data/app/~~CpSjIAY-83sln8EsHGtONg==/com.renderflow.app-mg048n1uQ0C0ImRR8hmEew== to /data/app/~~wwiHX9k4PthotpehlNklsg==/com.renderflow.app-SciucXrNer13SrDFspLePA==; Retain data and using new
02-21 02:00:56.089  3348  3704 I AppsFilter: interaction: PackageSetting{16ac577 com.android.microdroid.empty_payload/10290} -> PackageSetting{da04e44 com.renderflow.app/10431} BLOCKED
02-21 02:00:56.125  3348  3704 I AppsFilter: interaction: PackageSetting{6f86ded com.wmods.wppenhacer/10324} -> PackageSetting{da04e44 com.renderflow.app/10431} BLOCKED
02-21 02:00:56.126  3348  3704 I AppsFilter: interaction: PackageSetting{37ecd35 com.oplus.locationproxy/10186} -> PackageSetting{da04e44 com.renderflow.app/10431} BLOCKED
02-21 02:00:56.127  3348  3704 I AppsFilter: interaction: PackageSetting{dab9bbe bin.mt.termex/10308} -> PackageSetting{da04e44 com.renderflow.app/10431} BLOCKED
02-21 02:00:56.129  3348  3704 I AppsFilter: interaction: PackageSetting{92928c5 com.android.certinstaller/10227} -> PackageSetting{da04e44 com.renderflow.app/10431} BLOCKED
02-21 02:00:56.141  3348  3704 I AppsFilter: interaction: PackageSetting{4a7f681 com.oplus.location/10244} -> PackageSetting{da04e44 com.renderflow.app/10431} BLOCKED
02-21 02:00:56.153  3348  3704 I AppsFilter: interaction: PackageSetting{16ac577 com.android.microdroid.empty_payload/10290} -> PackageSetting{da04e44 com.renderflow.app/10431} BLOCKED
02-21 02:00:56.169  3348  3704 I AppsFilter: interaction: PackageSetting{6f86ded com.wmods.wppenhacer/10324} -> PackageSetting{da04e44 com.renderflow.app/10431} BLOCKED
02-21 02:00:56.170  3348  3704 I AppsFilter: interaction: PackageSetting{37ecd35 com.oplus.locationproxy/10186} -> PackageSetting{da04e44 com.renderflow.app/10431} BLOCKED
02-21 02:00:56.170  3348  3704 I AppsFilter: interaction: PackageSetting{dab9bbe bin.mt.termex/10308} -> PackageSetting{da04e44 com.renderflow.app/10431} BLOCKED
02-21 02:00:56.172  3348  3704 I AppsFilter: interaction: PackageSetting{92928c5 com.android.certinstaller/10227} -> PackageSetting{da04e44 com.renderflow.app/10431} BLOCKED
02-21 02:00:56.176  3348  3704 I AppsFilter: interaction: PackageSetting{4a7f681 com.oplus.location/10244} -> PackageSetting{da04e44 com.renderflow.app/10431} BLOCKED
02-21 02:00:56.187  3348  3704 I AppsFilter: interaction: PackageSetting{16ac577 com.android.microdroid.empty_payload/10290} -> PackageSetting{b788f02 com.renderflow.app/10431} BLOCKED
02-21 02:00:56.214  3348  3704 I AppsFilter: interaction: PackageSetting{6f86ded com.wmods.wppenhacer/10324} -> PackageSetting{b788f02 com.renderflow.app/10431} BLOCKED
02-21 02:00:56.220  3348  3704 I AppsFilter: interaction: PackageSetting{37ecd35 com.oplus.locationproxy/10186} -> PackageSetting{b788f02 com.renderflow.app/10431} BLOCKED
02-21 02:00:56.221  3348  3704 I AppsFilter: interaction: PackageSetting{dab9bbe bin.mt.termex/10308} -> PackageSetting{b788f02 com.renderflow.app/10431} BLOCKED
02-21 02:00:56.224  3348  3704 I AppsFilter: interaction: PackageSetting{92928c5 com.android.certinstaller/10227} -> PackageSetting{b788f02 com.renderflow.app/10431} BLOCKED
02-21 02:00:56.235  3348  3704 I AppsFilter: interaction: PackageSetting{4a7f681 com.oplus.location/10244} -> PackageSetting{b788f02 com.renderflow.app/10431} BLOCKED
02-21 02:00:56.247  3348  3704 I AppsFilter: interaction: PackageSetting{16ac577 com.android.microdroid.empty_payload/10290} -> PackageSetting{b788f02 com.renderflow.app/10431} BLOCKED
02-21 02:00:56.262  3348  3704 I AppsFilter: interaction: PackageSetting{6f86ded com.wmods.wppenhacer/10324} -> PackageSetting{b788f02 com.renderflow.app/10431} BLOCKED
02-21 02:00:56.263  3348  3704 I AppsFilter: interaction: PackageSetting{37ecd35 com.oplus.locationproxy/10186} -> PackageSetting{b788f02 com.renderflow.app/10431} BLOCKED
02-21 02:00:56.263  3348  3704 I AppsFilter: interaction: PackageSetting{dab9bbe bin.mt.termex/10308} -> PackageSetting{b788f02 com.renderflow.app/10431} BLOCKED
02-21 02:00:56.264  3348  3704 I AppsFilter: interaction: PackageSetting{92928c5 com.android.certinstaller/10227} -> PackageSetting{b788f02 com.renderflow.app/10431} BLOCKED
02-21 02:00:56.269  3348  3704 I AppsFilter: interaction: PackageSetting{4a7f681 com.oplus.location/10244} -> PackageSetting{b788f02 com.renderflow.app/10431} BLOCKED
02-21 02:00:56.401  3348  3704 D PackageManager: skipInstallInMultiUser com.renderflow.app
02-21 02:00:56.459  3348  3704 D OplusPackageAbiHelper: notifyPackageAddOrChange :com.renderflow.app primaryabi = arm64-v8a secondabi = null
02-21 02:00:56.495  3348  3677 W PackageSettings: writeFreezeToXml ustate isn't instance of PackageUserStateImpl
02-21 02:00:56.495  3348  3677 W PackageSettings: writeFreezeToXml ustate isn't instance of PackageUserStateImpl
02-21 02:00:56.495  3348  3677 W PackageSettings: writeFreezeToXml ustate isn't instance of PackageUserStateImpl
02-21 02:00:56.495  3348  3677 W PackageSettings: writeFreezeToXml ustate isn't instance of PackageUserStateImpl
02-21 02:00:56.495  3348  3677 W PackageSettings: writeFreezeToXml ustate isn't instance of PackageUserStateImpl
02-21 02:00:56.495  3348  3677 W PackageSettings: writeFreezeToXml ustate isn't instance of PackageUserStateImpl
02-21 02:00:56.495  3348  3677 W PackageSettings: writeFreezeToXml ustate isn't instance of PackageUserStateImpl
02-21 02:00:56.495  3348  3677 W PackageSettings: writeFreezeToXml ustate isn't instance of PackageUserStateImpl
02-21 02:00:56.495  3348  3677 W PackageSettings: writeFreezeToXml ustate isn't instance of PackageUserStateImpl
02-21 02:00:56.495  3348  3677 W PackageSettings: writeFreezeToXml ustate isn't instance of PackageUserStateImpl
02-21 02:00:56.495  3348  3677 W PackageSettings: writeFreezeToXml ustate isn't instance of PackageUserStateImpl
02-21 02:00:56.495  3348  3677 W PackageSettings: writeFreezeToXml ustate isn't instance of PackageUserStateImpl
02-21 02:00:56.495  3348  3677 W PackageSettings: writeFreezeToXml ustate isn't instance of PackageUserStateImpl
02-21 02:00:56.496  3348  3677 W PackageSettings: writeFreezeToXml ustate isn't instance of PackageUserStateImpl
02-21 02:00:56.496  3348  3677 W PackageSettings: writeFreezeToXml ustate isn't instance of PackageUserStateImpl
02-21 02:00:56.496  3348  3677 W PackageSettings: writeFreezeToXml ustate isn't instance of PackageUserStateImpl
02-21 02:00:56.496  3348  3677 W PackageSettings: writeFreezeToXml ustate isn't instance of PackageUserStateImpl
02-21 02:00:56.496  3348  3677 W PackageSettings: writeFreezeToXml ustate isn't instance of PackageUserStateImpl
02-21 02:00:56.496  3348  3677 W PackageSettings: writeFreezeToXml ustate isn't instance of PackageUserStateImpl
02-21 02:00:56.496  3348  3677 W PackageSettings: writeFreezeToXml ustate isn't instance of PackageUserStateImpl
02-21 02:00:56.496  3348  3677 W PackageSettings: writeFreezeToXml ustate isn't instance of PackageUserStateImpl
02-21 02:00:56.496  3348  3677 W PackageSettings: writeFreezeToXml ustate isn't instance of PackageUserStateImpl
02-21 02:00:56.496  3348  3677 W PackageSettings: writeFreezeToXml ustate isn't instance of PackageUserStateImpl
02-21 02:00:56.496  3348  3677 W PackageSettings: writeFreezeToXml ustate isn't instance of PackageUserStateImpl
02-21 02:00:56.496  3348  3677 W PackageSettings: writeFreezeToXml ustate isn't instance of PackageUserStateImpl
02-21 02:00:56.496  3348  3677 W PackageSettings: writeFreezeToXml ustate isn't instance of PackageUserStateImpl
02-21 02:00:56.496  3348  3677 W PackageSettings: writeFreezeToXml ustate isn't instance of PackageUserStateImpl
02-21 02:00:56.496  3348  3677 W PackageSettings: writeFreezeToXml ustate isn't instance of PackageUserStateImpl
02-21 02:00:56.497  3348  3677 W PackageSettings: writeFreezeToXml ustate isn't instance of PackageUserStateImpl
02-21 02:00:56.497  3348  3677 W PackageSettings: writeFreezeToXml ustate isn't instance of PackageUserStateImpl
02-21 02:00:56.497  3348  3677 W PackageSettings: writeFreezeToXml ustate isn't instance of PackageUserStateImpl
02-21 02:00:56.497  3348  3677 W PackageSettings: writeFreezeToXml ustate isn't instance of PackageUserStateImpl
02-21 02:00:56.497  3348  3677 W PackageSettings: writeFreezeToXml ustate isn't instance of PackageUserStateImpl
02-21 02:00:56.497  3348  3677 W PackageSettings: writeFreezeToXml ustate isn't instance of PackageUserStateImpl
02-21 02:00:56.497  3348  3677 W PackageSettings: writeFreezeToXml ustate isn't instance of PackageUserStateImpl
02-21 02:00:56.509 25528 25528 E vold    : [cherry] mount func exit: Bad file descriptor
02-21 02:00:56.511 25529 25529 E vold    : [cherry] timer_pid: Bad file descriptor
02-21 02:00:56.515 25527 25527 E vold    : [cherry] mount func exec success: No such file or directory
02-21 02:00:56.515  3348  3348 W HealthFirstGrantTimeMan: onPermissionsChanged: no known packages for UID: 99910431
02-21 02:00:56.525  3348  3348 D HealthConnectTrackerManagerImpl: No packages eligible for step tracking. Aborting initialization.
02-21 02:00:56.532  3348  3348 W HealthFirstGrantTimeMan: onPermissionsChanged: no known packages for UID: 99910431
02-21 02:00:56.536  3348  3348 D HealthConnectTrackerManagerImpl: No packages eligible for step tracking. Aborting initialization.
02-21 02:00:56.540  3348  3704 D OplusDexSceneManager: Starting attach context  for  com.renderflow.app reason: install
02-21 02:00:56.540  3348  3704 D OplusDexSceneManager: isTopAppFront =======com.android.launcher:false
02-21 02:00:56.540  3348  3704 D OplusDexSceneManager: OplusDex Framework didnot works!
02-21 02:00:56.540  3348  3704 W OplusSingleDexoptContainerImpl: oplus checkAndSetBeforeStart success: packageName= com.renderflow.app priority= 60 compilerFilter= speed-profile
02-21 02:00:56.606  3348  4741 I NativeFreezeManager: getCPULoad cpu Loading: 45
02-21 02:00:57.254  3348  3704 D OplusDexoptStatisticHelper: dexopt notify to athena: com.renderflow.app
02-21 02:00:57.266  3348  3704 W OplusDexoptStatisticHelper: recordDex2oatInfo: time:1771621257265,pid:0,alt:577,cpt:770,rea:install,flt:verify,rlt:20,path:/data/app/~~wwiHX9k4PthotpehlNklsg==/com.renderflow.app-SciucXrNer13SrDFspLePA==/base.apk
02-21 02:00:57.280  5287  5750 I iopgp   : iopgp dexopt update, package = com.renderflow.app
02-21 02:00:57.281  5287  5287 D iopgp   : CleanSinglePackage: com.renderflow.app
02-21 02:00:57.331  3348  3704 I AppsFilter: interaction: PackageSetting{1f15fb0 com.android.microdroid.empty_payload/10290} -> PackageSetting{6cbde76 com.renderflow.app/10431} BLOCKED
02-21 02:00:57.345  3348  3704 I AppsFilter: interaction: PackageSetting{a569a7a com.wmods.wppenhacer/10324} -> PackageSetting{6cbde76 com.renderflow.app/10431} BLOCKED
02-21 02:00:57.346  3348  3704 I AppsFilter: interaction: PackageSetting{bc76ed com.oplus.locationproxy/10186} -> PackageSetting{6cbde76 com.renderflow.app/10431} BLOCKED
02-21 02:00:57.346  3348  3704 I AppsFilter: interaction: PackageSetting{e5ae758 bin.mt.termex/10308} -> PackageSetting{6cbde76 com.renderflow.app/10431} BLOCKED
02-21 02:00:57.347  3348  3704 I AppsFilter: interaction: PackageSetting{6a8a24b com.android.certinstaller/10227} -> PackageSetting{6cbde76 com.renderflow.app/10431} BLOCKED
02-21 02:00:57.352  3348  3704 I AppsFilter: interaction: PackageSetting{2542011 com.oplus.location/10244} -> PackageSetting{6cbde76 com.renderflow.app/10431} BLOCKED
02-21 02:00:57.361  3348  3704 D InstallerExtImpl: Avoid to hold lock when rmPackageDir
02-21 02:00:57.373  3348  3704 D InstallerExtImpl: Avoid to hold lock when rmPackageDir
02-21 02:00:57.377  3348  3704 D UserUninstallRecorder: not care com.renderflow.app installed.
02-21 02:00:57.377  3348  3704 I ActivityManager: Force stopping com.renderflow.app appid=10431 user=0: pkg removed
02-21 02:00:57.402  3348  3704 I ActivityManager: Force stopping com.renderflow.app appid=10431 user=0: pkg removed
02-21 02:00:57.419  3348  3645 I ActivityManager: Start proc 25563:com.oplus.phonemanager/u0a138 for broadcast {com.oplus.phonemanager/com.oplus.phonemanager.virusdetect.receiver.RealTimeMonitorReceiver}
02-21 02:00:57.422  3348  3635 V AutofillManagerService: onPackageUpdateStarted(): com.renderflow.app
02-21 02:00:57.423  3348  4121 D ShortcutService: received package broadcast intent: Intent { act=android.intent.action.PACKAGE_REMOVED dat=package: flg=0x4000010 (has extras) }
02-21 02:00:57.430  3348  4074 D CompatChangeReporter: Compat change id reported: 297989574; UID 1000; state: ENABLED
02-21 02:00:57.448  3348  4121 D ShortcutService: received package broadcast intent: Intent { act=android.intent.action.PACKAGE_ADDED dat=package: flg=0x4000010 (has extras) }
02-21 02:00:57.448  3348  4121 D ShortcutService: replacing package: com.renderflow.app userId0
02-21 02:00:57.448  3348  4121 D ShortcutService: handlePackageUpdateFinished: com.renderflow.app user=0
02-21 02:00:57.452  3348  5208 W ActivityManager: Removing FLAG_RECEIVER_FROM_SHELL because caller is UID 1000
02-21 02:00:57.454  3348  3990 V AlarmManager: sending alarm Alarm{8f9acba type 2 origWhen 725632318 whenElapsed 725632318 android} uid 1000 whenElapsed 725632318 windowLength 0 maxWhenElapsed 725632318 repeatInterval 0 action com.android.server.audio.action.CHECK_MUSIC_ACTIVE component null flags 0x9 procName system_server
02-21 02:00:57.459  3348  4053 W PackageConfigPersister: App-specific configuration not found for packageName: com.renderflow.app and userId: 0
02-21 02:00:57.460  3348  3625 W UserManagerService: onPackageModified for another profile 0 from 999
02-21 02:00:57.460  3348  8048 W ActivityManager: Removing FLAG_RECEIVER_FROM_SHELL because caller is UID 1000
02-21 02:00:57.465  3348  3990 V AlarmManager: sending alarm Alarm{f10109d type 3 origWhen 725587766 whenElapsed 725587766 com.google.android.gms} uid 99910116 whenElapsed 725587766 windowLength 11250 maxWhenElapsed 725599016 repeatInterval 0 action com.google.android.gms.auth.authzen.cryptauth.DEVICE_STATE_CHECK_DELAY_COMPLETE component ComponentInfo{com.google.android.gms/com.google.android.gms.chimera.GmsIntentOperationService} flags 0x0 procName com.google.android.gms
02-21 02:00:57.475  3348  3635 V AutofillManagerService: onPackageUpdateFinished(): com.renderflow.app
02-21 02:00:57.478  3348  4121 D ShortcutService: rescanPackageIfNeeded 0@com.renderflow.app, forceRescan=true , isNewApp=true
02-21 02:00:57.479  3348  3635 V AutofillManagerService: onPackageModified(): com.renderflow.app
02-21 02:00:57.479  3348  4121 D ShortcutService: Package com.renderflow.app has 0 manifest shortcut(s), and 0 share target(s)
02-21 02:00:57.483  3348  3990 V AlarmManager: sending alarm Alarm{e5c5528 type 3 origWhen 725587798 whenElapsed 725587798 com.google.android.gms} uid 10116 whenElapsed 725587798 windowLength 11250 maxWhenElapsed 725599048 repeatInterval 0 action com.google.android.gms.auth.authzen.cryptauth.DEVICE_STATE_CHECK_DELAY_COMPLETE component ComponentInfo{com.google.android.gms/com.google.android.gms.chimera.GmsIntentOperationService} flags 0x0 procName com.google.android.gms
02-21 02:00:57.485  3348  8027 D CompatChangeReporter: Compat change id reported: 151861875; UID 1000; state: ENABLED
02-21 02:00:57.501  3348  3645 I ActivityManager: Start proc 25566:com.heytap.mcs.statistics/1000 for content provider {com.heytap.mcs/com.heytap.mcs.biz.statistics.provider.StatisticsContentProvider}
02-21 02:00:57.508  3348  3847 D LockSettingsService: [getSeparateProfileChallengeEnabled] userId = 999
02-21 02:00:57.510  3348  3348 D DeviceIdleHelper: pacakge removed: name=com.renderflow.app not in PowerSaveWhitelist
02-21 02:00:57.510  3348  3348 D MultiApp-DataService: handlePackageChange: android.intent.action.PACKAGE_REMOVED for: com.renderflow.app
02-21 02:00:57.522  3348  3704 E OplusAppQuickStart_OplusAppQuickStart: success to delete file: com.renderflow.app_0_33.webp
02-21 02:00:57.523 12182 12182 D ActivityThread: Package [com.renderflow.app] reported as REPLACED, but missing application info. Assuming REMOVED.
02-21 02:00:57.524  3800  3800 D ActivityThread: Package [com.renderflow.app] reported as REPLACED, but missing application info. Assuming REMOVED.
02-21 02:00:57.525 11902 11902 D ActivityThread: Package [com.renderflow.app] reported as REPLACED, but missing application info. Assuming REMOVED.
02-21 02:00:57.525 12938 12938 D ActivityThread: Package [com.renderflow.app] reported as REPLACED, but missing application info. Assuming REMOVED.
02-21 02:00:57.526 12238 12238 D ActivityThread: Package [com.renderflow.app] reported as REPLACED, but missing application info. Assuming REMOVED.
02-21 02:00:57.526 12559 12559 D ActivityThread: Package [com.renderflow.app] reported as REPLACED, but missing application info. Assuming REMOVED.
02-21 02:00:57.526 23605 23605 D ActivityThread: Package [com.renderflow.app] reported as REPLACED, but missing application info. Assuming REMOVED.
02-21 02:00:57.527  7488  7488 D ActivityThread: Package [com.renderflow.app] reported as REPLACED, but missing application info. Assuming REMOVED.
02-21 02:00:57.527  4921  4921 D ActivityThread: Package [com.renderflow.app] reported as REPLACED, but missing application info. Assuming REMOVED.
02-21 02:00:57.528 11442 11442 D ActivityThread: Package [com.renderflow.app] reported as REPLACED, but missing application info. Assuming REMOVED.
02-21 02:00:57.528 23183 23183 D ActivityThread: Package [com.renderflow.app] reported as REPLACED, but missing application info. Assuming REMOVED.
02-21 02:00:57.529 13819 13819 D ActivityThread: Package [com.renderflow.app] reported as REPLACED, but missing application info. Assuming REMOVED.
02-21 02:00:57.530 11980 11980 D ActivityThread: Package [com.renderflow.app] reported as REPLACED, but missing application info. Assuming REMOVED.
02-21 02:00:57.533 18103 18103 D ActivityThread: Package [com.renderflow.app] reported as REPLACED, but missing application info. Assuming REMOVED.
02-21 02:00:57.533 15484 15484 D ActivityThread: Package [com.renderflow.app] reported as REPLACED, but missing application info. Assuming REMOVED.
02-21 02:00:57.533 12192 12192 D ActivityThread: Package [com.renderflow.app] reported as REPLACED, but missing application info. Assuming REMOVED.
02-21 02:00:57.533 14342 14342 D ActivityThread: Package [com.renderflow.app] reported as REPLACED, but missing application info. Assuming REMOVED.
02-21 02:00:57.533 23156 23156 D ActivityThread: Package [com.renderflow.app] reported as REPLACED, but missing application info. Assuming REMOVED.
02-21 02:00:57.533   688   688 D ActivityThread: Package [com.renderflow.app] reported as REPLACED, but missing application info. Assuming REMOVED.
02-21 02:00:57.534 23226 23226 D ActivityThread: Package [com.renderflow.app] reported as REPLACED, but missing application info. Assuming REMOVED.
02-21 02:00:57.534  3978  3978 D ActivityThread: Package [com.renderflow.app] reported as REPLACED, but missing application info. Assuming REMOVED.
02-21 02:00:57.534   757   757 D ActivityThread: Package [com.renderflow.app] reported as REPLACED, but missing application info. Assuming REMOVED.
02-21 02:00:57.534 16459 16459 D ActivityThread: Package [com.renderflow.app] reported as REPLACED, but missing application info. Assuming REMOVED.
02-21 02:00:57.535 27721 27721 D ActivityThread: Package [com.renderflow.app] reported as REPLACED, but missing application info. Assuming REMOVED.
02-21 02:00:57.535 24225 24225 D ActivityThread: Package [com.renderflow.app] reported as REPLACED, but missing application info. Assuming REMOVED.
02-21 02:00:57.535 23121 23121 D ActivityThread: Package [com.renderflow.app] reported as REPLACED, but missing application info. Assuming REMOVED.
02-21 02:00:57.535 13597 13597 D ActivityThread: Package [com.renderflow.app] reported as REPLACED, but missing application info. Assuming REMOVED.
02-21 02:00:57.535 22939 22939 D ActivityThread: Package [com.renderflow.app] reported as REPLACED, but missing application info. Assuming REMOVED.
02-21 02:00:57.536  3352  3352 D ActivityThread: Package [com.renderflow.app] reported as REPLACED, but missing application info. Assuming REMOVED.
02-21 02:00:57.536 23081 23081 D ActivityThread: Package [com.renderflow.app] reported as REPLACED, but missing application info. Assuming REMOVED.
02-21 02:00:57.537 17444 17444 D ActivityThread: Package [com.renderflow.app] reported as REPLACED, but missing application info. Assuming REMOVED.
02-21 02:00:57.537 12550 12550 D ActivityThread: Package [com.renderflow.app] reported as REPLACED, but missing application info. Assuming REMOVED.
02-21 02:00:57.537 15614 15614 D ActivityThread: Package [com.renderflow.app] reported as REPLACED, but missing application info. Assuming REMOVED.
02-21 02:00:57.537 14140 14140 D ActivityThread: Package [com.renderflow.app] reported as REPLACED, but missing application info. Assuming REMOVED.
02-21 02:00:57.538 11995 11995 D ActivityThread: Package [com.renderflow.app] reported as REPLACED, but missing application info. Assuming REMOVED.
02-21 02:00:57.538 16610 16610 D ActivityThread: Package [com.renderflow.app] reported as REPLACED, but missing application info. Assuming REMOVED.
02-21 02:00:57.539 19551 19551 D ActivityThread: Package [com.renderflow.app] reported as REPLACED, but missing application info. Assuming REMOVED.
02-21 02:00:57.539  7381  7381 D ActivityThread: Package [com.renderflow.app] reported as REPLACED, but missing application info. Assuming REMOVED.
02-21 02:00:57.539 15645 15645 D ActivityThread: Package [com.renderflow.app] reported as REPLACED, but missing application info. Assuming REMOVED.
02-21 02:00:57.539 17752 17752 D ActivityThread: Package [com.renderflow.app] reported as REPLACED, but missing application info. Assuming REMOVED.
02-21 02:00:57.540 14378 14378 D ActivityThread: Package [com.renderflow.app] reported as REPLACED, but missing application info. Assuming REMOVED.
02-21 02:00:57.540 24237 24237 D ActivityThread: Package [com.renderflow.app] reported as REPLACED, but missing application info. Assuming REMOVED.
02-21 02:00:57.540 13656 13656 D ActivityThread: Package [com.renderflow.app] reported as REPLACED, but missing application info. Assuming REMOVED.
02-21 02:00:57.540  2204  2204 D ActivityThread: Package [com.renderflow.app] reported as REPLACED, but missing application info. Assuming REMOVED.
02-21 02:00:57.541 18883 18883 D ActivityThread: Package [com.renderflow.app] reported as REPLACED, but missing application info. Assuming REMOVED.
02-21 02:00:57.542 18631 18631 D ActivityThread: Package [com.renderflow.app] reported as REPLACED, but missing application info. Assuming REMOVED.
02-21 02:00:57.542  8334  8334 D ActivityThread: Package [com.renderflow.app] reported as REPLACED, but missing application info. Assuming REMOVED.
02-21 02:00:57.542 18771 18771 D ActivityThread: Package [com.renderflow.app] reported as REPLACED, but missing application info. Assuming REMOVED.
02-21 02:00:57.542  5581  5581 D ActivityThread: Package [com.renderflow.app] reported as REPLACED, but missing application info. Assuming REMOVED.
02-21 02:00:57.543  6505  6505 D ActivityThread: Package [com.renderflow.app] reported as REPLACED, but missing application info. Assuming REMOVED.
02-21 02:00:57.543  8472  8472 D ActivityThread: Package [com.renderflow.app] reported as REPLACED, but missing application info. Assuming REMOVED.
02-21 02:00:57.543  4792  4792 D ActivityThread: Package [com.renderflow.app] reported as REPLACED, but missing application info. Assuming REMOVED.
02-21 02:00:57.544  4382  4382 D ActivityThread: Package [com.renderflow.app] reported as REPLACED, but missing application info. Assuming REMOVED.
02-21 02:00:57.544 29572 29572 D ActivityThread: Package [com.renderflow.app] reported as REPLACED, but missing application info. Assuming REMOVED.
02-21 02:00:57.544 13887 13887 D ActivityThread: Package [com.renderflow.app] reported as REPLACED, but missing application info. Assuming REMOVED.
02-21 02:00:57.545  7217  7217 D ActivityThread: Package [com.renderflow.app] reported as REPLACED, but missing application info. Assuming REMOVED.
02-21 02:00:57.546  7886  7886 D ActivityThread: Package [com.renderflow.app] reported as REPLACED, but missing application info. Assuming REMOVED.
02-21 02:00:57.546  4829  4829 D ActivityThread: Package [com.renderflow.app] reported as REPLACED, but missing application info. Assuming REMOVED.
02-21 02:00:57.546  7973  7973 D ActivityThread: Package [com.renderflow.app] reported as REPLACED, but missing application info. Assuming REMOVED.
02-21 02:00:57.546 22161 22161 D ActivityThread: Package [com.renderflow.app] reported as REPLACED, but missing application info. Assuming REMOVED.
02-21 02:00:57.547  8061  8061 D ActivityThread: Package [com.renderflow.app] reported as REPLACED, but missing application info. Assuming REMOVED.
02-21 02:00:57.547  4803  4803 D ActivityThread: Package [com.renderflow.app] reported as REPLACED, but missing application info. Assuming REMOVED.
02-21 02:00:57.546 12330 12330 D ActivityThread: Package [com.renderflow.app] reported as REPLACED, but missing application info. Assuming REMOVED.
02-21 02:00:57.548 13129 13129 D ActivityThread: Package [com.renderflow.app] reported as REPLACED, but missing application info. Assuming REMOVED.
02-21 02:00:57.548 13925 13925 D ActivityThread: Package [com.renderflow.app] reported as REPLACED, but missing application info. Assuming REMOVED.
02-21 02:00:57.549 14389 14389 D ActivityThread: Package [com.renderflow.app] reported as REPLACED, but missing application info. Assuming REMOVED.
02-21 02:00:57.549 17502 17502 D ActivityThread: Package [com.renderflow.app] reported as REPLACED, but missing application info. Assuming REMOVED.
02-21 02:00:57.550 12219 12219 D ActivityThread: Package [com.renderflow.app] reported as REPLACED, but missing application info. Assuming REMOVED.
02-21 02:00:57.550  5308  5308 D ActivityThread: Package [com.renderflow.app] reported as REPLACED, but missing application info. Assuming REMOVED.
02-21 02:00:57.550   804   804 D ActivityThread: Package [com.renderflow.app] reported as REPLACED, but missing application info. Assuming REMOVED.
02-21 02:00:57.551 32109 32109 D ActivityThread: Package [com.renderflow.app] reported as REPLACED, but missing application info. Assuming REMOVED.
02-21 02:00:57.551  5287  5750 I iopgp   : PreloadService: TRANSACTION_IOPGP_ON_PACKAGES_CHANGED
02-21 02:00:57.551 17441 17441 D ActivityThread: Package [com.renderflow.app] reported as REPLACED, but missing application info. Assuming REMOVED.
02-21 02:00:57.551  5287  5750 I iopgp   : Iopgp: TRANSACTION_IOPGP_ON_PACKAGES_CHANGED  pkg_name = com.renderflow.app pkg_version = 1 isDeleted = 0
02-21 02:00:57.552  5287  5287 D iopgp   : Same version package com.renderflow.app with version 1
02-21 02:00:57.552  5287  5287 D iopgp   : OnPackageChangeEvent:old package version is 1
02-21 02:00:57.552  3348  4040 I VibrationEffectConvertor: onInputMethodListUpdated received, info.size = 4
02-21 02:00:57.552  3348  4040 I VibrationEffectConvertor: userid = 0, packageName = com.google.android.tts
02-21 02:00:57.552  3348  4040 I VibrationEffectConvertor: userid = 0, packageName = com.grammarly.android.keyboard
02-21 02:00:57.552  3348  4040 I VibrationEffectConvertor: userid = 0, packageName = com.google.android.inputmethod.latin
02-21 02:00:57.552  3348  4040 I VibrationEffectConvertor: userid = 0, packageName = com.oplus.securitykeyboard
02-21 02:00:57.552  3348  4040 I VibrationEffectConvertor: onInputMethodListUpdated received, info.size = 4
02-21 02:00:57.552  3348  4040 I VibrationEffectConvertor: userid = 0, packageName = com.google.android.tts
02-21 02:00:57.552  3348  3645 I ActivityManager: Start proc 25582:com.android.keychain/1000 for service {com.android.keychain/com.android.keychain.KeyChainService}
02-21 02:00:57.552  3348  4040 I VibrationEffectConvertor: userid = 0, packageName = com.grammarly.android.keyboard
02-21 02:00:57.552  3348  4040 I VibrationEffectConvertor: userid = 0, packageName = com.google.android.inputmethod.latin
02-21 02:00:57.552  3348  4040 I VibrationEffectConvertor: userid = 0, packageName = com.oplus.securitykeyboard
02-21 02:00:57.553  4601  4601 D ActivityThread: Package [com.renderflow.app] reported as REPLACED, but missing application info. Assuming REMOVED.
02-21 02:00:57.553  2260  2260 D ActivityThread: Package [com.renderflow.app] reported as REPLACED, but missing application info. Assuming REMOVED.
02-21 02:00:57.560  4705  4705 D ActivityThread: Package [com.renderflow.app] reported as REPLACED, but missing application info. Assuming REMOVED.
02-21 02:00:57.560  3348  3348 I OplusMediaControlService: package is replacing
02-21 02:00:57.562  4910  4910 D ActivityThread: Package [com.renderflow.app] reported as REPLACED, but missing application info. Assuming REMOVED.
02-21 02:00:57.564  4750  4750 D ActivityThread: Package [com.renderflow.app] reported as REPLACED, but missing application info. Assuming REMOVED.
02-21 02:00:57.564  4755  4755 D ActivityThread: Package [com.renderflow.app] reported as REPLACED, but missing application info. Assuming REMOVED.
02-21 02:00:57.566 12559 12559 D ActivityThread: Package [com.renderflow.app] reported as REPLACED, but missing application info. Assuming REMOVED.
02-21 02:00:57.568 12238 12238 D ActivityThread: Package [com.renderflow.app] reported as REPLACED, but missing application info. Assuming REMOVED.
02-21 02:00:57.568 12182 12182 D ActivityThread: Package [com.renderflow.app] reported as REPLACED, but missing application info. Assuming REMOVED.
02-21 02:00:57.578  6676  6676 D ActivityThread: Package [com.renderflow.app] reported as REPLACED, but missing application info. Assuming REMOVED.
02-21 02:00:57.578  8002  8002 D ActivityThread: Package [com.renderflow.app] reported as REPLACED, but missing application info. Assuming REMOVED.
02-21 02:00:57.580  3348  3670 D OplusSmartBrightnessController: CtsTest = false
02-21 02:00:57.581  3348  3670 D OplusDisplayBrightnessBroadcastReceiver: onReceive action = android.intent.action.PACKAGE_REMOVED , listeners = [com.android.server.display.OplusSmartBrightnessController$SmartBroadcastReceiver@f479a94]
02-21 02:00:57.581 11442 11442 D ActivityThread: Package [com.renderflow.app] reported as REPLACED, but missing application info. Assuming REMOVED.
02-21 02:00:57.582  3800  3800 D ActivityThread: Package [com.renderflow.app] reported as REPLACED, but missing application info. Assuming REMOVED.
02-21 02:00:57.582  7488  7488 D ActivityThread: Package [com.renderflow.app] reported as REPLACED, but missing application info. Assuming REMOVED.
02-21 02:00:57.583 13819 13819 D ActivityThread: Package [com.renderflow.app] reported as REPLACED, but missing application info. Assuming REMOVED.
02-21 02:00:57.584 11902 11902 D ActivityThread: Package [com.renderflow.app] reported as REPLACED, but missing application info. Assuming REMOVED.
02-21 02:00:57.584 11995 11995 D ActivityThread: Package [com.renderflow.app] reported as REPLACED, but missing application info. Assuming REMOVED.
02-21 02:00:57.585  4921  4921 D ActivityThread: Package [com.renderflow.app] reported as REPLACED, but missing application info. Assuming REMOVED.
02-21 02:00:57.588 23605 23605 D ActivityThread: Package [com.renderflow.app] reported as REPLACED, but missing application info. Assuming REMOVED.
02-21 02:00:57.588 23183 23183 D ActivityThread: Package [com.renderflow.app] reported as REPLACED, but missing application info. Assuming REMOVED.
02-21 02:00:57.589 11980 11980 D ActivityThread: Package [com.renderflow.app] reported as REPLACED, but missing application info. Assuming REMOVED.
02-21 02:00:57.591 12550 12550 D ActivityThread: Package [com.renderflow.app] reported as REPLACED, but missing application info. Assuming REMOVED.
02-21 02:00:57.591 12938 12938 D ActivityThread: Package [com.renderflow.app] reported as REPLACED, but missing application info. Assuming REMOVED.
02-21 02:00:57.592   688   688 D ActivityThread: Package [com.renderflow.app] reported as REPLACED, but missing application info. Assuming REMOVED.
02-21 02:00:57.592 12330 12330 D ActivityThread: Package [com.renderflow.app] reported as REPLACED, but missing application info. Assuming REMOVED.
02-21 02:00:57.592  7886  7886 D ActivityThread: Package [com.renderflow.app] reported as REPLACED, but missing application info. Assuming REMOVED.
02-21 02:00:57.592  3352  3352 D ActivityThread: Package [com.renderflow.app] reported as REPLACED, but missing application info. Assuming REMOVED.
02-21 02:00:57.592 12192 12192 D ActivityThread: Package [com.renderflow.app] reported as REPLACED, but missing application info. Assuming REMOVED.
02-21 02:00:57.593   804   804 D ActivityThread: Package [com.renderflow.app] reported as REPLACED, but missing application info. Assuming REMOVED.
02-21 02:00:57.593 16610 16610 D ActivityThread: Package [com.renderflow.app] reported as REPLACED, but missing application info. Assuming REMOVED.
02-21 02:00:57.594  3348  3348 D OplusCustomizeService: mCoreAppIsEnable = false
02-21 02:00:57.594  3348  3348 D OplusCustomizeService: pkgName = com.renderflow.app
02-21 02:00:57.594  3348  3348 D OplusCustomizeService: Add packages name is :com.renderflow.app;dir:/data/app/~~wwiHX9k4PthotpehlNklsg==/com.renderflow.app-SciucXrNer13SrDFspLePA==/base.apk
02-21 02:00:57.594  7381  7381 D ActivityThread: Package [com.renderflow.app] reported as REPLACED, but missing application info. Assuming REMOVED.
02-21 02:00:57.595  8061  8061 D ActivityThread: Package [com.renderflow.app] reported as REPLACED, but missing application info. Assuming REMOVED.
02-21 02:00:57.595 13887 13887 D ActivityThread: Package [com.renderflow.app] reported as REPLACED, but missing application info. Assuming REMOVED.
02-21 02:00:57.595  6505  6505 D ActivityThread: Package [com.renderflow.app] reported as REPLACED, but missing application info. Assuming REMOVED.
02-21 02:00:57.594  8472  8472 D ActivityThread: Package [com.renderflow.app] reported as REPLACED, but missing application info. Assuming REMOVED.
02-21 02:00:57.595 29572 29572 D ActivityThread: Package [com.renderflow.app] reported as REPLACED, but missing application info. Assuming REMOVED.
02-21 02:00:57.594 23226 23226 D ActivityThread: Package [com.renderflow.app] reported as REPLACED, but missing application info. Assuming REMOVED.
02-21 02:00:57.596  4792  4792 D ActivityThread: Package [com.renderflow.app] reported as REPLACED, but missing application info. Assuming REMOVED.
02-21 02:00:57.595  8002  8002 D ActivityThread: Package [com.renderflow.app] reported as REPLACED, but missing application info. Assuming REMOVED.
02-21 02:00:57.596 14378 14378 D ActivityThread: Package [com.renderflow.app] reported as REPLACED, but missing application info. Assuming REMOVED.
02-21 02:00:57.596 18631 18631 D ActivityThread: Package [com.renderflow.app] reported as REPLACED, but missing application info. Assuming REMOVED.
02-21 02:00:57.596 13656 13656 D ActivityThread: Package [com.renderflow.app] reported as REPLACED, but missing application info. Assuming REMOVED.
02-21 02:00:57.596  4601  4601 D ActivityThread: Package [com.renderflow.app] reported as REPLACED, but missing application info. Assuming REMOVED.
02-21 02:00:57.596 15645 15645 D ActivityThread: Package [com.renderflow.app] reported as REPLACED, but missing application info. Assuming REMOVED.
02-21 02:00:57.597  3978  3978 D ActivityThread: Package [com.renderflow.app] reported as REPLACED, but missing application info. Assuming REMOVED.
02-21 02:00:57.597 22161 22161 D ActivityThread: Package [com.renderflow.app] reported as REPLACED, but missing application info. Assuming REMOVED.
02-21 02:00:57.598 14140 14140 D ActivityThread: Package [com.renderflow.app] reported as REPLACED, but missing application info. Assuming REMOVED.
02-21 02:00:57.598 23121 23121 D ActivityThread: Package [com.renderflow.app] reported as REPLACED, but missing application info. Assuming REMOVED.
02-21 02:00:57.598 24237 24237 D ActivityThread: Package [com.renderflow.app] reported as REPLACED, but missing application info. Assuming REMOVED.
02-21 02:00:57.598  8334  8334 D ActivityThread: Package [com.renderflow.app] reported as REPLACED, but missing application info. Assuming REMOVED.
02-21 02:00:57.598  4750  4750 D ActivityThread: Package [com.renderflow.app] reported as REPLACED, but missing application info. Assuming REMOVED.
02-21 02:00:57.598  5308  5308 D ActivityThread: Package [com.renderflow.app] reported as REPLACED, but missing application info. Assuming REMOVED.
02-21 02:00:57.598  4755  4755 D ActivityThread: Package [com.renderflow.app] reported as REPLACED, but missing application info. Assuming REMOVED.
02-21 02:00:57.598 17444 17444 D ActivityThread: Package [com.renderflow.app] reported as REPLACED, but missing application info. Assuming REMOVED.
02-21 02:00:57.598  3348  3847 D ActivityTaskManagerServiceExtImpl: preBindApplication record is null
02-21 02:00:57.598  2260  2260 D ActivityThread: Package [com.renderflow.app] reported as REPLACED, but missing application info. Assuming REMOVED.
02-21 02:00:57.599  4829  4829 D ActivityThread: Package [com.renderflow.app] reported as REPLACED, but missing application info. Assuming REMOVED.
02-21 02:00:57.599 23081 23081 D ActivityThread: Package [com.renderflow.app] reported as REPLACED, but missing application info. Assuming REMOVED.
02-21 02:00:57.599 14342 14342 D ActivityThread: Package [com.renderflow.app] reported as REPLACED, but missing application info. Assuming REMOVED.
02-21 02:00:57.599 15614 15614 D ActivityThread: Package [com.renderflow.app] reported as REPLACED, but missing application info. Assuming REMOVED.
02-21 02:00:57.599 13129 13129 D ActivityThread: Package [com.renderflow.app] reported as REPLACED, but missing application info. Assuming REMOVED.
02-21 02:00:57.599  5581  5581 D ActivityThread: Package [com.renderflow.app] reported as REPLACED, but missing application info. Assuming REMOVED.
02-21 02:00:57.600 13925 13925 D ActivityThread: Package [com.renderflow.app] reported as REPLACED, but missing application info. Assuming REMOVED.
02-21 02:00:57.600 22939 22939 D ActivityThread: Package [com.renderflow.app] reported as REPLACED, but missing application info. Assuming REMOVED.
02-21 02:00:57.600 18771 18771 D ActivityThread: Package [com.renderflow.app] reported as REPLACED, but missing application info. Assuming REMOVED.
02-21 02:00:57.600  7217  7217 D ActivityThread: Package [com.renderflow.app] reported as REPLACED, but missing application info. Assuming REMOVED.
02-21 02:00:57.600 18883 18883 D ActivityThread: Package [com.renderflow.app] reported as REPLACED, but missing application info. Assuming REMOVED.
02-21 02:00:57.600 16459 16459 D ActivityThread: Package [com.renderflow.app] reported as REPLACED, but missing application info. Assuming REMOVED.
02-21 02:00:57.600 13597 13597 D ActivityThread: Package [com.renderflow.app] reported as REPLACED, but missing application info. Assuming REMOVED.
02-21 02:00:57.601 19551 19551 D ActivityThread: Package [com.renderflow.app] reported as REPLACED, but missing application info. Assuming REMOVED.
02-21 02:00:57.601 32109 32109 D ActivityThread: Package [com.renderflow.app] reported as REPLACED, but missing application info. Assuming REMOVED.
02-21 02:00:57.601 17502 17502 D ActivityThread: Package [com.renderflow.app] reported as REPLACED, but missing application info. Assuming REMOVED.
02-21 02:00:57.601 14389 14389 D ActivityThread: Package [com.renderflow.app] reported as REPLACED, but missing application info. Assuming REMOVED.
02-21 02:00:57.603 24225 24225 D ActivityThread: Package [com.renderflow.app] reported as REPLACED, but missing application info. Assuming REMOVED.
02-21 02:00:57.603 23156 23156 D ActivityThread: Package [com.renderflow.app] reported as REPLACED, but missing application info. Assuming REMOVED.
02-21 02:00:57.603 17752 17752 D ActivityThread: Package [com.renderflow.app] reported as REPLACED, but missing application info. Assuming REMOVED.
02-21 02:00:57.603   757   757 D ActivityThread: Package [com.renderflow.app] reported as REPLACED, but missing application info. Assuming REMOVED.
02-21 02:00:57.604  4705  4705 D ActivityThread: Package [com.renderflow.app] reported as REPLACED, but missing application info. Assuming REMOVED.
02-21 02:00:57.604  4910  4910 D ActivityThread: Package [com.renderflow.app] reported as REPLACED, but missing application info. Assuming REMOVED.
02-21 02:00:57.604 17441 17441 D ActivityThread: Package [com.renderflow.app] reported as REPLACED, but missing application info. Assuming REMOVED.
02-21 02:00:57.605  4733  4733 D ActivityThread: Package [com.renderflow.app] reported as REPLACED, but missing application info. Assuming REMOVED.
02-21 02:00:57.606  4803  4803 D ActivityThread: Package [com.renderflow.app] reported as REPLACED, but missing application info. Assuming REMOVED.
02-21 02:00:57.607  7973  7973 D ActivityThread: Package [com.renderflow.app] reported as REPLACED, but missing application info. Assuming REMOVED.
02-21 02:00:57.607  4225  4225 D ActivityThread: Package [com.renderflow.app] reported as REPLACED, but missing application info. Assuming REMOVED.
02-21 02:00:57.608 15484 15484 D ActivityThread: Package [com.renderflow.app] reported as REPLACED, but missing application info. Assuming REMOVED.
02-21 02:00:57.608  4768  4768 D ActivityThread: Package [com.renderflow.app] reported as REPLACED, but missing application info. Assuming REMOVED.
02-21 02:00:57.610  2204  2204 D ActivityThread: Package [com.renderflow.app] reported as REPLACED, but missing application info. Assuming REMOVED.
02-21 02:00:57.610 27721 27721 D ActivityThread: Package [com.renderflow.app] reported as REPLACED, but missing application info. Assuming REMOVED.
02-21 02:00:57.611 12219 12219 D ActivityThread: Package [com.renderflow.app] reported as REPLACED, but missing application info. Assuming REMOVED.
02-21 02:00:57.611  4646  4646 D ActivityThread: Package [com.renderflow.app] reported as REPLACED, but missing application info. Assuming REMOVED.
02-21 02:00:57.612  4760  4760 D ActivityThread: Package [com.renderflow.app] reported as REPLACED, but missing application info. Assuming REMOVED.
02-21 02:00:57.613  4753  4753 D ActivityThread: Package [com.renderflow.app] reported as REPLACED, but missing application info. Assuming REMOVED.
02-21 02:00:57.613  6676  6676 D ActivityThread: Package [com.renderflow.app] reported as REPLACED, but missing application info. Assuming REMOVED.
02-21 02:00:57.615  4760  4760 D ActivityThread: Package [com.renderflow.app] reported as REPLACED, but missing application info. Assuming REMOVED.
02-21 02:00:57.615  4225  4225 D ActivityThread: Package [com.renderflow.app] reported as REPLACED, but missing application info. Assuming REMOVED.
02-21 02:00:57.616  4768  4768 D ActivityThread: Package [com.renderflow.app] reported as REPLACED, but missing application info. Assuming REMOVED.
02-21 02:00:57.616  4382  4382 D ActivityThread: Package [com.renderflow.app] reported as REPLACED, but missing application info. Assuming REMOVED.
02-21 02:00:57.618  3348  3348 D MultiApp-DataService: handlePackageChange: android.intent.action.PACKAGE_ADDED for: com.renderflow.app
02-21 02:00:57.620  3348  4045 V AccessibilityManagerService: onUserStateChangedLocked for user 0 with forceUpdate: false mEnabledServices = [] mCrashedServices = []
02-21 02:00:57.621  3348  4045 W MagnificationConnectionManager: requestConnection duplicated request: connect=false, mConnectionState=DISCONNECTED
