02-21 02:01:09.231 11902 11965 E AuthPII : 	at android.os.Binder.transact(Binder.java:1358)
02-21 02:01:09.231 11902 11965 E AuthPII : 	at ciwz.onTransact(:com.google.android.gms@260534035@26.05.34 (260400-869443408):10)
02-21 02:01:09.231 11902 11965 E AuthPII : 	at android.os.Binder.transact(Binder.java:1358)
02-21 02:01:09.231 11902 11965 E AuthPII : 	at bwkj.onTransact(:com.google.android.gms@260534035@26.05.34 (260400-869443408):161)
02-21 02:01:09.231 11902 11965 E AuthPII : 	at android.os.Binder.execTransactInternal(Binder.java:1523)
02-21 02:01:09.231 11902 11965 E AuthPII : 	at android.os.Binder.execTransact(Binder.java:1457)
02-21 02:01:09.242 11902 11965 I Auth    : (REDACTED) [GetToken] GetToken failed for app=%s with userRecoverable status: %s 
02-21 02:01:09.242 11902 11965 W Auth    : [ChimeraGetToken] exception while trying to fetch auth tokens for app=com.google.android.gsf, scope=oauth2:https://www.googleapis.com/auth/googleplay [CONTEXT service_id=153 ]
02-21 02:01:09.242 11902 11965 W Auth    : aflg: GetToken failed with status code and recovery intent: BadAuthentication
02-21 02:01:09.242 11902 11965 W Auth    : 	at afll.b(:com.google.android.gms@260534035@26.05.34 (260400-869443408):339)
02-21 02:01:09.242 11902 11965 W Auth    : 	at yuj.d(:com.google.android.gms@260534035@26.05.34 (260400-869443408):662)
02-21 02:01:09.242 11902 11965 W Auth    : 	at afew.getAuthToken(:com.google.android.gms@260534035@26.05.34 (260400-869443408):411)
02-21 02:01:09.242 11902 11965 W Auth    : 	at android.accounts.AbstractAccountAuthenticator$Transport.getAuthToken(AbstractAccountAuthenticator.java:248)
02-21 02:01:09.242 11902 11965 W Auth    : 	at android.accounts.IAccountAuthenticator$Stub.onTransact(IAccountAuthenticator.java:250)
02-21 02:01:09.242 11902 11965 W Auth    : 	at android.os.Binder.transact(Binder.java:1358)
02-21 02:01:09.242 11902 11965 W Auth    : 	at ciwz.onTransact(:com.google.android.gms@260534035@26.05.34 (260400-869443408):10)
02-21 02:01:09.242 11902 11965 W Auth    : 	at android.os.Binder.transact(Binder.java:1358)
02-21 02:01:09.242 11902 11965 W Auth    : 	at bwkj.onTransact(:com.google.android.gms@260534035@26.05.34 (260400-869443408):161)
02-21 02:01:09.242 11902 11965 W Auth    : 	at android.os.Binder.execTransactInternal(Binder.java:1523)
02-21 02:01:09.242 11902 11965 W Auth    : 	at android.os.Binder.execTransact(Binder.java:1457)
02-21 02:01:09.242 11902 11965 W GLSActivity: [GmsAccountAuthenticatorImpl] error status while fetching token:BadAuthentication
02-21 02:01:09.246 14389 15014 W PlayCommon: [8660] Deferring log upload because couldn't retrieve auth token
02-21 02:01:09.477  1901  1901 D vendor.oplus.hardware.charger-V6-service: get_ui_charge_icon_type 0 0 0 0 0
02-21 02:01:09.483  1901  1901 D vendor.oplus.hardware.charger-V6-service: oplus_chg_get_cpa_power 2500 charge_online 1 retention_topic 0
02-21 02:01:09.495  4382  4382 I SystemUi--Statusbar: BatteryControllerExt-->updateBatteryChangeIntent():broadcast=android.intent.action.BATTERY_CHANGED,level=34,scale=100
02-21 02:01:09.496  4382  4382 I SystemUi--Statusbar: BatteryRepository-->level: 34 -- isSavingMode: false
02-21 02:01:09.497  4910  4910 D SubsysBroadcastManager: onReceive action:android.intent.action.BATTERY_CHANGED
02-21 02:01:09.497  3348  3670 D OplusDisplayBrightnessBroadcastReceiver: onReceive action = android.intent.action.BATTERY_CHANGED , listeners = [com.android.server.display.OplusFeatureHDREnhanceBrightness$PhoneInfoReceiver@2da9b37, com.android.server.display.OplusFeatureEdrEnhanceBrightness$PhoneInfoReceiver@5e908a4]
02-21 02:01:09.501  4750  4750 D DeviceStatisticsService: onReceive: action= android.intent.action.BATTERY_CHANGED
02-21 02:01:09.503  7979  7979 E VendorNfcService: changeNfcStateByWirelessCharge: feature WIRELESS_CHARGING = true; mIsWirelessCharging: false; mIsReverseChargingSwitchOpen: false; mNfcWorkMode: 0; isOverSeaRegion() = true
02-21 02:01:09.504 15484 15484 D BatteryStatusMonitor: onReceive android.intent.action.BATTERY_CHANGED
02-21 02:01:09.504 15484 15484 D BatteryStatusMonitor: BatteryStatus :2  last:2
02-21 02:01:09.504 15484 15484 D BatteryStatusMonitor: WirelessReserve :3  last:3
02-21 02:01:09.504 15484 15484 D BatteryStatusMonitor: OtgOnline :1  last:1
02-21 02:01:09.505  1143 27923 I android.system.suspend-service: First holding wakelock name = PowerManagerService.WakeLocks
02-21 02:01:09.509  1143 27923 I android.system.suspend-service: Last release wakelock name = PowerManagerService.WakeLocks
02-21 02:01:09.509  1143 27923 I android.system.suspend-service: mAutosuspendEnabled=1
02-21 02:01:09.510 12550 13525 E Battery : ChargeProtectionUtils: mCanlendarTmp.isEmpty()!
02-21 02:01:09.595  4382  4495 I SystemUi--Statusbar: OplusNetworkSpeedControllExImpl-->updateNetworkSpeed: isConnected:true,isSwitchOn:true
02-21 02:01:09.597 17752 18515 D ShellSubscriberWorkerThread: the first 8 bytes empty, and RestData length > 8 
02-21 02:01:09.599  4382  4495 I SystemUi--Statusbar: OplusNetworkSpeedControllExImpl-->getTotalByte: totalRxBytes:30844433737,totalTxBytes:6724847214,loopbackTxBytes:653555124,loopbackRxBytes:653554464 ,totalBytes:36262171363
02-21 02:01:09.701 14389 14389 I Finsky:background: [2] Memory trim requested to level 40
02-21 02:01:09.702 14140 14140 I Finsky  : [2] Memory trim requested to level 40
02-21 02:01:09.702 14140 14140 I Finsky  : [2] Flushing in-memory image cache
02-21 02:01:09.929 12238 11344 I CardConfig.CardConfigRepository: subscribePackageChange4Ocs, check ocs [UMS|com.oplus.pantanal.ums|2.0.26-f348910]
02-21 02:01:09.987  1901  2018 D BatteryChargeControl: bcc get no support from charging protocol
02-21 02:01:10.047 14389 15068 I PlayCommon: [8669] Preparing logs for uploading
02-21 02:01:10.072 11902 11965 E AuthPII : [RequestTokenManager] getToken() -> BAD_AUTHENTICATION. App: com.android.vending, Service: oauth2:https://www.googleapis.com/auth/googleplay
02-21 02:01:10.072 11902 11965 E AuthPII : beia: Long live credential not available.
02-21 02:01:10.072 11902 11965 E AuthPII : 	at aflh.a(:com.google.android.gms@260534035@26.05.34 (260400-869443408):1351)
02-21 02:01:10.072 11902 11965 E AuthPII : 	at aflo.b(:com.google.android.gms@260534035@26.05.34 (260400-869443408):26)
02-21 02:01:10.072 11902 11965 E AuthPII : 	at aflm.a(:com.google.android.gms@260534035@26.05.34 (260400-869443408):744)
02-21 02:01:10.072 11902 11965 E AuthPII : 	at afll.b(:com.google.android.gms@260534035@26.05.34 (260400-869443408):142)
02-21 02:01:10.072 11902 11965 E AuthPII : 	at yuj.d(:com.google.android.gms@260534035@26.05.34 (260400-869443408):662)
02-21 02:01:10.072 11902 11965 E AuthPII : 	at afew.getAuthToken(:com.google.android.gms@260534035@26.05.34 (260400-869443408):411)
02-21 02:01:10.072 11902 11965 E AuthPII : 	at android.accounts.AbstractAccountAuthenticator$Transport.getAuthToken(AbstractAccountAuthenticator.java:248)
02-21 02:01:10.072 11902 11965 E AuthPII : 	at android.accounts.IAccountAuthenticator$Stub.onTransact(IAccountAuthenticator.java:250)
02-21 02:01:10.072 11902 11965 E AuthPII : 	at android.os.Binder.transact(Binder.java:1358)
02-21 02:01:10.072 11902 11965 E AuthPII : 	at ciwz.onTransact(:com.google.android.gms@260534035@26.05.34 (260400-869443408):10)
02-21 02:01:10.072 11902 11965 E AuthPII : 	at android.os.Binder.transact(Binder.java:1358)
02-21 02:01:10.072 11902 11965 E AuthPII : 	at bwkj.onTransact(:com.google.android.gms@260534035@26.05.34 (260400-869443408):161)
02-21 02:01:10.072 11902 11965 E AuthPII : 	at android.os.Binder.execTransactInternal(Binder.java:1523)
02-21 02:01:10.072 11902 11965 E AuthPII : 	at android.os.Binder.execTransact(Binder.java:1457)
02-21 02:01:10.072 11902 11965 E AuthPII : Message is Long live credential not available.
02-21 02:01:10.072 11902 11965 E AuthPII : beia: Long live credential not available.
02-21 02:01:10.072 11902 11965 E AuthPII : 	at aflh.a(:com.google.android.gms@260534035@26.05.34 (260400-869443408):1351)
02-21 02:01:10.072 11902 11965 E AuthPII : 	at aflo.b(:com.google.android.gms@260534035@26.05.34 (260400-869443408):26)
02-21 02:01:10.072 11902 11965 E AuthPII : 	at aflm.a(:com.google.android.gms@260534035@26.05.34 (260400-869443408):744)
02-21 02:01:10.072 11902 11965 E AuthPII : 	at afll.b(:com.google.android.gms@260534035@26.05.34 (260400-869443408):142)
02-21 02:01:10.072 11902 11965 E AuthPII : 	at yuj.d(:com.google.android.gms@260534035@26.05.34 (260400-869443408):662)
02-21 02:01:10.072 11902 11965 E AuthPII : 	at afew.getAuthToken(:com.google.android.gms@260534035@26.05.34 (260400-869443408):411)
02-21 02:01:10.072 11902 11965 E AuthPII : 	at android.accounts.AbstractAccountAuthenticator$Transport.getAuthToken(AbstractAccountAuthenticator.java:248)
02-21 02:01:10.072 11902 11965 E AuthPII : 	at android.accounts.IAccountAuthenticator$Stub.onTransact(IAccountAuthenticator.java:250)
02-21 02:01:10.072 11902 11965 E AuthPII : 	at android.os.Binder.transact(Binder.java:1358)
02-21 02:01:10.072 11902 11965 E AuthPII : 	at ciwz.onTransact(:com.google.android.gms@260534035@26.05.34 (260400-869443408):10)
02-21 02:01:10.072 11902 11965 E AuthPII : 	at android.os.Binder.transact(Binder.java:1358)
02-21 02:01:10.072 11902 11965 E AuthPII : 	at bwkj.onTransact(:com.google.android.gms@260534035@26.05.34 (260400-869443408):161)
02-21 02:01:10.072 11902 11965 E AuthPII : 	at android.os.Binder.execTransactInternal(Binder.java:1523)
02-21 02:01:10.072 11902 11965 E AuthPII : 	at android.os.Binder.execTransact(Binder.java:1457)
02-21 02:01:10.084 11902 11965 I Auth    : (REDACTED) [GetToken] GetToken failed for app=%s with userRecoverable status: %s 
02-21 02:01:10.084 11902 11965 W Auth    : [ChimeraGetToken] exception while trying to fetch auth tokens for app=com.google.android.gsf, scope=oauth2:https://www.googleapis.com/auth/googleplay [CONTEXT service_id=153 ]
02-21 02:01:10.084 11902 11965 W Auth    : aflg: GetToken failed with status code and recovery intent: BadAuthentication
02-21 02:01:10.084 11902 11965 W Auth    : 	at afll.b(:com.google.android.gms@260534035@26.05.34 (260400-869443408):339)
02-21 02:01:10.084 11902 11965 W Auth    : 	at yuj.d(:com.google.android.gms@260534035@26.05.34 (260400-869443408):662)
02-21 02:01:10.084 11902 11965 W Auth    : 	at afew.getAuthToken(:com.google.android.gms@260534035@26.05.34 (260400-869443408):411)
02-21 02:01:10.084 11902 11965 W Auth    : 	at android.accounts.AbstractAccountAuthenticator$Transport.getAuthToken(AbstractAccountAuthenticator.java:248)
02-21 02:01:10.084 11902 11965 W Auth    : 	at android.accounts.IAccountAuthenticator$Stub.onTransact(IAccountAuthenticator.java:250)
02-21 02:01:10.084 11902 11965 W Auth    : 	at android.os.Binder.transact(Binder.java:1358)
02-21 02:01:10.084 11902 11965 W Auth    : 	at ciwz.onTransact(:com.google.android.gms@260534035@26.05.34 (260400-869443408):10)
02-21 02:01:10.084 11902 11965 W Auth    : 	at android.os.Binder.transact(Binder.java:1358)
02-21 02:01:10.084 11902 11965 W Auth    : 	at bwkj.onTransact(:com.google.android.gms@260534035@26.05.34 (260400-869443408):161)
02-21 02:01:10.084 11902 11965 W Auth    : 	at android.os.Binder.execTransactInternal(Binder.java:1523)
02-21 02:01:10.084 11902 11965 W Auth    : 	at android.os.Binder.execTransact(Binder.java:1457)
02-21 02:01:10.084 11902 11965 W GLSActivity: [GmsAccountAuthenticatorImpl] error status while fetching token:BadAuthentication
02-21 02:01:10.088 14389 15068 W PlayCommon: [8669] Deferring log upload because couldn't retrieve auth token
02-21 02:01:10.177  1901  1997 D vendor.oplus.hardware.charger-V6-service: parallel fold conf file parse fail parallel_fold_state 2
02-21 02:01:10.177  1901  1997 D vendor.oplus.hardware.charger-V6-service: scale_chg Start!!!
02-21 02:01:10.179  1901  1997 D vendor.oplus.hardware.charger-V6-service: [0, 0, 3]
02-21 02:01:10.180  1901  1997 D vendor.oplus.hardware.charger-V6-service: [0, 2, 5]
02-21 02:01:10.182  1901  1997 D vendor.oplus.hardware.charger-V6-service: [0, 1, 3]
02-21 02:01:10.185  1901  1997 D vendor.oplus.hardware.charger-V6-service: [0, 3, 3]
02-21 02:01:10.188  1901  1997 D vendor.oplus.hardware.charger-V6-service: [0, 4, 3]
02-21 02:01:10.189  1901  1997 D vendor.oplus.hardware.charger-V6-service: [0, 5, 3]
02-21 02:01:10.191  1901  1997 D vendor.oplus.hardware.charger-V6-service: [0, 6, 0]
02-21 02:01:10.191  1901  1997 D vendor.oplus.hardware.charger-V6-service: scale_chg Start!!!
02-21 02:01:10.192  1901  1997 D vendor.oplus.hardware.charger-V6-service: [0, 0, 3]
02-21 02:01:10.194  1901  1997 D vendor.oplus.hardware.charger-V6-service: [0, 2, 5]
02-21 02:01:10.195  1901  1997 D vendor.oplus.hardware.charger-V6-service: [0, 1, 3]
02-21 02:01:10.197  1901  1997 D vendor.oplus.hardware.charger-V6-service: [0, 3, 3]
02-21 02:01:10.199  1901  1997 D vendor.oplus.hardware.charger-V6-service: [0, 4, 3]
02-21 02:01:10.201  1901  1997 D vendor.oplus.hardware.charger-V6-service: [0, 5, 3]
02-21 02:01:10.203  1901  1997 D vendor.oplus.hardware.charger-V6-service: [0, 6, 0]
02-21 02:01:10.385  3348  3561 I system_server: Background young concurrent mark compact GC freed 25MB AllocSpace bytes, 16(320KB) LOS objects, 16% free, 117MB/141MB, paused 4.806ms,3.840ms total 110.976ms
02-21 02:01:10.532 25563 25787 I us.phonemanager: Explicit concurrent mark compact GC freed 2420KB AllocSpace bytes, 13(676KB) LOS objects, 24% free, 24MB/32MB, paused 2.158ms,10.283ms total 311.466ms
02-21 02:01:10.597  3348  4735 I OplusHansManager : uid=10407, pkg=com.nordvpn.android F enter(), M stay=5
02-21 02:01:10.602  3348  4735 I OplusHansManager : freeze uid: 10407 com.nordvpn.android pids: [21651] scene: LcdOff
02-21 02:01:10.604  3348  4741 I OplusHansManager : p_BC uid=10407 pkg=com.nordvpn.android
02-21 02:01:10.604  3348  4741 I OplusBinderProxy: proxyBinder uid: 10407 pkg: com.nordvpn.android proxy: true calling: OFreezer
02-21 02:01:10.605  1590 23201 E netd    : destroyAllSocketForUid:10407
02-21 02:01:10.611  3348  4229 D OAppNetControlService: Hans update:[10407=true][0|0] blackList:[10413, 10431, 10407]
02-21 02:01:10.611 11902 11902 D BoundBrokerSvc: onUnbind: Intent { act=com.google.android.gms.common.telemetry.service.START dat=chimera-action:/... cmp=com.google.android.gms/.chimera.PersistentApiService mCallingUid=10116 }
02-21 02:01:10.621  3348  4068 D InetDiagMessage: Destroyed 0 sockets, proto=IPPROTO_TCP, family=AF_INET, states=14
02-21 02:01:10.622  3348  4068 D InetDiagMessage: Destroyed 0 sockets, proto=IPPROTO_TCP, family=AF_INET6, states=14
02-21 02:01:10.622  3348  4068 D InetDiagMessage: Destroyed live tcp sockets for uids={10407} in 3ms
02-21 02:01:10.623  3348  4068 D InetDiagMessage: Destroyed 0 sockets, proto=IPPROTO_TCP, family=AF_INET, states=14
02-21 02:01:10.624  3348  4068 D InetDiagMessage: Destroyed 0 sockets, proto=IPPROTO_TCP, family=AF_INET6, states=14
02-21 02:01:10.624  3348  4068 D InetDiagMessage: Destroyed live tcp sockets for uids={20407} in 1ms
02-21 02:01:10.740  1816 24367 I QC2Comp : [avcD_2599] Stats: Pending(8) i/p-done(4) Works: Q: 28/Done 21|Work-Rate: Q(0.0/s Avg=0.4/s) Done(0.000/s Avg=0.320/s)| Stream: 60.00fps 28.2Mbps
02-21 02:01:10.740  1816 24367 I QC2Comp : [avcD_2599] Mem-usage:  [In-1D: 6 bufs 40.500 MB] [1D-5553: 4 bufs 0.062 MB] [2D-5554: 20 bufs 143.359 MB] [1D-5553: 10 bufs 0.156 MB] | Total: 184.078 MB
02-21 02:01:10.990  1901  2018 D BatteryChargeControl: bcc get no support from charging protocol
02-21 02:01:11.404  2487  3862 I oplus_theia: Waiting for OCenterService
02-21 02:01:11.605 10741 10758 D IHansComunication: HANS sendMessageToKernel: threadId = 519439367280, netLinkSetup = 1, type = FROZEN_TRANS, targetUid = 10407, pkgCmd = PKG_CMD_MAX
02-21 02:01:11.996  1901  2018 D BatteryChargeControl: bcc get no support from charging protocol
02-21 02:01:13.003  1901  2018 D BatteryChargeControl: bcc get no support from charging protocol
02-21 02:01:13.607  4382  4495 I SystemUi--Statusbar: OplusNetworkSpeedControllExImpl-->updateNetworkSpeed: isConnected:true,isSwitchOn:true
02-21 02:01:13.611  4382  4495 I SystemUi--Statusbar: OplusNetworkSpeedControllExImpl-->getTotalByte: totalRxBytes:30844433737,totalTxBytes:6724847254,loopbackTxBytes:653555124,loopbackRxBytes:653554464 ,totalBytes:36262171403
02-21 02:01:14.007  1901  2018 D BatteryChargeControl: bcc get no support from charging protocol
02-21 02:01:14.350  1901  1901 D vendor.oplus.hardware.charger-V6-service: get_ui_charge_icon_type 0 0 0 0 0
02-21 02:01:14.357  1901  1901 D vendor.oplus.hardware.charger-V6-service: oplus_chg_get_cpa_power 2500 charge_online 1 retention_topic 0
02-21 02:01:14.365  4382  4382 I SystemUi--Statusbar: BatteryControllerExt-->updateBatteryChangeIntent():broadcast=android.intent.action.BATTERY_CHANGED,level=34,scale=100
02-21 02:01:14.365  4382  4382 I SystemUi--Statusbar: BatteryRepository-->level: 34 -- isSavingMode: false
02-21 02:01:14.372  3348  3670 D OplusDisplayBrightnessBroadcastReceiver: onReceive action = android.intent.action.BATTERY_CHANGED , listeners = [com.android.server.display.OplusFeatureHDREnhanceBrightness$PhoneInfoReceiver@2da9b37, com.android.server.display.OplusFeatureEdrEnhanceBrightness$PhoneInfoReceiver@5e908a4]
02-21 02:01:14.373  4910  4910 D SubsysBroadcastManager: onReceive action:android.intent.action.BATTERY_CHANGED
02-21 02:01:14.375  4750  4750 D DeviceStatisticsService: onReceive: action= android.intent.action.BATTERY_CHANGED
02-21 02:01:14.376  7979  7979 E VendorNfcService: changeNfcStateByWirelessCharge: feature WIRELESS_CHARGING = true; mIsWirelessCharging: false; mIsReverseChargingSwitchOpen: false; mNfcWorkMode: 0; isOverSeaRegion() = true
02-21 02:01:14.377 15484 15484 D BatteryStatusMonitor: onReceive android.intent.action.BATTERY_CHANGED
02-21 02:01:14.378 15484 15484 D BatteryStatusMonitor: BatteryStatus :2  last:2
02-21 02:01:14.378 15484 15484 D BatteryStatusMonitor: WirelessReserve :3  last:3
02-21 02:01:14.379 15484 15484 D BatteryStatusMonitor: OtgOnline :1  last:1
02-21 02:01:14.379  1143 27923 I android.system.suspend-service: First holding wakelock name = PowerManagerService.WakeLocks
02-21 02:01:14.380 12550 13525 E Battery : ChargeProtectionUtils: mCanlendarTmp.isEmpty()!
02-21 02:01:14.381  1143 27923 I android.system.suspend-service: Last release wakelock name = PowerManagerService.WakeLocks
02-21 02:01:14.381  1143 27923 I android.system.suspend-service: mAutosuspendEnabled=1
02-21 02:01:14.596  5668  5707 E horae   : 0: back:33039,frame:33412,front:33243, 3, +(1149), 0 ,32000,34561,37991, target_temp:33412, algo:0
02-21 02:01:14.598 17752 18515 D ShellSubscriberWorkerThread: the first 8 bytes empty, and RestData length > 8 
02-21 02:01:15.011  1901  2018 D BatteryChargeControl: bcc get no support from charging protocol
02-21 02:01:15.039  3348  3644 I ActivityManager: Waited long enough for: ServiceRecord{9b11852 u0 com.oplus.sau/com.oplusos.sau.aidl.SauBinderUpdateService c:com.oplus.sau}
02-21 02:01:15.169  3348  3561 I system_server: Background young concurrent mark compact GC freed 24MB AllocSpace bytes, 15(300KB) LOS objects, 16% free, 117MB/141MB, paused 6.304ms,4.269ms total 112.112ms
02-21 02:01:15.203  1901  1997 D vendor.oplus.hardware.charger-V6-service: parallel fold conf file parse fail parallel_fold_state 2
02-21 02:01:15.204  1901  1997 D vendor.oplus.hardware.charger-V6-service: scale_chg Start!!!
02-21 02:01:15.207  1901  1997 D vendor.oplus.hardware.charger-V6-service: [0, 0, 3]
02-21 02:01:15.209  1901  1997 D vendor.oplus.hardware.charger-V6-service: [0, 2, 5]
02-21 02:01:15.211  1901  1997 D vendor.oplus.hardware.charger-V6-service: [0, 1, 3]
02-21 02:01:15.213  1901  1997 D vendor.oplus.hardware.charger-V6-service: [0, 3, 3]
02-21 02:01:15.216  1901  1997 D vendor.oplus.hardware.charger-V6-service: [0, 4, 3]
02-21 02:01:15.217  1901  1997 D vendor.oplus.hardware.charger-V6-service: [0, 5, 3]
02-21 02:01:15.220  1901  1997 D vendor.oplus.hardware.charger-V6-service: [0, 6, 0]
02-21 02:01:15.220  1901  1997 D vendor.oplus.hardware.charger-V6-service: scale_chg Start!!!
02-21 02:01:15.223  1901  1997 D vendor.oplus.hardware.charger-V6-service: [0, 0, 3]
02-21 02:01:15.225  1901  1997 D vendor.oplus.hardware.charger-V6-service: [0, 2, 5]
02-21 02:01:15.228  1901  1997 D vendor.oplus.hardware.charger-V6-service: [0, 1, 3]
02-21 02:01:15.230  1901  1997 D vendor.oplus.hardware.charger-V6-service: [0, 3, 3]
02-21 02:01:15.232  1901  1997 D vendor.oplus.hardware.charger-V6-service: [0, 4, 3]
02-21 02:01:15.235  1901  1997 D vendor.oplus.hardware.charger-V6-service: [0, 5, 3]
02-21 02:01:15.239  1901  1997 D vendor.oplus.hardware.charger-V6-service: [0, 6, 0]
02-21 02:01:15.434 11995 11995 D BoundBrokerSvc: onUnbind: Intent { act=com.google.android.gms.feedback.internal.IFeedbackService dat=chimera-action:/... cmp=com.google.android.gms/.chimera.GmsBoundBrokerService mCallingUid=10116 }
02-21 02:01:15.742  1816 24367 I QC2Comp : [avcD_2599] Stats: Pending(8) i/p-done(4) Works: Q: 28/Done 21|Work-Rate: Q(0.0/s Avg=0.4/s) Done(0.000/s Avg=0.298/s)| Stream: 60.00fps 28.2Mbps
02-21 02:01:15.742  1816 24367 I QC2Comp : [avcD_2599] Mem-usage:  [In-1D: 6 bufs 40.500 MB] [1D-5553: 4 bufs 0.062 MB] [2D-5554: 20 bufs 143.359 MB] [1D-5553: 10 bufs 0.156 MB] | Total: 184.078 MB
02-21 02:01:16.027  1901  2018 D BatteryChargeControl: bcc get no support from charging protocol
02-21 02:01:16.295  2560 24366 I OplusFeedbackInfo: callingPid(12330) 0xb40000709ead5d00 c2.qti.avc.decoder codec[0xb40000708061b800] 1440x3216 inputFps=0 outputFps=0 renderFps=0, discardFps=0
02-21 02:01:16.633  3348  5152 W ActivityTaskManager: callingPackage for (uid=2000, pid=26409) has no WPC
02-21 02:01:16.633  3348  4171 I [UAH_CLIENT]: UahEventAcquire, cmdid:2, pkg:none, identity:com.android.server.wm
02-21 02:01:16.652  3348  5152 D WindowManager: NFW_setClientVisible:ActivityRecord{8be554 u0 com.renderflow.app/.MainActivity clientVisible:true
02-21 02:01:16.652  3348  5152 V GrammaticalInflectionUtils: AttributionSource: android.content.AttributionSource@53e86446 does not have READ_SYSTEM_GRAMMATICAL_GENDER permission.
02-21 02:01:16.656  3348  5152 D FlexibleTaskController: isSupportFlexibleWindow target = com.renderflow.app/.MainActivity callPkg = FlexibleTaskController support = true ,caller = 3348
02-21 02:01:16.656  3348  5152 D ActivityStarterExtImpl: NOT BACKGROUND_START_ACTIVITY_PERMISSION FEATURE
02-21 02:01:16.657  3348  4229 D OAppNetControlService: Hans update:[10431=false][1|1] blackList:[10413, 10407]
02-21 02:01:16.657  3348  5152 I OplusHansManager : unfreeze uid: 10431 com.renderflow.app pids: [25668] reason: Activity scene: LcdOff
02-21 02:01:16.657  3348  4735 I OplusHansManager : uid=10431, pkg=com.renderflow.app F exit(), F stay=12, reason=Activity
02-21 02:01:16.658  3348  4735 I OplusHansManager : uid=10431, pkg=com.renderflow.app M exit(), M stay=0
02-21 02:01:16.658  3348  5152 D FlexibleWindowManagerService: isIgnoreAppearedAcrossTask:false
02-21 02:01:16.658  3348  5152 D FlexibleWindowManagerService: isIgnoreAppearedAcrossTask:false
02-21 02:01:16.658  3348  5152 D FlexibleTaskController: adjustOptionsForFlexibleTask skip adjust options reason:7
02-21 02:01:16.658  3348  4741 I OplusHansManager : up_BC uid=10431 pkg=com.renderflow.app
02-21 02:01:16.658  3348  5152 D FlexibleTaskController: isSupportFlexibleWindow target = com.renderflow.app/.MainActivity callPkg = FlexibleTaskController support = true ,caller = 3348
02-21 02:01:16.658  3348  5152 D FlexibleWindowManagerService: no reused task found for ActivityRecord{8be554 u0 com.renderflow.app/.MainActivity t-1}
02-21 02:01:16.658  3348  4741 I OplusBinderProxy: proxyBinder uid: 10431 pkg: com.renderflow.app proxy: false calling: OFreezer
02-21 02:01:16.664  3348  5152 D OplusAlwaysAliveManager: remove previous task: 13662, ComponentInfo{com.renderflow.app/com.renderflow.app.MainActivity}
02-21 02:01:16.667  3348  5152 D ActivityTaskManager: Temporarily retain top process state for launching app
02-21 02:01:16.667  3348  5152 D OplusStartingWindowManager: we don't revise window flags for third app
02-21 02:01:16.667  3348  5152 D ActivityTaskManager: validateStartingWindowTheme:  Pkg=com.renderflow.app, Translucent=false, Floating=false, ShowWallpaper=false, Disable=false, LaunchSource=4
02-21 02:01:16.667  3348  5152 W ActivityTaskManager: addStartingWindow fail due to not okToDisplay
02-21 02:01:16.668  3348  5152 I OplusHansManager : front pkg: com.renderflow.app, uid: 10431, prev pkg: com.android.launcher, prev uid: 10213
02-21 02:01:16.668  3348  5152 D RefreshRate: not enable app switch boost in low brightness mode!
02-21 02:01:16.668  3348  5152 I ActivityTaskManager: The Process com.renderflow.app Already Exists in BG. So sending its PID: 25668
02-21 02:01:16.668  3348  4735 I OplusHansManager : uid=10431, pkg=com.renderflow.app R exit SM
02-21 02:01:16.668  3348  4735 I OplusHansManager : uid=10431, pkg=com.renderflow.app R exit(), R stay=0
02-21 02:01:16.668  1988  1988 I OplusPerfCount: The num of client composition of  in last 76453 ms is: 142
02-21 02:01:16.669  1988  1988 I OplusPerfCount: The num of blur fliter in last 76453 ms is: 160
02-21 02:01:16.669  3348  5152 D WindowManager: rotation(ROTATION_0) no changed  displayId = 0, lastOrientation = 5
02-21 02:01:16.669  3348  5152 D OplusCameraStartupOptimization: cameraPreopenIfNeed, r = ActivityRecord{8be554 u0 com.renderflow.app/.MainActivity t13681}
02-21 02:01:16.669  3348  5152 D OplusCameraStartupOptimization: needOptimizeForCamera bNeedOptimize:false clsName: com.renderflow.app/.MainActivity
02-21 02:01:16.669  1988  1988 I OplusPerfCount: The layer number in last 76453ms is: 4 layer, 9 time, 5 layer, 68 time, 6 layer, 6 time, 7 layer, 32 time, 8 layer, 135 time, 9 layer, 57 time, 10 layer, 65 time, 11 layer, 25 time, 12 layer, 23 time, 13 layer, 16 time, 
02-21 02:01:16.669  3348  5152 D OplusFeatureColorMode: ColorMode getColorMode =8
02-21 02:01:16.669  3348  5152 D ColorDisplayServiceExtImpl: getWCGVersion1App, packageName=com.renderflow.app, sSupportWCG1 = true, nRet = 0
02-21 02:01:16.671  3348  5152 D ActivityTaskManager: onWindowFocusChanged Task{5afc43 #13681 type=standard A=10431:com.renderflow.app} would transfer to compact
02-21 02:01:16.671  3348  3639 I UserAwareMgr: handleTopAppChanged: com.renderflow.app, pid: 25668, uid: 10431
02-21 02:01:16.671  3348  5152 I InputDispatcher: setFocusedApplication displayId=0 ActivityRecord{8be554 u0 com.renderflow.app/.MainActivity t13681}
02-21 02:01:16.671  3348  3639 I UserAwareMgr: can not find matched top app: com.renderflow.app
02-21 02:01:16.671  3348  5152 D ActivityTaskManager: NFW_setLastResumedActivityUncheckLocked:true r:ActivityRecord{8be554 u0 com.renderflow.app/.MainActivity t13681} currentFocus:Window{1a3e2b7 u0 NotificationShade}
02-21 02:01:16.671  3348  5152 D WindowManager: NFW_findFocusedWindowIfNeeded:Window{1a3e2b7 u0 NotificationShade} mCurrentFocus:Window{1a3e2b7 u0 NotificationShade}
02-21 02:01:16.671  3348  5152 D ActivityTaskManager: notifyTaskAdded, task: Task{5afc43 #13681 type=standard A=10431:com.renderflow.app} trace:com.android.server.wm.RecentTasks.add:1365 com.android.server.wm.ActivityTaskManagerService.setLastResumedActivityUncheckLocked:5514 com.android.server.wm.ActivityTaskSupervisor.updateTopResumedActivityIfNeeded:2691 com.android.server.wm.TaskFragment.setResumedActivity:657 com.android.server.wm.TaskFragment.onActivityStateChanged:1020 
02-21 02:01:16.671  3348  5152 D FlexibleTaskController: onTaskFocusChanged prevTask:Task{fc9e519 #5 type=home I=com.android.launcher/.Launcher} ,currentTask:Task{5afc43 #13681 type=standard A=10431:com.renderflow.app}, reason: realStartActivityLocked - onActivityStateChanged
02-21 02:01:16.671  3348  5152 D OplusFlexibleDCSManager: onNextPkgChanged pkg = com.renderflow.app
02-21 02:01:16.672  3348  5152 I OplusJoystickManager: handleApplicationSwitch deprecated!
02-21 02:01:16.672  3348  4171 I [UAH_CLIENT]: UahEventAcquire, cmdid:0, pkg:com.renderflow.app, identity:com.android.server.wm
02-21 02:01:16.672 25668 25685 D ColorModeChangeItem: preExecute mColorMode=0
02-21 02:01:16.672  3348  5152 D ActivityTrigger: ActivityTrigger activityPauseTrigger 
02-21 02:01:16.673 25668 25668 D callGcSupression: java.lang.NullPointerException: Attempt to invoke virtual method 'java.lang.Object java.lang.reflect.Method.invoke(java.lang.Object, java.lang.Object[])' on a null object reference
02-21 02:01:16.674  3348  5152 I ActivityTaskManager: START u0 {flg=0x10000000 cmp=com.renderflow.app/.MainActivity mCallingUid=2000} with LAUNCH_SINGLE_TASK from uid 2000 (BAL_ALLOW_PERMISSION) result code=0
02-21 02:01:16.675  4382  4445 V WindowManagerShell: Transition requested (#18982): android.os.BinderProxy@ac88c00 TransitionRequestInfo { type = OPEN, triggerTask = TaskInfo{userId=0 taskId=13681 displayId=0 isRunning=true baseIntent=Intent { flg=0x10000000 cmp=com.renderflow.app/.MainActivity mCallingUid=2000 } baseActivity=ComponentInfo{com.renderflow.app/com.renderflow.app.MainActivity} topActivity=ComponentInfo{com.renderflow.app/com.renderflow.app.MainActivity} origActivity=null realActivity=ComponentInfo{com.renderflow.app/com.renderflow.app.MainActivity} numActivities=1 lastActiveTime=725651537 supportsSplitScreenMultiWindow=true supportsMultiWindow=true supportsPocketStudioMultiWindow=true isInFlexibleEmbedded = false uid = 10431 pid = 25668 resizeMode=1 isResizeable=true minWidth=-1 minHeight=-1 defaultMinSize=220 token=WCT{android.window.IWindowContainerToken$Stub$Proxy@a0bcc39} topActivityType=1 pictureInPictureParams=null shouldDockBigOverlays=false launchIntoPipHostTaskId=-1 lastParentTaskIdBeforePip=-1 displayCutoutSafeInsets=Rect(0, 96 - 0, 0) topActivityInfo=ActivityInfo{c55827e com.renderflow.app.MainActivity} launchCookies=[] positionInParent=Point(0, 0) parentTaskId=-1 isFocused=true isVisible=false isVisibleRequested=false isSleeping=true locusId=null displayAreaFeatureId=1 isTopActivityTransparent=false appCompatTaskInfo=AppCompatTaskInfo { topActivityInSizeCompat=false topActivityInOplusCompatMode=false topActivityEligibleForLetterboxEducation= falseisLetterboxEducationEnabled= false isLetterboxDoubleTapEnabled= false topActivityEligibleForUserAspectRatioButton= false topActivityBoundsLetterboxed= false isFromLetterboxDoubleTap= false topActivityLetterboxVerticalPosition= -1 topActivityLetterboxHorizontalPosition= -1 topActivityLetterboxWidth=1080 topActivityLetterboxHeight=2412 isUserFullscreenOverrideEnabled=false isSystemFullscreenOverrideEnabled=false cameraCompatTaskInfo=CameraCompatTaskInfo { cameraCompatControlState=hidden freeformCameraCompatMode=inactive}} topActivityLetterboxInsets=Rect(0, 0 - 0, 0) mOplusExtraBundle = Bundle[mParcelledData.dataSize=348]}, pipTask = null, remoteTransition = null, displayChange = null, flags = 0, debugId = 18982 }
02-21 02:01:16.676  3348  4751 I OPM-Process: resume pkg: com.renderflow.app, uid:10431, prev pkg: com.android.launcher, prev uid: 10213
02-21 02:01:16.676  3348  3629 I TaskOrganizerController: onTaskInfoChanged taskid 1 config { mBounds=Rect(0, 0 - 1080, 2412) mAppBounds=Rect(0, 0 - 1080, 2412) mMaxBounds=Rect(0, 0 - 1080, 2412) mDisplayRotation=ROTATION_0 mWindowingMode=fullscreen mActivityType=home mAlwaysOnTop=undefined mRotation=ROTATION_0}
02-21 02:01:16.677  3348  3629 D OplusFlexibleWindowMinimizedManagerHelper: onTaskInfoChanged taskInfo:TaskInfo{userId=0 taskId=1 displayId=0 isRunning=true baseIntent=Intent { act=android.intent.action.MAIN cat=[android.intent.category.HOME] flg=0x10000100 cmp=com.android.launcher/.Launcher mCallingUid=1000 } baseActivity=ComponentInfo{com.android.launcher/com.android.launcher.Launcher} topActivity=ComponentInfo{com.android.launcher/com.android.launcher.Launcher} origActivity=null realActivity=null numActivities=1 lastActiveTime=20115 supportsSplitScreenMultiWindow=false supportsMultiWindow=true supportsPocketStudioMultiWindow=false isInFlexibleEmbedded = false uid = 10213 pid = 12182 resizeMode=2 isResizeable=true minWidth=-1 minHeight=-1 defaultMinSize=220 token=WCT{RemoteToken{91b1a13 Task{cb7ade8 #1 type=home}}} topActivityType=2 pictureInPictureParams=null shouldDockBigOverlays=false launchIntoPipHostTaskId=-1 lastParentTaskIdBeforePip=-1 displayCutoutSafeInsets=Rect(0, 96 - 0, 0) topActivityInfo=ActivityInfo{1826eaf com.android.launcher.Launcher} launchCookies=[] positionInParent=Point(0, 0) parentTaskId=-1 isFocused=false isVisible=false isVisibleRequested=false isSleeping=true locusId=LocusId[17_chars] displayAreaFeatureId=1 isTopActivityTransparent=false appCompatTaskInfo=AppCompatTaskInfo { topActivityInSizeCompat=false topActivityInOplusCompatMode=false topActivityEligibleForLetterboxEducation= falseisLetterboxEducationEnabled= false isLetterboxDoubleTapEnabled= false topActivityEligibleForUserAspectRatioButton= false topActivityBoundsLetterboxed= false isFromLetterboxDoubleTap= false topActivityLetterboxVerticalPosition= -1 topActivityLetterboxHorizontalPosition= -1 topActivityLetterboxWidth=1080 topActivityLetterboxHeight=2412 isUserFullscreenOverrideEnabled=false isSystemFullscreenOverrideEnabled=false cameraCompatTaskInfo=CameraCompatTaskInfo { cameraCompatControlState=hidden freeformCameraCompatMode=inactive}} topActivityLetterboxInsets=Rect(0, 0 - 0, 0) mOplusExtraBundle = Bundle[{androidx.flexible.taskFrame=Rect(0, 0 - 0, 0), key_flexible_task_state=0, androidx.activity.LaunchScenario=0, androidx.activity.LaunchScale=1.0}]} task:Task{cb7ade8 #1 type=home}
02-21 02:01:16.677  3348  3629 D OplusFlexibleDragToSplitAnimController: visibleFlexibleTaskInfos delete:1
02-21 02:01:16.677  3348  3629 D OplusFlexibleDragAnimationBaseState: handleRunningTaskInfo:TaskInfo{userId=0 taskId=1 displayId=0 isRunning=true baseIntent=Intent { act=android.intent.action.MAIN cat=[android.intent.category.HOME] flg=0x10000100 cmp=com.android.launcher/.Launcher mCallingUid=1000 } baseActivity=ComponentInfo{com.android.launcher/com.android.launcher.Launcher} topActivity=ComponentInfo{com.android.launcher/com.android.launcher.Launcher} origActivity=null realActivity=null numActivities=1 lastActiveTime=20115 supportsSplitScreenMultiWindow=false supportsMultiWindow=true supportsPocketStudioMultiWindow=false isInFlexibleEmbedded = false uid = 10213 pid = 12182 resizeMode=2 isResizeable=true minWidth=-1 minHeight=-1 defaultMinSize=220 token=WCT{RemoteToken{91b1a13 Task{cb7ade8 #1 type=home}}} topActivityType=2 pictureInPictureParams=null shouldDockBigOverlays=false launchIntoPipHostTaskId=-1 lastParentTaskIdBeforePip=-1 displayCutoutSafeInsets=Rect(0, 96 - 0, 0) topActivityInfo=ActivityInfo{1826eaf com.android.launcher.Launcher} launchCookies=[] positionInParent=Point(0, 0) parentTaskId=-1 isFocused=false isVisible=false isVisibleRequested=false isSleeping=true locusId=LocusId[17_chars] displayAreaFeatureId=1 isTopActivityTransparent=false appCompatTaskInfo=AppCompatTaskInfo { topActivityInSizeCompat=false topActivityInOplusCompatMode=false topActivityEligibleForLetterboxEducation= falseisLetterboxEducationEnabled= false isLetterboxDoubleTapEnabled= false topActivityEligibleForUserAspectRatioButton= false topActivityBoundsLetterboxed= false isFromLetterboxDoubleTap= false topActivityLetterboxVerticalPosition= -1 topActivityLetterboxHorizontalPosition= -1 topActivityLetterboxWidth=1080 topActivityLetterboxHeight=2412 isUserFullscreenOverrideEnabled=false isSystemFullscreenOverrideEnabled=false cameraCompatTaskInfo=CameraCompatTaskInfo { cameraCompatControlState=hidden freeformCameraCompatMode=inactive}} topActivityLetterboxInsets=Rect(0, 0 - 0, 0) mOplusExtraBundle = Bundle[{androidx.flexible.taskFrame=Rect(0, 0 - 0, 0), key_flexible_task_state=0, androidx.activity.LaunchScenario=0, androidx.activity.LaunchScale=1.0}]}state:0
02-21 02:01:16.677  3348  4843 D OplusWifiPower_TriggerCenter: mComponentCallback: fgapplist
02-21 02:01:16.678  3348  4843 D OplusAppSwitchListener: Detect com.android.launcher switch to background
02-21 02:01:16.678  4225  7986 V DCSEX-AppSwitchManager: OnAppSwitchObserver: onAppExit, resuming = com.renderflow.app, target = com.android.launcher, is ResumingFirstStart =  false, is ResumingMultiApp =  false, extensionInfo =  Bundle[mParcelledData.dataSize=128]
02-21 02:01:16.679  3348  4843 D OplusFeatureReduceBrightness: onAppExit , info = com.android.launcher
02-21 02:01:16.680  3348  4218 E OplusUIFirst_TS: Failed to connect bpf bin: -1
02-21 02:01:16.680  1981 24526 D GpuServiceExtImpl: getRUSWhiteList  size 0
02-21 02:01:16.680 25668 25668 I HWUI    : SupportApps size 0
02-21 02:01:16.680  3348  4843 D OplusEapManager: mTargetExitName :com.android.launcher
02-21 02:01:16.681  4225  4292 D DCSEX-AppLaunchEventRecorder: onAppSwitch from = com.android.launcher to = com.renderflow.app
02-21 02:01:16.682  4382  4445 D ShellTaskOrganizerExt: visibleFlexibleTaskInfos delete:1
02-21 02:01:16.682  4382  4445 D ShellTaskOrganizerExt: isOnCanvas size:0
02-21 02:01:16.682  4382  4445 D ShellTaskOrganizerExt: isOnThreeFlexibleCanvas size:0
02-21 02:01:16.682  3348  8048 I [UAH_CLIENT]: UahEventAcquire, cmdid:2, pkg:none, identity:OplusActivityManagerServiceEnhance
02-21 02:01:16.686 25668 25668 D ResourcesManagerExtImpl: applyConfigurationToAppResourcesLocked app.getDisplayId() return callback.displayId:0
02-21 02:01:16.686  4225 17276 V DCSEX-AppSwitchManager: OnAppSwitchObserver: onAppEnter, launchedFrom =  com.android.shell, target =  com.renderflow.app, is firstStart =  false, is multiApp =  false, extensionInfo =  Bundle[mParcelledData.dataSize=188]
02-21 02:01:16.686  3348  4843 D OplusAppSwitchListener: Detect com.renderflow.app switch to foreground
02-21 02:01:16.686  3348  4843 D OplusFeatureRiderMode: onAppEnter , info = com.renderflow.app
02-21 02:01:16.686  3348  3625 D callGcSupression: java.lang.NullPointerException: Attempt to invoke virtual method 'java.lang.Object java.lang.reflect.Method.invoke(java.lang.Object, java.lang.Object[])' on a null object reference
02-21 02:01:16.686  3348  3670 I OplusSmartBrightnessController: handleMessage MSG_POWER_BRIGHTNESS_CHANGED.
02-21 02:01:16.687  3348  4843 D OplusEapManager: mTargetEnterName :com.renderflow.app
02-21 02:01:16.687  3348  4843 D OplusLatencyOptimizerManager: enter pkg: com.renderflow.app isPrevBlackAppTop: false mIsBlackAppTop: false
02-21 02:01:16.687  3348  4843 D VRR [OPlusFrontAppManager]: OnAppSwitchObserver: onAppEnter , info.targetName = com.renderflow.app
02-21 02:01:16.687  3348  4178 D ScorerRus: scorer params updated:ScoreParam id:0 baseId:0
02-21 02:01:16.687  3348  4178 D ScorerRus: L2={ rssi:[-82, -78, -72, -65][-80, -76, -72, -65][-80, -76, -72, -65] lowplatformrssi:[-79, -75, -69, -62][-77, -73, -69, -62][-77, -73, -69, -62] tx_per:[90, 75, 65, 20] txLost:[80, 70, 55, 40] txRetry:[90, 75, 60, 50] cca:[195, 170, 115, 70] link_speed:[8, 15, 24, 36][8, 15, 24, 36][8, 15, 24, 36][9, 18, 35, 70][10, 26, 35, 70] qos_poor_level_count:[3, 2, 2, 2, 1] stall_count:[5, 3, 2, 2, 1] traffic_insufficient_count:[5, 3, 2, 2, 1] tx_bad_count:[5, 3, 2, 2, 1] cca_bad_count:[5, 3, 2, 2, 1] tx_pps:[10, 50, 200] rx_pps:[10, 50, 200] LowLatencyPpsThreshold:0}
02-21 02:01:16.687  3348  4178 D ScorerRus: L3={ rtt:[2000, 400, 200, 100] tx_lost:[80, 65, 50, 30] tx_retry:[85, 70, 55, 40] tx_through_put:[10, 100] rx_through_put:[10, 100] probe:[ http=[10000, 3000, 5, 200, 1] lan=[2000, 200, 3, 60, 3]]}
02-21 02:01:16.687  3348  4178 D ScorerRus: L4GameLatency=[110, 190, 300, 3000, 2000]
02-21 02:01:16.687  3348  4178 D ScorerRus: AppQoE=[1, 1, 1, 1]
02-21 02:01:16.687  3348  4178 D ScorerRus: qos_level_map:{111=1, 112=1, 113=1, 114=1, 115=1, 121=1, 122=1, 123=1, 124=1, 125=1, 131=1, 132=1, 133=1, 134=1, 135=2, 141=2, 142=2, 143=2, 144=3, 145=3, 151=2, 152=3, 153=3, 154=3, 155=3, 211=1, 212=1, 213=2, 214=2, 215=2, 221=1, 222=1, 223=2, 224=2, 225=2, 231=2, 232=3, 233=3, 234=3, 235=3, 241=3, 242=3, 243=3, 244=4, 245=4, 251=3, 252=3, 253=3, 254=4, 255=4, 311=1, 312=2, 313=2, 314=2, 315=2, 321=2, 322=2, 323=2, 324=2, 325=2, 331=3, 332=3, 333=3, 334=3, 335=3, 341=3, 342=3, 343=3, 344=4, 345=4, 351=3, 352=3, 353=3, 354=4, 355=5, 411=1, 412=2, 413=2, 414=2, 415=2, 421=2, 422=2, 423=3, 424=3, 425=3, 431=3, 432=3, 433=4, 434=4, 435=4, 441=3, 442=3, 443=4, 444=5, 445=5, 451=3, 452=3, 453=4, 454=5, 455=5, 511=2, 512=3, 513=3, 514=3, 515=3, 521=3, 522=3, 523=3, 524=4, 525=4, 531=4, 532=4, 533=5, 534=5, 535=5, 541=4, 542=4, 543=5, 544=5, 545=5, 551=4, 552=4, 553=5, 554=5, 555=5}
02-21 02:01:16.687  4829  7376 I Athena  : AthenaDynamicReceiver: pre_app:com.android.launcher, next_app:com.renderflow.app(10431|25668)
02-21 02:01:16.687 12550 29307 W Battery : AppSwitchDetectorV2: OnAppSwitchObserver: onAppExit , info = OplusAppExitInfo = {  targetName = com.android.launcher hasResumingActivity = true resumingPackageName = com.renderflow.app resumingActivityName = com.renderflow.app.MainActivity resumingWindowMode = 1 isResumingMultiApp = false isResumingFirstStart = false extension = Bundle[mParcelledData.dataSize=128]}
02-21 02:01:16.687 12550 29307 W Battery : ThermalControlUtils: Screen unlock, mIsScreenBlocked incorrect.
02-21 02:01:16.687 12550 29307 E Battery : ThermalControlUtils: app switch but screen off
02-21 02:01:16.688 12550 29307 W Battery : ThermalControlUtils: mForegroundPkg=com.renderflow.app mLastWindowMode=1
02-21 02:01:16.689  3348  3653 E OplusThermalStats: Error getting package info: com.renderflow.app
02-21 02:01:16.689  4753  5293 D ActivityAdapter: onCommonAppEnter: OplusAppEnterInfo = {  windowMode = 1 targetName = com.renderflow.app multiApp = false firstStart = false launchedFromPackage = com.android.shell intent = Intent { flg=0x10000000 cmp=com.renderflow.app/.MainActivity mCallingUid=2000 } extension = Bundle[mParcelledData.dataSize=188]}
02-21 02:01:16.690  3348  3668 D ColorAutomaticBrightnessController: MSG_UPDATE_BRIGHTNESS
02-21 02:01:16.690  3348  3668 V SystemSensorManagerExtImpl: unRegisterListener by com.android.server.display.brightness.clamper.BrightnessClamperController$1@b3bd832
02-21 02:01:16.691  4382  4382 I PluginSeedling--Base: SeedlingPluginService-->onStateChange: Bundle[{app_switch_resume_pkg=com.renderflow.app, state=onFrontAppSwitched, isTransientHide=false, app_switch_resume_activity=com.renderflow.app.MainActivity}]
02-21 02:01:16.691 25668 25668 D AppCompatDelegate: Checking for metadata for AppLocalesMetadataHolderService : Service not found
02-21 02:01:16.691 25668 26414 D ExtensionsLoader: createInstance(64bit) : createExtendedFactory
02-21 02:01:16.691  4382  4382 D PluginSeedling--Base: AppFrontManager-->front App changed com.renderflow.app
02-21 02:01:16.691  4382  4382 D PluginSeedling--Base: StatusBarDataManager-->onPluggableInvalidated FRONT_APP
02-21 02:01:16.691 25668 26414 D ExtensionsLoader: Opened libSchedAssistExtImpl.so
02-21 02:01:16.692  3348  3676 D VRR [OPlusRefreshRateService]: handleFrontAppChange pkgName: com.renderflow.app
02-21 02:01:16.692  3348  3676 D VRR [OPlusExternalRefreshRateManager]:  [OTI] handleTouchIdlePauseState: policy
02-21 02:01:16.693  1988  1988 I BpBinder: onLastStrongRef automatically unlinking death recipients: 
02-21 02:01:16.692  3348  3676 D VRR [OPlusSAManager]: isAutoReady return false. ScreenState: 1, isSAType: true, isSMType: false
02-21 02:01:16.698  1988  2424 D VRR [OTI-HW]: isStateReady 0
02-21 02:01:16.699  1988  2424 D VRR [OTI-HW]: rate range: min {id=1, hwcId=1, resolution=1080x2412, vsyncRate=60.00 Hz, dpi=391.89x392.72, group=0, vrrConfig=N/A} cur {id=0, hwcId=0, resolution=1080x2412, vsyncRate=120.00 Hz, dpi=391.89x392.72, group=0, vrrConfig=N/A} max {id=0, hwcId=0, resolution=1080x2412, vsyncRate=120.00 Hz, dpi=391.89x392.72, group=0, vrrConfig=N/A}
02-21 02:01:16.699  1988  2424 D VRR [OTI-HW]: keep rate.
02-21 02:01:16.700   757 32658 D SceneSDK.1.0.4-SNAPSHOT.757.DeepThinkerAppSwitchAbility: onAppSwitchEvent: AppSwitchEvent(timeStamp=1771621276690, eventType=2, targetName=com.android.launcher, firstStart=false, multiApp=false, windowMode=0, resumingPackageName=com.renderflow.app, resumingActivityName=com.renderflow.app.MainActivity, isResumingMultiApp=false, isResumingFirstStart=false)
02-21 02:01:16.700  4382  4445 D ZoomController: onTaskMovedToFront, task id:13681
02-21 02:01:16.700  4382  4445 I ZoomUiController: FloatHandle-isFloatHandleShow mPackageName = null
02-21 02:01:16.700  1590 23201 E TetherController: property_get sys.radio.data.modem_share_flag return 0, 1!
02-21 02:01:16.701 17752 18515 D ShellSubscriberWorkerThread: the first 8 bytes empty, and RestData length > 8 
02-21 02:01:16.703 25668 25668 I oplus.android.OplusFrameworkFactoryImpl: Unknow feature:IOplusTextViewRTLUtilForUG
02-21 02:01:16.703   757 32658 I metis_v2_AppSwitchDataCollector: AppExitEvent =  com.android.launcher, NextAppName = com.renderflow.app [Metis|com.oplus.metis|1.4.30-7ec9ae5]
02-21 02:01:16.709   757  1240 W metis_v2_OifaceBindUtils: bindTask
02-21 02:01:16.710 25668 25668 D nativeloader: Load liboplushwui_jni.so using system ns (caller=/system/framework/oplus-framework.jar): ok
02-21 02:01:16.712  5581 31794 D OplusAtlas.OplusAtlasEventDispatch: setEvent:atlas_event_on_foreground_activities_changed info:pid:25668,uid:10431,hasForegroundActivities:1
02-21 02:01:16.712  5581  9126 D OplusAtlas.OplusAudioScene: callback success event:atlas_event_on_foreground_activities_changed eventInfo:pid:25668,uid:10431,hasForegroundActivities:1
02-21 02:01:16.712  5581  9922 D OplusAtlas.OplusMessageHandler: handleMessage: Msg { when=0 what=2 obj=com.oplus.atlas.OplusAtlasEvent@986dedc target=com.oplus.atlas.OplusMessageHandler$MyHandler }
02-21 02:01:16.713  5581  9135 D OplusAtlas.OplusMessageHandler: handleMessage: Msg { when=-1ms what=0 obj=com.oplus.atlas.OplusAtlasEvent@986dedc target=com.oplus.atlas.OplusMessageHandler$MyHandler }
02-21 02:01:16.715  1976  2206 D AudioFlingerExtImpl: AudioFlingerExtImpl oplusSetParameters: keyvalue onForegroundActivitiesChanged=com.renderflow.app:foreground:1
02-21 02:01:16.715  1976  2206 D AudioFlingerExtImpl: updateForegroundInfo mForegroundMap(1)|[com.renderflow.app]=1
02-21 02:01:16.717  3348  3881 I OplusHansManager : unfreeze uid: 10413 com.facebook.stella pids: [22033] reason: Job scene: LcdOff
02-21 02:01:16.719  3348  4735 I OplusHansManager : uid=10413, pkg=com.facebook.stella F exit(), F stay=98, reason=Job
02-21 02:01:16.719  3348  4741 I OplusHansManager : up_BC uid=10413 pkg=com.facebook.stella
02-21 02:01:16.719  3348  4741 I OplusBinderProxy: proxyBinder uid: 10413 pkg: com.facebook.stella proxy: false calling: OFreezer
02-21 02:01:16.720 12550 29307 W Battery : ThermalControllerCenter: mSafetyState=10000,  mSafetyTestConfigList=01111,10111,11011,11101,11110,00111,01011,01101,01110,10011,10101,10110,11001,11010,11100,11000,11111
02-21 02:01:16.720 12550 29307 W Battery : ThermalControllHandler: tempLevel=[3],userMode=2,gameUserMode=7,appType=-1,envTempType=0,appStates=[],appSwitchSafetyMode=true,split=[],float=[com.whatsapp],full=[com.renderflow.app], tempGear=[3],configItemName=screen_off
02-21 02:01:16.721 12550 13444 W Battery : ThermalControllHandler: MSG_THERMAL_CONTROL_CATEGORY_CHANGED
02-21 02:01:16.723  1143  3049 I android.system.suspend-service: First holding wakelock name = PowerManagerService.WakeLocks
02-21 02:01:16.725 12550 13104 W Battery : AppSceneCenter: PerfPolicy not enable!
02-21 02:01:16.726 25668 25668 D ScrollOptim [SceneManager]: updateCurrentActivity: mCurrentActivityName=com.renderflow.app.MainActivity, isOptEnable=true, isAnimAheadEnable=true, isFrameInsertEnable=true, InsertNum=1, isEnabledForScrollChanged=false
02-21 02:01:16.726 25668 25668 D ActivityThread: ComponentInfo{com.renderflow.app/com.renderflow.app.MainActivity} checkFinished=false 2
02-21 02:01:16.726 25668 25668 D ResourcesManagerExtImpl: applyConfigurationToAppResourcesLocked app.getDisplayId() return callback.displayId:0
02-21 02:01:16.726 25668 26420 W dev.expo.updates: {"timestamp":1771621276726,"message":"The expo-updates system is explicitly disabled. To enable it, set the enabled setting to true.","code":"InitializationError","level":"warn"}
02-21 02:01:16.726 22033 22033 D ActivityThread: Package [com.renderflow.app] reported as REPLACED, but missing application info. Assuming REMOVED.
02-21 02:01:16.727 25668 25668 D OplusInputMethodUtil: init sDebug to false, init sDebugIme to false, init sAlwaysOn to false
02-21 02:01:16.727 25668 25668 D OplusInputMethodUtil: updateDebugToClass InputMethodManager.DEBUG = false
02-21 02:01:16.727 25668 25668 D OplusInputMethodUtil: updateDebugToClass ImeFocusController.DEBUG = false
02-21 02:01:16.727 25668 25668 D OplusInputMethodUtil: updateDebugToClass InsetsController.DEBUG = false
02-21 02:01:16.727 25668 25668 D OplusInputMethodUtil: updateDebugToClass BaseInputConnection.DEBUG = false
02-21 02:01:16.727  3348  4229 D OAppNetControlService: Hans update:[10413=false][0|0] blackList:[10407]
02-21 02:01:16.729  1988  2358 I SurfaceFlinger: [SF client] NEW(0xb400007ae586a700) for (25668:com.renderflow.app)
02-21 02:01:16.730 22033 22033 D ActivityThread: Package [com.renderflow.app] reported as REPLACED, but missing application info. Assuming REMOVED.
02-21 02:01:16.731 22033 22033 D ActivityThread: Package [com.renderflow.app] reported as REPLACED, but missing application info. Assuming REMOVED.
02-21 02:01:16.731 22033 22241 I BatteryEventDispatcherImpl: [_waitingForDispatchEvent] processing BatteryEventDispatcherImpl$DispatchEvent$OnPollTimeout
02-21 02:01:16.732   757 32658 D SceneSDK.1.0.4-SNAPSHOT.757.DeepThinkerAppSwitchAbility: onAppSwitchEvent: AppSwitchEvent(timeStamp=1771621276705, eventType=1, targetName=com.renderflow.app, firstStart=false, multiApp=false, windowMode=1, resumingPackageName=, resumingActivityName=, isResumingMultiApp=false, isResumingFirstStart=false)
