02-21 02:00:02.636  3348  4116 D BiometricScheduler: cancelAuthenticationOrDetection, requestId: 89
02-21 02:00:02.637  3348  4118 D BiometricScheduler: [Added] {[3120] com.android.server.biometrics.sensors.face.aidl.FaceResetLockoutClient, proto=12, owner=android, cookie=0, requestId=-1, userId=0}, new queue size: 1, interruptable: true
02-21 02:00:02.637  3348  4118 D BiometricScheduler: [Polled] {[3120] com.android.server.biometrics.sensors.face.aidl.FaceResetLockoutClient, proto=12, owner=android, cookie=0, requestId=-1, userId=0}, State: 0
02-21 02:00:02.637  3348  4118 D BiometricScheduler: [Started] {[3120] com.android.server.biometrics.sensors.face.aidl.FaceResetLockoutClient, proto=12, owner=android, cookie=0, requestId=-1, userId=0}
02-21 02:00:02.638  3348  4118 V BiometricSchedulerOperation: started: {[3120] com.android.server.biometrics.sensors.face.aidl.FaceResetLockoutClient, proto=12, owner=android, cookie=0, requestId=-1, userId=0}, State: 2
02-21 02:00:02.638  3348  4118 D OplusUserManagerServiceEnhance: getMultiSystemUserId  res = -10000
02-21 02:00:02.640  3348  4118 D LockoutCache: Lockout for user: 0 is 0
02-21 02:00:02.642  3348  4118 D BiometricSchedulerOperation: [Finished / destroy]: {[3120] com.android.server.biometrics.sensors.face.aidl.FaceResetLockoutClient, proto=12, owner=android, cookie=0, requestId=-1, userId=0}
02-21 02:00:02.642  3348  4118 D BiometricScheduler: [Finishing] {[3120] com.android.server.biometrics.sensors.face.aidl.FaceResetLockoutClient, proto=12, owner=android, cookie=0, requestId=-1, userId=0}, success: true
02-21 02:00:02.642  3348  4118 D BiometricScheduler: No operations, returning to idle
02-21 02:00:02.649  3348  3847 I OplusScreenSecurityMask: remove WindowsName list: Window{f743a69 u0 BiometricPrompt} list size: 0 isFromSetSecure: false , surfaceShown = false , displayId = 0
02-21 02:00:02.649  3348  3847 I OplusScreenSecurityMask: onSecurityPageFlagChanged size: 0 , surfaceShown = false , displayId = 0
02-21 02:00:02.649  3348  3847 I WindowManager: Window{f743a69 u0 BiometricPrompt} state from HAS_DRAWN to NO_SURFACE; reason: destroySurface
02-21 02:00:02.652  3348  3847 D WindowManager: setFrameRateStart invalid typeId return!
02-21 02:00:02.653  3348  3847 D WindowManager: NFW_findFocusedWindowIfNeeded:Window{8b2ccf6 u0 com.android.systemui} mCurrentFocus:Window{f743a69 u0 BiometricPrompt}
02-21 02:00:02.653  3348  3847 V WindowManager: Changing focus from Window{f743a69 u0 BiometricPrompt} to Window{8b2ccf6 u0 com.android.systemui},diplayid=0
02-21 02:00:02.655  3348  3847 D WindowManager: setFrameRateStart invalid typeId return!
02-21 02:00:02.657  3348  3847 D WindowManager: setFrameRateStart invalid typeId return!
02-21 02:00:02.663  3348  3847 D WindowManager: rotation(ROTATION_0) no changed  displayId = 0, lastOrientation = 5
02-21 02:00:02.664  3348  3847 D WindowManager: NFW_findFocusedWindowIfNeeded:Window{8b2ccf6 u0 com.android.systemui} mCurrentFocus:Window{8b2ccf6 u0 com.android.systemui}
02-21 02:00:02.666  3348  3628 V WindowManager: Unknown focus tokens, dropping reportFocusChanged
02-21 02:00:02.672  3348  3630 D SurfaceAnimationRunner: onAnimationStart:Surface(name=Dim Layer for - WindowedMagnification:0:64)/@0xbd309fa
02-21 02:00:02.688  3348  3652 D CompatChangeReporter: Compat change id reported: 151861875; UID 10131; state: ENABLED
02-21 02:00:02.697  3348  3847 E OplusCustomizeRestrictionManagerService: isUSBFileTransferDisabled start
02-21 02:00:02.699  3348  5155 E OplusCustomizeRestrictionManagerService: isUSBFileTransferDisabled start
02-21 02:00:02.701  3348  3847 E OplusCustomizeRestrictionManagerService: isUSBFileTransferDisabled start
02-21 02:00:02.702  3348  8035 E OplusCustomizeRestrictionManagerService: isUSBFileTransferDisabled start
02-21 02:00:02.703  3348  8035 E OplusCustomizeRestrictionManagerService: isUSBFileTransferDisabled start
02-21 02:00:02.704  3348  8035 E OplusCustomizeRestrictionManagerService: isUSBFileTransferDisabled start
02-21 02:00:02.704  3348  8035 E OplusCustomizeRestrictionManagerService: isUSBFileTransferDisabled start
02-21 02:00:02.705  3348  8035 E OplusCustomizeRestrictionManagerService: isUSBFileTransferDisabled start
02-21 02:00:02.705  3348  8035 E OplusCustomizeRestrictionManagerService: isUSBFileTransferDisabled start
02-21 02:00:02.706  3348  8035 E OplusCustomizeRestrictionManagerService: isUSBFileTransferDisabled start
02-21 02:00:02.708  3348  5155 E OplusCustomizeRestrictionManagerService: isUSBFileTransferDisabled start
02-21 02:00:02.709  3348  3847 E OplusCustomizeRestrictionManagerService: isUSBFileTransferDisabled start
02-21 02:00:02.709  3348  3645 I ActivityManager: Start proc 24225:com.oplus.linker/u0a131 for broadcast {com.oplus.linker/com.oplus.linker.synergy.entry.receiver.UsbDeviceReceiver}
02-21 02:00:02.710  3348  5155 E OplusCustomizeRestrictionManagerService: isUSBFileTransferDisabled start
02-21 02:00:02.710  3348  3847 E OplusCustomizeRestrictionManagerService: isUSBFileTransferDisabled start
02-21 02:00:02.710  3348  3847 E OplusCustomizeRestrictionManagerService: isUSBFileTransferDisabled start
02-21 02:00:02.713  3348  4040 D InputMethodManagerService: isSecurity: attribute.packageName = com.android.systemui mCurMethodId = com.google.android.inputmethod.latin/com.android.inputmethod.latin.LatinIME isSecurity = false ( enable = true needShow = false inBlackList = false isExist = true )
02-21 02:00:02.717  3348  3847 D UsbDeviceManager: setCurrentFunctions(mtp)
02-21 02:00:02.717  3348  3847 D UsbDeviceManager: printCallerPkg pid: 4382
02-21 02:00:02.719  3348  5208 V AutofillInlineSuggestionsRequestSession: onInputMethodFinishInput() received
02-21 02:00:02.719  3348  3847 D OplusUsbDeviceFeature: oplusUsb getcallerpkg callApkPkg: com.android.systemui
02-21 02:00:02.719  3348  3847 D OplusUsbDeviceFeature: usbSwitchModeCallerRecord: com.android.systemui,type: mode switch caller package name
02-21 02:00:02.719  3348  3847 D OplusUsbDeviceFeature: usbDeviceRecord key:USB_CALLER_MODE_SWITCH, value:com.android.systemui, type:mode switch caller package name
02-21 02:00:02.720  3348  3625 I OplusUsbDeviceFeature: getUsbAccessoryStart:false
02-21 02:00:02.720  3348  3625 D UsbDeviceManager: setEnabledFunctions functions=4 ,forceRestart=false ,usbDataUnlocked=true ,mUsbDataUnlocked=false ,operationId=10236
02-21 02:00:02.720  3348  3625 D OplusUsbDeviceFeature: usbTetheringSwitchOffFunctions
02-21 02:00:02.720  3348  3625 D OplusUsbDeviceFeature: isTelecomRequirement
02-21 02:00:02.720  3348  3625 D OplusUsbDeviceFeature: isNormalBoot
02-21 02:00:02.720  3348  3625 I OplusUsbDeviceFeature: boot reason is reboot
02-21 02:00:02.720  3348  3625 D OplusUsbDeviceFeature: printBootModeForDebug, bootMode:reboot
02-21 02:00:02.720  3348  3625 D OplusUsbDeviceFeature: isNormalBoot
02-21 02:00:02.720  3348  3625 I OplusUsbDeviceFeature: boot reason is reboot
02-21 02:00:02.720  3348  3625 D OplusUsbDeviceFeature: printBootModeForDebug, bootMode:reboot
02-21 02:00:02.720  3348  3625 D OplusUsbDeviceFeature: printFunctionsForDebug
02-21 02:00:02.720  3348  3625 D OplusUsbDeviceFeature: functionInfo:UsbFunc[fun:mtp,adb, oemFun:mtp,adb, curFun:adb, curFunApplied:true, forceRestart:true, curOemFun:adb
02-21 02:00:02.720  3348  3625 D UsbDeviceManager: setUsbConfig(none)
02-21 02:00:02.721  3348  8035 D WindowManager: setFrameRateStart invalid typeId return!
02-21 02:00:02.722  3348  5031 W PackageConfigPersister: App-specific configuration not found for packageName: com.android.systemui and userId: 0
02-21 02:00:02.724  3348  5155 I OplusStatusBarManagerServiceEnhance:  getTopIsFullscreen mTopIsFullscreen: false
02-21 02:00:02.726  3348  3847 V AutofillInlineSuggestionsRequestSession: onInputMethodStartInput() received on 0
02-21 02:00:02.727  3348  3348 D NotificationService--OplusNotificationManagerServiceExtImpl: isForwardToAssistants: false, case : Is in mMcsNotInterceptPkgList or is isSystemApp
02-21 02:00:02.727  3348  3348 D NotificationService: This application enqueue notifications is not need postDelayed
02-21 02:00:02.744  3348  4022 V UsbDeviceManager: USB UEVENT: {SUBSYSTEM=android_usb, SEQNUM=133150, ACTION=change, USB_STATE=DISCONNECTED, DEVPATH=/devices/virtual/android_usb/android0}
02-21 02:00:02.744  3348  4022 I UsbDeviceManager: mResetUsbGadgetDisableDebounce:false connected:0configured:0
02-21 02:00:02.744  3348  4022 I UsbDeviceManager: removeMessages MSG_UPDATE_STATE
02-21 02:00:02.775  3348  4027 D PowerManagerService: userActivityNoUpdateLocked: groupId=0, eventTime=424806312, event=touch, flags=0x0, uid=1000
02-21 02:00:02.779  3348  5031 D ActivityTaskManagerServiceExtImpl: preBindApplication record is null
02-21 02:00:02.819  3348   763 W AdbDebuggingManager: Read failed with count -1
02-21 02:00:02.819  3348   763 E AdbDebuggingManager: Caught an exception opening the socket: java.io.IOException: Connection refused
02-21 02:00:02.847  3348  3625 D UsbDeviceManager: setUsbConfig(mtp,adb)
02-21 02:00:02.848  3348  3625 D UsbDeviceManager: broadcasting Intent { act=android.hardware.usb.action.USB_STATE flg=0x31100000 (has extras) } extras: Bundle[{host_connected=false, connected=true, unlocked=true, adb=true, mtp=true, configured=true}]
02-21 02:00:02.872  3348  3630 D SurfaceAnimationRunner: onAnimationEnd:Surface(name=Dim Layer for - WindowedMagnification:0:64)/@0xbd309fa
02-21 02:00:02.916 24225 24225 D ResourcesManagerExtImpl: applyConfigurationToAppResourcesLocked app.getDisplayId() return callback.displayId:-1
02-21 02:00:02.922  3348  3676 D VRR [OPlusSAManager]: updateAutoMinfps with nits: 0.0, mHistOK true, mAmbientOK true, mCctOK true, mIrOK true, mBrightnessOK true, isPkgOK true, SA min fps: 0
02-21 02:00:02.922  3348  3676 D VRR [OPlusSurfaceFlingerController]: setAutoMode enable: true fakeFrame: true fps: 0
02-21 02:00:03.091  3348  3625 W Looper  : Slow dispatch took 372ms android.fg h=com.android.server.usb.UsbDeviceManager$UsbHandlerLegacy c=null m=2
02-21 02:00:03.091  3348  3625 W Looper  : Slow delivery took 306ms android.fg h=android.os.Handler c=com.android.server.location.injector.SystemAppForegroundHelper$$ExternalSyntheticLambda1@12e626e m=0
02-21 02:00:03.113 24225 24283 I MirageDisplayWindow: OplusActivityManager createMirageWindowSession
02-21 02:00:03.115  3348  3847 V OplusMiragerDisplaySession: add mUid: 10131 mPid: 24225 com.android.server.display.OplusMiragerDisplaySession@7e61f07
02-21 02:00:03.124  3348  5155 W ActivityManager: Unable to start service Intent { act=com.heytap.accessory.ScanService pkg=com.heytap.accessory (has extras) mCallingUid=10131 } U=0: not found
02-21 02:00:03.148  3348  5155 I ActivityManager: Flag disabled. Ignoring finishAttachApplication from uid: 10131. pid: 24225
02-21 02:00:03.163  3348  3625 W Looper  : Drained
02-21 02:00:03.164  3348  8035 D VRR [OPlusExternalRefreshRateManager]: isPkgTfcEnable: pkgName = com.oplus.linker, enable = false
02-21 02:00:03.164  3348  8035 D VRR [OPlusExternalRefreshRateManager]: getTfcMinFramerate: pkgName = com.oplus.linker, min framerate = 0
02-21 02:00:03.185  3348  8035 D CompatChangeReporter: Compat change id reported: 297989574; UID 10131; state: ENABLED
02-21 02:00:03.186  3348  8035 D CoreBackPreview: Window{8b2ccf6 u0 com.android.systemui}: Setting back callback null
02-21 02:00:03.189  3348  8035 I WindowManager: Window{8b2ccf6 u0 com.android.systemui} state from HAS_DRAWN to NO_SURFACE; reason: destroySurface
02-21 02:00:03.191  3348  8035 D WindowManager: setFrameRateStart invalid typeId return!
02-21 02:00:03.191  3348  8035 D QuickBackInputPolicy: hasMultiChildrenInTask: false
02-21 02:00:03.191  3348  8035 D WindowManager: NFW_findFocusedWindowIfNeeded:Window{93fefc1 u0 com.android.launcher/com.android.launcher.Launcher} mCurrentFocus:Window{8b2ccf6 u0 com.android.systemui}
02-21 02:00:03.192  3348  8035 V WindowManager: Changing focus from Window{8b2ccf6 u0 com.android.systemui} to Window{93fefc1 u0 com.android.launcher/com.android.launcher.Launcher},diplayid=0
02-21 02:00:03.192  3348  3676 D VRR [OPlusRefreshRateService]: Receive multi scene changed eventId = 5 bundleList.size = 1
02-21 02:00:03.193  3348  8035 D WindowManager: setFrameRateStart invalid typeId return!
02-21 02:00:03.194  3348  8035 D WindowManager: setFrameRateStart invalid typeId return!
02-21 02:00:03.196  3348  8035 D QuickBackInputPolicy: hasMultiChildrenInTask: false
02-21 02:00:03.196  3348  8035 D WindowManager: NFW_findFocusedWindowIfNeeded:Window{93fefc1 u0 com.android.launcher/com.android.launcher.Launcher} mCurrentFocus:Window{93fefc1 u0 com.android.launcher/com.android.launcher.Launcher}
02-21 02:00:03.202  3348  3628 V WindowManager: Unknown focus tokens, dropping reportFocusChanged
02-21 02:00:03.223  3348  4040 D InputMethodManagerService: isSecurity: attribute.packageName = com.android.launcher mCurMethodId = com.google.android.inputmethod.latin/com.android.inputmethod.latin.LatinIME isSecurity = false ( enable = true needShow = false inBlackList = false isExist = true )
02-21 02:00:03.227  3348  8035 V AutofillInlineSuggestionsRequestSession: onInputMethodFinishInput() received
02-21 02:00:03.229  3348  5155 V AutofillInlineSuggestionsRequestSession: onInputMethodStartInput() received on 0
02-21 02:00:03.229  3348  3847 D WindowManager: setFrameRateStart invalid typeId return!
02-21 02:00:03.231  3348  5155 W PackageConfigPersister: App-specific configuration not found for packageName: com.android.launcher and userId: 0
02-21 02:00:03.266  3348  4022 V UsbDeviceManager: USB UEVENT: {SUBSYSTEM=android_usb, SEQNUM=133153, ACTION=change, USB_STATE=CONNECTED, DEVPATH=/devices/virtual/android_usb/android0}
02-21 02:00:03.266  3348  4022 I UsbDeviceManager: mResetUsbGadgetDisableDebounce:false connected:1configured:0
02-21 02:00:03.266  3348  4022 I UsbDeviceManager: removeMessages MSG_UPDATE_STATE
02-21 02:00:03.266  3348  3625 D OplusUsbDeviceFeature: setUsbPlugFlag
02-21 02:00:03.270  3348  3625 I UsbDeviceManager: handleMessage MSG_UPDATE_STATE mConnected:true mConfigured:false
02-21 02:00:03.270  3348  3625 D UsbDeviceManager: broadcasting Intent { act=android.hardware.usb.action.USB_STATE flg=0x31100000 (has extras) } extras: Bundle[{host_connected=false, connected=true, unlocked=true, adb=true, mtp=true, configured=false}]
02-21 02:00:03.272  3348  3625 D UsbDeviceManager: updateMtpFunction , mtpEnabled: true, ptpEnabled: false, mIsMtpServiceBound: false
02-21 02:00:03.313  3348  4022 V UsbDeviceManager: USB UEVENT: {SUBSYSTEM=android_usb, SEQNUM=133154, ACTION=change, USB_STATE=CONFIGURED, DEVPATH=/devices/virtual/android_usb/android0}
02-21 02:00:03.313  3348  4022 I UsbDeviceManager: mResetUsbGadgetDisableDebounce:false connected:1configured:1
02-21 02:00:03.313  3348  3625 D OplusUsbDeviceFeature: setUsbPlugFlag
02-21 02:00:03.320  3348  3625 I UsbDeviceManager: handleMessage MSG_UPDATE_STATE mConnected:true mConfigured:true
02-21 02:00:03.320  3348  3625 D UsbDeviceManager: broadcasting Intent { act=android.hardware.usb.action.USB_STATE flg=0x31100000 (has extras) } extras: Bundle[{host_connected=false, connected=true, unlocked=true, adb=true, mtp=true, configured=true}]
02-21 02:00:03.323  3348  3625 D UsbDeviceManager: updateMtpFunction , mtpEnabled: true, ptpEnabled: false, mIsMtpServiceBound: false
02-21 02:00:03.324  3348  3625 D UsbDeviceManager: Binding to MtpService
02-21 02:00:03.352  3348  3625 D UsbDeviceManager: Successfully bound to MtpService
02-21 02:00:03.454  3348  3639 I UserAwareMgr: handleAppChangedToBg, pkgName: com.android.systemui, pid: 4382
02-21 02:00:03.455  3348  3639 W UserAwareMgr: app not not found or not visible: {pkgName='com.android.systemui', processName='com.android.systemui', pid=4382, uid=10217, flags='systemui', renderTid=4509, hwuiTids=[4674, 4675], glTids=null, threadInfos={wmshell.main={threadName='wmshell.main', tid=4445, extendTids=null}, ll.splashworker={threadName='ll.splashworker', tid=4474, extendTids=null}, wmshell.anim={threadName='wmshell.anim', tid=4455, extendTids=null}, VolumeDialogControllerImpl={threadName='VolumeDialogControllerImpl', tid=4738, extendTids=null}, ll.splashscreen={threadName='ll.splashscreen', tid=4473, extendTids=null}, KeyguardWorkerThread={threadName='KeyguardWorkerThread', tid=4547, extendTids=null}, OnScreenFingerprint OpticalUIUpdateThread={threadName='OnScreenFingerprint OpticalUIUpdateThread', tid=5160, extendTids=null}, KgdAnimThread={threadName='KgdAnimThread', tid=4548, extendTids=null}, GestureUI={threadName='GestureUI', tid=4650, extendTids=null}}}
02-21 02:00:03.455  3348  3639 W UserAwareMgr: handleAppChangedToBg process is empty
02-21 02:00:03.459  3348  3639 I UserAwareMgr: handleAppChangedToBg, pkgName: com.android.systemui, pid: 4382
02-21 02:00:03.459  3348  3639 W UserAwareMgr: app not not found or not visible: {pkgName='com.android.systemui', processName='com.android.systemui', pid=4382, uid=10217, flags='systemui', renderTid=4509, hwuiTids=[4674, 4675], glTids=null, threadInfos={wmshell.main={threadName='wmshell.main', tid=4445, extendTids=null}, ll.splashworker={threadName='ll.splashworker', tid=4474, extendTids=null}, wmshell.anim={threadName='wmshell.anim', tid=4455, extendTids=null}, VolumeDialogControllerImpl={threadName='VolumeDialogControllerImpl', tid=4738, extendTids=null}, ll.splashscreen={threadName='ll.splashscreen', tid=4473, extendTids=null}, KeyguardWorkerThread={threadName='KeyguardWorkerThread', tid=4547, extendTids=null}, OnScreenFingerprint OpticalUIUpdateThread={threadName='OnScreenFingerprint OpticalUIUpdateThread', tid=5160, extendTids=null}, KgdAnimThread={threadName='KgdAnimThread', tid=4548, extendTids=null}, GestureUI={threadName='GestureUI', tid=4650, extendTids=null}}}
02-21 02:00:03.459  3348  3639 W UserAwareMgr: handleAppChangedToBg process is empty
02-21 02:00:04.330  3348  3670 D OplusFeatureHDREnhanceBrightness: checkIsPlayingHDR isPlayingHDR=0 rotation=0 whiteApp=false battery=34
02-21 02:00:04.393  3348  4028 I OplusKeyEventUtil: mIsPowerKeyDown =true
02-21 02:00:04.393  3348  4028 I OplusJoystickManager: read game pad state for game manager -> false
02-21 02:00:04.393  3348  4028 W OplusJoystickManager: mInterceptGamepadKey is false
02-21 02:00:04.393  3348  4028 D OplusCustomizeRestrictionManagerService: isLongPressVolumeUpDisabled start
02-21 02:00:04.393  3348  4028 D StrategyUnusedPhoneDetection: notifyKeyBeforeQueueing + keycode =26
02-21 02:00:04.393  3348  4028 D StrategyBlackscreenshot: notifyKeyBeforeQueueing, event=KeyEvent { action=ACTION_DOWN, keyCode=KEYCODE_POWER, scanCode=116, metaState=0, flags=0x8, repeatCount=0, eventTime=424807931472000, downTime=424807931472000, deviceId=3, source=0x101, displayId=-1 }, interactive=true
02-21 02:00:04.511  3348  4028 I OplusKeyEventUtil: mIsPowerKeyDown =false
02-21 02:00:04.511  3348  4028 I OplusJoystickManager: read game pad state for game manager -> false
02-21 02:00:04.511  3348  4028 W OplusJoystickManager: mInterceptGamepadKey is false
02-21 02:00:04.511  3348  4028 D OplusCustomizeRestrictionManagerService: isLongPressVolumeUpDisabled start
02-21 02:00:04.511  3348  4028 D StrategyBlackscreenshot: notifyKeyBeforeQueueing, event=KeyEvent { action=ACTION_UP, keyCode=KEYCODE_POWER, scanCode=116, metaState=0, flags=0x8, repeatCount=0, eventTime=424808052751000, downTime=424807931472000, deviceId=3, source=0x101, displayId=-1 }, interactive=true
02-21 02:00:04.511  3348  3626 V StrategyShutdown:  cancel Combined rule
02-21 02:00:04.512  3348  3626 V SinglePowerKeyMonitor: p keyrule onPress. isXiaoBuFloat = false isUnderWaterGraining = false
02-21 02:00:04.512  3348  3626 D WindowManager: powerPress: eventTime=424807931 interactive=true count=1 mShortPressOnPowerBehavior=1
02-21 02:00:04.512  3348  4028 I HwShutdownRecord: RecoverSqlFunc running start, setprop false
02-21 02:00:04.512  3348  4028 I HwShutdownRecord: tmemory Remove Flag
02-21 02:00:04.513  3348  3626 D OplusPowerManagerHelper: goToSleepNoUpdateLocked  needIntercepet: false
02-21 02:00:04.513  3348  3628 W WindowManager: captureTaskSnapshot mSnapshotMode= 0 source=Task{fc9e519 #5 type=home I=com.android.launcher/.Launcher}
02-21 02:00:04.514  3348  3628 D TaskSnapshotControllerExtImpl: createTaskSnapshot isCompatMode:false, isCompactWindow:false
02-21 02:00:04.514  3348  3628 W AbsAppSnapshotControllerExtImpl: updateExcludeLayers, addExcludeLayerList is null or empty, return excludeLayers
02-21 02:00:04.514  3348  3626 I PowerGroup: Powering off display group due to power_button (groupId= 0, uid= 1000, millisSinceLastUserActivity=1619, lastUserActivityEvent=touch)...
02-21 02:00:04.514  3348  3626 I PowerManagerService: Going to sleep due to power_button (uid 1000, screenOffTimeout=1800000, activityTimeoutWM=-1, maxDimRatio=0.20000005, maxDimDur=7000)...
02-21 02:00:04.515  3348  3626 D OplusPowerManagerHelper: wakelock list dump: mLocks.size=1:
02-21 02:00:04.515  3348  3626 D OplusPowerManagerHelper: No.0: PARTIAL_WAKE_LOCK                activated(flags=1, uid=1000, pid=3348) total=121ms)
02-21 02:00:04.515  3348  3626 D DisplayPowerController[0]: requestPowerState: policy=DOZE, useProximitySensor=false, screenBrightnessOverride=-1.0, useAutoBrightness=false, screenAutoBrightnessAdjustmentOverride=NaN, screenLowPowerBrightnessFactor=1.0, blockScreenOn=false, lowPowerMode=false, boostScreenBrightness=false, dozeScreenBrightness=NaN, dozeScreenState=UNKNOWN, dozeScreenStateReason=DREAM_MANAGER, waitForNegativeProximity=false displayReady=false pendingRequest=true
02-21 02:00:04.516  3348  3626 D DisplayManagerServiceExtImpl: request size(1,1),dpc=com.android.server.display.DisplayPowerController@66dc72a size(0,1),flags=0X200F,id(0,0,local:4630946358012694402),enable=true,ready=false,waitForNegativeProximity=false policy=DOZE,useProximitySensor=false,dozeState=UNKNOWN,screenBrightnessOverride=-1.000000,useAuto=false,lowPower=false,lowPowerFactor=1.000000
02-21 02:00:04.516  3348  3676 D VRR [OPlusRefreshRateService]: handleScreenStateChangeWarning state : 1
02-21 02:00:04.516  3348  3676 D VRR [OPlusGameStatusManager]: screenStateChangeWarning state: 1
02-21 02:00:04.516  3348  3676 D VRR [OPlusGameStatusManager]: notifySceneChange scene: 1
02-21 02:00:04.516  3348  3676 D DisplayManagerServiceExtImpl: scheduleTraversalLocked intraversal=false
02-21 02:00:04.517  3348  3668 D DpcExtImpl[0]: RECORD:onUpdatePowerState policy:1 state:2 brightness:1273
02-21 02:00:04.517  3348  3668 D DisplayPowerController[0]: updatePowerStateInternal policy:BRIGHT->DOZE,state:ON->ON policy=DOZE, useProximitySensor=false, screenBrightnessOverride=-1.0, useAutoBrightness=false, screenAutoBrightnessAdjustmentOverride=NaN, screenLowPowerBrightnessFactor=1.0, blockScreenOn=false, lowPowerMode=false, boostScreenBrightness=false, dozeScreenBrightness=NaN, dozeScreenState=UNKNOWN, dozeScreenStateReason=DREAM_MANAGER
02-21 02:00:04.520  3348  5208 V AutofillInlineSuggestionsRequestSession: onInputMethodFinishInput() received
02-21 02:00:04.520  3348  3668 I DreamManagerService: Entering dreamland.
02-21 02:00:04.523  3348  3668 I PowerManagerService: Dozing...
02-21 02:00:04.526  3348  3628 D TaskSnapshotCache: putSnapshot mRunningCache top= ActivityRecord{667ec48 u0 com.android.launcher/.Launcher t5}, mTaskId=5, snapshot=TaskSnapshot{ mId=1771621204513 mCaptureTime=725579390851322 mTopActivityComponent=com.android.launcher/.Launcher mSnapshot=android.hardware.HardwareBuffer@5d8b048 (756x1688) mColorSpace=sRGB IEC61966-2.1 (id=0, model=RGB) mOrientation=1 mRotation=0 mTaskSize=Point(1080, 2412) mOplusCompatMode=false mTopActivityBounds=[0,0][1080,2412] mContentInsets=[0,96][0,48] mLetterboxInsets=[0,0][0,0] mIsLowResolution=false mIsRealSnapshot=true mWindowingMode=1 mAppearance=0 mIsTranslucent=true mHasImeSurface=false mInternalReferences=2 mUiMode=21, mAppIdMap size= 1
02-21 02:00:04.526  3348  3628 D DisplayManagerService: MSG_REQUEST_TRAVERSAL pendingCompleted=false
02-21 02:00:04.532  3348  3629 D DisplayManagerService: performTraversalInternal pendingTraversal
02-21 02:00:04.532  3348  3629 D DisplayDevice: setLayerStackLocked id=local:4630946358012694402 token=android.os.BinderProxy@95c593a stack=0->0
02-21 02:00:04.539  4382  4445 D OneHandedController: setLockedDisabled locked = true, enabled = false ,FeatureEnabled = false
02-21 02:00:04.543  3348  3625 I DreamController: Starting dream: name=ComponentInfo{com.android.systemui/com.android.systemui.doze.DozeService}, isPreviewMode=false, canDoze=true, userId=0, reason='power manager request'
02-21 02:00:04.557  3348  3348 D OplusFlexibleWindowMinimizedManagerHelper: onReceive, intent = android.intent.action.CLOSE_SYSTEM_DIALOGS reason:dream state:0
02-21 02:00:04.558  3348  3625 D AutofillManagerService: Close system dialogs
02-21 02:00:04.558  3348  3626 V AutofillUI: hideSaveUiUiThread(): mSaveUi=null, callback=null, mCallback=null
02-21 02:00:04.559  3348  3635 D AppProfilerExtImpl: Skipped pss collection for CPU busy
02-21 02:00:04.559  3348  4047 W OplusStorageManagerFeature: mScreenReceiver action:android.intent.action.DREAMING_STARTED
02-21 02:00:04.561  3348  4047 W OplusStorageManagerFeature: turn screenOff, maintPrepared:false
02-21 02:00:04.561  3348  4047 W OplusStorageManagerFeature: sendToTarget over,paramStr:5
02-21 02:00:04.563  3348  4047 W OplusStorageManagerFeature: Ready to deal actionParam:5
02-21 02:00:04.565  3348  3847 D OplusFeatureAOD: key:3348 tmp:2
02-21 02:00:04.565  3348  3847 D OplusPowerManagerHelper: [onGoToSleep]
02-21 02:00:04.566  3348  3847 E OplusCustomizeRestrictionManagerService: isBiometricDisabled start
02-21 02:00:04.566  3348  3847 D OplusFeatureAOD: notifySfUnBlockScreenOn
02-21 02:00:04.569  3348  3669 D NotifierExtImpl: notifyScreenOnOff: on = false
02-21 02:00:04.571  3348  3669 D OplusPowerManagerServiceEnhance: notifyScreenOnOff on=false
02-21 02:00:04.577  3348  5031 D OplusGuardElfFeature: ICharger service = vendor.oplus.hardware.charger.ICharger$Stub$Proxy@a6959ea
02-21 02:00:04.577  1083 24336 D vold    : ufshid started
02-21 02:00:04.578  1083 24336 D vold    : ufshid end
02-21 02:00:04.579  3348  3847 D LockSettingsService: [getSeparateProfileChallengeEnabled] userId = 999
02-21 02:00:04.580  3348  3628 D QuickBackInputPolicy: hasMultiChildrenInTask: false
02-21 02:00:04.580  3348  3628 D WindowManager: NFW_findFocusedWindowIfNeeded:Window{93fefc1 u0 com.android.launcher/com.android.launcher.Launcher} mCurrentFocus:Window{93fefc1 u0 com.android.launcher/com.android.launcher.Launcher}
02-21 02:00:04.582  3348  3639 I UserAwareMgr: handleTopAppChanged: com.android.systemui, pid: 4382, uid: 10217
02-21 02:00:04.582  3348  3348 D OplusCustomizeAIStatistics: onReceive android.intent.action.SCREEN_OFF
02-21 02:00:04.583  3348  5031 D OplusGuardElfFeature: ICharger set value = 0
02-21 02:00:04.584  3348  5031 D OplusGuardElfFeature: calling class name = ThermalControlUtils
02-21 02:00:04.584  3348  4103 E OplusCustomizeRestrictionManagerService: isBiometricDisabled start
02-21 02:00:04.584  3348  4103 D BiometricService: Sensor ID(4), oemStrength: 4095, updatedStrength: 4095, modality 8, state: 0, cookie: 0, sensorId 4, hasEnrollments: false cannot participate in Keystore operations
02-21 02:00:04.584 12550 13102 D OplusBatteryManager: set charge value = 0
02-21 02:00:04.584  3348  4103 E OplusCustomizeRestrictionManagerService: isBiometricDisabled start
02-21 02:00:04.584  3348  4103 E OplusCustomizeRestrictionManagerService: isBiometricDisabled start
02-21 02:00:04.585  3348  5031 D OplusCustomizeSettingsManagerService: isProtectEyesOn result = false
02-21 02:00:04.585  3348  5031 D OplusUserManagerServiceEnhance: getMultiSystemUserId  res = -10000
02-21 02:00:04.586  3348  5031 E OplusCustomizeRestrictionManagerService: isBiometricDisabled start
02-21 02:00:04.586  3348  5031 D LockSettingsService: [getStrongAuthForUser]  userId = 0
02-21 02:00:04.586  3348  5031 D BiometricUtils: isEncrypted: false isLockdown: false
02-21 02:00:04.588  1145 13792 I keystore2: system/security/keystore2/src/authorization.rs:155 - on_device_locked(user_id=0, unlocking_sids=[6297185535691313672], weak_unlock_enabled=false)
02-21 02:00:04.595  3348  3637 I PowerManagerService: onFlip(): Face up.
02-21 02:00:04.595  3348  3637 D PowerManagerService: onFlip: isFaceDown=false
02-21 02:00:04.595  3348  3637 D PowerManagerService: userActivityNoUpdateLocked: groupId=0, eventTime=424808137, event=other, flags=0x0, uid=1000
02-21 02:00:04.596  3348  4116 D BiometricScheduler: [Added] {[3121] com.android.server.biometrics.sensors.fingerprint.aidl.FingerprintAuthenticationClient, proto=3, owner=com.android.systemui, cookie=0, requestId=1984, userId=0}, new queue size: 1, interruptable: true
02-21 02:00:04.596  3348  4116 D BiometricScheduler: [Polled] {[3121] com.android.server.biometrics.sensors.fingerprint.aidl.FingerprintAuthenticationClient, proto=3, owner=com.android.systemui, cookie=0, requestId=1984, userId=0}, State: 0
02-21 02:00:04.596  3348  4116 D GestureAvailabilityTracker: Notifying gesture availability, active=false
02-21 02:00:04.596  3348  4116 D BiometricScheduler: [Started] {[3121] com.android.server.biometrics.sensors.fingerprint.aidl.FingerprintAuthenticationClient, proto=3, owner=com.android.systemui, cookie=0, requestId=1984, userId=0}
02-21 02:00:04.596  3348  4116 D BiometricStateCallback: State updated from 0 to 2, client {[3121] com.android.server.biometrics.sensors.fingerprint.aidl.FingerprintAuthenticationClient, proto=3, owner=com.android.systemui, cookie=0, requestId=1984, userId=0}
02-21 02:00:04.596  3348  4116 D Biometrics/AuthenticationClient: Requesting auth for com.android.systemui
02-21 02:00:04.596  3348  4116 D Biometrics/Fingerprint/UdfpsHelperExtImpl: preShowUdfpsOverlay sensor:0 reason:4
02-21 02:00:04.597  3348  4116 E Biometrics/Fingerprint/UdfpsHelperExtImpl: notifyFingerprintIconStatus: 1
02-21 02:00:04.597  3348  4116 D VRR [OPlusExternalRefreshRateManager]: setStatus with: 1
02-21 02:00:04.597  3348  4116 D VRR [OPlusExternalRefreshRateManager]: setStatus from 0 to 1
02-21 02:00:04.597  3348  4116 D VRR [OPlusExternalRefreshRateManager]: max rate from mRefreshRateConfigs is 120.00001, change to 120hz for fingerprint
02-21 02:00:04.597  3348  4116 D VRR [OPlusExternalRefreshRateManager]: keep max rate is: 120.0
02-21 02:00:04.597  3348  4116 D VRR [OPlusSurfaceFlingerController]:  setMiscExclusiveMode : 120
02-21 02:00:04.598  3348  4116 D VRR [OPlusExternalRefreshRateManager]: setTouchIdleKeepHight enable: true
02-21 02:00:04.598  3348  4116 D RefreshRate: setDisplayConfigSpecs complete: targetMode={id=1, width=1080, height=2412, fps=120.00001, vsync=120.00001, synthetic=false, alternativeRefreshRates=[60.000004, 90.0], supportedHdrTypes=[2, 3, 4]},srcMode={id=1, width=1080, height=2412, fps=120.00001, vsync=120.00001, synthetic=false, alternativeRefreshRates=[60.000004, 90.0], supportedHdrTypes=[2, 3, 4]},sfModId=0,rate=120.00001
02-21 02:00:04.598  3348  4116 D RefreshRate: keepHighRefreshRate status=1: votes=PRIORITY_FOD_SHOW -> Vote{mRefreshRate=120.0, mMinRefreshRate=120.0, mRequestSource=null};
02-21 02:00:04.600  3348  3676 D RefreshRate: do setDisplayConfigSpecs  
02-21 02:00:04.600  3348  3629 D VRR [OPlusRefreshRatePolicy]: setRefreshRatePolicy policy=POLICY_SYSTEM, refreshRate=120, statusOn=false
02-21 02:00:04.601  3348  3629 D VRR [OPlusRefreshRatePolicy]: setRefreshRatePolicy policy=POLICY_FOD, refreshRate=120, statusOn=true
02-21 02:00:04.601  3348  3629 D DisplayModeDirector: setAppRequest displayId : 0  modeId: 1  requestedRefreshRate: 0.0  requestedMinRefreshRateRange: 0.0  requestedMaxRefreshRateRange: 120.00001
02-21 02:00:04.602  3348  3628 D DisplayManagerServiceExtImpl: scheduleTraversalLocked intraversal=false
02-21 02:00:04.602  3348  3629 D DisplayManagerService: performTraversalInternal pendingTraversal
02-21 02:00:04.602  3348  3629 D DisplayDevice: setLayerStackLocked id=local:4630946358012694402 token=android.os.BinderProxy@95c593a stack=0->0
02-21 02:00:04.602  3348  3676 D DisplayModeDirector: setAppRequest displayId : 0  modeId: 0  requestedRefreshRate: 120.00001  requestedMinRefreshRateRange: 120.00001  requestedMaxRefreshRateRange: 120.00001
02-21 02:00:04.603  3348  3628 D QuickBackInputPolicy: hasMultiChildrenInTask: false
02-21 02:00:04.603  3348  3628 D WindowManager: NFW_findFocusedWindowIfNeeded:Window{93fefc1 u0 com.android.launcher/com.android.launcher.Launcher} mCurrentFocus:Window{93fefc1 u0 com.android.launcher/com.android.launcher.Launcher}
02-21 02:00:04.603  3348  3628 D DisplayManagerService: MSG_REQUEST_TRAVERSAL pendingCompleted=false
02-21 02:00:04.603  3348  4116 D OplusUserManagerServiceEnhance: getMultiSystemUserId  res = -10000
02-21 02:00:04.603  3348  3676 D VRR [OPlusRefreshRateService]: handlePolicyChange policy: 4
02-21 02:00:04.603  3348  3676 D VRR [OPlusSAManager]: updateSAScene active modeId: 0
02-21 02:00:04.603  3348  3676 D VRR [OPlusSAManager]: updateSAScene current policy: 4 active modeId: 0 scene: FOD
02-21 02:00:04.604  3348  3676 D LocalDisplayAdapter: setDesiredDisplayModeSpecsAsync: display unique id = local:4630946358012694402, display mode specs = defaultMode=0 allowGroupSwitching=false primaryRanges=physical: (0.0 120.00001) render:  (0.0 120.00001) appRequestRanges=physical: (0.0 120.00001) render:  (0.0 120.00001) idleScreenRefreshRate=null
02-21 02:00:04.605  3348  3628 D DisplayManagerServiceExtImpl: scheduleTraversalLocked intraversal=false
02-21 02:00:04.605  3348  3628 D DisplayManagerService: MSG_REQUEST_TRAVERSAL pendingCompleted=false
02-21 02:00:04.606  3348  3629 D DisplayModeDirector: setAppRequest displayId : 0  modeId: 1  requestedRefreshRate: 0.0  requestedMinRefreshRateRange: 0.0  requestedMaxRefreshRateRange: 120.00001
02-21 02:00:04.606  3348  3629 D DisplayManagerService: performTraversalInternal pendingTraversal
02-21 02:00:04.606  3348  3629 D DisplayDevice: setLayerStackLocked id=local:4630946358012694402 token=android.os.BinderProxy@95c593a stack=0->0
02-21 02:00:04.608  3348  3628 D DisplayManagerServiceExtImpl: scheduleTraversalLocked intraversal=false
02-21 02:00:04.608  3348  3676 D VRR [OPlusExternalRefreshRateManager]:  [OTI] handleTouchIdlePauseState: policy
02-21 02:00:04.608  3348  3676 D VRR [OPlusSurfaceFlingerController]:  setTouchIdleShouldPause : true
02-21 02:00:04.608  3348  3676 D VRR [OPlusExternalRefreshRateManager]:  [OTI] handleTouchIdleState: special timeout 5000
02-21 02:00:04.608  3348  3676 D LocalDisplayAdapter: setDesiredDisplayModeSpecsAsync: display unique id = local:4630946358012694402, display mode specs = defaultMode=0 allowGroupSwitching=false primaryRanges=physical: (120.00001 120.00001) render:  (120.00001 120.00001) appRequestRanges=physical: (120.00001 120.00001) render:  (120.00001 120.00001) idleScreenRefreshRate=null
02-21 02:00:04.609  3348  3629 D DisplayManagerService: performTraversalInternal pendingTraversal
02-21 02:00:04.609  3348  3629 D DisplayDevice: setLayerStackLocked id=local:4630946358012694402 token=android.os.BinderProxy@95c593a stack=0->0
02-21 02:00:04.609  3348  3676 D LocalDisplayAdapter: setDesiredDisplayModeSpecsAsync: display unique id = local:4630946358012694402, display mode specs = defaultMode=0 allowGroupSwitching=false primaryRanges=physical: (0.0 120.00001) render:  (0.0 120.00001) appRequestRanges=physical: (0.0 120.00001) render:  (0.0 120.00001) idleScreenRefreshRate=null
02-21 02:00:04.609  3348  3628 D DisplayManagerService: MSG_REQUEST_TRAVERSAL pendingCompleted=false
02-21 02:00:04.609  3348  8095 V WindowManager: Relayout Window{bc16fd7 u0 OnScreenFingerprintIcon}: viewVisibility=8, oldvis=8, req=1080x1080, vsysui=, x=0, y=24
02-21 02:00:04.611  3348  3639 I UserAwareMgr: event is already released: SceneEvent{id=5017, maxWorkDurationMs=1500, caller='[android]', eventFlags=0, fbPriority=1, keyThreads=[KeyThread{name=InsetsAnimation, owner=self, schedPolicy=ux, priority=ANIMATOR}, KeyThread{name=UIThread, owner=self, schedPolicy=ux, priority=ANIMATOR}, KeyThread{name=main, owner=self, schedPolicy=ux, priority=ANIMATOR}], vipBinderGroup=null}, callingPid: 3348, appPid: 0
02-21 02:00:04.613  3348  5031 V WindowManager: Relayout Window{5c33273 u0 OnScreenFingerprintPressedIcon}: viewVisibility=8, oldvis=8, req=171x171, vsysui=, x=0, y=479
02-21 02:00:04.615  3348  5155 D OplusCustomizeSettingsManagerService: isProtectEyesOn result = false
02-21 02:00:04.617  3348  8035 D LockSettingsService: [getSeparateProfileChallengeEnabled] userId = 999
02-21 02:00:04.623  3348  4767 D OplusCustomizeSettingsManagerService: isProtectEyesOn result = false
02-21 02:00:04.624  3348  4767 D OplusCustomizeSettingsManagerService: isProtectEyesOn result = false
02-21 02:00:04.625  3348  5031 D WindowManagerServiceExtImpl: extractConfigInfoAndRealFlags rotation=0, screenDp=360, residentWS:0, win=Window{a0b8c39 u0 OnScreenFingerprintDimLayer}
02-21 02:00:04.625  3348  5031 V WindowManager: Relayout Window{a0b8c39 u0 OnScreenFingerprintDimLayer}: viewVisibility=0, oldvis=8, req=1080x2412, vsysui=LAYOUT_STABLE LAYOUT_HIDE_NAVIGATION
02-21 02:00:04.625  3348  5031 I WindowManager: Window{a0b8c39 u0 OnScreenFingerprintDimLayer} state from NO_SURFACE to DRAW_PENDING; reason: resetDrawState
02-21 02:00:04.626  3348  3669 D OplusAlarmAdjustment: MSG_SCREEN_OFF,  adjustInterval =300000 ms, mDefaultAlignInterval=300000 ms, mScreenOffElapsed=725579490 ms
02-21 02:00:04.627  3348  5031 D QuickBackInputPolicy: hasMultiChildrenInTask: false
02-21 02:00:04.627  3348  5031 D WindowManager: NFW_findFocusedWindowIfNeeded:Window{93fefc1 u0 com.android.launcher/com.android.launcher.Launcher} mCurrentFocus:Window{93fefc1 u0 com.android.launcher/com.android.launcher.Launcher}
02-21 02:00:04.629  4382  5160 W VRI[OnScreenFingerprintDimLayer]: updateBlastSurfaceIfNeeded, surfaceSize:Point(1080, 2412), lastSurfaceSize:Point(1080, 2412), format:-2, blastBufferQueue:null
02-21 02:00:04.632  3348  4767 D OplusCustomizeSettingsManagerService: isProtectEyesOn result = false
02-21 02:00:04.633  3348  4767 I StatusBarManagerService: disableLocked, what:1000000, pkg:com.android.systemui userId: 0 token:android.os.BinderProxy@f073c42 net1:1000000 net2:0
02-21 02:00:04.636  3348  3999 I WindowManager: Window{a0b8c39 u0 OnScreenFingerprintDimLayer} state from DRAW_PENDING to COMMIT_DRAW_PENDING; reason: finishDrawingLocked
02-21 02:00:04.636  3348  3999 D OplusCustomizeSettingsManagerService: isProtectEyesOn result = false
02-21 02:00:04.638  3348  8095 D LockSettingsService: [scheduleNonStrongBiometricIdleTimeout]  userId = 0
02-21 02:00:04.639  3348  3629 I WindowManager: Window{a0b8c39 u0 OnScreenFingerprintDimLayer} state from COMMIT_DRAW_PENDING to READY_TO_SHOW; reason: commitFinishDrawingLocked
02-21 02:00:04.639  3348  3629 I WindowManager: Window{a0b8c39 u0 OnScreenFingerprintDimLayer} state from READY_TO_SHOW to HAS_DRAWN; reason: performShowLocked
02-21 02:00:04.640  3348  3999 D PowerManagerService: userActivityNoUpdateLocked: groupId=0, eventTime=424808182, event=other, flags=0x0, uid=10217
02-21 02:00:04.646  3348  8095 D WindowManagerServiceExtImpl: extractConfigInfoAndRealFlags rotation=0, screenDp=360, residentWS:0, win=Window{1a3e2b7 u0 NotificationShade}
02-21 02:00:04.646  3348  8095 V WindowManager: Relayout Window{1a3e2b7 u0 NotificationShade}: viewVisibility=0, oldvis=4, req=1080x2412, vsysui=, x=0, y=0
02-21 02:00:04.647  3348  8095 I WindowManager: Window{1a3e2b7 u0 NotificationShade} state from NO_SURFACE to DRAW_PENDING; reason: resetDrawState
02-21 02:00:04.649  3348  8095 D WindowManager: NFW_findFocusedWindowIfNeeded:Window{1a3e2b7 u0 NotificationShade} mCurrentFocus:Window{93fefc1 u0 com.android.launcher/com.android.launcher.Launcher}
02-21 02:00:04.651  3348  3676 D VRR [OPlusRefreshRateService]: Receive multi scene changed eventId = 5 bundleList.size = 2
02-21 02:00:04.651  3348  4171 E UAH-Framework: invalid window type -1, return
02-21 02:00:04.651  3348  8095 V WindowManager: Changing focus from Window{93fefc1 u0 com.android.launcher/com.android.launcher.Launcher} to Window{1a3e2b7 u0 NotificationShade},diplayid=0
02-21 02:00:04.652  3348  8095 D WindowManager: setFrameRateStart invalid typeId return!
02-21 02:00:04.652  3348  8095 D WindowManager: setFrameRateStart invalid typeId return!
02-21 02:00:04.652  3348  8095 D WindowManager: BarWindow--setVisible: id=2, oldState=0, state=2, mFocuseWindow= Window{1a3e2b7 u0 NotificationShade} call: 
02-21 02:00:04.654  4382  4382 W VRI[NotificationShade]: updateBlastSurfaceIfNeeded, surfaceSize:Point(1080, 2412), lastSurfaceSize:Point(1080, 2412), format:-3, blastBufferQueue:null
02-21 02:00:04.654  3348  4116 V BiometricSchedulerOperation: started: {[3121] com.android.server.biometrics.sensors.fingerprint.aidl.FingerprintAuthenticationClient, proto=3, owner=com.android.systemui, cookie=0, requestId=1984, userId=0}, State: 2
02-21 02:00:04.655  3348  4116 W FingerprintManager: Invalid acquired message: 6, 101
02-21 02:00:04.655  3348  4116 V BiometricLogger: Acquired! Modality: 1, User: 0, IsCrypto: false, Action: 2, Client: 1, AcquiredInfo: 6, VendorCode: 101
02-21 02:00:04.656  3348  4116 V Biometrics/AcquisitionClient: Acquired: 6 101, shouldSend: true
02-21 02:00:04.663 11442 11442 W VRI[Launcher]: handleResized abandoned!
02-21 02:00:04.664 12182 12182 W VRI[Launcher]: handleResized abandoned!
02-21 02:00:04.667  3348  5031 D WindowManager: skipSnapShotForSleeping task=Task{fc9e519 #5 type=home I=com.android.launcher/.Launcher}, durTime=139320261
02-21 02:00:04.668  4382  4445 V WindowManagerShell: Transition requested (#18980): android.os.BinderProxy@c8c937c TransitionRequestInfo { type = TO_FRONT, triggerTask = null, pipTask = null, remoteTransition = null, displayChange = null, flags = 2048, debugId = 18980 }
02-21 02:00:04.669  3348  5031 D ActivityTaskManager: Top Process State changed to PROCESS_STATE_TOP_SLEEPING
02-21 02:00:04.670  3348  5031 D WindowManager:  setIsSleeping from  false to true this=Display{#0 state=ON size=1080x2412 ROTATION_0}
02-21 02:00:04.674  3348  3639 I UserAwareMgr: handleAppChangedToBg, pkgName: com.android.launcher, pid: 12182
02-21 02:00:04.675  3348  3639 I UserAwareMgr: handleScreenLockedChanged, shouldSleep: true,pids: null
02-21 02:00:04.675  3348  3639 I UserAwareMgr: handleTopAppChanged: com.android.systemui, pid: 4382, uid: 10217
02-21 02:00:04.675  3348  3639 W UserAwareMgr: app is already on the top: {pkgName='com.android.systemui', processName='com.android.systemui', pid=4382, uid=10217, flags='tp|systemui', renderTid=4509, hwuiTids=[4674, 4675], glTids=null, threadInfos={wmshell.main={threadName='wmshell.main', tid=4445, extendTids=null}, ll.splashworker={threadName='ll.splashworker', tid=4474, extendTids=null}, wmshell.anim={threadName='wmshell.anim', tid=4455, extendTids=null}, VolumeDialogControllerImpl={threadName='VolumeDialogControllerImpl', tid=4738, extendTids=null}, ll.splashscreen={threadName='ll.splashscreen', tid=4473, extendTids=null}, KeyguardWorkerThread={threadName='KeyguardWorkerThread', tid=4547, extendTids=null}, OnScreenFingerprint OpticalUIUpdateThread={threadName='OnScreenFingerprint OpticalUIUpdateThread', tid=5160, extendTids=null}, KgdAnimThread={threadName='KgdAnimThread', tid=4548, extendTids=null}, GestureUI={threadName='GestureUI', tid=4650, extendTids=null}}}
02-21 02:00:04.675  3348  3639 W UserAwareMgr: top app not changed: com.android.systemui, pid: 4382
02-21 02:00:04.675  3348  5031 D ActivityTaskManager: setAppVisibility(Token{71a59de ActivityRecord{667ec48 u0 com.android.launcher/.Launcher t5}}, visible=false): mNextAppTransitionRequests=[], mNextAppTransitionFlags=,mAppTransitionState=APP_STATE_IDLE visible=true mVisibleRequested=true
02-21 02:00:04.675  3348  5031 D ActivityTaskManager: setVisibility(Token{71a59de ActivityRecord{667ec48 u0 com.android.launcher/.Launcher t5}}, visible=false) defer commitVisibility for transition collecting
02-21 02:00:04.676  3348  8035 D OplusCustomizeSettingsManagerService: isProtectEyesOn result = false
02-21 02:00:04.678  3348  3639 I UserAwareMgr: handleAppChangedToBg, pkgName: com.google.android.googlequicksearchbox, pid: 11442
02-21 02:00:04.680  3348  5031 D DeviceStateProviderImpl: keyguard show or sleep: true mLastReportedState 0
02-21 02:00:04.680  3348  5031 V FlexibleTaskController: notifyKeyguardStateChanged keyguardShowing = true ; displayId = 0
02-21 02:00:04.683  3348  5208 E OplusAppQuickStart_AppQuickStartController: not start from launcher transition:TransitionRecord{b3b8d31 id=18980 track=0 type=TO_FRONT flags=0x800 state=1}
02-21 02:00:04.683  3348  5208 D Transition: collectOrderChanges onTopTasksEnd: [Task{cb7ade8 #1 type=home}, Task{fc9e519 #5 type=home I=com.android.launcher/.Launcher}], reportedOnTop:null, mOnTopTasksStart: [Task{cb7ade8 #1 type=home}, Task{fc9e519 #5 type=home I=com.android.launcher/.Launcher}], TDA child: [Task{57a1faa #2 type=undefined}, Task{cb7ade8 #1 type=home}]
02-21 02:00:04.683  3348  3628 V UsbDeviceManager: onKeyguardStateChanged: isShowing:true secure:true user:0
02-21 02:00:04.683  3348  5208 D InterruptTransitionController: updateAnimTargetIfNeed, open from launcher transition has displayArea target, remove it, DefaultTaskDisplayArea@223759746
02-21 02:00:04.683  3348  5208 D InterruptTransitionController: cleanEndParentForChangeInfo, Task{cb7ade8 #1 type=home}
02-21 02:00:04.683  3348  5208 D OplusFlexibleActivityTransitionManager: fixTransitType type result:3, targets: [Task{cb7ade8 #1 type=home}]
02-21 02:00:04.684  3348  5208 D OplusTransitionAnimationManager: markLaunchFromDriveIfNeed: isFromDrive = false
02-21 02:00:04.684  1145 13792 I keystore2: system/security/keystore2/src/super_key.rs:976 - UnlockedDeviceRequired super keys for user 0 are biometric-encrypted.
02-21 02:00:04.684  3348  5208 D QuickBackInputPolicy: resetInputInterceptState for remoteTransition: false
02-21 02:00:04.684  3348  5208 D InterruptTransitionController: translucentActivityToHome and topTask is home
02-21 02:00:04.684  3348  5208 D OplusTransitionController: onTransactionReady, transition: 18980, 
02-21 02:00:04.684  3348  5208 D OplusTransitionController:  info: {id=18980 t=TO_FRONT f=0x840 trk=0 r=[0@Point(0, 0)] c=[{WCT{RemoteToken{91b1a13 Task{cb7ade8 #1 type=home}}} m=TO_BACK f=SHOW_WALLPAPER leash=Surface(name=Task=1)/@0xc242db3 sb=Rect(0, 0 - 1080, 2412) eb=Rect(0, 0 - 1080, 2412) d=0 taskParent=-1}] extendInfo=[OplusTransitionExtendedInfo{mTmpFinishT=null, mInOplusCompatMode=false, mIsProcessRunning=false, mHasMismatchBoundsTarget=false, mRecentsController=null, mIsTranslucentActivityToHome=true, mAvoidInterceptKeyEventToHome=false, mIsFromHome=false, mParentLeash=null, mIsOplusAnimRes=false, mIsFromOverlay=false, mIsBalAllow=false, mTaskNotInRecent=false, mIsLaunchFromSpruce=false, mIsLaunchFromDrive=false, mAssistScreenShowing=false, mUserIdTransition=0, mInRemoteScene=false, mInPreReady=false, mPreStart=false, mToken=null, mShellApplyToken=null, mRequestTransitionTaskId=-1, mAbortTransitionOnShell=0, mTransitionId=18980, mAnimStartingPosition=[0, 0, 0, 0], mIsOpeningStkDialogActivity=false}]}, 
02-21 02:00:04.684  3348  5208 D OplusTransitionController:  targets : [Task{cb7ade8 #1 type=home}], 
02-21 02:00:04.684  3348  5208 D OplusTransitionController:  participants: {ActivityRecord{667ec48 u0 com.android.launcher/.Launcher t5}, WallpaperWindowToken{928bc9d token=android.os.Binder@46a2fd5 showWhenLocked=true}}, 
02-21 02:00:04.684  3348  5208 D OplusTransitionController:  playings:[TransitionRecord{b3b8d31 id=18980 track=0 type=TO_FRONT flags=0x840 state=2}]
02-21 02:00:04.685  1083  4165 D vold    : Cannot find key for 0
02-21 02:00:04.685  1083  4165 D vold    : Cannot find key for 0
02-21 02:00:04.685  1083  4165 I vold    : evict_sensitive_key: 1,sensitiveType=0
02-21 02:00:04.685  1083  4165 I vold    : evict_sensitive_key: 1
02-21 02:00:04.685  3348  3639 I UserAwareMgr: handleAppChangedToBg, pkgName: com.google.android.adservices.api, pid: 23605
02-21 02:00:04.685  3348  3639 W UserAwareMgr: app not not found or not visible: null
02-21 02:00:04.685  3348  3639 W UserAwareMgr: handleAppChangedToBg process is empty
02-21 02:00:04.685  1083  1174 D vold    : Cannot find key for 0
02-21 02:00:04.685  1083  1174 D vold    : Cannot find key for 0
02-21 02:00:04.685  1083  1174 I vold    : evict_sensitive_key: 1,sensitiveType=1
02-21 02:00:04.685  1083  1174 I vold    : evict_sensitive_key: 1
02-21 02:00:04.686  3348  3628 E OplusStorageManagerFeature: clear Ae Be key
02-21 02:00:04.687  3348  5208 I WindowManager: Window{1a3e2b7 u0 NotificationShade} state from DRAW_PENDING to COMMIT_DRAW_PENDING; reason: finishDrawingLocked
02-21 02:00:04.688  3348  5208 V WindowManager: Relayout Window{148f9c8 u0 NavigationBar_displayId_0}: viewVisibility=0, oldvis=0, req=1080x132, vsysui=, x=0, y=0
02-21 02:00:04.688  3348  8048 D OplusCustomizeSettingsManagerService: isProtectEyesOn result = false
02-21 02:00:04.688  3348  5208 I WindowManager: Window{1a3e2b7 u0 NotificationShade} state from COMMIT_DRAW_PENDING to READY_TO_SHOW; reason: commitFinishDrawingLocked
02-21 02:00:04.688  3348  5208 I WindowManager: Window{1a3e2b7 u0 NotificationShade} state from READY_TO_SHOW to HAS_DRAWN; reason: performShowLocked
02-21 02:00:04.689  3348  3625 V WindowManager: Sent Transition (#18980) createdAt=02-21 02:00:04.667 via request=TransitionRequestInfo { type = TO_FRONT, triggerTask = null, pipTask = null, remoteTransition = null, displayChange = null, flags = 2048, debugId = 18980 }
02-21 02:00:04.689  3348  5208 D WindowManager: NFW_findFocusedWindowIfNeeded:Window{1a3e2b7 u0 NotificationShade} mCurrentFocus:Window{1a3e2b7 u0 NotificationShade}
