02-21 02:00:57.623  4753  4753 D ActivityThread: Package [com.renderflow.app] reported as REPLACED, but missing application info. Assuming REMOVED.
02-21 02:00:57.623  4646  4646 D ActivityThread: Package [com.renderflow.app] reported as REPLACED, but missing application info. Assuming REMOVED.
02-21 02:00:57.625  4733  4733 D ActivityThread: Package [com.renderflow.app] reported as REPLACED, but missing application info. Assuming REMOVED.
02-21 02:00:57.637 12559 12559 D ActivityThread: Package [com.renderflow.app] reported as REPLACED, but missing application info. Assuming REMOVED.
02-21 02:00:57.637 12182 12182 D ActivityThread: Package [com.renderflow.app] reported as REPLACED, but missing application info. Assuming REMOVED.
02-21 02:00:57.638 11442 11442 D ActivityThread: Package [com.renderflow.app] reported as REPLACED, but missing application info. Assuming REMOVED.
02-21 02:00:57.639 12238 12238 D ActivityThread: Package [com.renderflow.app] reported as REPLACED, but missing application info. Assuming REMOVED.
02-21 02:00:57.641 18103 18103 D ActivityThread: Package [com.renderflow.app] reported as REPLACED, but missing application info. Assuming REMOVED.
02-21 02:00:57.644  7488  7488 D ActivityThread: Package [com.renderflow.app] reported as REPLACED, but missing application info. Assuming REMOVED.
02-21 02:00:57.645  4921  4921 D ActivityThread: Package [com.renderflow.app] reported as REPLACED, but missing application info. Assuming REMOVED.
02-21 02:00:57.646  3800  3800 D ActivityThread: Package [com.renderflow.app] reported as REPLACED, but missing application info. Assuming REMOVED.
02-21 02:00:57.647 11995 11995 D ActivityThread: Package [com.renderflow.app] reported as REPLACED, but missing application info. Assuming REMOVED.
02-21 02:00:57.647 12550 12550 D ActivityThread: Package [com.renderflow.app] reported as REPLACED, but missing application info. Assuming REMOVED.
02-21 02:00:57.647 23183 23183 D ActivityThread: Package [com.renderflow.app] reported as REPLACED, but missing application info. Assuming REMOVED.
02-21 02:00:57.648 14140 14140 D ActivityThread: Package [com.renderflow.app] reported as REPLACED, but missing application info. Assuming REMOVED.
02-21 02:00:57.648 12938 12938 D ActivityThread: Package [com.renderflow.app] reported as REPLACED, but missing application info. Assuming REMOVED.
02-21 02:00:57.648 11980 11980 D ActivityThread: Package [com.renderflow.app] reported as REPLACED, but missing application info. Assuming REMOVED.
02-21 02:00:57.648 13819 13819 D ActivityThread: Package [com.renderflow.app] reported as REPLACED, but missing application info. Assuming REMOVED.
02-21 02:00:57.648 11902 11902 D ActivityThread: Package [com.renderflow.app] reported as REPLACED, but missing application info. Assuming REMOVED.
02-21 02:00:57.649 18103 18103 D ActivityThread: Package [com.renderflow.app] reported as REPLACED, but missing application info. Assuming REMOVED.
02-21 02:00:57.649   688   688 D ActivityThread: Package [com.renderflow.app] reported as REPLACED, but missing application info. Assuming REMOVED.
02-21 02:00:57.650  7886  7886 D ActivityThread: Package [com.renderflow.app] reported as REPLACED, but missing application info. Assuming REMOVED.
02-21 02:00:57.650 23605 23605 D ActivityThread: Package [com.renderflow.app] reported as REPLACED, but missing application info. Assuming REMOVED.
02-21 02:00:57.650 14342 14342 D ActivityThread: Package [com.renderflow.app] reported as REPLACED, but missing application info. Assuming REMOVED.
02-21 02:00:57.651 17752 17752 D ActivityThread: Package [com.renderflow.app] reported as REPLACED, but missing application info. Assuming REMOVED.
02-21 02:00:57.652 17502 17502 D ActivityThread: Package [com.renderflow.app] reported as REPLACED, but missing application info. Assuming REMOVED.
02-21 02:00:57.652 12330 12330 D ActivityThread: Package [com.renderflow.app] reported as REPLACED, but missing application info. Assuming REMOVED.
02-21 02:00:57.653   757   757 D ActivityThread: Package [com.renderflow.app] reported as REPLACED, but missing application info. Assuming REMOVED.
02-21 02:00:57.653   804   804 D ActivityThread: Package [com.renderflow.app] reported as REPLACED, but missing application info. Assuming REMOVED.
02-21 02:00:57.653 12219 12219 D ActivityThread: Package [com.renderflow.app] reported as REPLACED, but missing application info. Assuming REMOVED.
02-21 02:00:57.654 15484 15484 D ActivityThread: Package [com.renderflow.app] reported as REPLACED, but missing application info. Assuming REMOVED.
02-21 02:00:57.654  3978  3978 D ActivityThread: Package [com.renderflow.app] reported as REPLACED, but missing application info. Assuming REMOVED.
02-21 02:00:57.658 15614 15614 D ActivityThread: Package [com.renderflow.app] reported as REPLACED, but missing application info. Assuming REMOVED.
02-21 02:00:57.658 17441 17441 D ActivityThread: Package [com.renderflow.app] reported as REPLACED, but missing application info. Assuming REMOVED.
02-21 02:00:57.670 23156 23156 D ActivityThread: Package [com.renderflow.app] reported as REPLACED, but missing application info. Assuming REMOVED.
02-21 02:00:57.670 24225 24225 D ActivityThread: Package [com.renderflow.app] reported as REPLACED, but missing application info. Assuming REMOVED.
02-21 02:00:57.671 27721 27721 D ActivityThread: Package [com.renderflow.app] reported as REPLACED, but missing application info. Assuming REMOVED.
02-21 02:00:57.671 13597 13597 D ActivityThread: Package [com.renderflow.app] reported as REPLACED, but missing application info. Assuming REMOVED.
02-21 02:00:57.672 17444 17444 D ActivityThread: Package [com.renderflow.app] reported as REPLACED, but missing application info. Assuming REMOVED.
02-21 02:00:57.672 12192 12192 D ActivityThread: Package [com.renderflow.app] reported as REPLACED, but missing application info. Assuming REMOVED.
02-21 02:00:57.672  3352  3352 D ActivityThread: Package [com.renderflow.app] reported as REPLACED, but missing application info. Assuming REMOVED.
02-21 02:00:57.672 23121 23121 D ActivityThread: Package [com.renderflow.app] reported as REPLACED, but missing application info. Assuming REMOVED.
02-21 02:00:57.675 23226 23226 D ActivityThread: Package [com.renderflow.app] reported as REPLACED, but missing application info. Assuming REMOVED.
02-21 02:00:57.675 16610 16610 D ActivityThread: Package [com.renderflow.app] reported as REPLACED, but missing application info. Assuming REMOVED.
02-21 02:00:57.676 15645 15645 D ActivityThread: Package [com.renderflow.app] reported as REPLACED, but missing application info. Assuming REMOVED.
02-21 02:00:57.677 13129 13129 D ActivityThread: Package [com.renderflow.app] reported as REPLACED, but missing application info. Assuming REMOVED.
02-21 02:00:57.677 23081 23081 D ActivityThread: Package [com.renderflow.app] reported as REPLACED, but missing application info. Assuming REMOVED.
02-21 02:00:57.677 13925 13925 D ActivityThread: Package [com.renderflow.app] reported as REPLACED, but missing application info. Assuming REMOVED.
02-21 02:00:57.677  8472  8472 D ActivityThread: Package [com.renderflow.app] reported as REPLACED, but missing application info. Assuming REMOVED.
02-21 02:00:57.677  2204  2204 D ActivityThread: Package [com.renderflow.app] reported as REPLACED, but missing application info. Assuming REMOVED.
02-21 02:00:57.678  2260  2260 D ActivityThread: Package [com.renderflow.app] reported as REPLACED, but missing application info. Assuming REMOVED.
02-21 02:00:57.678 16459 16459 D ActivityThread: Package [com.renderflow.app] reported as REPLACED, but missing application info. Assuming REMOVED.
02-21 02:00:57.678 14389 14389 D ActivityThread: Package [com.renderflow.app] reported as REPLACED, but missing application info. Assuming REMOVED.
02-21 02:00:57.679 18631 18631 D ActivityThread: Package [com.renderflow.app] reported as REPLACED, but missing application info. Assuming REMOVED.
02-21 02:00:57.679 18883 18883 D ActivityThread: Package [com.renderflow.app] reported as REPLACED, but missing application info. Assuming REMOVED.
02-21 02:00:57.679 14378 14378 D ActivityThread: Package [com.renderflow.app] reported as REPLACED, but missing application info. Assuming REMOVED.
02-21 02:00:57.680 13656 13656 D ActivityThread: Package [com.renderflow.app] reported as REPLACED, but missing application info. Assuming REMOVED.
02-21 02:00:57.681 32109 32109 D ActivityThread: Package [com.renderflow.app] reported as REPLACED, but missing application info. Assuming REMOVED.
02-21 02:00:57.681 13887 13887 D ActivityThread: Package [com.renderflow.app] reported as REPLACED, but missing application info. Assuming REMOVED.
02-21 02:00:57.681  7217  7217 D ActivityThread: Package [com.renderflow.app] reported as REPLACED, but missing application info. Assuming REMOVED.
02-21 02:00:57.682  6505  6505 D ActivityThread: Package [com.renderflow.app] reported as REPLACED, but missing application info. Assuming REMOVED.
02-21 02:00:57.682 22161 22161 D ActivityThread: Package [com.renderflow.app] reported as REPLACED, but missing application info. Assuming REMOVED.
02-21 02:00:57.683  4910  4910 D ActivityThread: Package [com.renderflow.app] reported as REPLACED, but missing application info. Assuming REMOVED.
02-21 02:00:57.685  8334  8334 D ActivityThread: Package [com.renderflow.app] reported as REPLACED, but missing application info. Assuming REMOVED.
02-21 02:00:57.685  4829  4829 D ActivityThread: Package [com.renderflow.app] reported as REPLACED, but missing application info. Assuming REMOVED.
02-21 02:00:57.686  7381  7381 D ActivityThread: Package [com.renderflow.app] reported as REPLACED, but missing application info. Assuming REMOVED.
02-21 02:00:57.687  4733  4733 D ActivityThread: Package [com.renderflow.app] reported as REPLACED, but missing application info. Assuming REMOVED.
02-21 02:00:57.687  4768  4768 D ActivityThread: Package [com.renderflow.app] reported as REPLACED, but missing application info. Assuming REMOVED.
02-21 02:00:57.687  4750  4750 D ActivityThread: Package [com.renderflow.app] reported as REPLACED, but missing application info. Assuming REMOVED.
02-21 02:00:57.687  6676  6676 D ActivityThread: Package [com.renderflow.app] reported as REPLACED, but missing application info. Assuming REMOVED.
02-21 02:00:57.688  4760  4760 D ActivityThread: Package [com.renderflow.app] reported as REPLACED, but missing application info. Assuming REMOVED.
02-21 02:00:57.688 18771 18771 D ActivityThread: Package [com.renderflow.app] reported as REPLACED, but missing application info. Assuming REMOVED.
02-21 02:00:57.689  4705  4705 D ActivityThread: Package [com.renderflow.app] reported as REPLACED, but missing application info. Assuming REMOVED.
02-21 02:00:57.689  4601  4601 D ActivityThread: Package [com.renderflow.app] reported as REPLACED, but missing application info. Assuming REMOVED.
02-21 02:00:57.689  4646  4646 D ActivityThread: Package [com.renderflow.app] reported as REPLACED, but missing application info. Assuming REMOVED.
02-21 02:00:57.690  5581  5581 D ActivityThread: Package [com.renderflow.app] reported as REPLACED, but missing application info. Assuming REMOVED.
02-21 02:00:57.690 19551 19551 D ActivityThread: Package [com.renderflow.app] reported as REPLACED, but missing application info. Assuming REMOVED.
02-21 02:00:57.690 24237 24237 D ActivityThread: Package [com.renderflow.app] reported as REPLACED, but missing application info. Assuming REMOVED.
02-21 02:00:57.690 29572 29572 D ActivityThread: Package [com.renderflow.app] reported as REPLACED, but missing application info. Assuming REMOVED.
02-21 02:00:57.690  4382  4382 D ActivityThread: Package [com.renderflow.app] reported as REPLACED, but missing application info. Assuming REMOVED.
02-21 02:00:57.691 22939 22939 D ActivityThread: Package [com.renderflow.app] reported as REPLACED, but missing application info. Assuming REMOVED.
02-21 02:00:57.692  4755  4755 D ActivityThread: Package [com.renderflow.app] reported as REPLACED, but missing application info. Assuming REMOVED.
02-21 02:00:57.692  4792  4792 D ActivityThread: Package [com.renderflow.app] reported as REPLACED, but missing application info. Assuming REMOVED.
02-21 02:00:57.694  7973  7973 D ActivityThread: Package [com.renderflow.app] reported as REPLACED, but missing application info. Assuming REMOVED.
02-21 02:00:57.694  4803  4803 D ActivityThread: Package [com.renderflow.app] reported as REPLACED, but missing application info. Assuming REMOVED.
02-21 02:00:57.698  8002  8002 D ActivityThread: Package [com.renderflow.app] reported as REPLACED, but missing application info. Assuming REMOVED.
02-21 02:00:57.698  8061  8061 D ActivityThread: Package [com.renderflow.app] reported as REPLACED, but missing application info. Assuming REMOVED.
02-21 02:00:57.685  5308  5308 D ActivityThread: Package [com.renderflow.app] reported as REPLACED, but missing application info. Assuming REMOVED.
02-21 02:00:57.701  4753  4753 D ActivityThread: Package [com.renderflow.app] reported as REPLACED, but missing application info. Assuming REMOVED.
02-21 02:00:57.706  3348  4045 V AccessibilityManagerService: onUserStateChangedLocked for user 0 with forceUpdate: false mEnabledServices = [] mCrashedServices = []
02-21 02:00:57.709  3348  4045 W MagnificationConnectionManager: requestConnection duplicated request: connect=false, mConnectionState=DISCONNECTED
02-21 02:00:57.718  4225  4225 D ActivityThread: Package [com.renderflow.app] reported as REPLACED, but missing application info. Assuming REMOVED.
02-21 02:00:57.724  3348  3348 W Looper  : Slow dispatch took 105ms main h=android.app.ActivityThread$H c=android.app.LoadedApk$ReceiverDispatcher$Args$$ExternalSyntheticLambda0@1cb6816 m=0
02-21 02:00:57.724  3348  3348 W Looper  : Slow delivery took 274ms main h=android.app.ActivityThread$H c=android.app.LoadedApk$ReceiverDispatcher$Args$$ExternalSyntheticLambda0@4563597 m=0
02-21 02:00:57.725  3348  3670 D OplusSmartBrightnessController: CtsTest = false
02-21 02:00:57.725  3348  3670 D OplusDisplayBrightnessBroadcastReceiver: onReceive action = android.intent.action.PACKAGE_ADDED , listeners = [com.android.server.display.OplusSmartBrightnessController$SmartBroadcastReceiver@f479a94]
02-21 02:00:57.729  3348  4704 D ActivityTaskManagerServiceExtImpl: preBindApplication record is null
02-21 02:00:57.734  3348  3704 D PackageInstallerSessionExtImpl: recordSotaAppResult stagedSession is null
02-21 02:00:57.734  3348  3704 D PackageInstallerSession: Marking session 1525493018 as applied
02-21 02:00:57.734  3348  3704 D InstallerExtImpl: Avoid to hold lock when rmPackageDir
02-21 02:00:57.735  3348  3704 D OplusInstallAccelerateManager: stopAccelerate()
02-21 02:00:57.735  3348  3704 D OplusInstallAccelerateManager: operateCpuBouncingIfNeeded()
02-21 02:00:57.735  3348  3704 D OplusInstallAccelerateManager: originatingPackageName = unknown
02-21 02:00:57.735  3348  3704 D OplusInstallAccelerateManager: initiatingPackageName = com.android.shell
02-21 02:00:57.735  3348  3704 D OplusInstallAccelerateManager: installerPackageName = unknown
02-21 02:00:57.735  3348  3690 D OplusInstallAccelerateManager: handleMessage(1000)
02-21 02:00:57.735  3348  3690 D OplusInstallAccelerateManager: recoveryCpuBouncingIfNeeded(1525493018, false)
02-21 02:00:57.735  3348  3690 D OplusInstallAccelerateManager: remove message 1525493018
02-21 02:00:57.735  3348  3690 D OplusInstallAccelerateManager: recoveryCpuBouncing()
02-21 02:00:57.752  3348  3348 V BackupManagerConstants: getFullBackupIntervalMilliseconds(...) returns 86400000
02-21 02:00:57.752  3348  3348 V BackupManagerConstants: getFullBackupRequiredNetworkType(...) returns 2
02-21 02:00:57.752  3348  3348 V BackupManagerConstants: getFullBackupRequireCharging(...) returns true
02-21 02:00:57.753  3348  3568 D ActivityTaskManagerServiceExtImpl: preBindApplication record is null
02-21 02:00:57.755  3348  3348 D CompatChangeReporter: Compat change id reported: 311402873; UID 1000; state: ENABLED
02-21 02:00:57.756  3348  3348 D CompatChangeReporter: Compat change id reported: 323349338; UID 1000; state: ENABLED
02-21 02:00:57.756  3348  3645 W ActivityManager: Slow operation: 126ms so far, now at startProcess: done updating battery stats
02-21 02:00:57.757  3348  3645 W ActivityManager: Slow operation: 126ms so far, now at startProcess: building log message
02-21 02:00:57.757  3348  3645 I ActivityManager: Start proc 25604:com.heytap.mcs.appservice/1000 for content provider {com.heytap.mcs/com.heytap.mcs.biz.appservice.provider.AppServiceContentProvider}
02-21 02:00:57.757  3348  3645 W ActivityManager: Slow operation: 127ms so far, now at startProcess: starting to update pids map
02-21 02:00:57.757  3348  3645 W ActivityManager: Slow operation: 127ms so far, now at startProcess: done updating pids map
02-21 02:00:57.762 19187 19187 D ActivityThread: Package [com.renderflow.app] reported as REPLACED, but missing application info. Assuming REMOVED.
02-21 02:00:57.763  3348  4215 W Looper  : Slow dispatch took 145ms android.perm h=android.os.Handler c=com.android.internal.infra.ServiceConnector$Impl$$ExternalSyntheticLambda2@fbed440 m=0
02-21 02:00:57.765  3348  3348 D ActivityThread: Package [com.renderflow.app] reported as REPLACED, but missing application info. Assuming REMOVED.
02-21 02:00:57.770 19187 19187 D ActivityThread: Package [com.renderflow.app] reported as REPLACED, but missing application info. Assuming REMOVED.
02-21 02:00:57.772  3348  8027 D ActivityTaskManagerServiceExtImpl: preBindApplication record is null
02-21 02:00:57.773 19187 19187 D ActivityThread: Package [com.renderflow.app] reported as REPLACED, but missing application info. Assuming REMOVED.
02-21 02:00:57.774  3348  3645 W ActivityManager: Slow operation: 56ms so far, now at startProcess: returned from zygote!
02-21 02:00:57.781  3348  3645 W ActivityManager: Slow operation: 63ms so far, now at startProcess: done updating battery stats
02-21 02:00:57.781  3348  3645 W ActivityManager: Slow operation: 63ms so far, now at startProcess: building log message
02-21 02:00:57.781  3348  3645 I ActivityManager: Start proc 25623:com.google.android.packageinstaller/u0a257 for broadcast {com.google.android.packageinstaller/com.android.packageinstaller.PackageInstalledReceiver}
02-21 02:00:57.781  3348  3645 W ActivityManager: Slow operation: 63ms so far, now at startProcess: starting to update pids map
02-21 02:00:57.782  3348  3645 W ActivityManager: Slow operation: 64ms so far, now at startProcess: done updating pids map
02-21 02:00:57.788  3348  3348 D ActivityThread: Package [com.renderflow.app] reported as REPLACED, but missing application info. Assuming REMOVED.
02-21 02:00:57.789  3348  3348 W AlarmManager: Package com.renderflow.app, uid 10431 lost permission to set exact alarms!
02-21 02:00:57.793  3348  3645 I ActivityManager: Start proc 25633:com.google.android.permissioncontroller/u0a294 for service {com.google.android.permissioncontroller/com.android.permissioncontroller.permission.service.PermissionControllerServiceImpl}
02-21 02:00:57.794  3348  3348 D ActivityThread: Package [com.renderflow.app] reported as REPLACED, but missing application info. Assuming REMOVED.
02-21 02:00:57.794  3348  3348 W Looper  : Drained
02-21 02:00:57.801  3348  5448 D IntervalStats: Unable to parse usage stats packages: [474, 622, 716, 764, 765]
02-21 02:00:57.806  3348 25562 D OplusOsPackageManager: uploadInstallAppInfos:{installerPkg=null, code=1, abi1=arm64-v8a, abi2=null, update=1, cert=400C0DA07D;, targetSdkVersion=34, source=com.android.shell, app_pkg=com.renderflow.app, version=1.0.0, initiatingPkg=com.android.shell, md5=b1ad7edd59925e1d42a80c93ed9d9cc7}
02-21 02:00:57.823  3348  5448 D IntervalStats: Unable to parse usage stats packages: [622, 764, 765]
02-21 02:00:57.825  3348  5448 D IntervalStats: Unable to parse usage stats packages: [622, 764, 765, 775]
02-21 02:00:57.830  3348  5448 D IntervalStats: Unable to parse usage stats packages: [764, 777]
02-21 02:00:57.888  3348  5448 D IntervalStats: Unable to parse usage stats packages: [778, 781]
02-21 02:00:57.891  3348  5448 D IntervalStats: Unable to parse usage stats packages: [782, 784, 785]
02-21 02:00:57.892  3348  5448 D UsageStatsService: User[0] type=0 b=1740171657795 e=1771621257795 cb=1771603334215 ce=1771621257780 disk=1839 all=1983
02-21 02:00:57.898  3348  3568 D ActivityTaskManagerServiceExtImpl: preBindApplication record is null
02-21 02:00:57.932  3348  3568 I ActivityManager: Flag disabled. Ignoring finishAttachApplication from uid: 1000. pid: 25582
02-21 02:00:57.940  3348  3568 W OplusSelfProtectManager: pkg[com.android.keychain] not in policy list
02-21 02:00:57.944  3348  3568 D ActivityTaskManagerServiceExtImpl: preBindApplication record is null
02-21 02:00:57.973  3348  3645 I ActivityManager: Start proc 25668:com.renderflow.app/u0a431 for broadcast {com.renderflow.app/expo.modules.notifications.service.NotificationsService}
02-21 02:00:58.033  3348  8027 D CompatChangeReporter: Compat change id reported: 311208629; UID 1000; state: ENABLED
02-21 02:00:58.042  3348  3568 I ActivityManager: Flag disabled. Ignoring finishAttachApplication from uid: 1000. pid: 25566
02-21 02:00:58.045  3348  4683 I ActivityManager: Flag disabled. Ignoring finishAttachApplication from uid: 1000. pid: 25604
02-21 02:00:58.076  3348  4683 D ActivityTaskManagerServiceExtImpl: preBindApplication record is null
02-21 02:00:58.083 25633 25633 I Quality : GetResourcesInfo:92211875,/apex/com.android.permission/priv-app/GooglePermissionController@361336160/GooglePermissionController.apk
02-21 02:00:58.103 25633 25633 D ResourcesManagerExtImpl: applyConfigurationToAppResourcesLocked app.getDisplayId() return callback.displayId:-1
02-21 02:00:58.122  3348  5031 W ActivityManager: Receiver with filter android.content.IntentFilter@2e58da4 already registered for pid 25566, callerPackage is com.heytap.mcs
02-21 02:00:58.125 25566 25691 W ContextImpl: Calling a method in the system process without a qualified user: android.app.ContextImpl.bindService:2061 android.content.ContextWrapper.bindService:873 com.heytap.msp.ipc.client.BinderManager.getBinderSync:9 com.heytap.msp.ipc.client.CompatServiceClient.getBinder:3 com.heytap.msp.ipc.client.CompatServiceClient.callRemote:32 
02-21 02:00:58.153  3348  5031 D CompatChangeReporter: Compat change id reported: 297989574; UID 1000; state: ENABLED
02-21 02:00:58.163  3348  5138 W ActivityManager: Receiver with filter android.content.IntentFilter@23ae274 already registered for pid 25566, callerPackage is com.heytap.mcs
02-21 02:00:58.179 25623 25623 D ResourcesManagerExtImpl: applyConfigurationToAppResourcesLocked app.getDisplayId() return callback.displayId:-1
02-21 02:00:58.180 25566 25706 W ContextImpl: Calling a method in the system process without a qualified user: android.app.ContextImpl.bindService:2061 android.content.ContextWrapper.bindService:873 com.heytap.msp.ipc.client.BinderManager.getBinderSync:9 com.heytap.msp.ipc.client.CompatServiceClient.getBinder:3 com.heytap.msp.ipc.client.CompatServiceClient.callRemote:32 
02-21 02:00:58.193  3348  5448 D UsageStatsService: User[999] type=0 b=1740171657795 e=1771621257795 cb=1771616003334 ce=1771621249986 disk=45 all=48
02-21 02:00:58.217  3348  3567 I ActivityManager: Flag disabled. Ignoring finishAttachApplication from uid: 10257. pid: 25623
02-21 02:00:58.220 25668 25668 D ResourcesManagerExtImpl: applyConfigurationToAppResourcesLocked app.getDisplayId() return callback.displayId:-1
02-21 02:00:58.220  3348  5031 W PackageManager: package com.google.android.permissioncontroller uid 10294 pid 25633 call SetEnabledSetting(com.google.android.permissioncontroller component = com.android.permissioncontroller.role.ui.SpecialAppAccessListActivity, 2, 0)
02-21 02:00:58.243  3348  3568 I ActivityManager: Flag disabled. Ignoring finishAttachApplication from uid: 10294. pid: 25633
02-21 02:00:58.301  3348  8027 I ActivityManager: Flag disabled. Ignoring finishAttachApplication from uid: 10431. pid: 25668
02-21 02:00:58.305  3348  4704 D VRR [OPlusExternalRefreshRateManager]: isPkgTfcEnable: pkgName = com.renderflow.app, enable = false
02-21 02:00:58.305  3348  4704 D VRR [OPlusExternalRefreshRateManager]: getTfcMinFramerate: pkgName = com.renderflow.app, min framerate = 0
02-21 02:00:58.503  3348  3670 D OplusDisplayBrightnessBroadcastReceiver: onReceive action = android.intent.action.BATTERY_CHANGED , listeners = [com.android.server.display.OplusFeatureHDREnhanceBrightness$PhoneInfoReceiver@2da9b37, com.android.server.display.OplusFeatureEdrEnhanceBrightness$PhoneInfoReceiver@5e908a4]
02-21 02:00:58.581  7979  7979 D ActivityThread: Package [com.renderflow.app] reported as REPLACED, but missing application info. Assuming REMOVED.
02-21 02:00:58.583  7979  7979 D ActivityThread: Package [com.renderflow.app] reported as REPLACED, but missing application info. Assuming REMOVED.
02-21 02:00:58.584  7979  7979 D ActivityThread: Package [com.renderflow.app] reported as REPLACED, but missing application info. Assuming REMOVED.
02-21 02:00:58.696 25563 25563 D ResourcesManagerExtImpl: applyConfigurationToAppResourcesLocked app.getDisplayId() return callback.displayId:-1
02-21 02:00:59.237  3348  4000 I ActivityManager: Flag disabled. Ignoring finishAttachApplication from uid: 10138. pid: 25563
02-21 02:00:59.250 25563 25563 D ActivityThread: Package [com.renderflow.app] reported as REPLACED, but missing application info. Assuming REMOVED.
02-21 02:00:59.254  3348  4704 D VRR [OPlusExternalRefreshRateManager]: isPkgTfcEnable: pkgName = com.oplus.phonemanager, enable = false
02-21 02:00:59.254  3348  4704 D VRR [OPlusExternalRefreshRateManager]: getTfcMinFramerate: pkgName = com.oplus.phonemanager, min framerate = 0
02-21 02:00:59.255  3348  3652 D CompatChangeReporter: Compat change id reported: 151861875; UID 1000; state: ENABLED
02-21 02:00:59.276  3348  3645 I ActivityManager: Start proc 25806:com.oplus.safecenter/1000 for broadcast {com.oplus.safecenter/com.oplus.safecenter.privacy.control.DeepProtectReceiver}
02-21 02:00:59.324  3348  4704 D ActivityTaskManagerServiceExtImpl: preBindApplication record is null
02-21 02:00:59.329  3348  3652 D CompatChangeReporter: Compat change id reported: 151861875; UID 1000; state: ENABLED
02-21 02:00:59.345  3348  3645 I ActivityManager: Start proc 25824:com.oplus.sau/1000 for broadcast {com.oplus.sau/com.oplusos.sau.strategy.AppReceiver}
02-21 02:00:59.380 17502 17502 W ContextImpl: Calling a method in the system process without a qualified user: android.app.ContextImpl.startService:1958 android.content.ContextWrapper.startService:837 android.content.ContextWrapper.startService:837 com.oplusos.securitypermission.permission.OplusPermissionReceiver.l:92 com.oplusos.securitypermission.permission.OplusPermissionReceiver.onReceive:168 
02-21 02:00:59.397  3348  3645 I ActivityManager: Start proc 25829:com.oplus.notificationmanager/1000 for service {com.oplus.notificationmanager/com.oplus.notification.NotificationCenterService}
02-21 02:00:59.404 17502 17502 W ContextImpl: Calling a method in the system process without a qualified user: android.app.ContextImpl.startService:1958 android.content.ContextWrapper.startService:837 android.content.ContextWrapper.startService:837 com.oplusos.securitypermission.permission.OplusPermissionReceiver.l:92 com.oplusos.securitypermission.permission.OplusPermissionReceiver.onReceive:179 
02-21 02:00:59.434  3348  5031 V ActivityManager: Has totaly same connectionRecord, just reuse it!
02-21 02:00:59.437  3348  8035 V ActivityManager: Has totaly same connectionRecord, just reuse it!
02-21 02:00:59.441  3348  4704 D ActivityTaskManagerServiceExtImpl: preBindApplication record is null
02-21 02:00:59.481  3348  4000 D ActivityTaskManagerServiceExtImpl: preBindApplication record is null
02-21 02:00:59.500  3348  4704 W AppOpService: Ignored setUidMode call for runtime permission app op: uid = 10265, code = READ_CELL_BROADCASTS, mode = allow, callingUid = 1001, oldMode = allow
02-21 02:00:59.509  3348  4002 W AppOpService: Ignored setUidMode call for runtime permission app op: uid = 1001, code = READ_SMS, mode = allow, callingUid = 1001, oldMode = allow
02-21 02:00:59.509  3348  4002 W AppOpService: Ignored setUidMode call for runtime permission app op: uid = 1001, code = RECEIVE_SMS, mode = allow, callingUid = 1001, oldMode = allow
02-21 02:00:59.509  3348  4002 W AppOpService: Ignored setUidMode call for runtime permission app op: uid = 1001, code = RECEIVE_WAP_PUSH, mode = allow, callingUid = 1001, oldMode = allow
02-21 02:00:59.510  3348  4002 W AppOpService: Ignored setUidMode call for runtime permission app op: uid = 1001, code = SEND_SMS, mode = allow, callingUid = 1001, oldMode = allow
02-21 02:00:59.510  3348  4002 W AppOpService: Ignored setUidMode call for runtime permission app op: uid = 1001, code = READ_CELL_BROADCASTS, mode = allow, callingUid = 1001, oldMode = allow
02-21 02:00:59.515 25563 25799 E ActivityThread: Failed to find provider info for com.nearme.romupdate.provider.db
02-21 02:00:59.624  3348  5138 W OplusSelfProtectManager: [addProtectRecord] com.oplus.phonemanager not in whitelist, can't add to protect
02-21 02:00:59.670  3348  8035 V AutofillManagerServiceImpl: setAugmentedAutofillWhitelistLocked(packages=[com.whatsapp, jp.naver.line.android, org.thoughtcrime.securesms, com.google.android.apps.miphone.aiai.autofill.testapps.autofillapp, com.google.android.apps.miphone.aiai.translate.testapps.chatapp, com.instagram.android, com.google.android.apps.messaging, com.google.android.apps.maps, com.google.android.dialer], activities=null)
02-21 02:00:59.670  3348  8035 V AutofillManagerServiceImpl: whitelisting packages: [com.whatsapp, jp.naver.line.android, org.thoughtcrime.securesms, com.google.android.apps.miphone.aiai.autofill.testapps.autofillapp, com.google.android.apps.miphone.aiai.translate.testapps.chatapp, com.instagram.android, com.google.android.apps.messaging, com.google.android.apps.maps, com.google.android.dialer]and activities: null
02-21 02:00:59.674  3348  3567 D UsageStatsService: User[0] type=3 b=1740085259666 e=1771621259666 cb=1766933736598 ce=1798195855810 disk=0 all=467
02-21 02:00:59.704 25806 25806 I Quality : GetResourcesInfo:81971354,/system_ext/app/SafeCenter/SafeCenter.apk
02-21 02:00:59.713  3348  4683 I ActivityManager: Flag disabled. Ignoring finishAttachApplication from uid: 1000. pid: 25829
02-21 02:00:59.755  3348  8035 I OplusDevicePolicyManagerService: registerOplusDevicePolicyObserver pid 25829 uid 1000
02-21 02:00:59.786  3348  4000 D UsageStatsService: User[0] type=3 b=1740085259775 e=1771621259775 cb=1766933736598 ce=1798195855810 disk=0 all=467
02-21 02:00:59.801 25829 25896 W ContextImpl: Calling a method in the system process without a qualified user: android.app.ContextImpl.sendBroadcast:1276 com.oplus.notificationmanager.AppModificationReceiver.notifyAppModified:4 com.oplus.notificationmanager.NotificationBackend.processPackageBroadcast:102 com.oplus.notificationmanager.NotificationBackend.lambda$onReceivedBroadcast$5:12 com.oplus.notificationmanager.NotificationBackend.i:1 
02-21 02:00:59.807 25829 25896 W ContextImpl: Calling a method in the system process without a qualified user: android.app.ContextImpl.sendBroadcast:1276 com.oplus.notificationmanager.AppModificationReceiver.notifyAppModified:4 com.oplus.notificationmanager.NotificationBackend.processPackageBroadcast:102 com.oplus.notificationmanager.NotificationBackend.lambda$onReceivedBroadcast$5:12 com.oplus.notificationmanager.NotificationBackend.i:1 
02-21 02:00:59.808 25829 25896 W ContextImpl: Calling a method in the system process without a qualified user: android.app.ContextImpl.sendBroadcast:1276 com.oplus.notificationmanager.AppModificationReceiver.notifyAppModified:4 com.oplus.notificationmanager.NotificationBackend.processPackageBroadcast:102 com.oplus.notificationmanager.NotificationBackend.lambda$onReceivedBroadcast$5:12 com.oplus.notificationmanager.NotificationBackend.i:1 
02-21 02:00:59.946  3348  3981 E OplusCustomizeRestrictionManagerService: isBiometricDisabled start
02-21 02:00:59.961  3348  3848 E OplusCustomizeRestrictionManagerService: isBiometricDisabled start
02-21 02:00:59.977  3348  4704 V AutofillManagerServiceImpl: setAugmentedAutofillWhitelistLocked(packages=[com.whatsapp, jp.naver.line.android, org.thoughtcrime.securesms, com.google.android.apps.miphone.aiai.autofill.testapps.autofillapp, com.google.android.apps.miphone.aiai.translate.testapps.chatapp, com.instagram.android, com.google.android.apps.messaging, com.google.android.apps.maps, com.google.android.dialer], activities=null)
02-21 02:00:59.977  3348  4704 V AutofillManagerServiceImpl: whitelisting packages: [com.whatsapp, jp.naver.line.android, org.thoughtcrime.securesms, com.google.android.apps.miphone.aiai.autofill.testapps.autofillapp, com.google.android.apps.miphone.aiai.translate.testapps.chatapp, com.instagram.android, com.google.android.apps.messaging, com.google.android.apps.maps, com.google.android.dialer]and activities: null
02-21 02:01:00.002  3348  8035 V AutofillManagerServiceImpl: setAugmentedAutofillWhitelistLocked(packages=[com.whatsapp, jp.naver.line.android, org.thoughtcrime.securesms, com.google.android.apps.miphone.aiai.autofill.testapps.autofillapp, com.google.android.apps.miphone.aiai.translate.testapps.chatapp, com.instagram.android, com.google.android.apps.messaging, com.google.android.apps.maps, com.google.android.dialer], activities=null)
02-21 02:01:00.002  3348  8035 V AutofillManagerServiceImpl: whitelisting packages: [com.whatsapp, jp.naver.line.android, org.thoughtcrime.securesms, com.google.android.apps.miphone.aiai.autofill.testapps.autofillapp, com.google.android.apps.miphone.aiai.translate.testapps.chatapp, com.instagram.android, com.google.android.apps.messaging, com.google.android.apps.maps, com.google.android.dialer]and activities: null
02-21 02:01:00.027 25824 25824 W ContextImpl: Calling a method in the system process without a qualified user: android.app.ContextImpl.startService:1958 android.content.ContextWrapper.startService:837 com.oplusos.sau.SAUApplication.onCreate:418 android.app.Instrumentation.callApplicationOnCreate:1404 android.app.ActivityThread.handleBindApplication:8213 
02-21 02:01:00.036 25824 25824 W ContextImpl: Calling a method in the system process without a qualified user: android.app.ContextImpl.startService:1958 android.content.ContextWrapper.startService:837 com.oplusos.sau.SAUApplication.onCreate:428 android.app.Instrumentation.callApplicationOnCreate:1404 android.app.ActivityThread.handleBindApplication:8213 
02-21 02:01:00.045  3348  4683 I ActivityManager: Flag disabled. Ignoring finishAttachApplication from uid: 1000. pid: 25824
02-21 02:01:00.103 25824 25824 W ContextImpl: Calling a method in the system process without a qualified user: android.app.ContextImpl.startService:1958 android.content.ContextWrapper.startService:837 g3.e.D:51 com.oplusos.sau.service.SAUAppService.onStartCommand:235 android.app.ActivityThread.handleServiceArgs:5521 
02-21 02:01:00.128 25824 25824 W ContextImpl: Calling a method in the system process without a qualified user: android.app.ContextImpl.bindService:2061 android.content.ContextWrapper.bindService:873 com.oplusos.sau.aidl.SauBinderUpdateService.onCreate:49 android.app.ActivityThread.handleCreateService:5329 android.app.ActivityThread.-$$Nest$mhandleCreateService:0 
02-21 02:01:00.254  3348  8035 I ActivityManager: Flag disabled. Ignoring finishAttachApplication from uid: 1000. pid: 25806
02-21 02:01:00.293  3348  3567 I OplusAppSwitchManagerService: appswitch unregisterAppSwitchObserver pkgName = com.oplus.nas config = OplusAppSwitchConfig = {  mConfigs = {} observerFingerPrint = 124240520}
02-21 02:01:00.293  3348  3567 I OplusAppSwitchStateDispatcher: unregisterAppSwitchObserver ok, pkgName = com.oplus.nas info = OplusAppSwitchRuleInfo = {  observer = null observerFingerPrint = 124240520}
02-21 02:01:00.432  3348  4683 D UsageStatsService: User[0] type=0 b=1771616827952 e=1771621260426 cb=1771603334215 ce=1771621260401 disk=0 all=127
02-21 02:01:00.572  3348  4229 D OAppNetControlService: Hans update:[10407=false][0|0] blackList:[10413]
02-21 02:01:00.573  3348  3881 D OplusProxyWakeLock: acquireProxyWakeLock failed, prevent uid: 1000 tag:*job*  WorkSource{10407 com.nordvpn.android} result: TAG_NULL
02-21 02:01:00.575 21651 21651 D ActivityThread: Package [com.renderflow.app] reported as REPLACED, but missing application info. Assuming REMOVED.
02-21 02:01:00.576 21651 21651 D ActivityThread: Package [com.renderflow.app] reported as REPLACED, but missing application info. Assuming REMOVED.
02-21 02:01:00.578  3348  3881 W JobServiceContext: Sending onNetworkChanged for a job that isn't started. JobStatus{701eeb9 #u0a407/2288 com.nordvpn.android/androidx.work.impl.background.systemjob.SystemJobService u=0 s=10407 TIME=-16s324ms:none NET READY}
02-21 02:01:00.578 21651 21651 D ActivityThread: Package [com.renderflow.app] reported as REPLACED, but missing application info. Assuming REMOVED.
02-21 02:01:01.307  3348  3848 I OplusAppSwitchManagerService: appswitch registerAppSwitchObserver pName = com@@oplus@@nas observer = com.oplus.app.IOplusAppSwitchObserver$Stub$Proxy@9c6855f config = OplusAppSwitchConfig = {  mConfigs = {1=[TOM@@bilibili@@video@@story@@StoryVideoActivity, TOM@@youku@@ui@@activity@@DetailActivity, TOM@@tencent@@mm@@plugin@@sns@@ui@@SnsOnlineVideoActivity, TOM@@google@@android@@apps@@youtube@@app@@watchwhile@@MainActivity, TOM@@ss@@android@@ugc@@aweme@@detail@@ui@@LiveDetailActivity, TOM@@duowan@@mobile@@basemedia@@watchlive@@activity@@LiveTemplateActivity, TOM@@ss@@android@@article@@video@@activity@@SplashActivity, TOM@@duowan@@kiwi@@liveroom@@ChannelPage, TOM@@bytedance@@ugc@@innerfeed@@impl@@PostInnerFeedActivity, TOM@@tencent@@mm@@plugin@@finder@@nearby@@newlivesquare@@FinderLiveSquareNewEntranceUI, TOM@@facebook@@katana@@immersiveactivity@@ImmersiveActivity, TOM@@sina@@weibo@@VisitorMainTabActivity, TOM@@youku@@android@@smallvideo@@entry@@SmallVideoLandingActivity, TOM@@kuaishou@@live@@core@@basic@@activity@@LiveSlideActivity, TOM@@ss@@android@@ugc@@aweme@@live@@LivePlayActivity, TOM@@youku@@live@@YKLiveActivity, TOM@@tencent@@wemeet@@sdk@@meeting@@inmeeting@@InMeetingActivity, TOM@@ss@@android@@ugc@@aweme@@live@@LivePlayActivityV2, TOM@@google@@android@@youtube@@app@@honeyTOMb@@Shell$HomeActivity, TOM@@instagram@@mainactivity@@InstagramMainActivity, tv@@douyu@@view@@activity@@PlayerActivity, TOM@@bilibili@@bililive@@room@@ui@@roomv3@@LiveRoomActivityV3, zm@@voip@@ui@@incall@@ZmInCallActivity, TOM@@ss@@android@@ugc@@aweme@@splash@@SplashActivity, TOM@@facebook@@video@@activity@@DeprecatedFullscreenVideoPlayerActivity, TOM@@zipow@@videobox@@conference@@ui@@ZmConfActivity, TOM@@facebook@@katana@@LoginActivity, TOM@@tencent@@mm@@plugin@@finder@@ui@@FinderHomeAffinityUI, TOM@@tencent@@mm@@plugin@@sns@@ui@@flexible@@SnsFlexibleVideoActivity, TOM@@bilibili@@studio@@centerplus@@ui@@CenterPlusMainActivity, TOM@@zipow@@videobox@@conference@@ui@@ZmConfPipActivity, TOM@@kuaishou@@live@@anchor@@basic@@activity@@LivePushActivity, org@@iqiyi@@video@@activity@@PlayerActivity, org@@qiyi@@pluginlibrary@@TOMponent@@InstrActivityProxy1, org@@telegram@@messenger@@DefaultIcon, TOM@@sina@@weibo@@MediaCoreActivity, TOM@@tencent@@mm@@plugin@@finder@@feed@@ui@@FinderLiveAnchorAffinityUI, TOM@@netflix@@mediaclient/@@ui@@player@@PlayerActivity, TOM@@tencent@@mm@@plugin@@finder@@ui@@FinderShareFeedRelUI, TOM@@sina@@weibo@@video@@tabcontainer@@VideoTabContainerActivity, TOM@@ss@@android@@ugc@@aweme@@detail@@ui@@DetailActivity, TOM@@yxcorp@@gifshow@@detail@@PhotoDetailActivity, TOM@@dy@@liveV2@@living@@RecorderCameraActivityV2Portrait, TOM@@ss@@android@@ugc@@aweme@@longervideo@@landscape@@home@@activity@@LandscapeFeedActivity, TOM@@tencent@@vlive@@VLiveActivity, TOM@@dragon@@read@@pages@@main@@MainFragmentActivity, TOM@@yxcorp@@gifshow@@HomeActivity, TOM@@dragon@@read@@TOMponent@@shortvideo@@impl@@ShortSeriesActivity, TOM@@alibaba@@android@@teleconf@@mozi@@activity@@TeleVideoConfActivity, TOM@@ss@@android@@ugc@@aweme@@live@@LiveBroadcastActivity, TOM@@bytedance@@novel@@view@@NovelReaderActivity, TOM@@tencent@@mm@@plugin@@finder@@feed@@ui@@FinderLiveVisitorWithoutAffinityUI, TOM@@douyu@@module@@vod@@p@@TOMmon@@MZVodPlayerActivity, TOM@@sina@@weibo@@feed@@DetailWeiboActivity, TOM@@discord@@main@@MainDefault, TOM@@xingin@@matrix@@detail@@activity@@DetailFeedActivity, TOM@@ss@@android@@detail@@feature@@detail2@@view@@NewDetailActivity, TOM@@google@@android@@apps@@youtube@@app@@watchwhile@@InternalMainActivity, TOM@@bytedance@@ugc@@UgcDetailInfoActivity, TOM@@bilibili@@ship@@theseus@@detail@@UnitedBizDetailsActivity, TOM@@whatsapp@@voipcalling@@VoipActivityV2, TOM@@ss@@android@@detail@@feature@@detail2@@view@@NewVideoDetailActivity, TOM@@duowan@@liveroom@@LiveRoomActivity, TOM@@tencent@@qqlive@@ona@@activity@@VideoDetailActivity, TOM@@snapchat@@android@@LandingPageActivity, TOM@@tencent@@mm@@plugin@@finder@@feed@@ui@@FinderLiveVisitorAffinityUI, TOM@@xingin@@xhs@@index@@v2@@IndexActivityV2, TOM@@ss@@android@@ugc@@detail@@a
02-21 02:01:01.308  3348  3848 I OplusAppSwitchStateDispatcher: registerAppSwitchObserver addDynamicListener OK, info = OplusAppSwitchRuleInfo = {  observer = com.oplus.app.IOplusAppSwitchObserver$Stub$Proxy@9c6855f observerFingerPrint = 124240520} rule size =0
02-21 02:01:01.519 25563 25790 E ActivityThread: Failed to find provider info for com.oplus.phonemanager.RiskDetectDataProvider
02-21 02:01:01.989  3348  4000 D OplusUserManagerServiceEnhance: getMultiSystemUserId  res = -10000
02-21 02:01:02.250  3348  4058 V NetworkPolicy: updateNetworkEnabledNL() return
02-21 02:01:02.250  3348  4058 V NetworkPolicy: updateNotificationsNL not process
02-21 02:01:02.321  3348  3848 D UsageStatsService: User[0] type=0 b=1771614000000 e=1771621262120 cb=1771603334215 ce=1771621260401 disk=0 all=695
02-21 02:01:02.452  3348  4683 D IntervalStats: Unable to parse usage stats packages: [782, 784, 785]
02-21 02:01:02.456  3348  4683 D UsageStatsService: User[0] type=0 b=1771527600000 e=1771613999999 cb=1771603334215 ce=1771621260401 disk=5344 all=6554
02-21 02:01:02.469 25563 25935 W PowerProfile: screen.on is deprecated! Use screen.on.display0 instead.
02-21 02:01:02.469 25563 25935 W PowerProfile: screen.full is deprecated! Use screen.full.display0 instead.
02-21 02:01:02.469 25563 25935 W ModemPowerProfile: getAverageBatteryDrainMaH called with unexpected key: 0x0, drain:SLEEP,RAT:DEFAULT
02-21 02:01:02.469 25563 25935 W ModemPowerProfile: getAverageBatteryDrainMaH called with unexpected key: 0x10000000, drain:IDLE,RAT:DEFAULT
02-21 02:01:02.469 25563 25935 W ModemPowerProfile: getAverageBatteryDrainMaH called with unexpected key: 0x20000000, drain:RX,RAT:DEFAULT
02-21 02:01:02.469 25563 25935 W ModemPowerProfile: getAverageBatteryDrainMaH called with unexpected key: 0x30000000, drain:TX,level:0,RAT:DEFAULT
02-21 02:01:02.469 25563 25935 W ModemPowerProfile: getAverageBatteryDrainMaH called with unexpected key: 0x31000000, drain:TX,level:1,RAT:DEFAULT
02-21 02:01:02.469 25563 25935 W ModemPowerProfile: getAverageBatteryDrainMaH called with unexpected key: 0x32000000, drain:TX,level:2,RAT:DEFAULT
02-21 02:01:02.470 25563 25935 W ModemPowerProfile: getAverageBatteryDrainMaH called with unexpected key: 0x33000000, drain:TX,level:3,RAT:DEFAULT
02-21 02:01:02.470 25563 25935 W ModemPowerProfile: getAverageBatteryDrainMaH called with unexpected key: 0x34000000, drain:TX,level:4,RAT:DEFAULT
02-21 02:01:02.470  3348  8035 W BatteryExternalStatsWorker: error reading Bluetooth stats: 11
02-21 02:01:03.177 25566 25566 W ContextImpl: Calling a method in the system process without a qualified user: android.app.ContextImpl.startService:1958 android.content.ContextWrapper.startService:837 com.heytap.mcs.biz.statistics.StaticProcessTrackStatusManager.exitCurrentProcess:11 com.heytap.mcs.biz.statistics.StaticProcessTrackStatusManager$1.handleMessage:3 android.os.Handler.dispatchMessage:103 
02-21 02:01:03.216  3348  4683 I ActivityManager: Death received, pid = 25566, processName = com.heytap.mcs.statistics for thread android.os.BinderProxy@207cb66
02-21 02:01:03.216  3348  4476 I ActivityManager: Process com.heytap.mcs.statistics (pid 25566) has died: vis IMPF
02-21 02:01:03.219 11980 11980 I ActivityThread: Removing dead content provider:android.content.ContentProviderProxy@53151af
02-21 02:01:03.246  3348  8991 D UsageStatsService: User[0] type=0 b=1771621130425 e=1771621263246 cb=1771603334215 ce=1771621260401 disk=0 all=17
02-21 02:01:03.602  3348  3670 D OplusDisplayBrightnessBroadcastReceiver: onReceive action = android.intent.action.BATTERY_CHANGED , listeners = [com.android.server.display.OplusFeatureHDREnhanceBrightness$PhoneInfoReceiver@2da9b37, com.android.server.display.OplusFeatureEdrEnhanceBrightness$PhoneInfoReceiver@5e908a4]
02-21 02:01:04.060 25563 26005 E ActivityThread: Failed to find provider info for com.nearme.romupdate.provider.db
02-21 02:01:04.075 25563 26005 E ActivityThread: Failed to find provider info for com.nearme.romupdate.provider.db
02-21 02:01:04.085  3348  8991 D UsageStatsService: User[999] type=0 b=1771621129916 e=1771621264085 cb=1771616003334 ce=1771621249986 disk=0 all=7
02-21 02:01:04.094 25563 26005 E ActivityThread: Failed to find provider info for com.nearme.romupdate.provider.db
02-21 02:01:04.551  3348  4229 D OAppNetControlService: Hans update:[10431=true][0|0] blackList:[10413, 10431]
02-21 02:01:04.671  4225  4285 D PowerMonitorNotifier: handleMessage: 20/0
02-21 02:01:04.744  3348  4683 D ShortcutService: rescanPackageIfNeeded 0@com.oplus.phonemanager, forceRescan=false , isNewApp=false
02-21 02:01:04.754  3348  3848 D ShortcutService: rescanPackageIfNeeded 0@com.oplus.phonemanager, forceRescan=false , isNewApp=false
02-21 02:01:05.146 15484 15498 D MiscManager: error ! ReadBreathLightTime not support.
--------- beginning of main
02-21 02:01:05.154 15484 15498 D DeviceIdleMonitor: DeepSleepStatusOnTimer:0 ms
02-21 02:01:05.154 15484 15498 D DeviceIdleMonitor: DeepSleepNetworkStatus=0
02-21 02:01:05.154 15484 15498 D DeviceIdleMonitor: DeepSleepNetworkDisconnectTimer:0 ms
02-21 02:01:05.154 15484 15498 D QcomSubSystemLpmParser: read file:/proc/subsys_sleepmon/adsp_compact
02-21 02:01:05.154 15484 15498 D QcomSubSystemLpmParser: line:sleep_mode_chosen=1|2
02-21 02:01:05.154 15484 15498 D QcomSubSystemLpmParser: line:sleep_mode_reason=LPRM_Disabled|
02-21 02:01:05.154 15484 15498 D QcomSubSystemLpmParser: line:clocks=
02-21 02:01:05.154 15484 15498 D QcomSubSystemLpmParser: line:active_thread=|
02-21 02:01:05.154 15484 15498 D QcomSubSystemLpmParser: line:latency_mode=25216|1126|42|
02-21 02:01:05.154 15484 15498 D QcomSubSystemLpmParser: line:latency_normal=-1(subsys_sleep_monitor)
02-21 02:01:05.154 15484 15498 D QcomSubSystemLpmParser: line:duration_mode=1260812|4507|84|
02-21 02:01:05.155 15484 15498 D QcomSubSystemLpmParser: line:duration_normal=29999967()
02-21 02:01:05.155 15484 15498 D QcomSubSystemLpmParser: line:resource=/core/cpu/vdd(pciedrv_cpu_client|)
02-21 02:01:05.155 15484 15498 D QcomSubSystemLpmParser: line:
02-21 02:01:05.155 15484 15498 D QcomSubSystemLpmParser: read file:/proc/subsys_sleepmon/cdsp_compact
02-21 02:01:05.155 15484 15498 D QcomSubSystemLpmParser: line:sleep_mode_chosen=0|2
02-21 02:01:05.155 15484 15498 D QcomSubSystemLpmParser: line:sleep_mode_reason=LPRM_Disabled|
02-21 02:01:05.155 15484 15498 D QcomSubSystemLpmParser: line:clocks=
02-21 02:01:05.155 15484 15498 D QcomSubSystemLpmParser: line:active_thread=|
02-21 02:01:05.155 15484 15498 D QcomSubSystemLpmParser: line:latency_mode=15889|41|25|
02-21 02:01:05.155 15484 15498 D QcomSubSystemLpmParser: line:latency_normal=65535(subsys_sleep_monitor)
02-21 02:01:05.155 15484 15498 D QcomSubSystemLpmParser: line:duration_mode=794486|83|51|
02-21 02:01:05.155 15484 15498 D QcomSubSystemLpmParser: line:duration_soft=4294967295
02-21 02:01:05.155 15484 15498 D QcomSubSystemLpmParser: line:resource=/CDSPPM/HMX/LPR(CDSPPM_HMX_WA|)
02-21 02:01:05.155 15484 15498 D QcomSubSystemLpmParser: line:
02-21 02:01:05.155 15484 15498 D QcomSubSystemLpmParser: read file:/proc/subsys_sleepmon/slpi_compact
02-21 02:01:05.155 15484 15498 D QcomSubSystemLpmParser: line:sleep_mode_chosen=1|2
02-21 02:01:05.155 15484 15498 D QcomSubSystemLpmParser: line:sleep_mode_reason=LPRM_Disabled|
02-21 02:01:05.155 15484 15498 D QcomSubSystemLpmParser: line:clocks=
02-21 02:01:05.155 15484 15498 D QcomSubSystemLpmParser: line:active_thread=|
02-21 02:01:05.155 15484 15498 D QcomSubSystemLpmParser: line:latency_mode=23879|1854|130|
02-21 02:01:05.155 15484 15498 D QcomSubSystemLpmParser: line:latency_normal=0()
02-21 02:01:05.155 15484 15498 D QcomSubSystemLpmParser: line:duration_mode=1193953|7419|260|
02-21 02:01:05.155 15484 15498 D QcomSubSystemLpmParser: line:duration_island=44486(1)
02-21 02:01:05.155 15484 15498 D QcomSubSystemLpmParser: line:resource=/core/cpu/tcm(SNS_TCM|)
02-21 02:01:05.155 15484 15498 D QcomSubSystemLpmParser: line:
02-21 02:01:05.155 15484 15498 D SubsystemPmicMonitor: syncToLocal
02-21 02:01:05.155  1901  1997 D vendor.oplus.hardware.charger-V6-service: parallel fold conf file parse fail parallel_fold_state 2
02-21 02:01:05.155  1901  1997 D vendor.oplus.hardware.charger-V6-service: scale_chg Start!!!
02-21 02:01:05.155 15484 15498 I QcomLpmClockParser: readStringFromFile file not exists : /proc/clk/suspend_enabled_clocks
02-21 02:01:05.157  1901  1997 D vendor.oplus.hardware.charger-V6-service: [0, 0, 3]
02-21 02:01:05.159  1901  1997 D vendor.oplus.hardware.charger-V6-service: [0, 2, 5]
